样本数 11441  切分 train/val/test = 9152/1144/1145
输入维度 21（21 维描述符，未启用官能团）
cartridge 类别 42  步骤 5  溶剂组合词表 378
/Users/zysu/Library/Python/3.9/lib/python/site-packages/torch/utils/data/dataloader.py:666: UserWarning: 'pin_memory' argument is set as true but no accelerator is found, then device pinned memory won't be used.
  warnings.warn(warn_msg)
[epoch   1/60] train_loss=6.4308 val_loss=6.1918 val_score=3.4655 (3s)
[epoch   2/60] train_loss=6.0666 val_loss=6.0369 val_score=3.6062 (5s)
[epoch   3/60] train_loss=5.9403 val_loss=5.9244 val_score=3.7003 (8s)
[epoch   4/60] train_loss=5.8450 val_loss=5.8479 val_score=3.7285 (11s)
[epoch   5/60] train_loss=5.7585 val_loss=5.7765 val_score=3.8152 (13s)
[epoch   6/60] train_loss=5.6957 val_loss=5.7309 val_score=3.8334 (16s)
[epoch   7/60] train_loss=5.6427 val_loss=5.6929 val_score=3.8036 (19s)
[epoch   8/60] train_loss=5.6054 val_loss=5.6528 val_score=3.8505 (23s)
[epoch   9/60] train_loss=5.5659 val_loss=5.6199 val_score=3.8514 (27s)
[epoch  10/60] train_loss=5.5237 val_loss=5.5825 val_score=3.9174 (30s)
[epoch  11/60] train_loss=5.4948 val_loss=5.5641 val_score=3.9445 (34s)
[epoch  12/60] train_loss=5.4649 val_loss=5.5459 val_score=3.9377 (39s)
[epoch  13/60] train_loss=5.4339 val_loss=5.5132 val_score=3.9679 (43s)
[epoch  14/60] train_loss=5.4143 val_loss=5.4872 val_score=3.9553 (47s)
[epoch  15/60] train_loss=5.3872 val_loss=5.4738 val_score=3.9637 (50s)
[epoch  16/60] train_loss=5.3664 val_loss=5.4509 val_score=3.9522 (54s)
[epoch  17/60] train_loss=5.3366 val_loss=5.4353 val_score=3.9535 (58s)
[epoch  18/60] train_loss=5.3123 val_loss=5.4368 val_score=3.9861 (62s)
[epoch  19/60] train_loss=5.2928 val_loss=5.4155 val_score=4.0322 (66s)
[epoch  20/60] train_loss=5.2732 val_loss=5.4124 val_score=4.0155 (70s)
[epoch  21/60] train_loss=5.2595 val_loss=5.3977 val_score=3.9978 (74s)
[epoch  22/60] train_loss=5.2380 val_loss=5.3722 val_score=4.0353 (78s)
[epoch  23/60] train_loss=5.2137 val_loss=5.3485 val_score=4.0255 (83s)
[epoch  24/60] train_loss=5.2036 val_loss=5.3384 val_score=4.0348 (87s)
[epoch  25/60] train_loss=5.1845 val_loss=5.3397 val_score=3.9909 (92s)
[epoch  26/60] train_loss=5.1588 val_loss=5.3197 val_score=4.0205 (96s)
[epoch  27/60] train_loss=5.1438 val_loss=5.2988 val_score=4.0420 (101s)
[epoch  28/60] train_loss=5.1297 val_loss=5.3072 val_score=4.0501 (106s)
[epoch  29/60] train_loss=5.1238 val_loss=5.3038 val_score=4.0495 (110s)
[epoch  30/60] train_loss=5.1101 val_loss=5.2929 val_score=4.0751 (115s)
[epoch  31/60] train_loss=5.1001 val_loss=5.2770 val_score=4.0483 (120s)
[epoch  32/60] train_loss=5.0770 val_loss=5.2742 val_score=4.0910 (125s)
[epoch  33/60] train_loss=5.0600 val_loss=5.2564 val_score=4.0909 (130s)
[epoch  34/60] train_loss=5.0469 val_loss=5.2747 val_score=4.0946 (136s)
[epoch  35/60] train_loss=5.0281 val_loss=5.2568 val_score=4.1176 (142s)
[epoch  36/60] train_loss=5.0228 val_loss=5.2484 val_score=4.0868 (148s)
[epoch  37/60] train_loss=5.0043 val_loss=5.2357 val_score=4.0864 (153s)
[epoch  38/60] train_loss=4.9959 val_loss=5.2236 val_score=4.1259 (158s)
[epoch  39/60] train_loss=4.9846 val_loss=5.2274 val_score=4.1254 (163s)
[epoch  40/60] train_loss=4.9641 val_loss=5.2214 val_score=4.1294 (168s)
[epoch  41/60] train_loss=4.9646 val_loss=5.2182 val_score=4.1233 (173s)
[epoch  42/60] train_loss=4.9398 val_loss=5.2136 val_score=4.1338 (178s)
[epoch  43/60] train_loss=4.9292 val_loss=5.2067 val_score=4.1151 (184s)
[epoch  44/60] train_loss=4.9150 val_loss=5.1809 val_score=4.0947 (189s)
[epoch  45/60] train_loss=4.9183 val_loss=5.1773 val_score=4.0957 (194s)
[epoch  46/60] train_loss=4.8962 val_loss=5.1602 val_score=4.1113 (199s)
[epoch  47/60] train_loss=4.8887 val_loss=5.1529 val_score=4.1189 (204s)
[epoch  48/60] train_loss=4.8750 val_loss=5.1461 val_score=4.1640 (209s)
[epoch  49/60] train_loss=4.8697 val_loss=5.1647 val_score=4.1476 (214s)
[epoch  50/60] train_loss=4.8512 val_loss=5.1580 val_score=4.1236 (218s)
[epoch  51/60] train_loss=4.8518 val_loss=5.1537 val_score=4.1649 (223s)
[epoch  52/60] train_loss=4.8318 val_loss=5.1461 val_score=4.1836 (228s)
[epoch  53/60] train_loss=4.8284 val_loss=5.1301 val_score=4.1749 (233s)
[epoch  54/60] train_loss=4.8145 val_loss=5.1233 val_score=4.1979 (238s)
[epoch  55/60] train_loss=4.8135 val_loss=5.1433 val_score=4.1699 (243s)
[epoch  56/60] train_loss=4.7895 val_loss=5.1331 val_score=4.1864 (248s)
[epoch  57/60] train_loss=4.7867 val_loss=5.1192 val_score=4.2112 (253s)
[epoch  58/60] train_loss=4.7825 val_loss=5.1243 val_score=4.1769 (257s)
[epoch  59/60] train_loss=4.7674 val_loss=5.1296 val_score=4.2371 (263s)
[epoch  60/60] train_loss=4.7541 val_loss=5.1377 val_score=4.2028 (268s)
最佳 checkpoint 来自 epoch 59，验证集选模分 4.2371
per-label 阈值标定完成
解码调优（目标=f1）:
  cartridge -> {'mode': 'threshold', 'k_scale': 1.0, 'k_min': 1, 'k_max': 42, 'thr_shift': 0.0, 'ensure_nonempty': False, 'count_quantile': None}  目标值=0.4670
  solvent   -> {'mode': 'threshold', 'k_scale': 1.0, 'k_min': 0, 'k_max': 378, 'thr_shift': 0.0, 'ensure_nonempty': False, 'count_quantile': None} gate=True  目标值=0.4535
验证集（调优后）选模分 4.2935，链路正确率 0.4626

=== 测试集（基数感知解码）===
样本数 1145（有流程信息 1043，无流程信息 102）
Hit@1 可校验子集大小 123

Hit@1 旧口径（两处免检都在）      : 0.4131
Hit@1 去掉无流程信息免检          : 0.4247
Hit@1 仅可校验子集（推荐主指标）  : 0.6179
Hit@1 缺 ratio 标注判失败（最严） : 0.0729
前三段链路正确率（不看 ratio）    : 0.4698

StrictAcc 旧口径 / 仅有流程信息   : 0.0000 / 0.0000
SSS 旧口径 / 仅有流程信息         : 0.4957 / 0.4627
HC 旧口径 / 仅有流程信息          : 0.9135 / 0.9051
GUS                               : 59.8342

Hit@1 失败原因（对全部样本计数，互斥）：
  cartridge top-1 错     : 486
  step top-1 错          : 4
  solvent top-1 错       : 135
  ratio 超差             : 47
  ratio 无标注(旧口径免检): 367
  无流程信息(旧口径免检)  : 30

预测集合大小： {'cartridge_pred_mean': 6.6882096069868995, 'cartridge_true_mean': 3.274235725402832, 'solvent_pred_mean': 26.08053691275168, 'solvent_true_mean': 15.235857963562012}

全部结果已写入 output/screen21/C10_r78_rank10_solw_seed42
