样本数 11441  切分 train/val/test = 9152/1144/1145
输入维度 21（21 维描述符，未启用官能团）
cartridge 类别 42  步骤 5  溶剂组合词表 378
/Users/zysu/Library/Python/3.9/lib/python/site-packages/torch/utils/data/dataloader.py:666: UserWarning: 'pin_memory' argument is set as true but no accelerator is found, then device pinned memory won't be used.
  warnings.warn(warn_msg)
[epoch   1/60] train_loss=6.4485 val_loss=6.2002 val_score=0.8533 (5s)
[epoch   2/60] train_loss=6.0848 val_loss=6.0614 val_score=0.8808 (10s)
[epoch   3/60] train_loss=5.9643 val_loss=5.9530 val_score=0.9309 (15s)
[epoch   4/60] train_loss=5.8723 val_loss=5.8643 val_score=0.9178 (19s)
[epoch   5/60] train_loss=5.7793 val_loss=5.7918 val_score=0.9507 (24s)
[epoch   6/60] train_loss=5.7163 val_loss=5.7431 val_score=0.9452 (29s)
[epoch   7/60] train_loss=5.6633 val_loss=5.7088 val_score=0.9790 (34s)
[epoch   8/60] train_loss=5.6162 val_loss=5.6657 val_score=0.9685 (39s)
[epoch   9/60] train_loss=5.5780 val_loss=5.6297 val_score=0.9954 (43s)
[epoch  10/60] train_loss=5.5341 val_loss=5.5855 val_score=1.0041 (49s)
[epoch  11/60] train_loss=5.5053 val_loss=5.5643 val_score=1.0084 (54s)
[epoch  12/60] train_loss=5.4803 val_loss=5.5337 val_score=1.0120 (60s)
[epoch  13/60] train_loss=5.4433 val_loss=5.5219 val_score=1.0270 (64s)
[epoch  14/60] train_loss=5.4233 val_loss=5.5022 val_score=0.9866 (69s)
[epoch  15/60] train_loss=5.3943 val_loss=5.4770 val_score=1.0022 (74s)
[epoch  16/60] train_loss=5.3748 val_loss=5.4590 val_score=1.0264 (78s)
[epoch  17/60] train_loss=5.3495 val_loss=5.4369 val_score=1.0353 (83s)
[epoch  18/60] train_loss=5.3227 val_loss=5.4389 val_score=1.0376 (88s)
[epoch  19/60] train_loss=5.3038 val_loss=5.4139 val_score=1.0432 (93s)
[epoch  20/60] train_loss=5.2827 val_loss=5.4098 val_score=1.0585 (98s)
[epoch  21/60] train_loss=5.2656 val_loss=5.3978 val_score=1.0502 (102s)
[epoch  22/60] train_loss=5.2452 val_loss=5.3576 val_score=1.0674 (107s)
[epoch  23/60] train_loss=5.2260 val_loss=5.3490 val_score=1.0370 (111s)
[epoch  24/60] train_loss=5.2044 val_loss=5.3414 val_score=1.0677 (117s)
[epoch  25/60] train_loss=5.1872 val_loss=5.3286 val_score=1.0683 (122s)
[epoch  26/60] train_loss=5.1704 val_loss=5.3160 val_score=1.0766 (127s)
[epoch  27/60] train_loss=5.1529 val_loss=5.3167 val_score=1.0720 (132s)
[epoch  28/60] train_loss=5.1391 val_loss=5.3040 val_score=1.0791 (137s)
[epoch  29/60] train_loss=5.1301 val_loss=5.3048 val_score=1.0748 (142s)
[epoch  30/60] train_loss=5.1208 val_loss=5.2743 val_score=1.0726 (147s)
[epoch  31/60] train_loss=5.1044 val_loss=5.2818 val_score=1.0789 (153s)
[epoch  32/60] train_loss=5.0855 val_loss=5.2542 val_score=1.0942 (158s)
[epoch  33/60] train_loss=5.0718 val_loss=5.2599 val_score=1.0652 (163s)
[epoch  34/60] train_loss=5.0577 val_loss=5.2744 val_score=1.1053 (167s)
[epoch  35/60] train_loss=5.0353 val_loss=5.2600 val_score=1.0864 (172s)
[epoch  36/60] train_loss=5.0309 val_loss=5.2562 val_score=1.0725 (177s)
[epoch  37/60] train_loss=5.0169 val_loss=5.2428 val_score=1.0976 (182s)
[epoch  38/60] train_loss=5.0099 val_loss=5.2500 val_score=1.0825 (187s)
[epoch  39/60] train_loss=4.9914 val_loss=5.2342 val_score=1.0895 (192s)
[epoch  40/60] train_loss=4.9714 val_loss=5.2256 val_score=1.0895 (197s)
[epoch  41/60] train_loss=4.9696 val_loss=5.2212 val_score=1.1146 (202s)
[epoch  42/60] train_loss=4.9454 val_loss=5.2184 val_score=1.0912 (207s)
[epoch  43/60] train_loss=4.9316 val_loss=5.2095 val_score=1.0759 (212s)
[epoch  44/60] train_loss=4.9174 val_loss=5.2156 val_score=1.0863 (217s)
[epoch  45/60] train_loss=4.9191 val_loss=5.2069 val_score=1.0924 (221s)
[epoch  46/60] train_loss=4.8984 val_loss=5.1762 val_score=1.1140 (226s)
[epoch  47/60] train_loss=4.8900 val_loss=5.1808 val_score=1.1038 (231s)
[epoch  48/60] train_loss=4.8749 val_loss=5.1605 val_score=1.0674 (236s)
[epoch  49/60] train_loss=4.8673 val_loss=5.1578 val_score=1.1001 (240s)
[epoch  50/60] train_loss=4.8623 val_loss=5.1609 val_score=1.0814 (246s)
[epoch  51/60] train_loss=4.8499 val_loss=5.1597 val_score=1.0880 (250s)
[epoch  52/60] train_loss=4.8435 val_loss=5.1740 val_score=1.0879 (256s)
[epoch  53/60] train_loss=4.8329 val_loss=5.1582 val_score=1.0962 (260s)
[epoch  54/60] train_loss=4.8181 val_loss=5.1396 val_score=1.0996 (265s)
[epoch  55/60] train_loss=4.8141 val_loss=5.1686 val_score=1.0961 (270s)
[epoch  56/60] train_loss=4.7964 val_loss=5.1327 val_score=1.0925 (274s)
[epoch  57/60] train_loss=4.7815 val_loss=5.1428 val_score=1.1181 (279s)
[epoch  58/60] train_loss=4.7865 val_loss=5.1670 val_score=1.1031 (283s)
[epoch  59/60] train_loss=4.7696 val_loss=5.1322 val_score=1.1460 (287s)
[epoch  60/60] train_loss=4.7719 val_loss=5.1209 val_score=1.1462 (292s)
最佳 checkpoint 来自 epoch 60，验证集选模分 1.1462
per-label 阈值标定完成
解码调优（目标=f1）:
  cartridge -> {'mode': 'threshold', 'k_scale': 1.0, 'k_min': 1, 'k_max': 42, 'thr_shift': 0.0, 'ensure_nonempty': False, 'count_quantile': None}  目标值=0.4713
  solvent   -> {'mode': 'threshold', 'k_scale': 1.0, 'k_min': 0, 'k_max': 378, 'thr_shift': 0.0, 'ensure_nonempty': False, 'count_quantile': None} gate=True  目标值=0.4600
验证集（调优后）选模分 1.1510，链路正确率 0.4665

=== 测试集（基数感知解码）===
样本数 1145（有流程信息 1043，无流程信息 102）
Hit@1 可校验子集大小 145

Hit@1 旧口径（两处免检都在）      : 0.4157
Hit@1 去掉无流程信息免检          : 0.4276
Hit@1 仅可校验子集（推荐主指标）  : 0.6414
Hit@1 缺 ratio 标注判失败（最严） : 0.0892
前三段链路正确率（不看 ratio）    : 0.4775

StrictAcc 旧口径 / 仅有流程信息   : 0.0017 / 0.0000
SSS 旧口径 / 仅有流程信息         : 0.4996 / 0.4665
HC 旧口径 / 仅有流程信息          : 0.9114 / 0.9028
GUS                               : 60.0386

Hit@1 失败原因（对全部样本计数，互斥）：
  cartridge top-1 错     : 481
  step top-1 错          : 3
  solvent top-1 错       : 133
  ratio 超差             : 52
  ratio 无标注(旧口径免检): 353
  无流程信息(旧口径免检)  : 30

预测集合大小： {'cartridge_pred_mean': 6.6471615720524015, 'cartridge_true_mean': 3.274235725402832, 'solvent_pred_mean': 25.81687440076702, 'solvent_true_mean': 15.235857963562012}

全部结果已写入 output/screen21/C11_r78_rank10_sel_seed42
