样本数 11441  切分 train/val/test = 9152/1144/1145
输入维度 21（21 维描述符，未启用官能团）
cartridge 类别 42  步骤 5  溶剂组合词表 378
/Users/zysu/Library/Python/3.9/lib/python/site-packages/torch/utils/data/dataloader.py:666: UserWarning: 'pin_memory' argument is set as true but no accelerator is found, then device pinned memory won't be used.
  warnings.warn(warn_msg)
[epoch   1/60] train_loss=9.3484 val_loss=8.9558 val_score=3.4636 (10s)
[epoch   2/60] train_loss=8.8139 val_loss=8.7261 val_score=3.6173 (18s)
[epoch   3/60] train_loss=8.6558 val_loss=8.6067 val_score=3.6256 (25s)
[epoch   4/60] train_loss=8.5403 val_loss=8.5083 val_score=3.7232 (32s)
[epoch   5/60] train_loss=8.4236 val_loss=8.4230 val_score=3.7851 (39s)
[epoch   6/60] train_loss=8.3326 val_loss=8.3347 val_score=3.8344 (45s)
[epoch   7/60] train_loss=8.2589 val_loss=8.2796 val_score=3.8380 (52s)
[epoch   8/60] train_loss=8.1998 val_loss=8.2437 val_score=3.8568 (58s)
[epoch   9/60] train_loss=8.1407 val_loss=8.1744 val_score=3.8630 (64s)
[epoch  10/60] train_loss=8.0841 val_loss=8.1226 val_score=3.9049 (70s)
[epoch  11/60] train_loss=8.0504 val_loss=8.0934 val_score=3.9319 (76s)
[epoch  12/60] train_loss=8.0103 val_loss=8.0404 val_score=3.9538 (82s)
[epoch  13/60] train_loss=7.9559 val_loss=8.0196 val_score=3.9634 (88s)
[epoch  14/60] train_loss=7.9269 val_loss=7.9936 val_score=3.9167 (94s)
[epoch  15/60] train_loss=7.8925 val_loss=7.9709 val_score=3.9376 (100s)
[epoch  16/60] train_loss=7.8644 val_loss=7.9386 val_score=3.9832 (105s)
[epoch  17/60] train_loss=7.8184 val_loss=7.9245 val_score=3.9589 (111s)
[epoch  18/60] train_loss=7.7901 val_loss=7.9182 val_score=3.9866 (116s)
[epoch  19/60] train_loss=7.7561 val_loss=7.9116 val_score=3.9981 (122s)
[epoch  20/60] train_loss=7.7361 val_loss=7.8762 val_score=4.0297 (128s)
[epoch  21/60] train_loss=7.7113 val_loss=7.8802 val_score=4.0266 (133s)
[epoch  22/60] train_loss=7.6758 val_loss=7.8366 val_score=4.0343 (137s)
[epoch  23/60] train_loss=7.6546 val_loss=7.8375 val_score=4.0411 (142s)
[epoch  24/60] train_loss=7.6279 val_loss=7.8069 val_score=4.0338 (146s)
[epoch  25/60] train_loss=7.6090 val_loss=7.7906 val_score=4.0422 (151s)
[epoch  26/60] train_loss=7.5793 val_loss=7.7784 val_score=4.0088 (155s)
[epoch  27/60] train_loss=7.5361 val_loss=7.7673 val_score=4.0172 (160s)
[epoch  28/60] train_loss=7.5222 val_loss=7.7558 val_score=3.9891 (165s)
[epoch  29/60] train_loss=7.5219 val_loss=7.7597 val_score=4.0522 (169s)
[epoch  30/60] train_loss=7.5031 val_loss=7.7263 val_score=4.0561 (174s)
[epoch  31/60] train_loss=7.4747 val_loss=7.7146 val_score=4.0740 (178s)
[epoch  32/60] train_loss=7.4505 val_loss=7.6876 val_score=4.0658 (183s)
[epoch  33/60] train_loss=7.4057 val_loss=7.6958 val_score=4.0680 (187s)
[epoch  34/60] train_loss=7.4103 val_loss=7.6868 val_score=4.0809 (192s)
[epoch  35/60] train_loss=7.3851 val_loss=7.6935 val_score=4.0809 (196s)
[epoch  36/60] train_loss=7.3655 val_loss=7.6695 val_score=4.1188 (201s)
[epoch  37/60] train_loss=7.3622 val_loss=7.6484 val_score=4.0993 (205s)
[epoch  38/60] train_loss=7.3309 val_loss=7.6648 val_score=4.1433 (210s)
[epoch  39/60] train_loss=7.3054 val_loss=7.6329 val_score=4.1035 (215s)
[epoch  40/60] train_loss=7.2819 val_loss=7.6186 val_score=4.1504 (220s)
[epoch  41/60] train_loss=7.2716 val_loss=7.6078 val_score=4.1634 (224s)
[epoch  42/60] train_loss=7.2488 val_loss=7.6135 val_score=4.1331 (229s)
[epoch  43/60] train_loss=7.2323 val_loss=7.6354 val_score=4.0793 (233s)
[epoch  44/60] train_loss=7.2200 val_loss=7.6025 val_score=4.1065 (237s)
[epoch  45/60] train_loss=7.2052 val_loss=7.5695 val_score=4.1700 (242s)
[epoch  46/60] train_loss=7.1785 val_loss=7.5553 val_score=4.1539 (246s)
[epoch  47/60] train_loss=7.1694 val_loss=7.6031 val_score=4.1557 (251s)
[epoch  48/60] train_loss=7.1540 val_loss=7.5548 val_score=4.1323 (255s)
[epoch  49/60] train_loss=7.1457 val_loss=7.5393 val_score=4.1867 (259s)
[epoch  50/60] train_loss=7.1464 val_loss=7.5635 val_score=4.1164 (263s)
[epoch  51/60] train_loss=7.1030 val_loss=7.5500 val_score=4.1637 (268s)
[epoch  52/60] train_loss=7.1138 val_loss=7.5641 val_score=4.1902 (272s)
[epoch  53/60] train_loss=7.0777 val_loss=7.5504 val_score=4.1568 (276s)
[epoch  54/60] train_loss=7.0720 val_loss=7.5743 val_score=4.1664 (281s)
[epoch  55/60] train_loss=7.0684 val_loss=7.5353 val_score=4.1881 (285s)
[epoch  56/60] train_loss=7.0475 val_loss=7.5397 val_score=4.1542 (289s)
[epoch  57/60] train_loss=7.0272 val_loss=7.5240 val_score=4.1749 (293s)
[epoch  58/60] train_loss=7.0210 val_loss=7.5494 val_score=4.2276 (298s)
[epoch  59/60] train_loss=6.9920 val_loss=7.5439 val_score=4.2441 (302s)
[epoch  60/60] train_loss=6.9966 val_loss=7.5180 val_score=4.1692 (306s)
最佳 checkpoint 来自 epoch 59，验证集选模分 4.2441
per-label 阈值标定完成
解码调优（目标=f1）:
  cartridge -> {'mode': 'threshold', 'k_scale': 1.0, 'k_min': 1, 'k_max': 42, 'thr_shift': 0.0, 'ensure_nonempty': False, 'count_quantile': None}  目标值=0.4477
  solvent   -> {'mode': 'threshold', 'k_scale': 1.0, 'k_min': 0, 'k_max': 378, 'thr_shift': 0.0, 'ensure_nonempty': False, 'count_quantile': None} gate=True  目标值=0.4545
验证集（调优后）选模分 4.2953，链路正确率 0.4646

=== 测试集（基数感知解码）===
样本数 1145（有流程信息 1043，无流程信息 102）
Hit@1 可校验子集大小 141

Hit@1 旧口径（两处免检都在）      : 0.4192
Hit@1 去掉无流程信息免检          : 0.4286
Hit@1 仅可校验子集（推荐主指标）  : 0.6525
Hit@1 缺 ratio 标注判失败（最严） : 0.0882
前三段链路正确率（不看 ratio）    : 0.4756

StrictAcc 旧口径 / 仅有流程信息   : 0.0009 / 0.0000
SSS 旧口径 / 仅有流程信息         : 0.4956 / 0.4628
HC 旧口径 / 仅有流程信息          : 0.9155 / 0.9072
GUS                               : 59.7452

Hit@1 失败原因（对全部样本计数，互斥）：
  cartridge top-1 错     : 483
  step top-1 错          : 4
  solvent top-1 错       : 129
  ratio 超差             : 49
  ratio 无标注(旧口径免检): 355
  无流程信息(旧口径免检)  : 33

预测集合大小： {'cartridge_pred_mean': 7.575545851528385, 'cartridge_true_mean': 3.274235725402832, 'solvent_pred_mean': 25.699904122722916, 'solvent_true_mean': 15.235857963562012}

全部结果已写入 output/screen21/C12_r78_rank20_solw_seed42
