样本数 11441  切分 train/val/test = 9152/1144/1145
输入维度 21（21 维描述符，未启用官能团）
cartridge 类别 42  步骤 5  溶剂组合词表 378
/Users/zysu/Library/Python/3.9/lib/python/site-packages/torch/utils/data/dataloader.py:666: UserWarning: 'pin_memory' argument is set as true but no accelerator is found, then device pinned memory won't be used.
  warnings.warn(warn_msg)
[epoch   1/60] train_loss=6.9158 val_loss=6.6035 val_score=3.4107 (10s)
[epoch   2/60] train_loss=6.5543 val_loss=6.4528 val_score=3.4767 (18s)
[epoch   3/60] train_loss=6.4402 val_loss=6.3652 val_score=3.5067 (25s)
[epoch   4/60] train_loss=6.3580 val_loss=6.3378 val_score=3.5936 (32s)
[epoch   5/60] train_loss=6.2918 val_loss=6.2857 val_score=3.6543 (39s)
[epoch   6/60] train_loss=6.2319 val_loss=6.2149 val_score=3.5924 (46s)
[epoch   7/60] train_loss=6.1729 val_loss=6.1589 val_score=3.6588 (53s)
[epoch   8/60] train_loss=6.1247 val_loss=6.1346 val_score=3.6869 (59s)
[epoch   9/60] train_loss=6.0951 val_loss=6.1066 val_score=3.7243 (65s)
[epoch  10/60] train_loss=6.0670 val_loss=6.0854 val_score=3.7266 (72s)
[epoch  11/60] train_loss=6.0318 val_loss=6.0501 val_score=3.7522 (78s)
[epoch  12/60] train_loss=6.0121 val_loss=6.0294 val_score=3.7390 (84s)
[epoch  13/60] train_loss=5.9842 val_loss=6.0401 val_score=3.6984 (90s)
[epoch  14/60] train_loss=5.9696 val_loss=6.0246 val_score=3.7573 (96s)
[epoch  15/60] train_loss=5.9363 val_loss=5.9963 val_score=3.7825 (102s)
[epoch  16/60] train_loss=5.9183 val_loss=5.9800 val_score=3.7810 (108s)
[epoch  17/60] train_loss=5.9035 val_loss=5.9761 val_score=3.8429 (114s)
[epoch  18/60] train_loss=5.8786 val_loss=5.9900 val_score=3.8260 (120s)
[epoch  19/60] train_loss=5.8625 val_loss=5.9605 val_score=3.7849 (126s)
[epoch  20/60] train_loss=5.8337 val_loss=5.9462 val_score=3.8826 (131s)
[epoch  21/60] train_loss=5.8158 val_loss=5.9632 val_score=3.8408 (135s)
[epoch  22/60] train_loss=5.8096 val_loss=5.9719 val_score=3.8765 (140s)
[epoch  23/60] train_loss=5.7830 val_loss=5.9306 val_score=3.8797 (145s)
[epoch  24/60] train_loss=5.7870 val_loss=5.9282 val_score=3.8847 (149s)
[epoch  25/60] train_loss=5.7577 val_loss=5.9336 val_score=3.9055 (154s)
[epoch  26/60] train_loss=5.7437 val_loss=5.9216 val_score=3.8933 (159s)
[epoch  27/60] train_loss=5.7181 val_loss=5.8920 val_score=3.9137 (164s)
[epoch  28/60] train_loss=5.7072 val_loss=5.9080 val_score=3.9065 (168s)
[epoch  29/60] train_loss=5.6957 val_loss=5.8894 val_score=3.8882 (173s)
[epoch  30/60] train_loss=5.6667 val_loss=5.8676 val_score=3.9368 (178s)
[epoch  31/60] train_loss=5.6532 val_loss=5.8608 val_score=3.9485 (182s)
[epoch  32/60] train_loss=5.6533 val_loss=5.8543 val_score=3.9170 (187s)
[epoch  33/60] train_loss=5.6379 val_loss=5.8652 val_score=3.8904 (192s)
[epoch  34/60] train_loss=5.6200 val_loss=5.8345 val_score=3.9322 (197s)
[epoch  35/60] train_loss=5.5904 val_loss=5.8370 val_score=3.9318 (201s)
[epoch  36/60] train_loss=5.5928 val_loss=5.8578 val_score=3.9330 (206s)
[epoch  37/60] train_loss=5.5823 val_loss=5.8128 val_score=3.9301 (211s)
[epoch  38/60] train_loss=5.5595 val_loss=5.8113 val_score=3.9937 (216s)
[epoch  39/60] train_loss=5.5477 val_loss=5.8109 val_score=3.9525 (221s)
[epoch  40/60] train_loss=5.5384 val_loss=5.8126 val_score=3.9380 (225s)
[epoch  41/60] train_loss=5.5252 val_loss=5.8263 val_score=3.9236 (230s)
[epoch  42/60] train_loss=5.5049 val_loss=5.7967 val_score=3.9569 (235s)
[epoch  43/60] train_loss=5.4926 val_loss=5.8170 val_score=3.9733 (239s)
[epoch  44/60] train_loss=5.4786 val_loss=5.7972 val_score=3.9443 (244s)
[epoch  45/60] train_loss=5.4742 val_loss=5.7798 val_score=3.9431 (248s)
[epoch  46/60] train_loss=5.4601 val_loss=5.8162 val_score=4.0021 (253s)
[epoch  47/60] train_loss=5.4510 val_loss=5.7489 val_score=4.0230 (257s)
[epoch  48/60] train_loss=5.4276 val_loss=5.7709 val_score=3.9801 (262s)
[epoch  49/60] train_loss=5.4186 val_loss=5.7970 val_score=3.9584 (266s)
[epoch  50/60] train_loss=5.4307 val_loss=5.7932 val_score=3.9945 (270s)
[epoch  51/60] train_loss=5.4137 val_loss=5.7599 val_score=3.9602 (275s)
[epoch  52/60] train_loss=5.4034 val_loss=5.7648 val_score=4.0049 (279s)
[epoch  53/60] train_loss=5.3831 val_loss=5.7823 val_score=3.9757 (284s)
[epoch  54/60] train_loss=5.3626 val_loss=5.7808 val_score=3.9435 (288s)
[epoch  55/60] train_loss=5.3505 val_loss=5.7812 val_score=4.0059 (293s)
[epoch  56/60] train_loss=5.3469 val_loss=5.7427 val_score=3.9934 (297s)
[epoch  57/60] train_loss=5.3363 val_loss=5.7569 val_score=3.9397 (302s)
[epoch  58/60] train_loss=5.3335 val_loss=5.7908 val_score=4.0010 (306s)
[epoch  59/60] train_loss=5.3169 val_loss=5.7838 val_score=4.0047 (310s)
[epoch  60/60] train_loss=5.3067 val_loss=5.7504 val_score=3.9902 (315s)
最佳 checkpoint 来自 epoch 47，验证集选模分 4.0230
per-label 阈值标定完成
解码调优（目标=f1）:
  cartridge -> {'mode': 'threshold', 'k_scale': 1.0, 'k_min': 1, 'k_max': 42, 'thr_shift': 0.0, 'ensure_nonempty': False, 'count_quantile': None}  目标值=0.4530
  solvent   -> {'mode': 'threshold', 'k_scale': 1.0, 'k_min': 0, 'k_max': 378, 'thr_shift': 0.05, 'ensure_nonempty': False, 'count_quantile': None} gate=True  目标值=0.3942
验证集（调优后）选模分 4.1642，链路正确率 0.4559

=== 测试集（基数感知解码）===
样本数 1145（有流程信息 1043，无流程信息 102）
Hit@1 可校验子集大小 126

Hit@1 旧口径（两处免检都在）      : 0.3624
Hit@1 去掉无流程信息免检          : 0.3720
Hit@1 仅可校验子集（推荐主指标）  : 0.3730
Hit@1 缺 ratio 标注判失败（最严） : 0.0451
前三段链路正确率（不看 ratio）    : 0.4477

StrictAcc 旧口径 / 仅有流程信息   : 0.0009 / 0.0000
SSS 旧口径 / 仅有流程信息         : 0.4679 / 0.4321
HC 旧口径 / 仅有流程信息          : 0.8959 / 0.8857
GUS                               : 56.6411

Hit@1 失败原因（对全部样本计数，互斥）：
  cartridge top-1 错     : 514
  step top-1 错          : 3
  solvent top-1 错       : 134
  ratio 超差             : 79
  ratio 无标注(旧口径免检): 341
  无流程信息(旧口径免检)  : 27

预测集合大小： {'cartridge_pred_mean': 6.862882096069869, 'cartridge_true_mean': 3.274235725402832, 'solvent_pred_mean': 22.299137104506233, 'solvent_true_mean': 15.235857963562012}

全部结果已写入 output/screen21/C14_rank20_solw_seed42
