样本数 11441  切分 train/val/test = 9152/1144/1145
输入维度 21（21 维描述符，未启用官能团）
cartridge 类别 42  步骤 5  溶剂组合词表 378
/Users/zysu/Library/Python/3.9/lib/python/site-packages/torch/utils/data/dataloader.py:666: UserWarning: 'pin_memory' argument is set as true but no accelerator is found, then device pinned memory won't be used.
  warnings.warn(warn_msg)
[epoch   1/60] train_loss=9.3650 val_loss=8.9612 val_score=3.5591 (4s)
[epoch   2/60] train_loss=8.8276 val_loss=8.7286 val_score=3.6483 (9s)
[epoch   3/60] train_loss=8.6614 val_loss=8.6051 val_score=3.7147 (13s)
[epoch   4/60] train_loss=8.5390 val_loss=8.5195 val_score=3.7642 (17s)
[epoch   5/60] train_loss=8.4279 val_loss=8.4202 val_score=3.7926 (22s)
[epoch   6/60] train_loss=8.3305 val_loss=8.3361 val_score=3.8245 (26s)
[epoch   7/60] train_loss=8.2673 val_loss=8.3062 val_score=3.8347 (30s)
[epoch   8/60] train_loss=8.2027 val_loss=8.2293 val_score=3.8518 (35s)
[epoch   9/60] train_loss=8.1520 val_loss=8.2003 val_score=3.8986 (39s)
[epoch  10/60] train_loss=8.0857 val_loss=8.1518 val_score=3.9656 (44s)
[epoch  11/60] train_loss=8.0560 val_loss=8.1118 val_score=3.9428 (49s)
[epoch  12/60] train_loss=8.0107 val_loss=8.0766 val_score=4.0271 (54s)
[epoch  13/60] train_loss=7.9678 val_loss=8.0420 val_score=3.9619 (59s)
[epoch  14/60] train_loss=7.9322 val_loss=8.0169 val_score=3.8709 (63s)
[epoch  15/60] train_loss=7.9042 val_loss=8.0084 val_score=3.9690 (68s)
[epoch  16/60] train_loss=7.8667 val_loss=7.9664 val_score=3.9548 (72s)
[epoch  17/60] train_loss=7.8381 val_loss=7.9414 val_score=3.9837 (77s)
[epoch  18/60] train_loss=7.8162 val_loss=7.9404 val_score=4.0021 (82s)
[epoch  19/60] train_loss=7.7723 val_loss=7.9142 val_score=4.0434 (86s)
[epoch  20/60] train_loss=7.7592 val_loss=7.9135 val_score=4.0387 (91s)
[epoch  21/60] train_loss=7.7284 val_loss=7.9147 val_score=4.0150 (95s)
[epoch  22/60] train_loss=7.6904 val_loss=7.8520 val_score=4.0393 (100s)
[epoch  23/60] train_loss=7.6676 val_loss=7.8443 val_score=4.0411 (104s)
[epoch  24/60] train_loss=7.6519 val_loss=7.8345 val_score=4.0181 (109s)
[epoch  25/60] train_loss=7.6195 val_loss=7.8370 val_score=4.0601 (113s)
[epoch  26/60] train_loss=7.5868 val_loss=7.7946 val_score=4.0192 (118s)
[epoch  27/60] train_loss=7.5651 val_loss=7.8072 val_score=4.0254 (122s)
[epoch  28/60] train_loss=7.5371 val_loss=7.7784 val_score=4.0231 (127s)
[epoch  29/60] train_loss=7.5351 val_loss=7.7794 val_score=4.0854 (131s)
[epoch  30/60] train_loss=7.5217 val_loss=7.7571 val_score=4.0515 (136s)
[epoch  31/60] train_loss=7.4928 val_loss=7.7572 val_score=4.0557 (140s)
[epoch  32/60] train_loss=7.4740 val_loss=7.7113 val_score=4.0793 (145s)
[epoch  33/60] train_loss=7.4485 val_loss=7.7192 val_score=4.0373 (149s)
[epoch  34/60] train_loss=7.4257 val_loss=7.7162 val_score=4.0770 (153s)
[epoch  35/60] train_loss=7.3976 val_loss=7.7274 val_score=4.0818 (158s)
[epoch  36/60] train_loss=7.3781 val_loss=7.6948 val_score=4.0853 (162s)
[epoch  37/60] train_loss=7.3638 val_loss=7.7074 val_score=4.0625 (167s)
[epoch  38/60] train_loss=7.3493 val_loss=7.6791 val_score=4.0828 (171s)
[epoch  39/60] train_loss=7.3270 val_loss=7.6684 val_score=4.0839 (176s)
[epoch  40/60] train_loss=7.3048 val_loss=7.6593 val_score=4.1124 (180s)
[epoch  41/60] train_loss=7.2954 val_loss=7.6491 val_score=4.0844 (184s)
[epoch  42/60] train_loss=7.2627 val_loss=7.6516 val_score=4.0943 (189s)
[epoch  43/60] train_loss=7.2564 val_loss=7.6583 val_score=4.0302 (193s)
[epoch  44/60] train_loss=7.2372 val_loss=7.6508 val_score=4.0907 (198s)
[epoch  45/60] train_loss=7.2152 val_loss=7.6234 val_score=4.0732 (202s)
[epoch  46/60] train_loss=7.1923 val_loss=7.6305 val_score=4.0958 (207s)
[epoch  47/60] train_loss=7.1872 val_loss=7.6365 val_score=4.1016 (211s)
[epoch  48/60] train_loss=7.1819 val_loss=7.6205 val_score=4.0797 (216s)
[epoch  49/60] train_loss=7.1476 val_loss=7.6165 val_score=4.0978 (220s)
[epoch  50/60] train_loss=7.1566 val_loss=7.6222 val_score=4.1091 (224s)
[epoch  51/60] train_loss=7.1247 val_loss=7.5749 val_score=4.1257 (229s)
[epoch  52/60] train_loss=7.1237 val_loss=7.5905 val_score=4.0993 (234s)
[epoch  53/60] train_loss=7.1196 val_loss=7.5898 val_score=4.0966 (238s)
[epoch  54/60] train_loss=7.0858 val_loss=7.5765 val_score=4.1266 (242s)
[epoch  55/60] train_loss=7.0801 val_loss=7.5825 val_score=4.1398 (247s)
[epoch  56/60] train_loss=7.0605 val_loss=7.5985 val_score=4.1331 (251s)
[epoch  57/60] train_loss=7.0318 val_loss=7.5695 val_score=4.1588 (255s)
[epoch  58/60] train_loss=7.0438 val_loss=7.6061 val_score=4.1521 (260s)
[epoch  59/60] train_loss=7.0108 val_loss=7.5802 val_score=4.2100 (263s)
[epoch  60/60] train_loss=7.0057 val_loss=7.5907 val_score=4.1458 (265s)
最佳 checkpoint 来自 epoch 59，验证集选模分 4.2100
per-label 阈值标定完成
解码调优（目标=f1）:
  cartridge -> {'mode': 'threshold', 'k_scale': 1.0, 'k_min': 1, 'k_max': 42, 'thr_shift': 0.0, 'ensure_nonempty': False, 'count_quantile': None}  目标值=0.4530
  solvent   -> {'mode': 'threshold', 'k_scale': 1.0, 'k_min': 0, 'k_max': 378, 'thr_shift': 0.0, 'ensure_nonempty': False, 'count_quantile': None} gate=True  目标值=0.4548
验证集（调优后）选模分 4.2659，链路正确率 0.4569

=== 测试集（基数感知解码）===
样本数 1145（有流程信息 1043，无流程信息 102）
Hit@1 可校验子集大小 148

Hit@1 旧口径（两处免检都在）      : 0.4122
Hit@1 去掉无流程信息免检          : 0.4247
Hit@1 仅可校验子集（推荐主指标）  : 0.6014
Hit@1 缺 ratio 标注判失败（最严） : 0.0853
前三段链路正确率（不看 ratio）    : 0.4813

StrictAcc 旧口径 / 仅有流程信息   : 0.0009 / 0.0000
SSS 旧口径 / 仅有流程信息         : 0.4961 / 0.4631
HC 旧口径 / 仅有流程信息          : 0.9127 / 0.9041
GUS                               : 59.6994

Hit@1 失败原因（对全部样本计数，互斥）：
  cartridge top-1 错     : 478
  step top-1 错          : 1
  solvent top-1 错       : 135
  ratio 超差             : 59
  ratio 无标注(旧口径免检): 354
  无流程信息(旧口径免检)  : 29

预测集合大小： {'cartridge_pred_mean': 7.238427947598253, 'cartridge_true_mean': 3.274235725402832, 'solvent_pred_mean': 26.674017257909874, 'solvent_true_mean': 15.235857963562012}

全部结果已写入 output/screen21/C15_r78_rank20_seed42
