样本数 11441  切分 train/val/test = 9152/1144/1145
输入维度 21（21 维描述符，未启用官能团）
cartridge 类别 42  步骤 5  溶剂组合词表 378
/Users/zysu/Library/Python/3.9/lib/python/site-packages/torch/utils/data/dataloader.py:666: UserWarning: 'pin_memory' argument is set as true but no accelerator is found, then device pinned memory won't be used.
  warnings.warn(warn_msg)
[epoch   1/60] train_loss=4.9765 val_loss=4.8007 val_score=3.6208 (4s)
[epoch   2/60] train_loss=4.6894 val_loss=4.6891 val_score=3.6036 (8s)
[epoch   3/60] train_loss=4.5885 val_loss=4.5941 val_score=3.7059 (12s)
[epoch   4/60] train_loss=4.5126 val_loss=4.5352 val_score=3.7352 (16s)
[epoch   5/60] train_loss=4.4399 val_loss=4.4709 val_score=3.8297 (20s)
[epoch   6/60] train_loss=4.3930 val_loss=4.4365 val_score=3.8262 (24s)
[epoch   7/60] train_loss=4.3504 val_loss=4.4030 val_score=3.8407 (28s)
[epoch   8/60] train_loss=4.3099 val_loss=4.3644 val_score=3.8291 (31s)
[epoch   9/60] train_loss=4.2798 val_loss=4.3335 val_score=3.9082 (35s)
[epoch  10/60] train_loss=4.2424 val_loss=4.3080 val_score=3.9232 (39s)
[epoch  11/60] train_loss=4.2210 val_loss=4.2841 val_score=3.9097 (43s)
[epoch  12/60] train_loss=4.1927 val_loss=4.2497 val_score=3.9322 (47s)
[epoch  13/60] train_loss=4.1638 val_loss=4.2298 val_score=3.8933 (52s)
[epoch  14/60] train_loss=4.1442 val_loss=4.2107 val_score=3.8954 (56s)
[epoch  15/60] train_loss=4.1199 val_loss=4.1975 val_score=3.9859 (60s)
[epoch  16/60] train_loss=4.1043 val_loss=4.1821 val_score=3.9316 (64s)
[epoch  17/60] train_loss=4.0811 val_loss=4.1608 val_score=3.9405 (68s)
[epoch  18/60] train_loss=4.0642 val_loss=4.1633 val_score=3.9773 (71s)
[epoch  19/60] train_loss=4.0469 val_loss=4.1338 val_score=3.9777 (75s)
[epoch  20/60] train_loss=4.0341 val_loss=4.1278 val_score=4.0123 (79s)
[epoch  21/60] train_loss=4.0199 val_loss=4.1299 val_score=4.0360 (82s)
[epoch  22/60] train_loss=3.9951 val_loss=4.0963 val_score=3.9925 (86s)
[epoch  23/60] train_loss=3.9814 val_loss=4.1126 val_score=3.9525 (89s)
[epoch  24/60] train_loss=3.9673 val_loss=4.0842 val_score=4.0297 (93s)
[epoch  25/60] train_loss=3.9606 val_loss=4.0772 val_score=4.0580 (97s)
[epoch  26/60] train_loss=3.9399 val_loss=4.0621 val_score=3.9912 (100s)
[epoch  27/60] train_loss=3.9209 val_loss=4.0581 val_score=4.0306 (104s)
[epoch  28/60] train_loss=3.9081 val_loss=4.0512 val_score=4.0331 (107s)
[epoch  29/60] train_loss=3.9105 val_loss=4.0460 val_score=4.0351 (111s)
[epoch  30/60] train_loss=3.8914 val_loss=4.0373 val_score=4.0442 (115s)
[epoch  31/60] train_loss=3.8837 val_loss=4.0380 val_score=4.0563 (119s)
[epoch  32/60] train_loss=3.8718 val_loss=4.0254 val_score=4.0648 (122s)
[epoch  33/60] train_loss=3.8576 val_loss=4.0162 val_score=4.0458 (127s)
[epoch  34/60] train_loss=3.8512 val_loss=4.0184 val_score=4.0913 (131s)
[epoch  35/60] train_loss=3.8303 val_loss=4.0030 val_score=4.0432 (134s)
[epoch  36/60] train_loss=3.8205 val_loss=3.9946 val_score=4.0324 (138s)
[epoch  37/60] train_loss=3.8170 val_loss=4.0093 val_score=4.1012 (141s)
[epoch  38/60] train_loss=3.8063 val_loss=4.0051 val_score=4.1173 (144s)
[epoch  39/60] train_loss=3.7952 val_loss=3.9903 val_score=4.0570 (148s)
[epoch  40/60] train_loss=3.7812 val_loss=3.9622 val_score=4.1029 (151s)
[epoch  41/60] train_loss=3.7822 val_loss=3.9727 val_score=4.1033 (155s)
[epoch  42/60] train_loss=3.7668 val_loss=3.9825 val_score=4.1142 (158s)
[epoch  43/60] train_loss=3.7558 val_loss=3.9731 val_score=4.1024 (161s)
[epoch  44/60] train_loss=3.7482 val_loss=3.9679 val_score=4.1314 (165s)
[epoch  45/60] train_loss=3.7446 val_loss=3.9608 val_score=4.1098 (168s)
[epoch  46/60] train_loss=3.7383 val_loss=3.9343 val_score=4.1133 (171s)
[epoch  47/60] train_loss=3.7290 val_loss=3.9316 val_score=4.1795 (175s)
[epoch  48/60] train_loss=3.7090 val_loss=3.9589 val_score=4.1543 (178s)
[epoch  49/60] train_loss=3.7085 val_loss=3.9499 val_score=4.0832 (182s)
[epoch  50/60] train_loss=3.7022 val_loss=3.9453 val_score=4.1339 (185s)
[epoch  51/60] train_loss=3.6949 val_loss=3.9271 val_score=4.1378 (188s)
[epoch  52/60] train_loss=3.6922 val_loss=3.9485 val_score=4.1545 (192s)
[epoch  53/60] train_loss=3.6860 val_loss=3.9309 val_score=4.1638 (195s)
[epoch  54/60] train_loss=3.6755 val_loss=3.9273 val_score=4.1503 (199s)
[epoch  55/60] train_loss=3.6737 val_loss=3.9358 val_score=4.1799 (202s)
[epoch  56/60] train_loss=3.6572 val_loss=3.9063 val_score=4.1570 (205s)
[epoch  57/60] train_loss=3.6517 val_loss=3.9108 val_score=4.1693 (209s)
[epoch  58/60] train_loss=3.6466 val_loss=3.9307 val_score=4.1723 (212s)
[epoch  59/60] train_loss=3.6316 val_loss=3.9092 val_score=4.1882 (215s)
[epoch  60/60] train_loss=3.6376 val_loss=3.9084 val_score=4.1929 (219s)
最佳 checkpoint 来自 epoch 60，验证集选模分 4.1929
per-label 阈值标定完成
解码调优（目标=f1）:
  cartridge -> {'mode': 'threshold', 'k_scale': 1.0, 'k_min': 1, 'k_max': 42, 'thr_shift': 0.0, 'ensure_nonempty': False, 'count_quantile': None}  目标值=0.4780
  solvent   -> {'mode': 'threshold', 'k_scale': 1.0, 'k_min': 0, 'k_max': 378, 'thr_shift': 0.0, 'ensure_nonempty': False, 'count_quantile': None} gate=True  目标值=0.4702
验证集（调优后）选模分 4.2705，链路正确率 0.4521

=== 测试集（基数感知解码）===
样本数 1145（有流程信息 1043，无流程信息 102）
Hit@1 可校验子集大小 128

Hit@1 旧口径（两处免检都在）      : 0.3983
Hit@1 去掉无流程信息免检          : 0.4113
Hit@1 仅可校验子集（推荐主指标）  : 0.5859
Hit@1 缺 ratio 标注判失败（最严） : 0.0719
前三段链路正确率（不看 ratio）    : 0.4621

StrictAcc 旧口径 / 仅有流程信息   : 0.0009 / 0.0000
SSS 旧口径 / 仅有流程信息         : 0.5014 / 0.4688
HC 旧口径 / 仅有流程信息          : 0.9118 / 0.9032
GUS                               : 60.2044

Hit@1 失败原因（对全部样本计数，互斥）：
  cartridge top-1 错     : 513
  step top-1 错          : 2
  solvent top-1 错       : 121
  ratio 超差             : 53
  ratio 无标注(旧口径免检): 354
  无流程信息(旧口径免检)  : 27

预测集合大小： {'cartridge_pred_mean': 6.0812227074235805, 'cartridge_true_mean': 3.274235725402832, 'solvent_pred_mean': 24.48418024928092, 'solvent_true_mean': 15.235857963562012}

全部结果已写入 output/screen21/C2_r78_rank_seed42
