样本数 11441  切分 train/val/test = 9152/1144/1145
输入维度 21（21 维描述符，未启用官能团）
cartridge 类别 42  步骤 5  溶剂组合词表 378
/Users/zysu/Library/Python/3.9/lib/python/site-packages/torch/utils/data/dataloader.py:666: UserWarning: 'pin_memory' argument is set as true but no accelerator is found, then device pinned memory won't be used.
  warnings.warn(warn_msg)
[epoch   1/60] train_loss=4.9605 val_loss=4.7930 val_score=3.5158 (4s)
[epoch   2/60] train_loss=4.6732 val_loss=4.6731 val_score=3.5874 (7s)
[epoch   3/60] train_loss=4.5723 val_loss=4.5819 val_score=3.6794 (10s)
[epoch   4/60] train_loss=4.4949 val_loss=4.5163 val_score=3.7374 (13s)
[epoch   5/60] train_loss=4.4245 val_loss=4.4562 val_score=3.7905 (16s)
[epoch   6/60] train_loss=4.3732 val_loss=4.4223 val_score=3.8102 (19s)
[epoch   7/60] train_loss=4.3317 val_loss=4.3881 val_score=3.8535 (22s)
[epoch   8/60] train_loss=4.2952 val_loss=4.3498 val_score=3.8830 (24s)
[epoch   9/60] train_loss=4.2637 val_loss=4.3265 val_score=3.8766 (27s)
[epoch  10/60] train_loss=4.2275 val_loss=4.2900 val_score=3.8930 (30s)
[epoch  11/60] train_loss=4.2009 val_loss=4.2769 val_score=3.8422 (33s)
[epoch  12/60] train_loss=4.1799 val_loss=4.2404 val_score=3.9164 (35s)
[epoch  13/60] train_loss=4.1521 val_loss=4.2250 val_score=3.8650 (38s)
[epoch  14/60] train_loss=4.1339 val_loss=4.1984 val_score=3.8728 (41s)
[epoch  15/60] train_loss=4.1111 val_loss=4.1994 val_score=3.9090 (45s)
[epoch  16/60] train_loss=4.0909 val_loss=4.1696 val_score=3.9215 (48s)
[epoch  17/60] train_loss=4.0753 val_loss=4.1502 val_score=3.9091 (52s)
[epoch  18/60] train_loss=4.0547 val_loss=4.1512 val_score=3.9455 (55s)
[epoch  19/60] train_loss=4.0333 val_loss=4.1323 val_score=3.9318 (58s)
[epoch  20/60] train_loss=4.0187 val_loss=4.1278 val_score=4.0005 (62s)
[epoch  21/60] train_loss=4.0048 val_loss=4.1200 val_score=3.9732 (65s)
[epoch  22/60] train_loss=3.9886 val_loss=4.0919 val_score=3.9841 (68s)
[epoch  23/60] train_loss=3.9699 val_loss=4.0865 val_score=3.9689 (71s)
[epoch  24/60] train_loss=3.9578 val_loss=4.0716 val_score=3.9808 (74s)
[epoch  25/60] train_loss=3.9443 val_loss=4.0667 val_score=3.9945 (77s)
[epoch  26/60] train_loss=3.9251 val_loss=4.0604 val_score=4.0115 (80s)
[epoch  27/60] train_loss=3.9149 val_loss=4.0548 val_score=4.0164 (82s)
[epoch  28/60] train_loss=3.8973 val_loss=4.0376 val_score=4.0542 (85s)
[epoch  29/60] train_loss=3.8919 val_loss=4.0405 val_score=3.9869 (88s)
[epoch  30/60] train_loss=3.8837 val_loss=4.0339 val_score=4.0430 (91s)
[epoch  31/60] train_loss=3.8683 val_loss=4.0431 val_score=4.0175 (94s)
[epoch  32/60] train_loss=3.8565 val_loss=4.0148 val_score=4.0338 (97s)
[epoch  33/60] train_loss=3.8485 val_loss=4.0161 val_score=4.0393 (100s)
[epoch  34/60] train_loss=3.8334 val_loss=4.0185 val_score=4.0458 (103s)
[epoch  35/60] train_loss=3.8233 val_loss=3.9972 val_score=4.0437 (106s)
[epoch  36/60] train_loss=3.8073 val_loss=3.9904 val_score=4.0677 (109s)
[epoch  37/60] train_loss=3.7966 val_loss=4.0002 val_score=4.0615 (112s)
[epoch  38/60] train_loss=3.7953 val_loss=4.0055 val_score=4.0506 (116s)
[epoch  39/60] train_loss=3.7791 val_loss=3.9832 val_score=4.0552 (120s)
[epoch  40/60] train_loss=3.7659 val_loss=3.9686 val_score=4.0678 (123s)
[epoch  41/60] train_loss=3.7667 val_loss=3.9944 val_score=4.1013 (126s)
[epoch  42/60] train_loss=3.7478 val_loss=3.9802 val_score=4.1496 (130s)
[epoch  43/60] train_loss=3.7390 val_loss=3.9869 val_score=4.0688 (137s)
[epoch  44/60] train_loss=3.7326 val_loss=3.9881 val_score=4.1034 (142s)
[epoch  45/60] train_loss=3.7209 val_loss=3.9803 val_score=4.1344 (145s)
[epoch  46/60] train_loss=3.7220 val_loss=3.9407 val_score=4.1090 (149s)
[epoch  47/60] train_loss=3.7141 val_loss=3.9482 val_score=4.1078 (153s)
[epoch  48/60] train_loss=3.6960 val_loss=3.9569 val_score=4.0582 (157s)
[epoch  49/60] train_loss=3.6921 val_loss=3.9423 val_score=4.1471 (160s)
[epoch  50/60] train_loss=3.6829 val_loss=3.9394 val_score=4.0788 (164s)
[epoch  51/60] train_loss=3.6749 val_loss=3.9599 val_score=4.1410 (168s)
[epoch  52/60] train_loss=3.6703 val_loss=3.9473 val_score=4.2067 (171s)
[epoch  53/60] train_loss=3.6652 val_loss=3.9528 val_score=4.1393 (175s)
[epoch  54/60] train_loss=3.6566 val_loss=3.9510 val_score=4.1553 (179s)
[epoch  55/60] train_loss=3.6476 val_loss=3.9285 val_score=4.1636 (182s)
[epoch  56/60] train_loss=3.6437 val_loss=3.9179 val_score=4.1937 (186s)
[epoch  57/60] train_loss=3.6218 val_loss=3.9303 val_score=4.1600 (190s)
[epoch  58/60] train_loss=3.6184 val_loss=3.9506 val_score=4.1782 (194s)
[epoch  59/60] train_loss=3.6117 val_loss=3.9202 val_score=4.2164 (198s)
[epoch  60/60] train_loss=3.6045 val_loss=3.9257 val_score=4.1831 (202s)
最佳 checkpoint 来自 epoch 59，验证集选模分 4.2164
per-label 阈值标定完成
解码调优（目标=f1）:
  cartridge -> {'mode': 'threshold', 'k_scale': 1.0, 'k_min': 1, 'k_max': 42, 'thr_shift': 0.0, 'ensure_nonempty': False, 'count_quantile': None}  目标值=0.4705
  solvent   -> {'mode': 'threshold', 'k_scale': 1.0, 'k_min': 0, 'k_max': 378, 'thr_shift': 0.0, 'ensure_nonempty': False, 'count_quantile': None} gate=True  目标值=0.4524
验证集（调优后）选模分 4.2700，链路正确率 0.4559

=== 测试集（基数感知解码）===
样本数 1145（有流程信息 1043，无流程信息 102）
Hit@1 可校验子集大小 124

Hit@1 旧口径（两处免检都在）      : 0.3948
Hit@1 去掉无流程信息免检          : 0.4056
Hit@1 仅可校验子集（推荐主指标）  : 0.5726
Hit@1 缺 ratio 标注判失败（最严） : 0.0681
前三段链路正确率（不看 ratio）    : 0.4564

StrictAcc 旧口径 / 仅有流程信息   : 0.0009 / 0.0000
SSS 旧口径 / 仅有流程信息         : 0.4958 / 0.4630
HC 旧口径 / 仅有流程信息          : 0.9165 / 0.9083
GUS                               : 59.8900

Hit@1 失败原因（对全部样本计数，互斥）：
  cartridge top-1 错     : 512
  step top-1 错          : 2
  solvent top-1 错       : 126
  ratio 超差             : 53
  ratio 无标注(旧口径免检): 352
  无流程信息(旧口径免检)  : 29

预测集合大小： {'cartridge_pred_mean': 6.580786026200873, 'cartridge_true_mean': 3.274235725402832, 'solvent_pred_mean': 27.289549376797698, 'solvent_true_mean': 15.235857963562012}

全部结果已写入 output/screen21/C3_r78_rank_solw_seed42
