样本数 11441  切分 train/val/test = 9152/1144/1145
输入维度 21（21 维描述符，未启用官能团）
cartridge 类别 42  步骤 5  溶剂组合词表 378
/Users/zysu/Library/Python/3.9/lib/python/site-packages/torch/utils/data/dataloader.py:666: UserWarning: 'pin_memory' argument is set as true but no accelerator is found, then device pinned memory won't be used.
  warnings.warn(warn_msg)
[epoch   1/60] train_loss=3.9001 val_loss=3.7473 val_score=3.5364 (4s)
[epoch   2/60] train_loss=3.6412 val_loss=3.6497 val_score=3.6065 (7s)
[epoch   3/60] train_loss=3.5559 val_loss=3.5821 val_score=3.5787 (10s)
[epoch   4/60] train_loss=3.4865 val_loss=3.5143 val_score=3.7360 (14s)
[epoch   5/60] train_loss=3.4355 val_loss=3.4790 val_score=3.7091 (17s)
[epoch   6/60] train_loss=3.3914 val_loss=3.4351 val_score=3.7935 (21s)
[epoch   7/60] train_loss=3.3539 val_loss=3.4021 val_score=3.8426 (24s)
[epoch   8/60] train_loss=3.3244 val_loss=3.3730 val_score=3.8379 (27s)
[epoch   9/60] train_loss=3.2925 val_loss=3.3517 val_score=3.8378 (30s)
[epoch  10/60] train_loss=3.2696 val_loss=3.3287 val_score=3.8201 (33s)
[epoch  11/60] train_loss=3.2414 val_loss=3.3015 val_score=3.8844 (37s)
[epoch  12/60] train_loss=3.2222 val_loss=3.2906 val_score=3.8268 (40s)
[epoch  13/60] train_loss=3.2009 val_loss=3.2770 val_score=3.8910 (44s)
[epoch  14/60] train_loss=3.1873 val_loss=3.2580 val_score=3.8751 (47s)
[epoch  15/60] train_loss=3.1678 val_loss=3.2350 val_score=3.8887 (50s)
[epoch  16/60] train_loss=3.1442 val_loss=3.2242 val_score=3.8675 (54s)
[epoch  17/60] train_loss=3.1287 val_loss=3.2170 val_score=3.8667 (57s)
[epoch  18/60] train_loss=3.1131 val_loss=3.1968 val_score=3.8747 (60s)
[epoch  19/60] train_loss=3.1027 val_loss=3.1818 val_score=3.8890 (64s)
[epoch  20/60] train_loss=3.0849 val_loss=3.1791 val_score=3.9055 (67s)
[epoch  21/60] train_loss=3.0721 val_loss=3.1650 val_score=3.8463 (70s)
[epoch  22/60] train_loss=3.0536 val_loss=3.1501 val_score=3.9008 (74s)
[epoch  23/60] train_loss=3.0484 val_loss=3.1299 val_score=3.9194 (77s)
[epoch  24/60] train_loss=3.0316 val_loss=3.1423 val_score=3.9554 (80s)
[epoch  25/60] train_loss=3.0271 val_loss=3.1247 val_score=3.8937 (83s)
[epoch  26/60] train_loss=3.0127 val_loss=3.1151 val_score=3.8529 (87s)
[epoch  27/60] train_loss=3.0051 val_loss=3.1091 val_score=3.8884 (90s)
[epoch  28/60] train_loss=2.9836 val_loss=3.1088 val_score=3.9547 (93s)
[epoch  29/60] train_loss=2.9835 val_loss=3.0982 val_score=3.9398 (97s)
[epoch  30/60] train_loss=2.9698 val_loss=3.0873 val_score=3.9122 (100s)
[epoch  31/60] train_loss=2.9589 val_loss=3.0853 val_score=3.9947 (105s)
[epoch  32/60] train_loss=2.9516 val_loss=3.0727 val_score=3.9417 (109s)
[epoch  33/60] train_loss=2.9448 val_loss=3.0800 val_score=3.9383 (112s)
[epoch  34/60] train_loss=2.9287 val_loss=3.0718 val_score=3.9982 (116s)
[epoch  35/60] train_loss=2.9194 val_loss=3.0604 val_score=3.9305 (119s)
[epoch  36/60] train_loss=2.9128 val_loss=3.0584 val_score=3.9796 (123s)
[epoch  37/60] train_loss=2.9060 val_loss=3.0639 val_score=3.9804 (127s)
[epoch  38/60] train_loss=2.8951 val_loss=3.0574 val_score=3.9827 (130s)
[epoch  39/60] train_loss=2.8848 val_loss=3.0600 val_score=3.9615 (133s)
[epoch  40/60] train_loss=2.8781 val_loss=3.0509 val_score=3.9723 (137s)
[epoch  41/60] train_loss=2.8716 val_loss=3.0567 val_score=3.9227 (141s)
[epoch  42/60] train_loss=2.8672 val_loss=3.0448 val_score=3.9889 (145s)
[epoch  43/60] train_loss=2.8573 val_loss=3.0385 val_score=4.0235 (149s)
[epoch  44/60] train_loss=2.8512 val_loss=3.0317 val_score=3.9595 (152s)
[epoch  45/60] train_loss=2.8465 val_loss=3.0492 val_score=4.0166 (156s)
[epoch  46/60] train_loss=2.8384 val_loss=3.0477 val_score=4.0074 (160s)
[epoch  47/60] train_loss=2.8282 val_loss=3.0217 val_score=3.9706 (165s)
[epoch  48/60] train_loss=2.8251 val_loss=3.0213 val_score=3.9565 (169s)
[epoch  49/60] train_loss=2.8242 val_loss=3.0332 val_score=3.9809 (173s)
[epoch  50/60] train_loss=2.8154 val_loss=3.0384 val_score=4.0189 (177s)
[epoch  51/60] train_loss=2.8096 val_loss=3.0363 val_score=3.9942 (182s)
[epoch  52/60] train_loss=2.8036 val_loss=2.9953 val_score=4.0073 (186s)
[epoch  53/60] train_loss=2.7903 val_loss=3.0231 val_score=3.9940 (190s)
[epoch  54/60] train_loss=2.7883 val_loss=3.0058 val_score=4.0811 (194s)
[epoch  55/60] train_loss=2.7810 val_loss=2.9918 val_score=4.0538 (198s)
[epoch  56/60] train_loss=2.7741 val_loss=3.0006 val_score=4.0279 (202s)
[epoch  57/60] train_loss=2.7660 val_loss=2.9920 val_score=4.0248 (206s)
[epoch  58/60] train_loss=2.7648 val_loss=3.0055 val_score=3.9970 (210s)
[epoch  59/60] train_loss=2.7573 val_loss=3.0194 val_score=4.0228 (215s)
[epoch  60/60] train_loss=2.7555 val_loss=2.9944 val_score=4.0289 (219s)
最佳 checkpoint 来自 epoch 54，验证集选模分 4.0811
per-label 阈值标定完成
解码调优（目标=em_jaccard）:
  cartridge -> {'mode': 'clamp', 'k_scale': 1.5, 'k_min': 1, 'k_max': 42, 'thr_shift': 0.1, 'ensure_nonempty': False, 'count_quantile': None}  目标值=0.1692
  solvent   -> {'mode': 'clamp', 'k_scale': 0.8, 'k_min': 0, 'k_max': 378, 'thr_shift': -0.05, 'ensure_nonempty': False, 'count_quantile': None} gate=True  目标值=0.1651
验证集（调优后）选模分 4.1387，链路正确率 0.4215

=== 测试集（基数感知解码）===
样本数 1145（有流程信息 1043，无流程信息 102）
Hit@1 可校验子集大小 114

Hit@1 旧口径（两处免检都在）      : 0.3616
Hit@1 去掉无流程信息免检          : 0.3787
Hit@1 仅可校验子集（推荐主指标）  : 0.6053
Hit@1 缺 ratio 标注判失败（最严） : 0.0662
前三段链路正确率（不看 ratio）    : 0.4219

StrictAcc 旧口径 / 仅有流程信息   : 0.0026 / 0.0010
SSS 旧口径 / 仅有流程信息         : 0.5132 / 0.4818
HC 旧口径 / 仅有流程信息          : 0.9134 / 0.9049
GUS                               : 59.1340

Hit@1 失败原因（对全部样本计数，互斥）：
  cartridge top-1 错     : 563
  step top-1 错          : 2
  solvent top-1 错       : 121
  ratio 超差             : 45
  ratio 无标注(旧口径免检): 326
  无流程信息(旧口径免检)  : 19

预测集合大小： {'cartridge_pred_mean': 2.5868995633187772, 'cartridge_true_mean': 3.274235725402832, 'solvent_pred_mean': 10.561840843720038, 'solvent_true_mean': 15.235857963562012}

全部结果已写入 output/screen21/C4_r78_step2_seed42
