样本数 11441  切分 train/val/test = 9152/1144/1145
输入维度 21（21 维描述符，未启用官能团）
cartridge 类别 42  步骤 5  溶剂组合词表 378
/Users/zysu/Library/Python/3.9/lib/python/site-packages/torch/utils/data/dataloader.py:666: UserWarning: 'pin_memory' argument is set as true but no accelerator is found, then device pinned memory won't be used.
  warnings.warn(warn_msg)
[epoch   1/60] train_loss=5.0226 val_loss=4.8184 val_score=3.5483 (4s)
[epoch   2/60] train_loss=4.7307 val_loss=4.7248 val_score=3.6118 (7s)
[epoch   3/60] train_loss=4.6576 val_loss=4.6637 val_score=3.5467 (11s)
[epoch   4/60] train_loss=4.5842 val_loss=4.6123 val_score=3.6068 (15s)
[epoch   5/60] train_loss=4.5273 val_loss=4.5424 val_score=3.7049 (19s)
[epoch   6/60] train_loss=4.4757 val_loss=4.4936 val_score=3.7474 (23s)
[epoch   7/60] train_loss=4.4393 val_loss=4.4761 val_score=3.7909 (29s)
[epoch   8/60] train_loss=4.4012 val_loss=4.4387 val_score=3.7453 (33s)
[epoch   9/60] train_loss=4.3700 val_loss=4.4080 val_score=3.8288 (37s)
[epoch  10/60] train_loss=4.3411 val_loss=4.3862 val_score=3.8012 (41s)
[epoch  11/60] train_loss=4.3179 val_loss=4.3734 val_score=3.7719 (45s)
[epoch  12/60] train_loss=4.2949 val_loss=4.3462 val_score=3.8108 (49s)
[epoch  13/60] train_loss=4.2737 val_loss=4.3308 val_score=3.8160 (53s)
[epoch  14/60] train_loss=4.2563 val_loss=4.2986 val_score=3.8191 (56s)
[epoch  15/60] train_loss=4.2309 val_loss=4.2789 val_score=3.8235 (60s)
[epoch  16/60] train_loss=4.2114 val_loss=4.2770 val_score=3.8347 (64s)
[epoch  17/60] train_loss=4.1990 val_loss=4.2519 val_score=3.8571 (67s)
[epoch  18/60] train_loss=4.1821 val_loss=4.2541 val_score=3.8432 (71s)
[epoch  19/60] train_loss=4.1601 val_loss=4.2448 val_score=3.8698 (75s)
[epoch  20/60] train_loss=4.1520 val_loss=4.2340 val_score=3.8215 (78s)
[epoch  21/60] train_loss=4.1386 val_loss=4.2180 val_score=3.8541 (82s)
[epoch  22/60] train_loss=4.1213 val_loss=4.2069 val_score=3.8574 (86s)
[epoch  23/60] train_loss=4.1078 val_loss=4.2036 val_score=3.8715 (89s)
[epoch  24/60] train_loss=4.0942 val_loss=4.1844 val_score=3.9274 (94s)
[epoch  25/60] train_loss=4.0795 val_loss=4.1747 val_score=3.9126 (97s)
[epoch  26/60] train_loss=4.0735 val_loss=4.1664 val_score=3.8958 (102s)
[epoch  27/60] train_loss=4.0529 val_loss=4.1448 val_score=3.9342 (106s)
[epoch  28/60] train_loss=4.0519 val_loss=4.1544 val_score=3.8869 (110s)
[epoch  29/60] train_loss=4.0341 val_loss=4.1475 val_score=3.9530 (113s)
[epoch  30/60] train_loss=4.0194 val_loss=4.1306 val_score=3.9230 (117s)
[epoch  31/60] train_loss=4.0113 val_loss=4.1226 val_score=3.9815 (120s)
[epoch  32/60] train_loss=3.9989 val_loss=4.1212 val_score=3.9307 (124s)
[epoch  33/60] train_loss=3.9898 val_loss=4.1188 val_score=3.9383 (127s)
[epoch  34/60] train_loss=3.9793 val_loss=4.1118 val_score=3.9784 (131s)
[epoch  35/60] train_loss=3.9693 val_loss=4.0874 val_score=3.9852 (134s)
[epoch  36/60] train_loss=3.9645 val_loss=4.1056 val_score=3.9266 (138s)
[epoch  37/60] train_loss=3.9434 val_loss=4.1034 val_score=3.9902 (141s)
[epoch  38/60] train_loss=3.9386 val_loss=4.1021 val_score=3.9628 (145s)
[epoch  39/60] train_loss=3.9260 val_loss=4.1072 val_score=4.0606 (148s)
[epoch  40/60] train_loss=3.9255 val_loss=4.0828 val_score=3.9405 (152s)
[epoch  41/60] train_loss=3.9185 val_loss=4.1027 val_score=3.9695 (155s)
[epoch  42/60] train_loss=3.9120 val_loss=4.0748 val_score=3.9311 (159s)
[epoch  43/60] train_loss=3.9063 val_loss=4.0914 val_score=3.9468 (162s)
[epoch  44/60] train_loss=3.8868 val_loss=4.0778 val_score=3.9360 (166s)
[epoch  45/60] train_loss=3.8814 val_loss=4.0686 val_score=3.9897 (169s)
[epoch  46/60] train_loss=3.8748 val_loss=4.0579 val_score=3.9959 (173s)
[epoch  47/60] train_loss=3.8757 val_loss=4.0608 val_score=3.9985 (176s)
[epoch  48/60] train_loss=3.8583 val_loss=4.0814 val_score=3.9197 (180s)
[epoch  49/60] train_loss=3.8522 val_loss=4.0614 val_score=4.0029 (183s)
[epoch  50/60] train_loss=3.8448 val_loss=4.0629 val_score=4.0205 (187s)
[epoch  51/60] train_loss=3.8360 val_loss=4.0465 val_score=4.0513 (190s)
[epoch  52/60] train_loss=3.8332 val_loss=4.0520 val_score=4.0176 (194s)
[epoch  53/60] train_loss=3.8205 val_loss=4.0520 val_score=4.0099 (197s)
[epoch  54/60] train_loss=3.8150 val_loss=4.0655 val_score=4.0174 (200s)
[epoch  55/60] train_loss=3.8098 val_loss=4.0601 val_score=3.9881 (204s)
[epoch  56/60] train_loss=3.8012 val_loss=4.0590 val_score=3.9836 (207s)
[epoch  57/60] train_loss=3.8003 val_loss=4.0541 val_score=4.0819 (211s)
[epoch  58/60] train_loss=3.7816 val_loss=4.0499 val_score=4.0295 (214s)
[epoch  59/60] train_loss=3.7804 val_loss=4.0440 val_score=3.9878 (218s)
[epoch  60/60] train_loss=3.7838 val_loss=4.0377 val_score=3.9900 (221s)
最佳 checkpoint 来自 epoch 57，验证集选模分 4.0819
per-label 阈值标定完成
解码调优（目标=em_jaccard）:
  cartridge -> {'mode': 'clamp', 'k_scale': 1.0, 'k_min': 1, 'k_max': 42, 'thr_shift': -0.05, 'ensure_nonempty': False, 'count_quantile': 0.3}  目标值=0.1875
  solvent   -> {'mode': 'clamp', 'k_scale': 1.0, 'k_min': 0, 'k_max': 378, 'thr_shift': 0.0, 'ensure_nonempty': False, 'count_quantile': 0.6} gate=True  目标值=0.1659
验证集（调优后）选模分 4.0985，链路正确率 0.4234

=== 测试集（基数感知解码）===
样本数 1145（有流程信息 1043，无流程信息 102）
Hit@1 可校验子集大小 117

Hit@1 旧口径（两处免检都在）      : 0.3686
Hit@1 去掉无流程信息免检          : 0.3787
Hit@1 仅可校验子集（推荐主指标）  : 0.6239
Hit@1 缺 ratio 标注判失败（最严） : 0.0700
前三段链路正确率（不看 ratio）    : 0.4209

StrictAcc 旧口径 / 仅有流程信息   : 0.0183 / 0.0010
SSS 旧口径 / 仅有流程信息         : 0.5036 / 0.4697
HC 旧口径 / 仅有流程信息          : 0.9013 / 0.8917
GUS                               : 56.4350

Hit@1 失败原因（对全部样本计数，互斥）：
  cartridge top-1 错     : 554
  step top-1 错          : 2
  solvent top-1 错       : 123
  ratio 超差             : 44
  ratio 无标注(旧口径免检): 322
  无流程信息(旧口径免检)  : 27

预测集合大小： {'cartridge_pred_mean': 1.2585152838427947, 'cartridge_true_mean': 3.274235725402832, 'solvent_pred_mean': 12.39693192713327, 'solvent_true_mean': 15.235857963562012}

全部结果已写入 output/screen21/C5_r78_cls_q_seed42
