样本数 11441  切分 train/val/test = 9152/1144/1145
输入维度 21（21 维描述符，未启用官能团）
cartridge 类别 42  步骤 5  溶剂组合词表 378
/Users/zysu/Library/Python/3.9/lib/python/site-packages/torch/utils/data/dataloader.py:666: UserWarning: 'pin_memory' argument is set as true but no accelerator is found, then device pinned memory won't be used.
  warnings.warn(warn_msg)
[epoch   1/60] train_loss=4.1488 val_loss=3.9382 val_score=3.4164 (4s)
[epoch   2/60] train_loss=3.9231 val_loss=3.8797 val_score=3.4900 (9s)
[epoch   3/60] train_loss=3.8513 val_loss=3.8110 val_score=3.5704 (13s)
[epoch   4/60] train_loss=3.7898 val_loss=3.7699 val_score=3.6013 (18s)
[epoch   5/60] train_loss=3.7389 val_loss=3.7342 val_score=3.6407 (22s)
[epoch   6/60] train_loss=3.6979 val_loss=3.6785 val_score=3.6368 (26s)
[epoch   7/60] train_loss=3.6632 val_loss=3.6489 val_score=3.6708 (31s)
[epoch   8/60] train_loss=3.6330 val_loss=3.6386 val_score=3.7143 (35s)
[epoch   9/60] train_loss=3.6109 val_loss=3.6276 val_score=3.6872 (39s)
[epoch  10/60] train_loss=3.5900 val_loss=3.6048 val_score=3.7322 (43s)
[epoch  11/60] train_loss=3.5751 val_loss=3.6055 val_score=3.7731 (47s)
[epoch  12/60] train_loss=3.5629 val_loss=3.5807 val_score=3.7594 (51s)
[epoch  13/60] train_loss=3.5419 val_loss=3.5773 val_score=3.8101 (55s)
[epoch  14/60] train_loss=3.5362 val_loss=3.5594 val_score=3.8075 (59s)
[epoch  15/60] train_loss=3.5156 val_loss=3.5519 val_score=3.8445 (62s)
[epoch  16/60] train_loss=3.5044 val_loss=3.5521 val_score=3.8110 (66s)
[epoch  17/60] train_loss=3.4929 val_loss=3.5394 val_score=3.8274 (69s)
[epoch  18/60] train_loss=3.4765 val_loss=3.5426 val_score=3.7948 (73s)
[epoch  19/60] train_loss=3.4649 val_loss=3.5445 val_score=3.7658 (76s)
[epoch  20/60] train_loss=3.4541 val_loss=3.5256 val_score=3.8004 (78s)
[epoch  21/60] train_loss=3.4402 val_loss=3.5089 val_score=3.8574 (81s)
[epoch  22/60] train_loss=3.4359 val_loss=3.5163 val_score=3.8216 (83s)
[epoch  23/60] train_loss=3.4245 val_loss=3.5012 val_score=3.8664 (86s)
[epoch  24/60] train_loss=3.4115 val_loss=3.5035 val_score=3.8710 (88s)
[epoch  25/60] train_loss=3.4002 val_loss=3.4890 val_score=3.8961 (91s)
[epoch  26/60] train_loss=3.3930 val_loss=3.5119 val_score=3.8753 (93s)
[epoch  27/60] train_loss=3.3799 val_loss=3.4995 val_score=3.8867 (95s)
[epoch  28/60] train_loss=3.3644 val_loss=3.4844 val_score=3.8718 (98s)
[epoch  29/60] train_loss=3.3558 val_loss=3.4916 val_score=3.8854 (100s)
[epoch  30/60] train_loss=3.3453 val_loss=3.4971 val_score=3.8955 (103s)
[epoch  31/60] train_loss=3.3440 val_loss=3.4659 val_score=3.8902 (105s)
[epoch  32/60] train_loss=3.3374 val_loss=3.4601 val_score=3.9333 (107s)
[epoch  33/60] train_loss=3.3279 val_loss=3.4697 val_score=3.9094 (110s)
[epoch  34/60] train_loss=3.3135 val_loss=3.4685 val_score=3.9027 (112s)
[epoch  35/60] train_loss=3.3044 val_loss=3.4542 val_score=3.9432 (114s)
[epoch  36/60] train_loss=3.2996 val_loss=3.4766 val_score=3.9972 (117s)
[epoch  37/60] train_loss=3.2936 val_loss=3.4618 val_score=3.9320 (119s)
[epoch  38/60] train_loss=3.2778 val_loss=3.4841 val_score=3.9555 (121s)
[epoch  39/60] train_loss=3.2741 val_loss=3.4504 val_score=3.9444 (124s)
[epoch  40/60] train_loss=3.2553 val_loss=3.4796 val_score=3.9348 (126s)
[epoch  41/60] train_loss=3.2598 val_loss=3.4572 val_score=3.9642 (128s)
[epoch  42/60] train_loss=3.2515 val_loss=3.4631 val_score=3.9222 (131s)
[epoch  43/60] train_loss=3.2407 val_loss=3.4717 val_score=3.9312 (133s)
[epoch  44/60] train_loss=3.2254 val_loss=3.4171 val_score=3.9770 (135s)
[epoch  45/60] train_loss=3.2277 val_loss=3.4462 val_score=3.9053 (138s)
[epoch  46/60] train_loss=3.2268 val_loss=3.4267 val_score=3.9551 (140s)
[epoch  47/60] train_loss=3.2156 val_loss=3.4439 val_score=3.9771 (143s)
[epoch  48/60] train_loss=3.1958 val_loss=3.4489 val_score=3.9283 (145s)
[epoch  49/60] train_loss=3.1999 val_loss=3.4503 val_score=3.9231 (147s)
[epoch  50/60] train_loss=3.1961 val_loss=3.4524 val_score=3.9409 (150s)
[epoch  51/60] train_loss=3.1824 val_loss=3.4233 val_score=3.9683 (152s)
[epoch  52/60] train_loss=3.1808 val_loss=3.4287 val_score=4.0037 (154s)
[epoch  53/60] train_loss=3.1741 val_loss=3.4366 val_score=3.9539 (157s)
[epoch  54/60] train_loss=3.1728 val_loss=3.4395 val_score=3.9323 (159s)
[epoch  55/60] train_loss=3.1568 val_loss=3.4751 val_score=3.9216 (162s)
[epoch  56/60] train_loss=3.1636 val_loss=3.4260 val_score=3.9470 (164s)
[epoch  57/60] train_loss=3.1450 val_loss=3.4318 val_score=3.9714 (167s)
[epoch  58/60] train_loss=3.1510 val_loss=3.4412 val_score=3.9860 (169s)
[epoch  59/60] train_loss=3.1302 val_loss=3.4527 val_score=3.9819 (171s)
[epoch  60/60] train_loss=3.1346 val_loss=3.4160 val_score=3.9662 (174s)
最佳 checkpoint 来自 epoch 52，验证集选模分 4.0037
per-label 阈值标定完成
解码调优（目标=f1）:
  cartridge -> {'mode': 'threshold', 'k_scale': 1.0, 'k_min': 1, 'k_max': 42, 'thr_shift': 0.0, 'ensure_nonempty': False, 'count_quantile': None}  目标值=0.4579
  solvent   -> {'mode': 'threshold', 'k_scale': 1.0, 'k_min': 0, 'k_max': 378, 'thr_shift': 0.0, 'ensure_nonempty': False, 'count_quantile': None} gate=True  目标值=0.3921
验证集（调优后）选模分 4.1331，链路正确率 0.4464

=== 测试集（基数感知解码）===
样本数 1145（有流程信息 1043，无流程信息 102）
Hit@1 可校验子集大小 111

Hit@1 旧口径（两处免检都在）      : 0.3773
Hit@1 去掉无流程信息免检          : 0.3921
Hit@1 仅可校验子集（推荐主指标）  : 0.4144
Hit@1 缺 ratio 标注判失败（最严） : 0.0441
前三段链路正确率（不看 ratio）    : 0.4545

StrictAcc 旧口径 / 仅有流程信息   : 0.0017 / 0.0000
SSS 旧口径 / 仅有流程信息         : 0.4629 / 0.4263
HC 旧口径 / 仅有流程信息          : 0.9142 / 0.9058
GUS                               : 56.1337

Hit@1 失败原因（对全部样本计数，互斥）：
  cartridge top-1 错     : 492
  step top-1 错          : 4
  solvent top-1 错       : 152
  ratio 超差             : 65
  ratio 无标注(旧口径免检): 363
  无流程信息(旧口径免检)  : 23

预测集合大小： {'cartridge_pred_mean': 6.521397379912663, 'cartridge_true_mean': 3.274235725402832, 'solvent_pred_mean': 34.0143815915628, 'solvent_true_mean': 15.235857963562012}

全部结果已写入 output/screen21/C6_rank10_seed42
