样本数 11441  切分 train/val/test = 9152/1144/1145
输入维度 21（21 维描述符，未启用官能团）
cartridge 类别 42  步骤 5  溶剂组合词表 378
/Users/zysu/Library/Python/3.9/lib/python/site-packages/torch/utils/data/dataloader.py:666: UserWarning: 'pin_memory' argument is set as true but no accelerator is found, then device pinned memory won't be used.
  warnings.warn(warn_msg)
[epoch   1/60] train_loss=6.2412 val_loss=5.9851 val_score=3.5437 (3s)
[epoch   2/60] train_loss=5.9064 val_loss=5.8775 val_score=3.6385 (7s)
[epoch   3/60] train_loss=5.8002 val_loss=5.7928 val_score=3.6456 (11s)
[epoch   4/60] train_loss=5.7071 val_loss=5.7206 val_score=3.7018 (14s)
[epoch   5/60] train_loss=5.6374 val_loss=5.6574 val_score=3.7177 (17s)
[epoch   6/60] train_loss=5.5841 val_loss=5.5986 val_score=3.7919 (21s)
[epoch   7/60] train_loss=5.5349 val_loss=5.5658 val_score=3.8562 (24s)
[epoch   8/60] train_loss=5.4910 val_loss=5.5268 val_score=3.8422 (27s)
[epoch   9/60] train_loss=5.4548 val_loss=5.4760 val_score=3.8580 (31s)
[epoch  10/60] train_loss=5.4192 val_loss=5.4685 val_score=3.7873 (34s)
[epoch  11/60] train_loss=5.3964 val_loss=5.4351 val_score=3.8993 (37s)
[epoch  12/60] train_loss=5.3617 val_loss=5.4035 val_score=3.9029 (41s)
[epoch  13/60] train_loss=5.3331 val_loss=5.3826 val_score=3.9246 (44s)
[epoch  14/60] train_loss=5.3095 val_loss=5.3528 val_score=3.9130 (47s)
[epoch  15/60] train_loss=5.2862 val_loss=5.3281 val_score=3.9460 (51s)
[epoch  16/60] train_loss=5.2580 val_loss=5.3319 val_score=3.9597 (54s)
[epoch  17/60] train_loss=5.2473 val_loss=5.3018 val_score=3.9902 (59s)
[epoch  18/60] train_loss=5.2286 val_loss=5.3073 val_score=3.9594 (63s)
[epoch  19/60] train_loss=5.2031 val_loss=5.2947 val_score=3.9927 (67s)
[epoch  20/60] train_loss=5.1896 val_loss=5.2693 val_score=4.0039 (70s)
[epoch  21/60] train_loss=5.1747 val_loss=5.2539 val_score=3.9802 (74s)
[epoch  22/60] train_loss=5.1534 val_loss=5.2574 val_score=4.0583 (77s)
[epoch  23/60] train_loss=5.1365 val_loss=5.2313 val_score=4.0019 (81s)
[epoch  24/60] train_loss=5.1227 val_loss=5.2145 val_score=4.0047 (84s)
[epoch  25/60] train_loss=5.1086 val_loss=5.2144 val_score=3.9786 (88s)
[epoch  26/60] train_loss=5.0980 val_loss=5.2168 val_score=4.0057 (92s)
[epoch  27/60] train_loss=5.0711 val_loss=5.2050 val_score=4.0069 (96s)
[epoch  28/60] train_loss=5.0632 val_loss=5.1909 val_score=4.0292 (100s)
[epoch  29/60] train_loss=5.0414 val_loss=5.1741 val_score=4.0865 (104s)
[epoch  30/60] train_loss=5.0244 val_loss=5.1825 val_score=4.0485 (107s)
[epoch  31/60] train_loss=5.0157 val_loss=5.1565 val_score=4.0695 (111s)
[epoch  32/60] train_loss=5.0047 val_loss=5.1358 val_score=4.0607 (115s)
[epoch  33/60] train_loss=5.0083 val_loss=5.1356 val_score=4.0270 (120s)
[epoch  34/60] train_loss=4.9835 val_loss=5.1498 val_score=4.0755 (124s)
[epoch  35/60] train_loss=4.9668 val_loss=5.1383 val_score=4.0763 (129s)
[epoch  36/60] train_loss=4.9631 val_loss=5.1394 val_score=4.0770 (133s)
[epoch  37/60] train_loss=4.9397 val_loss=5.1212 val_score=4.0982 (137s)
[epoch  38/60] train_loss=4.9305 val_loss=5.1349 val_score=4.0865 (141s)
[epoch  39/60] train_loss=4.9252 val_loss=5.1164 val_score=4.1180 (146s)
[epoch  40/60] train_loss=4.9152 val_loss=5.1170 val_score=4.0821 (150s)
[epoch  41/60] train_loss=4.9090 val_loss=5.1337 val_score=4.1076 (154s)
[epoch  42/60] train_loss=4.8933 val_loss=5.1200 val_score=4.1072 (158s)
[epoch  43/60] train_loss=4.8844 val_loss=5.1140 val_score=4.1272 (162s)
[epoch  44/60] train_loss=4.8724 val_loss=5.1207 val_score=4.1039 (166s)
[epoch  45/60] train_loss=4.8620 val_loss=5.0970 val_score=4.0818 (171s)
[epoch  46/60] train_loss=4.8574 val_loss=5.0729 val_score=4.1528 (175s)
[epoch  47/60] train_loss=4.8443 val_loss=5.1042 val_score=4.1733 (179s)
[epoch  48/60] train_loss=4.8320 val_loss=5.0954 val_score=4.0546 (183s)
[epoch  49/60] train_loss=4.8321 val_loss=5.0863 val_score=4.1043 (187s)
[epoch  50/60] train_loss=4.8177 val_loss=5.0857 val_score=4.1688 (192s)
[epoch  51/60] train_loss=4.8001 val_loss=5.0796 val_score=4.1690 (196s)
[epoch  52/60] train_loss=4.7970 val_loss=5.0755 val_score=4.1523 (201s)
[epoch  53/60] train_loss=4.7827 val_loss=5.0791 val_score=4.2012 (204s)
[epoch  54/60] train_loss=4.7730 val_loss=5.0645 val_score=4.1837 (209s)
[epoch  55/60] train_loss=4.7783 val_loss=5.0641 val_score=4.1455 (214s)
[epoch  56/60] train_loss=4.7588 val_loss=5.0524 val_score=4.1722 (218s)
[epoch  57/60] train_loss=4.7587 val_loss=5.0456 val_score=4.2010 (222s)
[epoch  58/60] train_loss=4.7390 val_loss=5.0549 val_score=4.2366 (226s)
[epoch  59/60] train_loss=4.7403 val_loss=5.0650 val_score=4.1101 (230s)
[epoch  60/60] train_loss=4.7445 val_loss=5.0256 val_score=4.1758 (234s)
最佳 checkpoint 来自 epoch 58，验证集选模分 4.2366
per-label 阈值标定完成
解码调优（目标=em_jaccard）:
  cartridge -> {'mode': 'clamp', 'k_scale': 1.0, 'k_min': 1, 'k_max': 42, 'thr_shift': 0.0, 'ensure_nonempty': False, 'count_quantile': 0.3}  目标值=0.2222
  solvent   -> {'mode': 'cardinality', 'k_scale': 1.0, 'k_min': 0, 'k_max': 378, 'thr_shift': 0.0, 'ensure_nonempty': False, 'count_quantile': 0.5} gate=True  目标值=0.1699
验证集（调优后）选模分 4.3084，链路正确率 0.4626

=== 测试集（基数感知解码）===
样本数 1145（有流程信息 1043，无流程信息 102）
Hit@1 可校验子集大小 129

Hit@1 旧口径（两处免检都在）      : 0.3808
Hit@1 去掉无流程信息免检          : 0.3950
Hit@1 仅可校验子集（推荐主指标）  : 0.5504
Hit@1 缺 ratio 标注判失败（最严） : 0.0681
前三段链路正确率（不看 ratio）    : 0.4506

StrictAcc 旧口径 / 仅有流程信息   : 0.0166 / 0.0038
SSS 旧口径 / 仅有流程信息         : 0.5127 / 0.4805
HC 旧口径 / 仅有流程信息          : 0.9169 / 0.9087
GUS                               : 56.8460

Hit@1 失败原因（对全部样本计数，互斥）：
  cartridge top-1 错     : 523
  step top-1 错          : 1
  solvent top-1 错       : 127
  ratio 超差             : 58
  ratio 无标注(旧口径免检): 341
  无流程信息(旧口径免检)  : 24

预测集合大小： {'cartridge_pred_mean': 1.2873362445414847, 'cartridge_true_mean': 3.274235725402832, 'solvent_pred_mean': 10.801534036433365, 'solvent_true_mean': 15.235857963562012}

全部结果已写入 output/screen21/C7_full_seed42
