样本数 11441  切分 train/val/test = 9152/1144/1145
输入维度 21（21 维描述符，未启用官能团）
cartridge 类别 42  步骤 5  溶剂组合词表 378
/Users/zysu/Library/Python/3.9/lib/python/site-packages/torch/utils/data/dataloader.py:666: UserWarning: 'pin_memory' argument is set as true but no accelerator is found, then device pinned memory won't be used.
  warnings.warn(warn_msg)
[epoch   1/60] train_loss=6.4485 val_loss=6.2002 val_score=3.5651 (2s)
[epoch   2/60] train_loss=6.0849 val_loss=6.0619 val_score=3.6180 (5s)
[epoch   3/60] train_loss=5.9631 val_loss=5.9503 val_score=3.7427 (8s)
[epoch   4/60] train_loss=5.8704 val_loss=5.8628 val_score=3.7790 (10s)
[epoch   5/60] train_loss=5.7755 val_loss=5.7899 val_score=3.8176 (13s)
[epoch   6/60] train_loss=5.7144 val_loss=5.7370 val_score=3.8732 (15s)
[epoch   7/60] train_loss=5.6608 val_loss=5.6980 val_score=3.8564 (18s)
[epoch   8/60] train_loss=5.6108 val_loss=5.6500 val_score=3.8645 (22s)
[epoch   9/60] train_loss=5.5773 val_loss=5.6267 val_score=3.9024 (25s)
[epoch  10/60] train_loss=5.5346 val_loss=5.5941 val_score=3.9213 (29s)
[epoch  11/60] train_loss=5.5068 val_loss=5.5576 val_score=3.9536 (33s)
[epoch  12/60] train_loss=5.4753 val_loss=5.5250 val_score=3.9671 (37s)
[epoch  13/60] train_loss=5.4439 val_loss=5.5174 val_score=3.9502 (41s)
[epoch  14/60] train_loss=5.4211 val_loss=5.5005 val_score=3.8976 (45s)
[epoch  15/60] train_loss=5.3954 val_loss=5.4759 val_score=3.9671 (49s)
[epoch  16/60] train_loss=5.3716 val_loss=5.4544 val_score=4.0045 (53s)
[epoch  17/60] train_loss=5.3476 val_loss=5.4383 val_score=3.9737 (57s)
[epoch  18/60] train_loss=5.3228 val_loss=5.4380 val_score=4.0087 (61s)
[epoch  19/60] train_loss=5.3083 val_loss=5.4277 val_score=3.9517 (65s)
[epoch  20/60] train_loss=5.2871 val_loss=5.4084 val_score=4.0449 (69s)
[epoch  21/60] train_loss=5.2734 val_loss=5.4064 val_score=4.0041 (73s)
[epoch  22/60] train_loss=5.2492 val_loss=5.3719 val_score=4.0002 (77s)
[epoch  23/60] train_loss=5.2318 val_loss=5.3645 val_score=3.9885 (81s)
[epoch  24/60] train_loss=5.2206 val_loss=5.3603 val_score=4.0397 (86s)
[epoch  25/60] train_loss=5.2016 val_loss=5.3510 val_score=4.0122 (90s)
[epoch  26/60] train_loss=5.1752 val_loss=5.3388 val_score=4.0693 (94s)
[epoch  27/60] train_loss=5.1610 val_loss=5.3476 val_score=4.0233 (99s)
[epoch  28/60] train_loss=5.1464 val_loss=5.3250 val_score=4.0786 (103s)
[epoch  29/60] train_loss=5.1446 val_loss=5.3166 val_score=4.0666 (108s)
[epoch  30/60] train_loss=5.1214 val_loss=5.2998 val_score=4.0668 (113s)
[epoch  31/60] train_loss=5.1130 val_loss=5.3065 val_score=4.0653 (118s)
[epoch  32/60] train_loss=5.1047 val_loss=5.2864 val_score=4.0424 (123s)
[epoch  33/60] train_loss=5.0793 val_loss=5.2964 val_score=4.0569 (128s)
[epoch  34/60] train_loss=5.0669 val_loss=5.2890 val_score=4.1183 (133s)
[epoch  35/60] train_loss=5.0457 val_loss=5.2863 val_score=4.0920 (138s)
[epoch  36/60] train_loss=5.0336 val_loss=5.2676 val_score=4.0600 (145s)
[epoch  37/60] train_loss=5.0313 val_loss=5.2685 val_score=4.0635 (150s)
[epoch  38/60] train_loss=5.0145 val_loss=5.2682 val_score=4.0855 (155s)
[epoch  39/60] train_loss=4.9997 val_loss=5.2609 val_score=4.0739 (161s)
[epoch  40/60] train_loss=4.9796 val_loss=5.2287 val_score=4.0805 (166s)
[epoch  41/60] train_loss=4.9763 val_loss=5.2441 val_score=4.1087 (171s)
[epoch  42/60] train_loss=4.9545 val_loss=5.2142 val_score=4.1209 (176s)
[epoch  43/60] train_loss=4.9528 val_loss=5.2196 val_score=4.0442 (181s)
[epoch  44/60] train_loss=4.9331 val_loss=5.2132 val_score=4.0822 (187s)
[epoch  45/60] train_loss=4.9260 val_loss=5.2082 val_score=4.0924 (192s)
[epoch  46/60] train_loss=4.9106 val_loss=5.1929 val_score=4.1295 (197s)
[epoch  47/60] train_loss=4.9100 val_loss=5.1967 val_score=4.0589 (202s)
[epoch  48/60] train_loss=4.8998 val_loss=5.1898 val_score=4.0797 (207s)
[epoch  49/60] train_loss=4.8874 val_loss=5.1768 val_score=4.0683 (212s)
[epoch  50/60] train_loss=4.8762 val_loss=5.1869 val_score=4.0846 (216s)
[epoch  51/60] train_loss=4.8720 val_loss=5.1826 val_score=4.0992 (221s)
[epoch  52/60] train_loss=4.8635 val_loss=5.1795 val_score=4.1121 (226s)
[epoch  53/60] train_loss=4.8493 val_loss=5.1711 val_score=4.1060 (231s)
[epoch  54/60] train_loss=4.8292 val_loss=5.1961 val_score=4.1261 (236s)
[epoch  55/60] train_loss=4.8276 val_loss=5.1793 val_score=4.1292 (241s)
[epoch  56/60] train_loss=4.8113 val_loss=5.1616 val_score=4.1111 (246s)
[epoch  57/60] train_loss=4.8071 val_loss=5.1412 val_score=4.1684 (250s)
[epoch  58/60] train_loss=4.7993 val_loss=5.1526 val_score=4.2165 (255s)
[epoch  59/60] train_loss=4.7836 val_loss=5.1699 val_score=4.1803 (260s)
[epoch  60/60] train_loss=4.7786 val_loss=5.1311 val_score=4.2213 (265s)
最佳 checkpoint 来自 epoch 60，验证集选模分 4.2213
per-label 阈值标定完成
解码调优（目标=f1）:
  cartridge -> {'mode': 'threshold', 'k_scale': 1.0, 'k_min': 1, 'k_max': 42, 'thr_shift': 0.0, 'ensure_nonempty': False, 'count_quantile': None}  目标值=0.4619
  solvent   -> {'mode': 'threshold', 'k_scale': 1.0, 'k_min': 0, 'k_max': 378, 'thr_shift': 0.0, 'ensure_nonempty': False, 'count_quantile': None} gate=True  目标值=0.4692
验证集（调优后）选模分 4.2862，链路正确率 0.4579

=== 测试集（基数感知解码）===
样本数 1145（有流程信息 1043，无流程信息 102）
Hit@1 可校验子集大小 130

Hit@1 旧口径（两处免检都在）      : 0.3921
Hit@1 去掉无流程信息免检          : 0.4036
Hit@1 仅可校验子集（推荐主指标）  : 0.5923
Hit@1 缺 ratio 标注判失败（最严） : 0.0738
前三段链路正确率（不看 ratio）    : 0.4545

StrictAcc 旧口径 / 仅有流程信息   : 0.0009 / 0.0000
SSS 旧口径 / 仅有流程信息         : 0.5019 / 0.4692
HC 旧口径 / 仅有流程信息          : 0.9116 / 0.9030
GUS                               : 60.0656

Hit@1 失败原因（对全部样本计数，互斥）：
  cartridge top-1 错     : 508
  step top-1 错          : 3
  solvent top-1 错       : 132
  ratio 超差             : 53
  ratio 无标注(旧口径免检): 344
  无流程信息(旧口径免检)  : 28

预测集合大小： {'cartridge_pred_mean': 6.697816593886463, 'cartridge_true_mean': 3.274235725402832, 'solvent_pred_mean': 24.656759348034516, 'solvent_true_mean': 15.235857963562012}

全部结果已写入 output/screen21/C8_r78_rank10_seed42
