样本数 11441  切分 train/val/test = 9152/1144/1145
输入维度 21（21 维描述符，未启用官能团）
cartridge 类别 42  步骤 5  溶剂组合词表 378
/Users/zysu/Library/Python/3.9/lib/python/site-packages/torch/utils/data/dataloader.py:666: UserWarning: 'pin_memory' argument is set as true but no accelerator is found, then device pinned memory won't be used.
  warnings.warn(warn_msg)
[epoch   1/60] train_loss=7.0571 val_loss=6.7109 val_score=3.3941 (5s)
[epoch   2/60] train_loss=6.6639 val_loss=6.5613 val_score=3.4861 (10s)
[epoch   3/60] train_loss=6.5462 val_loss=6.4586 val_score=3.5454 (15s)
[epoch   4/60] train_loss=6.4511 val_loss=6.4162 val_score=3.5454 (20s)
[epoch   5/60] train_loss=6.3729 val_loss=6.3613 val_score=3.6382 (25s)
[epoch   6/60] train_loss=6.3067 val_loss=6.2831 val_score=3.6314 (30s)
[epoch   7/60] train_loss=6.2541 val_loss=6.2289 val_score=3.6531 (35s)
[epoch   8/60] train_loss=6.2072 val_loss=6.2017 val_score=3.6787 (40s)
[epoch   9/60] train_loss=6.1751 val_loss=6.1961 val_score=3.6676 (45s)
[epoch  10/60] train_loss=6.1383 val_loss=6.1530 val_score=3.7576 (50s)
[epoch  11/60] train_loss=6.1137 val_loss=6.1213 val_score=3.7690 (56s)
[epoch  12/60] train_loss=6.0903 val_loss=6.0975 val_score=3.7551 (62s)
[epoch  13/60] train_loss=6.0599 val_loss=6.1094 val_score=3.7402 (67s)
[epoch  14/60] train_loss=6.0447 val_loss=6.0913 val_score=3.8202 (71s)
[epoch  15/60] train_loss=6.0156 val_loss=6.0775 val_score=3.8601 (76s)
[epoch  16/60] train_loss=5.9964 val_loss=6.0517 val_score=3.7850 (81s)
[epoch  17/60] train_loss=5.9777 val_loss=6.0615 val_score=3.7964 (86s)
[epoch  18/60] train_loss=5.9562 val_loss=6.0534 val_score=3.8369 (91s)
[epoch  19/60] train_loss=5.9296 val_loss=6.0227 val_score=3.8669 (96s)
[epoch  20/60] train_loss=5.9098 val_loss=6.0148 val_score=3.8713 (101s)
[epoch  21/60] train_loss=5.8937 val_loss=6.0050 val_score=3.8618 (106s)
[epoch  22/60] train_loss=5.8874 val_loss=6.0034 val_score=3.8389 (111s)
[epoch  23/60] train_loss=5.8590 val_loss=6.0020 val_score=3.9002 (116s)
[epoch  24/60] train_loss=5.8466 val_loss=5.9761 val_score=3.8512 (121s)
[epoch  25/60] train_loss=5.8105 val_loss=5.9858 val_score=3.9000 (126s)
[epoch  26/60] train_loss=5.8104 val_loss=5.9944 val_score=3.9534 (132s)
[epoch  27/60] train_loss=5.7856 val_loss=5.9720 val_score=3.9152 (137s)
[epoch  28/60] train_loss=5.7602 val_loss=5.9451 val_score=3.9195 (142s)
[epoch  29/60] train_loss=5.7528 val_loss=5.9351 val_score=3.9143 (148s)
[epoch  30/60] train_loss=5.7228 val_loss=5.9170 val_score=3.9592 (153s)
[epoch  31/60] train_loss=5.7126 val_loss=5.9096 val_score=3.9102 (159s)
[epoch  32/60] train_loss=5.7081 val_loss=5.8936 val_score=3.9902 (164s)
[epoch  33/60] train_loss=5.6766 val_loss=5.9145 val_score=3.9441 (169s)
[epoch  34/60] train_loss=5.6625 val_loss=5.8784 val_score=3.8663 (174s)
[epoch  35/60] train_loss=5.6598 val_loss=5.8869 val_score=3.9491 (179s)
[epoch  36/60] train_loss=5.6371 val_loss=5.8839 val_score=3.9535 (184s)
[epoch  37/60] train_loss=5.6202 val_loss=5.8849 val_score=3.9808 (189s)
[epoch  38/60] train_loss=5.6192 val_loss=5.8660 val_score=3.9582 (194s)
[epoch  39/60] train_loss=5.6018 val_loss=5.8791 val_score=3.9667 (199s)
[epoch  40/60] train_loss=5.5899 val_loss=5.8777 val_score=3.9455 (205s)
[epoch  41/60] train_loss=5.5689 val_loss=5.8874 val_score=3.9531 (210s)
[epoch  42/60] train_loss=5.5602 val_loss=5.8761 val_score=3.9138 (215s)
[epoch  43/60] train_loss=5.5337 val_loss=5.8498 val_score=3.9495 (221s)
[epoch  44/60] train_loss=5.5280 val_loss=5.8393 val_score=3.9391 (225s)
[epoch  45/60] train_loss=5.5190 val_loss=5.8436 val_score=3.9380 (230s)
[epoch  46/60] train_loss=5.5031 val_loss=5.8539 val_score=3.9383 (235s)
[epoch  47/60] train_loss=5.4863 val_loss=5.8197 val_score=3.9528 (240s)
[epoch  48/60] train_loss=5.4693 val_loss=5.8533 val_score=3.9577 (245s)
[epoch  49/60] train_loss=5.4627 val_loss=5.8333 val_score=3.9443 (250s)
[epoch  50/60] train_loss=5.4488 val_loss=5.8406 val_score=3.9554 (255s)
[epoch  51/60] train_loss=5.4466 val_loss=5.8336 val_score=3.9649 (261s)
[epoch  52/60] train_loss=5.4093 val_loss=5.8895 val_score=3.9987 (266s)
[epoch  53/60] train_loss=5.4130 val_loss=5.8792 val_score=3.9996 (271s)
[epoch  54/60] train_loss=5.4004 val_loss=5.8532 val_score=3.9823 (275s)
[epoch  55/60] train_loss=5.3922 val_loss=5.8666 val_score=4.0017 (280s)
[epoch  56/60] train_loss=5.3930 val_loss=5.8331 val_score=3.9616 (284s)
[epoch  57/60] train_loss=5.3750 val_loss=5.8347 val_score=4.0002 (289s)
[epoch  58/60] train_loss=5.3726 val_loss=5.8356 val_score=4.0239 (293s)
[epoch  59/60] train_loss=5.3493 val_loss=5.8170 val_score=4.0521 (298s)
[epoch  60/60] train_loss=5.3354 val_loss=5.8147 val_score=4.0058 (301s)
最佳 checkpoint 来自 epoch 59，验证集选模分 4.0521
per-label 阈值标定完成
解码调优（目标=f1）:
  cartridge -> {'mode': 'threshold', 'k_scale': 1.0, 'k_min': 1, 'k_max': 42, 'thr_shift': 0.0, 'ensure_nonempty': False, 'count_quantile': None}  目标值=0.4556
  solvent   -> {'mode': 'threshold', 'k_scale': 1.0, 'k_min': 0, 'k_max': 378, 'thr_shift': 0.0, 'ensure_nonempty': False, 'count_quantile': None} gate=True  目标值=0.4030
验证集（调优后）选模分 4.1845，链路正确率 0.4540

=== 测试集（基数感知解码）===
样本数 1145（有流程信息 1043，无流程信息 102）
Hit@1 可校验子集大小 127

Hit@1 旧口径（两处免检都在）      : 0.3852
Hit@1 去掉无流程信息免检          : 0.3912
Hit@1 仅可校验子集（推荐主指标）  : 0.4331
Hit@1 缺 ratio 标注判失败（最严） : 0.0527
前三段链路正确率（不看 ratio）    : 0.4602

StrictAcc 旧口径 / 仅有流程信息   : 0.0009 / 0.0000
SSS 旧口径 / 仅有流程信息         : 0.4685 / 0.4327
HC 旧口径 / 仅有流程信息          : 0.9167 / 0.9085
GUS                               : 56.4459

Hit@1 失败原因（对全部样本计数，互斥）：
  cartridge top-1 错     : 479
  step top-1 错          : 2
  solvent top-1 错       : 151
  ratio 超差             : 72
  ratio 无标注(旧口径免检): 353
  无流程信息(旧口径免检)  : 33

预测集合大小： {'cartridge_pred_mean': 7.101310043668122, 'cartridge_true_mean': 3.274235725402832, 'solvent_pred_mean': 34.32406519654842, 'solvent_true_mean': 15.235857963562012}

全部结果已写入 output/screen21/C9_rank20_seed42
