样本数 11441  切分 train/val/test = 9152/1144/1145
输入维度 21（21 维描述符，未启用官能团）
cartridge 类别 42  步骤 5  溶剂组合词表 378
/Users/zysu/Library/Python/3.9/lib/python/site-packages/torch/utils/data/dataloader.py:666: UserWarning: 'pin_memory' argument is set as true but no accelerator is found, then device pinned memory won't be used.
  warnings.warn(warn_msg)
[epoch   1/60] train_loss=0.7241 val_loss=0.7169 val_score=0.4353 (3s)
[epoch   2/60] train_loss=0.7015 val_loss=0.6946 val_score=0.4449 (6s)
[epoch   3/60] train_loss=0.6824 val_loss=0.6867 val_score=0.4458 (9s)
[epoch   4/60] train_loss=0.6687 val_loss=0.6750 val_score=0.4694 (12s)
[epoch   5/60] train_loss=0.6601 val_loss=0.6669 val_score=0.4808 (16s)
[epoch   6/60] train_loss=0.6526 val_loss=0.6578 val_score=0.4668 (19s)
[epoch   7/60] train_loss=0.6468 val_loss=0.6523 val_score=0.4694 (22s)
[epoch   8/60] train_loss=0.6404 val_loss=0.6519 val_score=0.4677 (25s)
[epoch   9/60] train_loss=0.6377 val_loss=0.6542 val_score=0.4781 (28s)
[epoch  10/60] train_loss=0.6326 val_loss=0.6527 val_score=0.4607 (31s)
[epoch  11/60] train_loss=0.6275 val_loss=0.6516 val_score=0.4878 (34s)
[epoch  12/60] train_loss=0.6272 val_loss=0.6407 val_score=0.4886 (38s)
[epoch  13/60] train_loss=0.6208 val_loss=0.6372 val_score=0.4764 (41s)
[epoch  14/60] train_loss=0.6213 val_loss=0.6349 val_score=0.4650 (44s)
[epoch  15/60] train_loss=0.6187 val_loss=0.6453 val_score=0.4781 (47s)
[epoch  16/60] train_loss=0.6136 val_loss=0.6364 val_score=0.4834 (50s)
[epoch  17/60] train_loss=0.6112 val_loss=0.6401 val_score=0.4650 (53s)
[epoch  18/60] train_loss=0.6077 val_loss=0.6389 val_score=0.4930 (56s)
[epoch  19/60] train_loss=0.6070 val_loss=0.6364 val_score=0.4860 (59s)
[epoch  20/60] train_loss=0.6063 val_loss=0.6394 val_score=0.4860 (62s)
[epoch  21/60] train_loss=0.6049 val_loss=0.6309 val_score=0.5009 (66s)
[epoch  22/60] train_loss=0.6018 val_loss=0.6381 val_score=0.4991 (69s)
[epoch  23/60] train_loss=0.6003 val_loss=0.6259 val_score=0.4930 (72s)
[epoch  24/60] train_loss=0.5991 val_loss=0.6339 val_score=0.4685 (75s)
[epoch  25/60] train_loss=0.5940 val_loss=0.6396 val_score=0.4965 (78s)
[epoch  26/60] train_loss=0.5927 val_loss=0.6424 val_score=0.4983 (81s)
[epoch  27/60] train_loss=0.5916 val_loss=0.6341 val_score=0.5070 (84s)
[epoch  28/60] train_loss=0.5906 val_loss=0.6278 val_score=0.5009 (87s)
[epoch  29/60] train_loss=0.5883 val_loss=0.6327 val_score=0.4913 (90s)
[epoch  30/60] train_loss=0.5860 val_loss=0.6267 val_score=0.4921 (93s)
[epoch  31/60] train_loss=0.5846 val_loss=0.6310 val_score=0.4983 (97s)
[epoch  32/60] train_loss=0.5851 val_loss=0.6320 val_score=0.5000 (100s)
[epoch  33/60] train_loss=0.5788 val_loss=0.6297 val_score=0.4930 (103s)
[epoch  34/60] train_loss=0.5809 val_loss=0.6342 val_score=0.4860 (106s)
[epoch  35/60] train_loss=0.5775 val_loss=0.6434 val_score=0.4825 (109s)
[epoch  36/60] train_loss=0.5756 val_loss=0.6407 val_score=0.4799 (112s)
[epoch  37/60] train_loss=0.5738 val_loss=0.6286 val_score=0.4886 (115s)
[epoch  38/60] train_loss=0.5743 val_loss=0.6307 val_score=0.4895 (118s)
[epoch  39/60] train_loss=0.5750 val_loss=0.6427 val_score=0.4965 (121s)
[epoch  40/60] train_loss=0.5691 val_loss=0.6435 val_score=0.4921 (124s)
[epoch  41/60] train_loss=0.5693 val_loss=0.6436 val_score=0.4913 (127s)
[epoch  42/60] train_loss=0.5699 val_loss=0.6375 val_score=0.4965 (130s)
[epoch  43/60] train_loss=0.5670 val_loss=0.6522 val_score=0.5009 (134s)
[epoch  44/60] train_loss=0.5635 val_loss=0.6342 val_score=0.5017 (137s)
[epoch  45/60] train_loss=0.5607 val_loss=0.6325 val_score=0.4878 (140s)
[epoch  46/60] train_loss=0.5634 val_loss=0.6497 val_score=0.4904 (144s)
[epoch  47/60] train_loss=0.5622 val_loss=0.6365 val_score=0.5105 (147s)
[epoch  48/60] train_loss=0.5616 val_loss=0.6392 val_score=0.4921 (150s)
[epoch  49/60] train_loss=0.5619 val_loss=0.6580 val_score=0.4983 (153s)
[epoch  50/60] train_loss=0.5573 val_loss=0.6570 val_score=0.5061 (156s)
[epoch  51/60] train_loss=0.5573 val_loss=0.6492 val_score=0.5061 (159s)
[epoch  52/60] train_loss=0.5506 val_loss=0.6671 val_score=0.5009 (163s)
[epoch  53/60] train_loss=0.5538 val_loss=0.6425 val_score=0.4948 (166s)
[epoch  54/60] train_loss=0.5531 val_loss=0.6564 val_score=0.4965 (169s)
[epoch  55/60] train_loss=0.5509 val_loss=0.6697 val_score=0.4921 (172s)
[epoch  56/60] train_loss=0.5498 val_loss=0.6387 val_score=0.5114 (175s)
[epoch  57/60] train_loss=0.5479 val_loss=0.6543 val_score=0.5096 (178s)
[epoch  58/60] train_loss=0.5463 val_loss=0.6433 val_score=0.5009 (181s)
[epoch  59/60] train_loss=0.5461 val_loss=0.6647 val_score=0.5096 (184s)
[epoch  60/60] train_loss=0.5460 val_loss=0.6699 val_score=0.5096 (187s)
最佳 checkpoint 来自 epoch 56，验证集选模分 0.5114
per-label 阈值标定完成
解码调优（目标=f1）:
  cartridge -> {'mode': 'threshold', 'k_scale': 1.0, 'k_min': 1, 'k_max': 42, 'thr_shift': 0.05, 'ensure_nonempty': False, 'count_quantile': None}  目标值=0.4628
  solvent   -> {'mode': 'threshold', 'k_scale': 1.0, 'k_min': 0, 'k_max': 378, 'thr_shift': 0.05, 'ensure_nonempty': False, 'count_quantile': None} gate=False  目标值=0.1037
验证集（调优后）选模分 0.5114，链路正确率 0.0000

=== 测试集（基数感知解码）===
样本数 1145（有流程信息 1043，无流程信息 102）
Hit@1 可校验子集大小 0

Hit@1 旧口径（两处免检都在）      : 0.0218
Hit@1 去掉无流程信息免检          : 0.0000
Hit@1 仅可校验子集（推荐主指标）  : nan
Hit@1 缺 ratio 标注判失败（最严） : 0.0000
前三段链路正确率（不看 ratio）    : 0.0000

StrictAcc 旧口径 / 仅有流程信息   : 0.0009 / 0.0000
SSS 旧口径 / 仅有流程信息         : 0.3722 / 0.3268
HC 旧口径 / 仅有流程信息          : 0.9127 / 0.9041
GUS                               : 43.1894

Hit@1 失败原因（对全部样本计数，互斥）：
  cartridge top-1 错     : 569
  step top-1 错          : 60
  solvent top-1 错       : 491
  ratio 超差             : 0
  ratio 无标注(旧口径免检): 0
  无流程信息(旧口径免检)  : 25

预测集合大小： {'cartridge_pred_mean': 4.904803493449782, 'cartridge_true_mean': 3.274235725402832, 'solvent_pred_mean': 207.0, 'solvent_true_mean': 15.235857963562012}

全部结果已写入 output/screen21/D1_single_car_seed42
