样本数 11441  切分 train/val/test = 9152/1144/1145
输入维度 21（21 维描述符，未启用官能团）
cartridge 类别 42  步骤 5  溶剂组合词表 378
/Users/zysu/Library/Python/3.9/lib/python/site-packages/torch/utils/data/dataloader.py:666: UserWarning: 'pin_memory' argument is set as true but no accelerator is found, then device pinned memory won't be used.
  warnings.warn(warn_msg)
[epoch   1/60] train_loss=1.4681 val_loss=1.3711 val_score=3.4457 (2s)
[epoch   2/60] train_loss=1.3432 val_loss=1.3386 val_score=3.4350 (4s)
[epoch   3/60] train_loss=1.3147 val_loss=1.3188 val_score=3.5048 (6s)
[epoch   4/60] train_loss=1.2855 val_loss=1.2857 val_score=3.5048 (8s)
[epoch   5/60] train_loss=1.2605 val_loss=1.2669 val_score=3.5755 (10s)
[epoch   6/60] train_loss=1.2435 val_loss=1.2504 val_score=3.6241 (12s)
[epoch   7/60] train_loss=1.2317 val_loss=1.2439 val_score=3.6255 (14s)
[epoch   8/60] train_loss=1.2202 val_loss=1.2405 val_score=3.6930 (17s)
[epoch   9/60] train_loss=1.2088 val_loss=1.2350 val_score=3.6432 (19s)
[epoch  10/60] train_loss=1.2013 val_loss=1.2292 val_score=3.6644 (21s)
[epoch  11/60] train_loss=1.1900 val_loss=1.2280 val_score=3.6878 (23s)
[epoch  12/60] train_loss=1.1904 val_loss=1.2212 val_score=3.6738 (25s)
[epoch  13/60] train_loss=1.1795 val_loss=1.2122 val_score=3.6916 (27s)
[epoch  14/60] train_loss=1.1764 val_loss=1.1979 val_score=3.6370 (29s)
[epoch  15/60] train_loss=1.1660 val_loss=1.2006 val_score=3.7229 (31s)
[epoch  16/60] train_loss=1.1625 val_loss=1.2023 val_score=3.7038 (33s)
[epoch  17/60] train_loss=1.1565 val_loss=1.1999 val_score=3.6374 (35s)
[epoch  18/60] train_loss=1.1485 val_loss=1.1953 val_score=3.7199 (38s)
[epoch  19/60] train_loss=1.1478 val_loss=1.1944 val_score=3.6848 (40s)
[epoch  20/60] train_loss=1.1432 val_loss=1.1915 val_score=3.7179 (42s)
[epoch  21/60] train_loss=1.1367 val_loss=1.1885 val_score=3.7172 (44s)
[epoch  22/60] train_loss=1.1342 val_loss=1.1913 val_score=3.6883 (47s)
[epoch  23/60] train_loss=1.1264 val_loss=1.1877 val_score=3.7559 (49s)
[epoch  24/60] train_loss=1.1261 val_loss=1.1791 val_score=3.7105 (51s)
[epoch  25/60] train_loss=1.1181 val_loss=1.1915 val_score=3.7391 (54s)
[epoch  26/60] train_loss=1.1156 val_loss=1.1832 val_score=3.7532 (56s)
[epoch  27/60] train_loss=1.1132 val_loss=1.1884 val_score=3.7878 (59s)
[epoch  28/60] train_loss=1.1074 val_loss=1.1843 val_score=3.7641 (62s)
[epoch  29/60] train_loss=1.1035 val_loss=1.1811 val_score=3.7035 (65s)
[epoch  30/60] train_loss=1.0987 val_loss=1.1696 val_score=3.7601 (68s)
[epoch  31/60] train_loss=1.0975 val_loss=1.1803 val_score=3.7218 (71s)
[epoch  32/60] train_loss=1.0959 val_loss=1.1699 val_score=3.7520 (74s)
[epoch  33/60] train_loss=1.0913 val_loss=1.1692 val_score=3.7875 (76s)
[epoch  34/60] train_loss=1.0860 val_loss=1.1770 val_score=3.8247 (79s)
[epoch  35/60] train_loss=1.0847 val_loss=1.1711 val_score=3.8627 (82s)
[epoch  36/60] train_loss=1.0843 val_loss=1.1861 val_score=3.7714 (85s)
[epoch  37/60] train_loss=1.0771 val_loss=1.1715 val_score=3.8016 (88s)
[epoch  38/60] train_loss=1.0712 val_loss=1.1783 val_score=3.8482 (92s)
[epoch  39/60] train_loss=1.0730 val_loss=1.1833 val_score=3.8074 (95s)
[epoch  40/60] train_loss=1.0664 val_loss=1.1692 val_score=3.7781 (98s)
[epoch  41/60] train_loss=1.0649 val_loss=1.1780 val_score=3.7684 (101s)
[epoch  42/60] train_loss=1.0597 val_loss=1.1768 val_score=3.7890 (104s)
[epoch  43/60] train_loss=1.0548 val_loss=1.1693 val_score=3.8505 (107s)
[epoch  44/60] train_loss=1.0561 val_loss=1.1713 val_score=3.7871 (110s)
[epoch  45/60] train_loss=1.0564 val_loss=1.1698 val_score=3.7904 (113s)
[epoch  46/60] train_loss=1.0507 val_loss=1.1912 val_score=3.8031 (116s)
[epoch  47/60] train_loss=1.0508 val_loss=1.1607 val_score=3.8986 (119s)
[epoch  48/60] train_loss=1.0458 val_loss=1.1730 val_score=3.8127 (122s)
[epoch  49/60] train_loss=1.0394 val_loss=1.1702 val_score=3.8726 (125s)
[epoch  50/60] train_loss=1.0397 val_loss=1.1862 val_score=3.8121 (127s)
[epoch  51/60] train_loss=1.0399 val_loss=1.1735 val_score=3.8895 (130s)
[epoch  52/60] train_loss=1.0357 val_loss=1.1827 val_score=3.8447 (133s)
[epoch  53/60] train_loss=1.0356 val_loss=1.1776 val_score=3.8528 (136s)
[epoch  54/60] train_loss=1.0321 val_loss=1.1799 val_score=3.8679 (139s)
[epoch  55/60] train_loss=1.0283 val_loss=1.1734 val_score=3.8382 (141s)
[epoch  56/60] train_loss=1.0253 val_loss=1.1792 val_score=3.8002 (144s)
[epoch  57/60] train_loss=1.0231 val_loss=1.1850 val_score=3.9055 (147s)
[epoch  58/60] train_loss=1.0190 val_loss=1.1830 val_score=3.9046 (150s)
[epoch  59/60] train_loss=1.0200 val_loss=1.1656 val_score=3.8949 (152s)
[epoch  60/60] train_loss=1.0167 val_loss=1.1692 val_score=3.9047 (155s)
最佳 checkpoint 来自 epoch 57，验证集选模分 3.9055
per-label 阈值标定完成
解码调优（目标=f1）:
  cartridge -> {'mode': 'threshold', 'k_scale': 1.0, 'k_min': 1, 'k_max': 42, 'thr_shift': 0.0, 'ensure_nonempty': False}  目标值=0.4635
  solvent   -> {'mode': 'threshold', 'k_scale': 1.0, 'k_min': 0, 'k_max': 378, 'thr_shift': 0.0, 'ensure_nonempty': False} gate=False  目标值=0.4048
验证集（调优后）选模分 4.0422，链路正确率 0.4215

=== 测试集（基数感知解码）===
样本数 1145（有流程信息 1043，无流程信息 102）
Hit@1 可校验子集大小 115

Hit@1 旧口径（两处免检都在）      : 0.3459
Hit@1 去掉无流程信息免检          : 0.3557
Hit@1 仅可校验子集（推荐主指标）  : 0.4087
Hit@1 缺 ratio 标注判失败（最严） : 0.0451
前三段链路正确率（不看 ratio）    : 0.4209

StrictAcc 旧口径 / 仅有流程信息   : 0.0000 / 0.0000
SSS 旧口径 / 仅有流程信息         : 0.4617 / 0.4258
HC 旧口径 / 仅有流程信息          : 0.9120 / 0.9034
GUS                               : 56.1370

Hit@1 失败原因（对全部样本计数，互斥）：
  cartridge top-1 错     : 562
  step top-1 错          : 3
  solvent top-1 错       : 116
  ratio 超差             : 68
  ratio 无标注(旧口径免检): 324
  无流程信息(旧口径免检)  : 25

预测集合大小： {'cartridge_pred_mean': 6.986026200873362, 'cartridge_true_mean': 3.274235725402832, 'solvent_pred_mean': 33.18600191754554, 'solvent_true_mean': 15.235857963562012}

全部结果已写入 output/screen21/R0_control_seed42
