样本数 11441  切分 train/val/test = 9152/1144/1145
输入维度 21（21 维描述符，未启用官能团）
cartridge 类别 42  步骤 5  溶剂组合词表 378
/Users/zysu/Library/Python/3.9/lib/python/site-packages/torch/utils/data/dataloader.py:666: UserWarning: 'pin_memory' argument is set as true but no accelerator is found, then device pinned memory won't be used.
  warnings.warn(warn_msg)
[epoch   1/60] train_loss=1.3627 val_loss=1.2918 val_score=3.4402 (3s)
[epoch   2/60] train_loss=1.2618 val_loss=1.2628 val_score=3.4249 (5s)
[epoch   3/60] train_loss=1.2353 val_loss=1.2352 val_score=3.4360 (8s)
[epoch   4/60] train_loss=1.2053 val_loss=1.2117 val_score=3.5578 (11s)
[epoch   5/60] train_loss=1.1851 val_loss=1.2000 val_score=3.6050 (13s)
[epoch   6/60] train_loss=1.1731 val_loss=1.1853 val_score=3.6201 (16s)
[epoch   7/60] train_loss=1.1617 val_loss=1.1770 val_score=3.6327 (19s)
[epoch   8/60] train_loss=1.1522 val_loss=1.1736 val_score=3.6508 (21s)
[epoch   9/60] train_loss=1.1438 val_loss=1.1734 val_score=3.6421 (25s)
[epoch  10/60] train_loss=1.1356 val_loss=1.1631 val_score=3.6172 (28s)
[epoch  11/60] train_loss=1.1314 val_loss=1.1615 val_score=3.6764 (30s)
[epoch  12/60] train_loss=1.1269 val_loss=1.1528 val_score=3.6440 (33s)
[epoch  13/60] train_loss=1.1189 val_loss=1.1503 val_score=3.6550 (36s)
[epoch  14/60] train_loss=1.1161 val_loss=1.1415 val_score=3.6361 (38s)
[epoch  15/60] train_loss=1.1089 val_loss=1.1378 val_score=3.6707 (41s)
[epoch  16/60] train_loss=1.1043 val_loss=1.1369 val_score=3.7086 (44s)
[epoch  17/60] train_loss=1.0998 val_loss=1.1347 val_score=3.6741 (46s)
[epoch  18/60] train_loss=1.0961 val_loss=1.1388 val_score=3.7196 (49s)
[epoch  19/60] train_loss=1.0940 val_loss=1.1382 val_score=3.6845 (52s)
[epoch  20/60] train_loss=1.0866 val_loss=1.1409 val_score=3.7102 (54s)
[epoch  21/60] train_loss=1.0869 val_loss=1.1251 val_score=3.7119 (57s)
[epoch  22/60] train_loss=1.0803 val_loss=1.1363 val_score=3.7710 (60s)
[epoch  23/60] train_loss=1.0769 val_loss=1.1207 val_score=3.7484 (62s)
[epoch  24/60] train_loss=1.0735 val_loss=1.1251 val_score=3.7219 (65s)
[epoch  25/60] train_loss=1.0663 val_loss=1.1162 val_score=3.7633 (68s)
[epoch  26/60] train_loss=1.0655 val_loss=1.1318 val_score=3.7392 (70s)
[epoch  27/60] train_loss=1.0613 val_loss=1.1273 val_score=3.7418 (73s)
[epoch  28/60] train_loss=1.0595 val_loss=1.1264 val_score=3.7314 (76s)
[epoch  29/60] train_loss=1.0530 val_loss=1.1277 val_score=3.7239 (78s)
[epoch  30/60] train_loss=1.0518 val_loss=1.1219 val_score=3.7924 (81s)
[epoch  31/60] train_loss=1.0456 val_loss=1.1337 val_score=3.7705 (84s)
[epoch  32/60] train_loss=1.0440 val_loss=1.1237 val_score=3.7745 (86s)
[epoch  33/60] train_loss=1.0397 val_loss=1.1164 val_score=3.7477 (89s)
[epoch  34/60] train_loss=1.0375 val_loss=1.1180 val_score=3.7747 (92s)
[epoch  35/60] train_loss=1.0375 val_loss=1.1300 val_score=3.8229 (95s)
[epoch  36/60] train_loss=1.0337 val_loss=1.1189 val_score=3.7273 (97s)
[epoch  37/60] train_loss=1.0298 val_loss=1.1118 val_score=3.8003 (100s)
[epoch  38/60] train_loss=1.0252 val_loss=1.1188 val_score=3.7473 (103s)
[epoch  39/60] train_loss=1.0231 val_loss=1.1180 val_score=3.7952 (106s)
[epoch  40/60] train_loss=1.0218 val_loss=1.1169 val_score=3.7621 (108s)
[epoch  41/60] train_loss=1.0172 val_loss=1.1201 val_score=3.8189 (111s)
[epoch  42/60] train_loss=1.0186 val_loss=1.1205 val_score=3.7692 (114s)
[epoch  43/60] train_loss=1.0121 val_loss=1.1132 val_score=3.8346 (116s)
[epoch  44/60] train_loss=1.0079 val_loss=1.1088 val_score=3.7707 (119s)
[epoch  45/60] train_loss=1.0079 val_loss=1.1082 val_score=3.7816 (122s)
[epoch  46/60] train_loss=1.0055 val_loss=1.1242 val_score=3.8047 (124s)
[epoch  47/60] train_loss=1.0033 val_loss=1.1076 val_score=3.8651 (127s)
[epoch  48/60] train_loss=0.9987 val_loss=1.1001 val_score=3.8325 (130s)
[epoch  49/60] train_loss=0.9932 val_loss=1.1191 val_score=3.8179 (132s)
[epoch  50/60] train_loss=0.9950 val_loss=1.1070 val_score=3.7886 (135s)
[epoch  51/60] train_loss=0.9935 val_loss=1.1181 val_score=3.8283 (138s)
[epoch  52/60] train_loss=0.9898 val_loss=1.1234 val_score=3.8125 (140s)
[epoch  53/60] train_loss=0.9906 val_loss=1.1343 val_score=3.8708 (143s)
[epoch  54/60] train_loss=0.9876 val_loss=1.1186 val_score=3.8207 (146s)
[epoch  55/60] train_loss=0.9826 val_loss=1.1292 val_score=3.8432 (149s)
[epoch  56/60] train_loss=0.9822 val_loss=1.1095 val_score=3.8157 (151s)
[epoch  57/60] train_loss=0.9805 val_loss=1.1207 val_score=3.8698 (154s)
[epoch  58/60] train_loss=0.9774 val_loss=1.1313 val_score=3.8598 (157s)
[epoch  59/60] train_loss=0.9751 val_loss=1.1102 val_score=3.8634 (159s)
[epoch  60/60] train_loss=0.9721 val_loss=1.1144 val_score=3.8496 (162s)
最佳 checkpoint 来自 epoch 53，验证集选模分 3.8708
per-label 阈值标定完成
解码调优（目标=f1）:
  cartridge -> {'mode': 'threshold', 'k_scale': 1.0, 'k_min': 1, 'k_max': 42, 'thr_shift': 0.0, 'ensure_nonempty': False, 'count_quantile': None}  目标值=0.4638
  solvent   -> {'mode': 'threshold', 'k_scale': 1.0, 'k_min': 0, 'k_max': 378, 'thr_shift': 0.0, 'ensure_nonempty': False, 'count_quantile': None} gate=True  目标值=0.3993
验证集（调优后）选模分 4.0143，链路正确率 0.4148

=== 测试集（基数感知解码）===
样本数 1145（有流程信息 1043，无流程信息 102）
Hit@1 可校验子集大小 109

Hit@1 旧口径（两处免检都在）      : 0.3485
Hit@1 去掉无流程信息免检          : 0.3605
Hit@1 仅可校验子集（推荐主指标）  : 0.4037
Hit@1 缺 ratio 标注判失败（最严） : 0.0422
前三段链路正确率（不看 ratio）    : 0.4228

StrictAcc 旧口径 / 仅有流程信息   : 0.0009 / 0.0000
SSS 旧口径 / 仅有流程信息         : 0.4629 / 0.4267
HC 旧口径 / 仅有流程信息          : 0.9141 / 0.9057
GUS                               : 56.5023

Hit@1 失败原因（对全部样本计数，互斥）：
  cartridge top-1 错     : 557
  step top-1 错          : 2
  solvent top-1 错       : 122
  ratio 超差             : 65
  ratio 无标注(旧口径免检): 332
  无流程信息(旧口径免检)  : 23

预测集合大小： {'cartridge_pred_mean': 6.507423580786027, 'cartridge_true_mean': 3.274235725402832, 'solvent_pred_mean': 33.89549376797699, 'solvent_true_mean': 15.235857963562012}

全部结果已写入 output/screen21/R10_sol_w03_seed42
