样本数 11441  切分 train/val/test = 9152/1144/1145
输入维度 21（21 维描述符，未启用官能团）
cartridge 类别 42  步骤 5  溶剂组合词表 378
/Users/zysu/Library/Python/3.9/lib/python/site-packages/torch/utils/data/dataloader.py:666: UserWarning: 'pin_memory' argument is set as true but no accelerator is found, then device pinned memory won't be used.
  warnings.warn(warn_msg)
[epoch   1/60] train_loss=1.3277 val_loss=1.2664 val_score=3.4214 (3s)
[epoch   2/60] train_loss=1.2353 val_loss=1.2332 val_score=3.4564 (5s)
[epoch   3/60] train_loss=1.2044 val_loss=1.2032 val_score=3.4648 (8s)
[epoch   4/60] train_loss=1.1775 val_loss=1.1881 val_score=3.5508 (11s)
[epoch   5/60] train_loss=1.1600 val_loss=1.1784 val_score=3.5988 (14s)
[epoch   6/60] train_loss=1.1515 val_loss=1.1616 val_score=3.6319 (16s)
[epoch   7/60] train_loss=1.1391 val_loss=1.1605 val_score=3.5972 (19s)
[epoch   8/60] train_loss=1.1332 val_loss=1.1536 val_score=3.5925 (22s)
[epoch   9/60] train_loss=1.1235 val_loss=1.1526 val_score=3.6471 (24s)
[epoch  10/60] train_loss=1.1185 val_loss=1.1451 val_score=3.6341 (27s)
[epoch  11/60] train_loss=1.1094 val_loss=1.1434 val_score=3.6510 (30s)
[epoch  12/60] train_loss=1.1067 val_loss=1.1374 val_score=3.6474 (32s)
[epoch  13/60] train_loss=1.0996 val_loss=1.1272 val_score=3.6662 (35s)
[epoch  14/60] train_loss=1.0977 val_loss=1.1227 val_score=3.6255 (38s)
[epoch  15/60] train_loss=1.0900 val_loss=1.1254 val_score=3.6729 (40s)
[epoch  16/60] train_loss=1.0860 val_loss=1.1278 val_score=3.7117 (43s)
[epoch  17/60] train_loss=1.0814 val_loss=1.1186 val_score=3.6371 (46s)
[epoch  18/60] train_loss=1.0749 val_loss=1.1130 val_score=3.6802 (48s)
[epoch  19/60] train_loss=1.0734 val_loss=1.1113 val_score=3.6834 (51s)
[epoch  20/60] train_loss=1.0690 val_loss=1.1131 val_score=3.7104 (54s)
[epoch  21/60] train_loss=1.0657 val_loss=1.1101 val_score=3.7266 (56s)
[epoch  22/60] train_loss=1.0590 val_loss=1.1108 val_score=3.7387 (59s)
[epoch  23/60] train_loss=1.0591 val_loss=1.0950 val_score=3.7875 (62s)
[epoch  24/60] train_loss=1.0540 val_loss=1.1036 val_score=3.6758 (64s)
[epoch  25/60] train_loss=1.0481 val_loss=1.0986 val_score=3.7252 (67s)
[epoch  26/60] train_loss=1.0463 val_loss=1.1073 val_score=3.7377 (70s)
[epoch  27/60] train_loss=1.0402 val_loss=1.1038 val_score=3.7841 (73s)
[epoch  28/60] train_loss=1.0409 val_loss=1.1034 val_score=3.7975 (75s)
[epoch  29/60] train_loss=1.0315 val_loss=1.1086 val_score=3.7960 (78s)
[epoch  30/60] train_loss=1.0302 val_loss=1.0901 val_score=3.8296 (81s)
[epoch  31/60] train_loss=1.0283 val_loss=1.1042 val_score=3.7556 (83s)
[epoch  32/60] train_loss=1.0253 val_loss=1.0904 val_score=3.7753 (86s)
[epoch  33/60] train_loss=1.0214 val_loss=1.0892 val_score=3.7864 (89s)
[epoch  34/60] train_loss=1.0209 val_loss=1.0978 val_score=3.8391 (91s)
[epoch  35/60] train_loss=1.0161 val_loss=1.0995 val_score=3.8189 (94s)
[epoch  36/60] train_loss=1.0101 val_loss=1.0959 val_score=3.7712 (97s)
[epoch  37/60] train_loss=1.0112 val_loss=1.0897 val_score=3.7819 (99s)
[epoch  38/60] train_loss=1.0044 val_loss=1.0960 val_score=3.8471 (102s)
[epoch  39/60] train_loss=1.0044 val_loss=1.0910 val_score=3.7962 (105s)
[epoch  40/60] train_loss=1.0009 val_loss=1.0987 val_score=3.7794 (107s)
[epoch  41/60] train_loss=1.0009 val_loss=1.0904 val_score=3.8069 (110s)
[epoch  42/60] train_loss=1.0001 val_loss=1.0804 val_score=3.8359 (113s)
[epoch  43/60] train_loss=0.9923 val_loss=1.0992 val_score=3.8415 (116s)
[epoch  44/60] train_loss=0.9907 val_loss=1.0821 val_score=3.8449 (118s)
[epoch  45/60] train_loss=0.9895 val_loss=1.0889 val_score=3.8611 (121s)
[epoch  46/60] train_loss=0.9877 val_loss=1.0879 val_score=3.8105 (124s)
[epoch  47/60] train_loss=0.9825 val_loss=1.0840 val_score=3.8572 (126s)
[epoch  48/60] train_loss=0.9795 val_loss=1.1027 val_score=3.8498 (129s)
[epoch  49/60] train_loss=0.9764 val_loss=1.0915 val_score=3.9115 (132s)
[epoch  50/60] train_loss=0.9741 val_loss=1.0957 val_score=3.8657 (134s)
[epoch  51/60] train_loss=0.9695 val_loss=1.1030 val_score=3.8418 (137s)
[epoch  52/60] train_loss=0.9717 val_loss=1.1052 val_score=3.8710 (140s)
[epoch  53/60] train_loss=0.9703 val_loss=1.0989 val_score=3.8981 (142s)
[epoch  54/60] train_loss=0.9697 val_loss=1.0876 val_score=3.8810 (145s)
[epoch  55/60] train_loss=0.9627 val_loss=1.1115 val_score=3.8963 (148s)
[epoch  56/60] train_loss=0.9619 val_loss=1.0975 val_score=3.9342 (150s)
[epoch  57/60] train_loss=0.9636 val_loss=1.1119 val_score=3.9191 (153s)
[epoch  58/60] train_loss=0.9593 val_loss=1.0877 val_score=3.9375 (156s)
[epoch  59/60] train_loss=0.9575 val_loss=1.0946 val_score=3.9196 (160s)
[epoch  60/60] train_loss=0.9589 val_loss=1.0846 val_score=3.8778 (163s)
最佳 checkpoint 来自 epoch 58，验证集选模分 3.9375
per-label 阈值标定完成
解码调优（目标=f1）:
  cartridge -> {'mode': 'threshold', 'k_scale': 1.0, 'k_min': 1, 'k_max': 42, 'thr_shift': 0.0, 'ensure_nonempty': False, 'count_quantile': None}  目标值=0.4656
  solvent   -> {'mode': 'threshold', 'k_scale': 1.0, 'k_min': 0, 'k_max': 378, 'thr_shift': 0.0, 'ensure_nonempty': False, 'count_quantile': None} gate=True  目标值=0.4124
验证集（调优后）选模分 4.0776，链路正确率 0.4282

=== 测试集（基数感知解码）===
样本数 1145（有流程信息 1043，无流程信息 102）
Hit@1 可校验子集大小 117

Hit@1 旧口径（两处免检都在）      : 0.3590
Hit@1 去掉无流程信息免检          : 0.3682
Hit@1 仅可校验子集（推荐主指标）  : 0.4103
Hit@1 缺 ratio 标注判失败（最严） : 0.0460
前三段链路正确率（不看 ratio）    : 0.4343

StrictAcc 旧口径 / 仅有流程信息   : 0.0000 / 0.0000
SSS 旧口径 / 仅有流程信息         : 0.4630 / 0.4270
HC 旧口径 / 仅有流程信息          : 0.9111 / 0.9024
GUS                               : 56.9070

Hit@1 失败原因（对全部样本计数，互斥）：
  cartridge top-1 错     : 539
  step top-1 错          : 3
  solvent top-1 错       : 123
  ratio 超差             : 69
  ratio 无标注(旧口径免检): 336
  无流程信息(旧口径免检)  : 27

预测集合大小： {'cartridge_pred_mean': 6.505676855895197, 'cartridge_true_mean': 3.274235725402832, 'solvent_pred_mean': 33.07574304889741, 'solvent_true_mean': 15.235857963562012}

全部结果已写入 output/screen21/R11_sol_w01_seed42
