样本数 11441  切分 train/val/test = 9152/1144/1145
输入维度 21（21 维描述符，未启用官能团）
cartridge 类别 42  步骤 5  溶剂组合词表 378
/Users/zysu/Library/Python/3.9/lib/python/site-packages/torch/utils/data/dataloader.py:666: UserWarning: 'pin_memory' argument is set as true but no accelerator is found, then device pinned memory won't be used.
  warnings.warn(warn_msg)
[epoch   1/60] train_loss=2.6827 val_loss=2.5395 val_score=3.4313 (3s)
[epoch   2/60] train_loss=2.5216 val_loss=2.4951 val_score=3.4824 (6s)
[epoch   3/60] train_loss=2.4682 val_loss=2.4511 val_score=3.5659 (9s)
[epoch   4/60] train_loss=2.4213 val_loss=2.3983 val_score=3.5905 (11s)
[epoch   5/60] train_loss=2.3812 val_loss=2.3718 val_score=3.6560 (14s)
[epoch   6/60] train_loss=2.3555 val_loss=2.3516 val_score=3.6408 (17s)
[epoch   7/60] train_loss=2.3351 val_loss=2.3361 val_score=3.7073 (19s)
[epoch   8/60] train_loss=2.3134 val_loss=2.3275 val_score=3.7179 (22s)
[epoch   9/60] train_loss=2.2990 val_loss=2.3238 val_score=3.6901 (25s)
[epoch  10/60] train_loss=2.2847 val_loss=2.3079 val_score=3.7540 (28s)
[epoch  11/60] train_loss=2.2766 val_loss=2.3103 val_score=3.7653 (30s)
[epoch  12/60] train_loss=2.2686 val_loss=2.2896 val_score=3.7118 (33s)
[epoch  13/60] train_loss=2.2562 val_loss=2.2876 val_score=3.7323 (36s)
[epoch  14/60] train_loss=2.2449 val_loss=2.2729 val_score=3.7739 (38s)
[epoch  15/60] train_loss=2.2361 val_loss=2.2729 val_score=3.8000 (41s)
[epoch  16/60] train_loss=2.2223 val_loss=2.2700 val_score=3.7808 (44s)
[epoch  17/60] train_loss=2.2208 val_loss=2.2597 val_score=3.7395 (46s)
[epoch  18/60] train_loss=2.2109 val_loss=2.2569 val_score=3.7883 (49s)
[epoch  19/60] train_loss=2.2031 val_loss=2.2592 val_score=3.7744 (51s)
[epoch  20/60] train_loss=2.1934 val_loss=2.2503 val_score=3.8052 (54s)
[epoch  21/60] train_loss=2.1853 val_loss=2.2525 val_score=3.8229 (57s)
[epoch  22/60] train_loss=2.1792 val_loss=2.2608 val_score=3.7937 (60s)
[epoch  23/60] train_loss=2.1693 val_loss=2.2402 val_score=3.8235 (62s)
[epoch  24/60] train_loss=2.1655 val_loss=2.2324 val_score=3.8573 (65s)
[epoch  25/60] train_loss=2.1529 val_loss=2.2429 val_score=3.8636 (68s)
[epoch  26/60] train_loss=2.1528 val_loss=2.2453 val_score=3.8591 (70s)
[epoch  27/60] train_loss=2.1439 val_loss=2.2454 val_score=3.8767 (73s)
[epoch  28/60] train_loss=2.1350 val_loss=2.2302 val_score=3.8563 (76s)
[epoch  29/60] train_loss=2.1285 val_loss=2.2305 val_score=3.8571 (78s)
[epoch  30/60] train_loss=2.1209 val_loss=2.2299 val_score=3.9383 (81s)
[epoch  31/60] train_loss=2.1174 val_loss=2.2435 val_score=3.9080 (84s)
[epoch  32/60] train_loss=2.1110 val_loss=2.2241 val_score=3.9106 (86s)
[epoch  33/60] train_loss=2.1080 val_loss=2.2163 val_score=3.8762 (89s)
[epoch  34/60] train_loss=2.0994 val_loss=2.2198 val_score=3.9117 (91s)
[epoch  35/60] train_loss=2.0964 val_loss=2.2311 val_score=3.9041 (94s)
[epoch  36/60] train_loss=2.0949 val_loss=2.2309 val_score=3.9062 (97s)
[epoch  37/60] train_loss=2.0826 val_loss=2.2168 val_score=3.9413 (99s)
[epoch  38/60] train_loss=2.0771 val_loss=2.2198 val_score=3.9221 (102s)
[epoch  39/60] train_loss=2.0717 val_loss=2.2241 val_score=3.8959 (105s)
[epoch  40/60] train_loss=2.0663 val_loss=2.2105 val_score=3.9089 (108s)
[epoch  41/60] train_loss=2.0594 val_loss=2.2219 val_score=3.9404 (110s)
[epoch  42/60] train_loss=2.0587 val_loss=2.2342 val_score=3.9235 (113s)
[epoch  43/60] train_loss=2.0470 val_loss=2.2419 val_score=4.0030 (116s)
[epoch  44/60] train_loss=2.0455 val_loss=2.2229 val_score=3.9550 (118s)
[epoch  45/60] train_loss=2.0399 val_loss=2.2021 val_score=3.9048 (121s)
[epoch  46/60] train_loss=2.0410 val_loss=2.2069 val_score=3.9084 (124s)
[epoch  47/60] train_loss=2.0317 val_loss=2.1959 val_score=3.9829 (127s)
[epoch  48/60] train_loss=2.0269 val_loss=2.2177 val_score=3.9032 (129s)
[epoch  49/60] train_loss=2.0217 val_loss=2.2143 val_score=3.9662 (132s)
[epoch  50/60] train_loss=2.0152 val_loss=2.2401 val_score=3.9265 (135s)
[epoch  51/60] train_loss=2.0136 val_loss=2.2090 val_score=3.9728 (137s)
[epoch  52/60] train_loss=2.0040 val_loss=2.2273 val_score=3.9641 (140s)
[epoch  53/60] train_loss=2.0050 val_loss=2.2286 val_score=3.9632 (143s)
[epoch  54/60] train_loss=1.9982 val_loss=2.2130 val_score=3.9582 (146s)
[epoch  55/60] train_loss=1.9953 val_loss=2.2487 val_score=3.9731 (148s)
[epoch  56/60] train_loss=1.9946 val_loss=2.2133 val_score=3.9686 (151s)
[epoch  57/60] train_loss=1.9868 val_loss=2.2326 val_score=3.9929 (155s)
[epoch  58/60] train_loss=1.9893 val_loss=2.2137 val_score=3.9808 (158s)
[epoch  59/60] train_loss=1.9858 val_loss=2.2386 val_score=3.9990 (161s)
[epoch  60/60] train_loss=1.9787 val_loss=2.2084 val_score=3.9780 (164s)
最佳 checkpoint 来自 epoch 43，验证集选模分 4.0030
per-label 阈值标定完成
解码调优（目标=f1）:
  cartridge -> {'mode': 'threshold', 'k_scale': 1.0, 'k_min': 1, 'k_max': 42, 'thr_shift': 0.0, 'ensure_nonempty': False, 'count_quantile': None}  目标值=0.4562
  solvent   -> {'mode': 'threshold', 'k_scale': 1.0, 'k_min': 0, 'k_max': 378, 'thr_shift': 0.0, 'ensure_nonempty': False, 'count_quantile': None} gate=True  目标值=0.3890
验证集（调优后）选模分 4.1256，链路正确率 0.4464

=== 测试集（基数感知解码）===
样本数 1145（有流程信息 1043，无流程信息 102）
Hit@1 可校验子集大小 126

Hit@1 旧口径（两处免检都在）      : 0.3546
Hit@1 去掉无流程信息免检          : 0.3615
Hit@1 仅可校验子集（推荐主指标）  : 0.4127
Hit@1 缺 ratio 标注判失败（最严） : 0.0499
前三段链路正确率（不看 ratio）    : 0.4324

StrictAcc 旧口径 / 仅有流程信息   : 0.0017 / 0.0000
SSS 旧口径 / 仅有流程信息         : 0.4560 / 0.4192
HC 旧口径 / 仅有流程信息          : 0.9097 / 0.9009
GUS                               : 55.3237

Hit@1 失败原因（对全部样本计数，互斥）：
  cartridge top-1 错     : 507
  step top-1 错          : 5
  solvent top-1 错       : 153
  ratio 超差             : 74
  ratio 无标注(旧口径免检): 325
  无流程信息(旧口径免检)  : 29

预测集合大小： {'cartridge_pred_mean': 7.0296943231441045, 'cartridge_true_mean': 3.274235725402832, 'solvent_pred_mean': 34.16203259827421, 'solvent_true_mean': 15.235857963562012}

全部结果已写入 output/screen21/R12_rank_car_up_seed42
