样本数 11441  切分 train/val/test = 9152/1144/1145
输入维度 21（21 维描述符，未启用官能团）
cartridge 类别 42  步骤 5  溶剂组合词表 378
/Users/zysu/Library/Python/3.9/lib/python/site-packages/torch/utils/data/dataloader.py:666: UserWarning: 'pin_memory' argument is set as true but no accelerator is found, then device pinned memory won't be used.
  warnings.warn(warn_msg)
[epoch   1/60] train_loss=1.5961 val_loss=1.4934 val_score=3.3863 (3s)
[epoch   2/60] train_loss=1.4662 val_loss=1.4662 val_score=3.3923 (5s)
[epoch   3/60] train_loss=1.4383 val_loss=1.4359 val_score=3.4718 (8s)
[epoch   4/60] train_loss=1.4055 val_loss=1.4090 val_score=3.5162 (11s)
[epoch   5/60] train_loss=1.3777 val_loss=1.3779 val_score=3.5719 (13s)
[epoch   6/60] train_loss=1.3612 val_loss=1.3731 val_score=3.5965 (16s)
[epoch   7/60] train_loss=1.3465 val_loss=1.3612 val_score=3.5793 (19s)
[epoch   8/60] train_loss=1.3350 val_loss=1.3577 val_score=3.6646 (21s)
[epoch   9/60] train_loss=1.3261 val_loss=1.3458 val_score=3.6412 (24s)
[epoch  10/60] train_loss=1.3188 val_loss=1.3327 val_score=3.6506 (27s)
[epoch  11/60] train_loss=1.3079 val_loss=1.3349 val_score=3.6614 (30s)
[epoch  12/60] train_loss=1.3043 val_loss=1.3294 val_score=3.6967 (33s)
[epoch  13/60] train_loss=1.2947 val_loss=1.3208 val_score=3.7392 (36s)
[epoch  14/60] train_loss=1.2870 val_loss=1.3210 val_score=3.7108 (39s)
[epoch  15/60] train_loss=1.2818 val_loss=1.3133 val_score=3.6961 (42s)
[epoch  16/60] train_loss=1.2769 val_loss=1.3096 val_score=3.7156 (44s)
[epoch  17/60] train_loss=1.2700 val_loss=1.3086 val_score=3.6724 (47s)
[epoch  18/60] train_loss=1.2653 val_loss=1.3020 val_score=3.7454 (50s)
[epoch  19/60] train_loss=1.2596 val_loss=1.2961 val_score=3.6919 (52s)
[epoch  20/60] train_loss=1.2542 val_loss=1.3003 val_score=3.7179 (55s)
[epoch  21/60] train_loss=1.2502 val_loss=1.2980 val_score=3.7298 (58s)
[epoch  22/60] train_loss=1.2482 val_loss=1.2942 val_score=3.7602 (61s)
[epoch  23/60] train_loss=1.2406 val_loss=1.2920 val_score=3.7613 (63s)
[epoch  24/60] train_loss=1.2383 val_loss=1.2919 val_score=3.7028 (66s)
[epoch  25/60] train_loss=1.2320 val_loss=1.2906 val_score=3.7554 (69s)
[epoch  26/60] train_loss=1.2287 val_loss=1.2825 val_score=3.7786 (71s)
[epoch  27/60] train_loss=1.2246 val_loss=1.2814 val_score=3.7982 (74s)
[epoch  28/60] train_loss=1.2218 val_loss=1.2845 val_score=3.7878 (77s)
[epoch  29/60] train_loss=1.2116 val_loss=1.2821 val_score=3.7535 (79s)
[epoch  30/60] train_loss=1.2094 val_loss=1.2857 val_score=3.7483 (82s)
[epoch  31/60] train_loss=1.2082 val_loss=1.2769 val_score=3.7666 (85s)
[epoch  32/60] train_loss=1.2024 val_loss=1.2799 val_score=3.7389 (88s)
[epoch  33/60] train_loss=1.1981 val_loss=1.2885 val_score=3.8285 (91s)
[epoch  34/60] train_loss=1.1965 val_loss=1.2876 val_score=3.7830 (93s)
[epoch  35/60] train_loss=1.1931 val_loss=1.2679 val_score=3.8045 (96s)
[epoch  36/60] train_loss=1.1893 val_loss=1.2815 val_score=3.7634 (99s)
[epoch  37/60] train_loss=1.1874 val_loss=1.2678 val_score=3.7744 (101s)
[epoch  38/60] train_loss=1.1821 val_loss=1.2716 val_score=3.8131 (105s)
[epoch  39/60] train_loss=1.1796 val_loss=1.2749 val_score=3.7480 (109s)
[epoch  40/60] train_loss=1.1737 val_loss=1.2652 val_score=3.8096 (112s)
[epoch  41/60] train_loss=1.1714 val_loss=1.2745 val_score=3.7799 (116s)
[epoch  42/60] train_loss=1.1693 val_loss=1.2693 val_score=3.8494 (120s)
[epoch  43/60] train_loss=1.1690 val_loss=1.2685 val_score=3.8230 (124s)
[epoch  44/60] train_loss=1.1619 val_loss=1.2810 val_score=3.8018 (128s)
[epoch  45/60] train_loss=1.1644 val_loss=1.2669 val_score=3.8620 (131s)
[epoch  46/60] train_loss=1.1604 val_loss=1.2524 val_score=3.8357 (135s)
[epoch  47/60] train_loss=1.1544 val_loss=1.2715 val_score=3.8554 (139s)
[epoch  48/60] train_loss=1.1540 val_loss=1.2653 val_score=3.8700 (143s)
[epoch  49/60] train_loss=1.1479 val_loss=1.2625 val_score=3.8515 (147s)
[epoch  50/60] train_loss=1.1450 val_loss=1.2536 val_score=3.8708 (150s)
[epoch  51/60] train_loss=1.1447 val_loss=1.2529 val_score=3.8648 (154s)
[epoch  52/60] train_loss=1.1452 val_loss=1.2719 val_score=3.8519 (158s)
[epoch  53/60] train_loss=1.1401 val_loss=1.2591 val_score=3.8391 (162s)
[epoch  54/60] train_loss=1.1332 val_loss=1.2720 val_score=3.8858 (166s)
[epoch  55/60] train_loss=1.1361 val_loss=1.2648 val_score=3.8940 (170s)
[epoch  56/60] train_loss=1.1363 val_loss=1.2517 val_score=3.8615 (174s)
[epoch  57/60] train_loss=1.1321 val_loss=1.2623 val_score=3.8685 (178s)
[epoch  58/60] train_loss=1.1254 val_loss=1.2666 val_score=3.9072 (182s)
[epoch  59/60] train_loss=1.1260 val_loss=1.2570 val_score=3.8697 (186s)
[epoch  60/60] train_loss=1.1208 val_loss=1.2579 val_score=3.9001 (189s)
最佳 checkpoint 来自 epoch 58，验证集选模分 3.9072
per-label 阈值标定完成
解码调优（目标=em_jaccard）:
  cartridge -> {'mode': 'clamp', 'k_scale': 0.8, 'k_min': 1, 'k_max': 42, 'thr_shift': 0.1, 'ensure_nonempty': False}  目标值=0.1722
  solvent   -> {'mode': 'clamp', 'k_scale': 0.8, 'k_min': 0, 'k_max': 378, 'thr_shift': 0.0, 'ensure_nonempty': False} gate=True  目标值=0.1620
验证集（调优后）选模分 4.0890，链路正确率 0.4224

=== 测试集（基数感知解码）===
样本数 1145（有流程信息 1043，无流程信息 102）
Hit@1 可校验子集大小 123

Hit@1 旧口径（两处免检都在）      : 0.3389
Hit@1 去掉无流程信息免检          : 0.3471
Hit@1 仅可校验子集（推荐主指标）  : 0.4309
Hit@1 缺 ratio 标注判失败（最严） : 0.0508
前三段链路正确率（不看 ratio）    : 0.4142

StrictAcc 旧口径 / 仅有流程信息   : 0.0035 / 0.0000
SSS 旧口径 / 仅有流程信息         : 0.4910 / 0.4560
HC 旧口径 / 仅有流程信息          : 0.9113 / 0.9026
GUS                               : 57.2296

Hit@1 失败原因（对全部样本计数，互斥）：
  cartridge top-1 错     : 552
  step top-1 错          : 4
  solvent top-1 错       : 131
  ratio 超差             : 70
  ratio 无标注(旧口径免检): 309
  无流程信息(旧口径免检)  : 26

预测集合大小： {'cartridge_pred_mean': 2.132751091703057, 'cartridge_true_mean': 3.274235725402832, 'solvent_pred_mean': 11.20901246404602, 'solvent_true_mean': 15.235857963562012}

全部结果已写入 output/screen21/R1_step2_seed42
