样本数 11441  切分 train/val/test = 9152/1144/1145
输入维度 21（21 维描述符，未启用官能团）
cartridge 类别 42  步骤 5  溶剂组合词表 378
/Users/zysu/Library/Python/3.9/lib/python/site-packages/torch/utils/data/dataloader.py:666: UserWarning: 'pin_memory' argument is set as true but no accelerator is found, then device pinned memory won't be used.
  warnings.warn(warn_msg)
[epoch   1/60] train_loss=2.7103 val_loss=2.5707 val_score=3.3869 (4s)
[epoch   2/60] train_loss=2.5546 val_loss=2.5423 val_score=3.3896 (8s)
[epoch   3/60] train_loss=2.5307 val_loss=2.5174 val_score=3.4327 (12s)
[epoch   4/60] train_loss=2.5093 val_loss=2.4978 val_score=3.5427 (15s)
[epoch   5/60] train_loss=2.4812 val_loss=2.4649 val_score=3.4358 (19s)
[epoch   6/60] train_loss=2.4517 val_loss=2.4345 val_score=3.5481 (23s)
[epoch   7/60] train_loss=2.4355 val_loss=2.4186 val_score=3.4969 (27s)
[epoch   8/60] train_loss=2.4193 val_loss=2.4114 val_score=3.5943 (31s)
[epoch   9/60] train_loss=2.4055 val_loss=2.4004 val_score=3.6375 (35s)
[epoch  10/60] train_loss=2.3970 val_loss=2.3984 val_score=3.5712 (39s)
[epoch  11/60] train_loss=2.3851 val_loss=2.3869 val_score=3.6037 (43s)
[epoch  12/60] train_loss=2.3750 val_loss=2.3831 val_score=3.6442 (47s)
[epoch  13/60] train_loss=2.3656 val_loss=2.3770 val_score=3.5944 (51s)
[epoch  14/60] train_loss=2.3602 val_loss=2.3680 val_score=3.6502 (55s)
[epoch  15/60] train_loss=2.3501 val_loss=2.3644 val_score=3.6318 (59s)
[epoch  16/60] train_loss=2.3409 val_loss=2.3721 val_score=3.6807 (62s)
[epoch  17/60] train_loss=2.3405 val_loss=2.3623 val_score=3.6710 (66s)
[epoch  18/60] train_loss=2.3291 val_loss=2.3560 val_score=3.6692 (70s)
[epoch  19/60] train_loss=2.3260 val_loss=2.3535 val_score=3.6574 (74s)
[epoch  20/60] train_loss=2.3179 val_loss=2.3486 val_score=3.7049 (78s)
[epoch  21/60] train_loss=2.3139 val_loss=2.3605 val_score=3.6092 (82s)
[epoch  22/60] train_loss=2.2988 val_loss=2.3431 val_score=3.6960 (86s)
[epoch  23/60] train_loss=2.2942 val_loss=2.3430 val_score=3.7108 (90s)
[epoch  24/60] train_loss=2.2921 val_loss=2.3370 val_score=3.6638 (94s)
[epoch  25/60] train_loss=2.2859 val_loss=2.3409 val_score=3.7035 (98s)
[epoch  26/60] train_loss=2.2841 val_loss=2.3486 val_score=3.7526 (102s)
[epoch  27/60] train_loss=2.2744 val_loss=2.3373 val_score=3.7352 (106s)
[epoch  28/60] train_loss=2.2738 val_loss=2.3366 val_score=3.6788 (110s)
[epoch  29/60] train_loss=2.2662 val_loss=2.3179 val_score=3.7320 (113s)
[epoch  30/60] train_loss=2.2600 val_loss=2.3429 val_score=3.7428 (117s)
[epoch  31/60] train_loss=2.2533 val_loss=2.3356 val_score=3.7792 (121s)
[epoch  32/60] train_loss=2.2488 val_loss=2.3271 val_score=3.7440 (125s)
[epoch  33/60] train_loss=2.2408 val_loss=2.3228 val_score=3.7626 (129s)
[epoch  34/60] train_loss=2.2408 val_loss=2.3252 val_score=3.7350 (133s)
[epoch  35/60] train_loss=2.2364 val_loss=2.3339 val_score=3.7857 (136s)
[epoch  36/60] train_loss=2.2349 val_loss=2.3141 val_score=3.8097 (141s)
[epoch  37/60] train_loss=2.2234 val_loss=2.3208 val_score=3.7433 (144s)
[epoch  38/60] train_loss=2.2215 val_loss=2.3132 val_score=3.7826 (149s)
[epoch  39/60] train_loss=2.2231 val_loss=2.3264 val_score=3.7750 (153s)
[epoch  40/60] train_loss=2.2169 val_loss=2.3124 val_score=3.7386 (157s)
[epoch  41/60] train_loss=2.2105 val_loss=2.3069 val_score=3.7140 (162s)
[epoch  42/60] train_loss=2.2039 val_loss=2.3338 val_score=3.8203 (167s)
[epoch  43/60] train_loss=2.2130 val_loss=2.3090 val_score=3.7698 (171s)
[epoch  44/60] train_loss=2.2007 val_loss=2.3001 val_score=3.7974 (175s)
[epoch  45/60] train_loss=2.2020 val_loss=2.3115 val_score=3.8229 (178s)
[epoch  46/60] train_loss=2.1906 val_loss=2.3073 val_score=3.7527 (182s)
[epoch  47/60] train_loss=2.1902 val_loss=2.3321 val_score=3.7966 (186s)
[epoch  48/60] train_loss=2.1874 val_loss=2.3269 val_score=3.8322 (190s)
[epoch  49/60] train_loss=2.1832 val_loss=2.3326 val_score=3.8188 (195s)
[epoch  50/60] train_loss=2.1824 val_loss=2.3081 val_score=3.7877 (199s)
[epoch  51/60] train_loss=2.1785 val_loss=2.3118 val_score=3.8155 (203s)
[epoch  52/60] train_loss=2.1707 val_loss=2.3153 val_score=3.8126 (207s)
[epoch  53/60] train_loss=2.1680 val_loss=2.2947 val_score=3.8268 (211s)
[epoch  54/60] train_loss=2.1669 val_loss=2.2915 val_score=3.8388 (215s)
[epoch  55/60] train_loss=2.1610 val_loss=2.2986 val_score=3.7725 (219s)
[epoch  56/60] train_loss=2.1610 val_loss=2.3148 val_score=3.8410 (223s)
[epoch  57/60] train_loss=2.1525 val_loss=2.3103 val_score=3.8146 (227s)
[epoch  58/60] train_loss=2.1529 val_loss=2.3197 val_score=3.8267 (231s)
[epoch  59/60] train_loss=2.1476 val_loss=2.2990 val_score=3.8246 (234s)
[epoch  60/60] train_loss=2.1449 val_loss=2.3111 val_score=3.7802 (238s)
最佳 checkpoint 来自 epoch 56，验证集选模分 3.8410
per-label 阈值标定完成
解码调优（目标=em_jaccard）:
  cartridge -> {'mode': 'clamp', 'k_scale': 1.0, 'k_min': 1, 'k_max': 42, 'thr_shift': 0.0, 'ensure_nonempty': False}  目标值=0.1896
  solvent   -> {'mode': 'clamp', 'k_scale': 1.2, 'k_min': 0, 'k_max': 378, 'thr_shift': 0.0, 'ensure_nonempty': False} gate=True  目标值=0.1564
验证集（调优后）选模分 3.9489，链路正确率 0.4052

=== 测试集（基数感知解码）===
样本数 1145（有流程信息 1043，无流程信息 102）
Hit@1 可校验子集大小 114

Hit@1 旧口径（两处免检都在）      : 0.3406
Hit@1 去掉无流程信息免检          : 0.3490
Hit@1 仅可校验子集（推荐主指标）  : 0.3684
Hit@1 缺 ratio 标注判失败（最严） : 0.0403
前三段链路正确率（不看 ratio）    : 0.4180

StrictAcc 旧口径 / 仅有流程信息   : 0.0175 / 0.0000
SSS 旧口径 / 仅有流程信息         : 0.4792 / 0.4435
HC 旧口径 / 仅有流程信息          : 0.8978 / 0.8878
GUS                               : 53.3762

Hit@1 失败原因（对全部样本计数，互斥）：
  cartridge top-1 错     : 553
  step top-1 错          : 2
  solvent top-1 错       : 128
  ratio 超差             : 72
  ratio 无标注(旧口径免检): 322
  无流程信息(旧口径免检)  : 26

预测集合大小： {'cartridge_pred_mean': 1.2034934497816594, 'cartridge_true_mean': 3.274235725402832, 'solvent_pred_mean': 12.463087248322148, 'solvent_true_mean': 15.235857963562012}

全部结果已写入 output/screen21/R2_count_cls_seed42
