样本数 11441  切分 train/val/test = 9152/1144/1145
输入维度 21（21 维描述符，未启用官能团）
cartridge 类别 42  步骤 5  溶剂组合词表 378
/Users/zysu/Library/Python/3.9/lib/python/site-packages/torch/utils/data/dataloader.py:666: UserWarning: 'pin_memory' argument is set as true but no accelerator is found, then device pinned memory won't be used.
  warnings.warn(warn_msg)
[epoch   1/60] train_loss=2.7103 val_loss=2.5707 val_score=3.3868 (4s)
[epoch   2/60] train_loss=2.5549 val_loss=2.5428 val_score=3.3776 (8s)
[epoch   3/60] train_loss=2.5316 val_loss=2.5173 val_score=3.4809 (12s)
[epoch   4/60] train_loss=2.5136 val_loss=2.4985 val_score=3.5044 (16s)
[epoch   5/60] train_loss=2.4834 val_loss=2.4745 val_score=3.4778 (20s)
[epoch   6/60] train_loss=2.4549 val_loss=2.4361 val_score=3.5493 (24s)
[epoch   7/60] train_loss=2.4385 val_loss=2.4232 val_score=3.4810 (28s)
[epoch   8/60] train_loss=2.4194 val_loss=2.4140 val_score=3.5672 (32s)
[epoch   9/60] train_loss=2.4083 val_loss=2.3989 val_score=3.6047 (36s)
[epoch  10/60] train_loss=2.3971 val_loss=2.3999 val_score=3.5927 (40s)
[epoch  11/60] train_loss=2.3857 val_loss=2.3941 val_score=3.5764 (44s)
[epoch  12/60] train_loss=2.3771 val_loss=2.3815 val_score=3.6230 (48s)
[epoch  13/60] train_loss=2.3696 val_loss=2.3733 val_score=3.6550 (52s)
[epoch  14/60] train_loss=2.3621 val_loss=2.3677 val_score=3.6332 (56s)
[epoch  15/60] train_loss=2.3590 val_loss=2.3776 val_score=3.6666 (60s)
[epoch  16/60] train_loss=2.3446 val_loss=2.3628 val_score=3.6740 (64s)
[epoch  17/60] train_loss=2.3445 val_loss=2.3595 val_score=3.6979 (68s)
[epoch  18/60] train_loss=2.3339 val_loss=2.3545 val_score=3.6671 (72s)
[epoch  19/60] train_loss=2.3281 val_loss=2.3551 val_score=3.6085 (76s)
[epoch  20/60] train_loss=2.3223 val_loss=2.3460 val_score=3.7309 (80s)
[epoch  21/60] train_loss=2.3183 val_loss=2.3556 val_score=3.6906 (84s)
[epoch  22/60] train_loss=2.3071 val_loss=2.3459 val_score=3.6990 (88s)
[epoch  23/60] train_loss=2.3003 val_loss=2.3452 val_score=3.7265 (92s)
[epoch  24/60] train_loss=2.2942 val_loss=2.3385 val_score=3.7448 (96s)
[epoch  25/60] train_loss=2.2908 val_loss=2.3410 val_score=3.7547 (100s)
[epoch  26/60] train_loss=2.2892 val_loss=2.3405 val_score=3.7429 (104s)
[epoch  27/60] train_loss=2.2832 val_loss=2.3385 val_score=3.7222 (108s)
[epoch  28/60] train_loss=2.2809 val_loss=2.3383 val_score=3.6986 (112s)
[epoch  29/60] train_loss=2.2738 val_loss=2.3272 val_score=3.7845 (116s)
[epoch  30/60] train_loss=2.2688 val_loss=2.3371 val_score=3.7428 (120s)
[epoch  31/60] train_loss=2.2597 val_loss=2.3416 val_score=3.8083 (124s)
[epoch  32/60] train_loss=2.2516 val_loss=2.3255 val_score=3.7370 (128s)
[epoch  33/60] train_loss=2.2501 val_loss=2.3388 val_score=3.7777 (132s)
[epoch  34/60] train_loss=2.2431 val_loss=2.3290 val_score=3.7702 (136s)
[epoch  35/60] train_loss=2.2359 val_loss=2.3359 val_score=3.7845 (140s)
[epoch  36/60] train_loss=2.2392 val_loss=2.3155 val_score=3.8018 (144s)
[epoch  37/60] train_loss=2.2302 val_loss=2.3247 val_score=3.6901 (148s)
[epoch  38/60] train_loss=2.2341 val_loss=2.3187 val_score=3.7676 (152s)
[epoch  39/60] train_loss=2.2271 val_loss=2.3287 val_score=3.7930 (156s)
[epoch  40/60] train_loss=2.2195 val_loss=2.3048 val_score=3.7883 (160s)
[epoch  41/60] train_loss=2.2161 val_loss=2.3151 val_score=3.7103 (164s)
[epoch  42/60] train_loss=2.2087 val_loss=2.3088 val_score=3.7693 (168s)
[epoch  43/60] train_loss=2.2172 val_loss=2.3018 val_score=3.8356 (172s)
[epoch  44/60] train_loss=2.2093 val_loss=2.3155 val_score=3.7940 (176s)
[epoch  45/60] train_loss=2.2060 val_loss=2.3112 val_score=3.8084 (181s)
[epoch  46/60] train_loss=2.1953 val_loss=2.3171 val_score=3.7621 (185s)
[epoch  47/60] train_loss=2.1944 val_loss=2.3235 val_score=3.8159 (190s)
[epoch  48/60] train_loss=2.1903 val_loss=2.3178 val_score=3.8827 (195s)
[epoch  49/60] train_loss=2.1831 val_loss=2.3278 val_score=3.8013 (199s)
[epoch  50/60] train_loss=2.1879 val_loss=2.3064 val_score=3.7999 (204s)
[epoch  51/60] train_loss=2.1834 val_loss=2.3012 val_score=3.8132 (209s)
[epoch  52/60] train_loss=2.1776 val_loss=2.3143 val_score=3.8849 (213s)
[epoch  53/60] train_loss=2.1729 val_loss=2.3136 val_score=3.8437 (218s)
[epoch  54/60] train_loss=2.1651 val_loss=2.2955 val_score=3.8430 (222s)
[epoch  55/60] train_loss=2.1645 val_loss=2.3091 val_score=3.8646 (227s)
[epoch  56/60] train_loss=2.1599 val_loss=2.3092 val_score=3.8660 (231s)
[epoch  57/60] train_loss=2.1655 val_loss=2.3049 val_score=3.8885 (236s)
[epoch  58/60] train_loss=2.1517 val_loss=2.3287 val_score=3.8630 (240s)
[epoch  59/60] train_loss=2.1531 val_loss=2.2993 val_score=3.8461 (245s)
[epoch  60/60] train_loss=2.1495 val_loss=2.3004 val_score=3.8371 (249s)
最佳 checkpoint 来自 epoch 57，验证集选模分 3.8885
per-label 阈值标定完成
解码调优（目标=em_jaccard）:
  cartridge -> {'mode': 'clamp', 'k_scale': 1.2, 'k_min': 1, 'k_max': 42, 'thr_shift': 0.0, 'ensure_nonempty': False}  目标值=0.1579
  solvent   -> {'mode': 'clamp', 'k_scale': 0.8, 'k_min': 0, 'k_max': 378, 'thr_shift': 0.0, 'ensure_nonempty': False} gate=True  目标值=0.1588
验证集（调优后）选模分 4.0875，链路正确率 0.4195

=== 测试集（基数感知解码）===
样本数 1145（有流程信息 1043，无流程信息 102）
Hit@1 可校验子集大小 114

Hit@1 旧口径（两处免检都在）      : 0.3354
Hit@1 去掉无流程信息免检          : 0.3423
Hit@1 仅可校验子集（推荐主指标）  : 0.3860
Hit@1 缺 ratio 标注判失败（最严） : 0.0422
前三段链路正确率（不看 ratio）    : 0.4094

StrictAcc 旧口径 / 仅有流程信息   : 0.0009 / 0.0000
SSS 旧口径 / 仅有流程信息         : 0.4889 / 0.4550
HC 旧口径 / 仅有流程信息          : 0.9059 / 0.8966
GUS                               : 58.6859

Hit@1 失败原因（对全部样本计数，互斥）：
  cartridge top-1 错     : 560
  step top-1 错          : 3
  solvent top-1 错       : 128
  ratio 超差             : 70
  ratio 无标注(旧口径免检): 313
  无流程信息(旧口径免检)  : 27

预测集合大小： {'cartridge_pred_mean': 4.179039301310044, 'cartridge_true_mean': 3.274235725402832, 'solvent_pred_mean': 13.24928092042186, 'solvent_true_mean': 15.235857963562012}

全部结果已写入 output/screen21/R3_count_cls_exp_seed42
