样本数 11441  切分 train/val/test = 9152/1144/1145
输入维度 21（21 维描述符，未启用官能团）
cartridge 类别 42  步骤 5  溶剂组合词表 378
/Users/zysu/Library/Python/3.9/lib/python/site-packages/torch/utils/data/dataloader.py:666: UserWarning: 'pin_memory' argument is set as true but no accelerator is found, then device pinned memory won't be used.
  warnings.warn(warn_msg)
[epoch   1/60] train_loss=2.7103 val_loss=2.5707 val_score=3.3868 (5s)
[epoch   2/60] train_loss=2.5547 val_loss=2.5421 val_score=3.3889 (9s)
[epoch   3/60] train_loss=2.5312 val_loss=2.5198 val_score=3.4525 (16s)
[epoch   4/60] train_loss=2.5125 val_loss=2.5086 val_score=3.5187 (21s)
[epoch   5/60] train_loss=2.4846 val_loss=2.4743 val_score=3.4767 (25s)
[epoch   6/60] train_loss=2.4570 val_loss=2.4408 val_score=3.5046 (29s)
[epoch   7/60] train_loss=2.4386 val_loss=2.4265 val_score=3.5038 (33s)
[epoch   8/60] train_loss=2.4219 val_loss=2.4147 val_score=3.5619 (37s)
[epoch   9/60] train_loss=2.4074 val_loss=2.4023 val_score=3.6187 (41s)
[epoch  10/60] train_loss=2.3979 val_loss=2.4011 val_score=3.5799 (45s)
[epoch  11/60] train_loss=2.3895 val_loss=2.3910 val_score=3.5722 (50s)
[epoch  12/60] train_loss=2.3775 val_loss=2.3813 val_score=3.6466 (54s)
[epoch  13/60] train_loss=2.3704 val_loss=2.3753 val_score=3.6213 (58s)
[epoch  14/60] train_loss=2.3638 val_loss=2.3706 val_score=3.6647 (62s)
[epoch  15/60] train_loss=2.3523 val_loss=2.3647 val_score=3.6138 (66s)
[epoch  16/60] train_loss=2.3442 val_loss=2.3608 val_score=3.6530 (70s)
[epoch  17/60] train_loss=2.3437 val_loss=2.3555 val_score=3.6847 (74s)
[epoch  18/60] train_loss=2.3339 val_loss=2.3546 val_score=3.6718 (78s)
[epoch  19/60] train_loss=2.3307 val_loss=2.3499 val_score=3.6340 (82s)
[epoch  20/60] train_loss=2.3220 val_loss=2.3441 val_score=3.7382 (87s)
[epoch  21/60] train_loss=2.3179 val_loss=2.3509 val_score=3.6750 (91s)
[epoch  22/60] train_loss=2.3063 val_loss=2.3365 val_score=3.6951 (95s)
[epoch  23/60] train_loss=2.2985 val_loss=2.3520 val_score=3.7202 (99s)
[epoch  24/60] train_loss=2.2984 val_loss=2.3365 val_score=3.7190 (103s)
[epoch  25/60] train_loss=2.2871 val_loss=2.3303 val_score=3.7121 (107s)
[epoch  26/60] train_loss=2.2889 val_loss=2.3442 val_score=3.7015 (111s)
[epoch  27/60] train_loss=2.2816 val_loss=2.3351 val_score=3.7083 (115s)
[epoch  28/60] train_loss=2.2798 val_loss=2.3353 val_score=3.7737 (119s)
[epoch  29/60] train_loss=2.2694 val_loss=2.3274 val_score=3.7744 (123s)
[epoch  30/60] train_loss=2.2647 val_loss=2.3398 val_score=3.7945 (128s)
[epoch  31/60] train_loss=2.2581 val_loss=2.3415 val_score=3.7895 (132s)
[epoch  32/60] train_loss=2.2543 val_loss=2.3194 val_score=3.7716 (136s)
[epoch  33/60] train_loss=2.2488 val_loss=2.3241 val_score=3.7522 (140s)
[epoch  34/60] train_loss=2.2457 val_loss=2.3320 val_score=3.7622 (144s)
[epoch  35/60] train_loss=2.2405 val_loss=2.3237 val_score=3.7984 (148s)
[epoch  36/60] train_loss=2.2392 val_loss=2.3233 val_score=3.8202 (152s)
[epoch  37/60] train_loss=2.2320 val_loss=2.3123 val_score=3.7285 (156s)
[epoch  38/60] train_loss=2.2317 val_loss=2.3198 val_score=3.7358 (160s)
[epoch  39/60] train_loss=2.2271 val_loss=2.3312 val_score=3.8114 (164s)
[epoch  40/60] train_loss=2.2242 val_loss=2.3212 val_score=3.7941 (169s)
[epoch  41/60] train_loss=2.2145 val_loss=2.3052 val_score=3.7609 (173s)
[epoch  42/60] train_loss=2.2174 val_loss=2.3227 val_score=3.7601 (177s)
[epoch  43/60] train_loss=2.2140 val_loss=2.3071 val_score=3.8194 (182s)
[epoch  44/60] train_loss=2.2097 val_loss=2.3218 val_score=3.7671 (186s)
[epoch  45/60] train_loss=2.2019 val_loss=2.3129 val_score=3.7943 (191s)
[epoch  46/60] train_loss=2.1981 val_loss=2.3146 val_score=3.8017 (195s)
[epoch  47/60] train_loss=2.1921 val_loss=2.3203 val_score=3.7799 (199s)
[epoch  48/60] train_loss=2.1897 val_loss=2.3449 val_score=3.8185 (203s)
[epoch  49/60] train_loss=2.1951 val_loss=2.3213 val_score=3.8456 (207s)
[epoch  50/60] train_loss=2.1884 val_loss=2.2969 val_score=3.7489 (212s)
[epoch  51/60] train_loss=2.1883 val_loss=2.2998 val_score=3.7928 (216s)
[epoch  52/60] train_loss=2.1767 val_loss=2.3121 val_score=3.8309 (220s)
[epoch  53/60] train_loss=2.1736 val_loss=2.3094 val_score=3.8028 (224s)
[epoch  54/60] train_loss=2.1674 val_loss=2.3098 val_score=3.8302 (229s)
[epoch  55/60] train_loss=2.1688 val_loss=2.3150 val_score=3.7818 (233s)
[epoch  56/60] train_loss=2.1635 val_loss=2.3285 val_score=3.8567 (237s)
[epoch  57/60] train_loss=2.1570 val_loss=2.3189 val_score=3.8644 (241s)
[epoch  58/60] train_loss=2.1511 val_loss=2.3426 val_score=3.8466 (246s)
[epoch  59/60] train_loss=2.1534 val_loss=2.3157 val_score=3.8577 (250s)
[epoch  60/60] train_loss=2.1528 val_loss=2.3165 val_score=3.8367 (254s)
最佳 checkpoint 来自 epoch 57，验证集选模分 3.8644
per-label 阈值标定完成
解码调优（目标=f1）:
  cartridge -> {'mode': 'threshold', 'k_scale': 1.0, 'k_min': 1, 'k_max': 42, 'thr_shift': 0.0, 'ensure_nonempty': False}  目标值=0.4569
  solvent   -> {'mode': 'clamp', 'k_scale': 1.2, 'k_min': 0, 'k_max': 378, 'thr_shift': 0.0, 'ensure_nonempty': False} gate=True  目标值=0.4515
验证集（调优后）选模分 4.0439，链路正确率 0.4138

=== 测试集（基数感知解码）===
样本数 1145（有流程信息 1043，无流程信息 102）
Hit@1 可校验子集大小 116

Hit@1 旧口径（两处免检都在）      : 0.3328
Hit@1 去掉无流程信息免检          : 0.3423
Hit@1 仅可校验子集（推荐主指标）  : 0.3793
Hit@1 缺 ratio 标注判失败（最严） : 0.0422
前三段链路正确率（不看 ratio）    : 0.4113

StrictAcc 旧口径 / 仅有流程信息   : 0.0000 / 0.0000
SSS 旧口径 / 仅有流程信息         : 0.4900 / 0.4565
HC 旧口径 / 仅有流程信息          : 0.8978 / 0.8878
GUS                               : 58.0744

Hit@1 失败原因（对全部样本计数，互斥）：
  cartridge top-1 错     : 560
  step top-1 错          : 3
  solvent top-1 错       : 129
  ratio 超差             : 72
  ratio 无标注(旧口径免检): 313
  无流程信息(旧口径免检)  : 24

预测集合大小： {'cartridge_pred_mean': 6.932751091703056, 'cartridge_true_mean': 3.274235725402832, 'solvent_pred_mean': 13.638542665388304, 'solvent_true_mean': 15.235857963562012}

全部结果已写入 output/screen21/R4_count_cls_f1_seed42
