样本数 11441  切分 train/val/test = 9152/1144/1145
输入维度 21（21 维描述符，未启用官能团）
cartridge 类别 42  步骤 5  溶剂组合词表 378
/Users/zysu/Library/Python/3.9/lib/python/site-packages/torch/utils/data/dataloader.py:666: UserWarning: 'pin_memory' argument is set as true but no accelerator is found, then device pinned memory won't be used.
  warnings.warn(warn_msg)
[epoch   1/60] train_loss=1.4502 val_loss=1.3772 val_score=3.4338 (4s)
[epoch   2/60] train_loss=1.3466 val_loss=1.3566 val_score=3.4614 (9s)
[epoch   3/60] train_loss=1.3203 val_loss=1.3186 val_score=3.4400 (13s)
[epoch   4/60] train_loss=1.2978 val_loss=1.2970 val_score=3.4766 (17s)
[epoch   5/60] train_loss=1.2736 val_loss=1.2806 val_score=3.4745 (22s)
[epoch   6/60] train_loss=1.2569 val_loss=1.2728 val_score=3.5500 (26s)
[epoch   7/60] train_loss=1.2369 val_loss=1.2590 val_score=3.6299 (30s)
[epoch   8/60] train_loss=1.2235 val_loss=1.2528 val_score=3.5998 (34s)
[epoch   9/60] train_loss=1.2127 val_loss=1.2503 val_score=3.6238 (39s)
[epoch  10/60] train_loss=1.2016 val_loss=1.2457 val_score=3.7028 (43s)
[epoch  11/60] train_loss=1.1913 val_loss=1.2388 val_score=3.6869 (47s)
[epoch  12/60] train_loss=1.1822 val_loss=1.2268 val_score=3.6294 (51s)
[epoch  13/60] train_loss=1.1744 val_loss=1.2223 val_score=3.6725 (56s)
[epoch  14/60] train_loss=1.1647 val_loss=1.2322 val_score=3.6981 (60s)
[epoch  15/60] train_loss=1.1519 val_loss=1.2477 val_score=3.7362 (64s)
[epoch  16/60] train_loss=1.1450 val_loss=1.2147 val_score=3.6726 (68s)
[epoch  17/60] train_loss=1.1346 val_loss=1.2142 val_score=3.6798 (72s)
[epoch  18/60] train_loss=1.1288 val_loss=1.2178 val_score=3.6808 (76s)
[epoch  19/60] train_loss=1.1225 val_loss=1.2053 val_score=3.6965 (81s)
[epoch  20/60] train_loss=1.1128 val_loss=1.2240 val_score=3.6995 (85s)
[epoch  21/60] train_loss=1.1041 val_loss=1.2421 val_score=3.7056 (89s)
[epoch  22/60] train_loss=1.0945 val_loss=1.2047 val_score=3.6762 (93s)
[epoch  23/60] train_loss=1.0876 val_loss=1.2359 val_score=3.6938 (97s)
[epoch  24/60] train_loss=1.0827 val_loss=1.2117 val_score=3.7267 (101s)
[epoch  25/60] train_loss=1.0722 val_loss=1.2347 val_score=3.6961 (105s)
[epoch  26/60] train_loss=1.0672 val_loss=1.2586 val_score=3.7333 (109s)
[epoch  27/60] train_loss=1.0622 val_loss=1.2118 val_score=3.6349 (113s)
[epoch  28/60] train_loss=1.0570 val_loss=1.2406 val_score=3.7303 (117s)
[epoch  29/60] train_loss=1.0481 val_loss=1.2458 val_score=3.6950 (121s)
[epoch  30/60] train_loss=1.0454 val_loss=1.2550 val_score=3.7055 (125s)
[epoch  31/60] train_loss=1.0422 val_loss=1.2160 val_score=3.6839 (129s)
[epoch  32/60] train_loss=1.0324 val_loss=1.2862 val_score=3.8062 (134s)
[epoch  33/60] train_loss=1.0263 val_loss=1.2490 val_score=3.7976 (137s)
[epoch  34/60] train_loss=1.0197 val_loss=1.2833 val_score=3.7721 (142s)
[epoch  35/60] train_loss=1.0137 val_loss=1.2882 val_score=3.7238 (146s)
[epoch  36/60] train_loss=1.0131 val_loss=1.2636 val_score=3.7629 (150s)
[epoch  37/60] train_loss=1.0046 val_loss=1.2821 val_score=3.7759 (154s)
[epoch  38/60] train_loss=1.0002 val_loss=1.2927 val_score=3.8424 (158s)
[epoch  39/60] train_loss=0.9940 val_loss=1.2998 val_score=3.8194 (162s)
[epoch  40/60] train_loss=0.9893 val_loss=1.2907 val_score=3.7721 (166s)
[epoch  41/60] train_loss=0.9910 val_loss=1.2909 val_score=3.8031 (170s)
[epoch  42/60] train_loss=0.9791 val_loss=1.2918 val_score=3.8093 (174s)
[epoch  43/60] train_loss=0.9821 val_loss=1.3471 val_score=3.8282 (178s)
[epoch  44/60] train_loss=0.9706 val_loss=1.3079 val_score=3.8425 (182s)
[epoch  45/60] train_loss=0.9672 val_loss=1.3177 val_score=3.8359 (187s)
[epoch  46/60] train_loss=0.9658 val_loss=1.2961 val_score=3.7832 (191s)
[epoch  47/60] train_loss=0.9607 val_loss=1.3228 val_score=3.8144 (195s)
[epoch  48/60] train_loss=0.9566 val_loss=1.3441 val_score=3.8419 (199s)
[epoch  49/60] train_loss=0.9570 val_loss=1.3455 val_score=3.8470 (203s)
[epoch  50/60] train_loss=0.9538 val_loss=1.3572 val_score=3.8441 (207s)
[epoch  51/60] train_loss=0.9520 val_loss=1.3309 val_score=3.7886 (211s)
[epoch  52/60] train_loss=0.9431 val_loss=1.3291 val_score=3.8085 (216s)
[epoch  53/60] train_loss=0.9366 val_loss=1.3267 val_score=3.8098 (220s)
[epoch  54/60] train_loss=0.9327 val_loss=1.3736 val_score=3.8649 (225s)
[epoch  55/60] train_loss=0.9302 val_loss=1.3879 val_score=3.8572 (229s)
[epoch  56/60] train_loss=0.9291 val_loss=1.4399 val_score=3.8972 (233s)
[epoch  57/60] train_loss=0.9237 val_loss=1.4122 val_score=3.8902 (237s)
[epoch  58/60] train_loss=0.9236 val_loss=1.3926 val_score=3.8263 (241s)
[epoch  59/60] train_loss=0.9218 val_loss=1.3781 val_score=3.8004 (245s)
[epoch  60/60] train_loss=0.9166 val_loss=1.4147 val_score=3.8821 (249s)
最佳 checkpoint 来自 epoch 56，验证集选模分 3.8972
per-label 阈值标定完成
解码调优（目标=f1）:
  cartridge -> {'mode': 'threshold', 'k_scale': 1.0, 'k_min': 1, 'k_max': 42, 'thr_shift': 0.0, 'ensure_nonempty': False}  目标值=0.4735
  solvent   -> {'mode': 'threshold', 'k_scale': 1.0, 'k_min': 0, 'k_max': 378, 'thr_shift': 0.0, 'ensure_nonempty': False} gate=True  目标值=0.4208
验证集（调优后）选模分 4.0142，链路正确率 0.4090

=== 测试集（基数感知解码）===
样本数 1145（有流程信息 1043，无流程信息 102）
Hit@1 可校验子集大小 124

Hit@1 旧口径（两处免检都在）      : 0.3197
Hit@1 去掉无流程信息免检          : 0.3356
Hit@1 仅可校验子集（推荐主指标）  : 0.4839
Hit@1 缺 ratio 标注判失败（最严） : 0.0575
前三段链路正确率（不看 ratio）    : 0.3969

StrictAcc 旧口径 / 仅有流程信息   : 0.0000 / 0.0000
SSS 旧口径 / 仅有流程信息         : 0.4712 / 0.4356
HC 旧口径 / 仅有流程信息          : 0.9139 / 0.9055
GUS                               : 56.4011

Hit@1 失败原因（对全部样本计数，互斥）：
  cartridge top-1 错     : 585
  step top-1 错          : 3
  solvent top-1 错       : 127
  ratio 超差             : 64
  ratio 无标注(旧口径免检): 290
  无流程信息(旧口径免检)  : 16

预测集合大小： {'cartridge_pred_mean': 6.347598253275109, 'cartridge_true_mean': 3.274235725402832, 'solvent_pred_mean': 28.936720997123683, 'solvent_true_mean': 15.235857963562012}

全部结果已写入 output/screen21/R5_ple_seed42
