样本数 11441  切分 train/val/test = 9152/1144/1145
输入维度 21（21 维描述符，未启用官能团）
cartridge 类别 42  步骤 5  溶剂组合词表 378
/Users/zysu/Library/Python/3.9/lib/python/site-packages/torch/utils/data/dataloader.py:666: UserWarning: 'pin_memory' argument is set as true but no accelerator is found, then device pinned memory won't be used.
  warnings.warn(warn_msg)
[epoch   1/60] train_loss=1.4520 val_loss=1.3795 val_score=3.4825 (4s)
[epoch   2/60] train_loss=1.3514 val_loss=1.3629 val_score=3.4420 (9s)
[epoch   3/60] train_loss=1.3363 val_loss=1.3392 val_score=3.4239 (13s)
[epoch   4/60] train_loss=1.3160 val_loss=1.3270 val_score=3.4755 (17s)
[epoch   5/60] train_loss=1.2956 val_loss=1.3013 val_score=3.4993 (21s)
[epoch   6/60] train_loss=1.2815 val_loss=1.3059 val_score=3.5883 (26s)
[epoch   7/60] train_loss=1.2642 val_loss=1.2804 val_score=3.5217 (30s)
[epoch   8/60] train_loss=1.2514 val_loss=1.2599 val_score=3.5609 (34s)
[epoch   9/60] train_loss=1.2384 val_loss=1.2582 val_score=3.5742 (38s)
[epoch  10/60] train_loss=1.2294 val_loss=1.2495 val_score=3.5962 (42s)
[epoch  11/60] train_loss=1.2204 val_loss=1.2438 val_score=3.6224 (47s)
[epoch  12/60] train_loss=1.2124 val_loss=1.2351 val_score=3.6652 (51s)
[epoch  13/60] train_loss=1.2021 val_loss=1.2315 val_score=3.5809 (55s)
[epoch  14/60] train_loss=1.1971 val_loss=1.2286 val_score=3.6732 (59s)
[epoch  15/60] train_loss=1.1926 val_loss=1.2350 val_score=3.6519 (64s)
[epoch  16/60] train_loss=1.1869 val_loss=1.2178 val_score=3.7019 (68s)
[epoch  17/60] train_loss=1.1831 val_loss=1.2214 val_score=3.7093 (72s)
[epoch  18/60] train_loss=1.1765 val_loss=1.2154 val_score=3.6006 (76s)
[epoch  19/60] train_loss=1.1658 val_loss=1.2137 val_score=3.6350 (80s)
[epoch  20/60] train_loss=1.1640 val_loss=1.2087 val_score=3.6328 (85s)
[epoch  21/60] train_loss=1.1602 val_loss=1.2081 val_score=3.7085 (89s)
[epoch  22/60] train_loss=1.1555 val_loss=1.2019 val_score=3.6420 (93s)
[epoch  23/60] train_loss=1.1487 val_loss=1.2003 val_score=3.6593 (98s)
[epoch  24/60] train_loss=1.1432 val_loss=1.2192 val_score=3.6786 (103s)
[epoch  25/60] train_loss=1.1412 val_loss=1.2016 val_score=3.7188 (107s)
[epoch  26/60] train_loss=1.1349 val_loss=1.1990 val_score=3.7598 (111s)
[epoch  27/60] train_loss=1.1343 val_loss=1.2054 val_score=3.7283 (115s)
[epoch  28/60] train_loss=1.1283 val_loss=1.1979 val_score=3.7683 (119s)
[epoch  29/60] train_loss=1.1227 val_loss=1.2126 val_score=3.6504 (123s)
[epoch  30/60] train_loss=1.1231 val_loss=1.1970 val_score=3.6939 (127s)
[epoch  31/60] train_loss=1.1151 val_loss=1.2001 val_score=3.7419 (131s)
[epoch  32/60] train_loss=1.1095 val_loss=1.2197 val_score=3.7701 (135s)
[epoch  33/60] train_loss=1.1072 val_loss=1.1952 val_score=3.7151 (139s)
[epoch  34/60] train_loss=1.1032 val_loss=1.2025 val_score=3.6873 (143s)
[epoch  35/60] train_loss=1.1017 val_loss=1.2185 val_score=3.7585 (147s)
[epoch  36/60] train_loss=1.0985 val_loss=1.2180 val_score=3.7601 (152s)
[epoch  37/60] train_loss=1.0898 val_loss=1.2004 val_score=3.7867 (156s)
[epoch  38/60] train_loss=1.0892 val_loss=1.2150 val_score=3.7529 (160s)
[epoch  39/60] train_loss=1.0866 val_loss=1.2040 val_score=3.7542 (164s)
[epoch  40/60] train_loss=1.0846 val_loss=1.1963 val_score=3.8160 (168s)
[epoch  41/60] train_loss=1.0799 val_loss=1.1861 val_score=3.7683 (172s)
[epoch  42/60] train_loss=1.0789 val_loss=1.1913 val_score=3.8035 (176s)
[epoch  43/60] train_loss=1.0753 val_loss=1.2021 val_score=3.7405 (180s)
[epoch  44/60] train_loss=1.0709 val_loss=1.1988 val_score=3.7835 (184s)
[epoch  45/60] train_loss=1.0633 val_loss=1.2044 val_score=3.7974 (188s)
[epoch  46/60] train_loss=1.0626 val_loss=1.2033 val_score=3.7506 (192s)
[epoch  47/60] train_loss=1.0630 val_loss=1.2000 val_score=3.8290 (196s)
[epoch  48/60] train_loss=1.0598 val_loss=1.1957 val_score=3.7732 (200s)
[epoch  49/60] train_loss=1.0563 val_loss=1.2064 val_score=3.8118 (205s)
[epoch  50/60] train_loss=1.0509 val_loss=1.2001 val_score=3.7768 (209s)
[epoch  51/60] train_loss=1.0477 val_loss=1.1838 val_score=3.7973 (213s)
[epoch  52/60] train_loss=1.0490 val_loss=1.1936 val_score=3.7861 (217s)
[epoch  53/60] train_loss=1.0407 val_loss=1.2241 val_score=3.8135 (222s)
[epoch  54/60] train_loss=1.0393 val_loss=1.2176 val_score=3.8114 (226s)
[epoch  55/60] train_loss=1.0391 val_loss=1.2101 val_score=3.8054 (231s)
[epoch  56/60] train_loss=1.0378 val_loss=1.2145 val_score=3.8266 (235s)
[epoch  57/60] train_loss=1.0308 val_loss=1.2292 val_score=3.8307 (239s)
[epoch  58/60] train_loss=1.0317 val_loss=1.2077 val_score=3.8900 (243s)
[epoch  59/60] train_loss=1.0287 val_loss=1.2155 val_score=3.8503 (247s)
[epoch  60/60] train_loss=1.0269 val_loss=1.1957 val_score=3.8281 (251s)
最佳 checkpoint 来自 epoch 58，验证集选模分 3.8900
per-label 阈值标定完成
解码调优（目标=f1）:
  cartridge -> {'mode': 'threshold', 'k_scale': 1.0, 'k_min': 1, 'k_max': 42, 'thr_shift': 0.0, 'ensure_nonempty': False, 'count_quantile': None}  目标值=0.4486
  solvent   -> {'mode': 'threshold', 'k_scale': 1.0, 'k_min': 0, 'k_max': 378, 'thr_shift': 0.0, 'ensure_nonempty': False, 'count_quantile': None} gate=True  目标值=0.3961
验证集（调优后）选模分 4.0265，链路正确率 0.4215

=== 测试集（基数感知解码）===
样本数 1145（有流程信息 1043，无流程信息 102）
Hit@1 可校验子集大小 113

Hit@1 旧口径（两处免检都在）      : 0.3389
Hit@1 去掉无流程信息免检          : 0.3500
Hit@1 仅可校验子集（推荐主指标）  : 0.3451
Hit@1 缺 ratio 标注判失败（最严） : 0.0374
前三段链路正确率（不看 ratio）    : 0.4209

StrictAcc 旧口径 / 仅有流程信息   : 0.0000 / 0.0000
SSS 旧口径 / 仅有流程信息         : 0.4605 / 0.4246
HC 旧口径 / 仅有流程信息          : 0.9099 / 0.9011
GUS                               : 55.9127

Hit@1 失败原因（对全部样本计数，互斥）：
  cartridge top-1 错     : 555
  step top-1 错          : 3
  solvent top-1 错       : 125
  ratio 超差             : 74
  ratio 无标注(旧口径免检): 326
  无流程信息(旧口径免检)  : 23

预测集合大小： {'cartridge_pred_mean': 7.095196506550218, 'cartridge_true_mean': 3.274235725402832, 'solvent_pred_mean': 31.25790987535954, 'solvent_true_mean': 15.235857963562012}

全部结果已写入 output/screen21/R6_periodic_seed42
