样本数 11441  切分 train/val/test = 9152/1144/1145
输入维度 21（21 维描述符，未启用官能团）
cartridge 类别 42  步骤 5  溶剂组合词表 378
/Users/zysu/Library/Python/3.9/lib/python/site-packages/torch/utils/data/dataloader.py:666: UserWarning: 'pin_memory' argument is set as true but no accelerator is found, then device pinned memory won't be used.
  warnings.warn(warn_msg)
[epoch   1/60] train_loss=1.3329 val_loss=1.2633 val_score=3.5331 (4s)
[epoch   2/60] train_loss=1.2344 val_loss=1.2348 val_score=3.5497 (8s)
[epoch   3/60] train_loss=1.2065 val_loss=1.2065 val_score=3.5628 (12s)
[epoch   4/60] train_loss=1.1794 val_loss=1.1845 val_score=3.6830 (17s)
[epoch   5/60] train_loss=1.1610 val_loss=1.1743 val_score=3.7392 (21s)
[epoch   6/60] train_loss=1.1505 val_loss=1.1624 val_score=3.7568 (25s)
[epoch   7/60] train_loss=1.1400 val_loss=1.1545 val_score=3.7584 (29s)
[epoch   8/60] train_loss=1.1307 val_loss=1.1523 val_score=3.7662 (32s)
[epoch   9/60] train_loss=1.1212 val_loss=1.1512 val_score=3.7317 (36s)
[epoch  10/60] train_loss=1.1166 val_loss=1.1479 val_score=3.7936 (40s)
[epoch  11/60] train_loss=1.1111 val_loss=1.1448 val_score=3.7573 (44s)
[epoch  12/60] train_loss=1.1052 val_loss=1.1332 val_score=3.7395 (48s)
[epoch  13/60] train_loss=1.1002 val_loss=1.1307 val_score=3.8271 (52s)
[epoch  14/60] train_loss=1.0966 val_loss=1.1276 val_score=3.7443 (56s)
[epoch  15/60] train_loss=1.0902 val_loss=1.1253 val_score=3.8257 (60s)
[epoch  16/60] train_loss=1.0861 val_loss=1.1265 val_score=3.8170 (64s)
[epoch  17/60] train_loss=1.0811 val_loss=1.1179 val_score=3.7959 (68s)
[epoch  18/60] train_loss=1.0785 val_loss=1.1176 val_score=3.8038 (72s)
[epoch  19/60] train_loss=1.0729 val_loss=1.1210 val_score=3.7904 (76s)
[epoch  20/60] train_loss=1.0697 val_loss=1.1160 val_score=3.8669 (79s)
[epoch  21/60] train_loss=1.0669 val_loss=1.1088 val_score=3.8298 (82s)
[epoch  22/60] train_loss=1.0622 val_loss=1.1147 val_score=3.8267 (85s)
[epoch  23/60] train_loss=1.0576 val_loss=1.1065 val_score=3.8639 (88s)
[epoch  24/60] train_loss=1.0555 val_loss=1.1062 val_score=3.7956 (91s)
[epoch  25/60] train_loss=1.0482 val_loss=1.1020 val_score=3.8340 (94s)
[epoch  26/60] train_loss=1.0500 val_loss=1.1179 val_score=3.8727 (96s)
[epoch  27/60] train_loss=1.0425 val_loss=1.1027 val_score=3.8810 (99s)
[epoch  28/60] train_loss=1.0400 val_loss=1.1039 val_score=3.9367 (102s)
[epoch  29/60] train_loss=1.0336 val_loss=1.1020 val_score=3.8782 (105s)
[epoch  30/60] train_loss=1.0330 val_loss=1.1006 val_score=3.9196 (107s)
[epoch  31/60] train_loss=1.0305 val_loss=1.1058 val_score=3.9161 (110s)
[epoch  32/60] train_loss=1.0288 val_loss=1.1134 val_score=3.9342 (113s)
[epoch  33/60] train_loss=1.0237 val_loss=1.0958 val_score=3.9035 (116s)
[epoch  34/60] train_loss=1.0211 val_loss=1.1047 val_score=3.8988 (118s)
[epoch  35/60] train_loss=1.0182 val_loss=1.1083 val_score=3.9119 (121s)
[epoch  36/60] train_loss=1.0164 val_loss=1.1064 val_score=3.9005 (124s)
[epoch  37/60] train_loss=1.0098 val_loss=1.0981 val_score=3.9910 (126s)
[epoch  38/60] train_loss=1.0081 val_loss=1.1171 val_score=3.9367 (129s)
[epoch  39/60] train_loss=1.0078 val_loss=1.0973 val_score=3.9340 (132s)
[epoch  40/60] train_loss=1.0045 val_loss=1.0983 val_score=3.8918 (135s)
[epoch  41/60] train_loss=1.0018 val_loss=1.0945 val_score=3.8885 (137s)
[epoch  42/60] train_loss=1.0001 val_loss=1.1003 val_score=3.9663 (140s)
[epoch  43/60] train_loss=0.9933 val_loss=1.1174 val_score=3.9542 (143s)
[epoch  44/60] train_loss=0.9920 val_loss=1.0977 val_score=3.9530 (145s)
[epoch  45/60] train_loss=0.9882 val_loss=1.0932 val_score=3.9316 (148s)
[epoch  46/60] train_loss=0.9905 val_loss=1.0934 val_score=3.9652 (151s)
[epoch  47/60] train_loss=0.9881 val_loss=1.0858 val_score=3.9813 (153s)
[epoch  48/60] train_loss=0.9832 val_loss=1.0928 val_score=3.9870 (156s)
[epoch  49/60] train_loss=0.9786 val_loss=1.0925 val_score=4.0128 (159s)
[epoch  50/60] train_loss=0.9760 val_loss=1.1211 val_score=3.9776 (162s)
[epoch  51/60] train_loss=0.9755 val_loss=1.0957 val_score=4.0036 (164s)
[epoch  52/60] train_loss=0.9711 val_loss=1.0873 val_score=3.9901 (167s)
[epoch  53/60] train_loss=0.9701 val_loss=1.0906 val_score=3.9796 (170s)
[epoch  54/60] train_loss=0.9722 val_loss=1.0932 val_score=4.0029 (172s)
[epoch  55/60] train_loss=0.9667 val_loss=1.1211 val_score=3.9639 (175s)
[epoch  56/60] train_loss=0.9698 val_loss=1.0919 val_score=3.9860 (178s)
[epoch  57/60] train_loss=0.9647 val_loss=1.1029 val_score=3.9957 (180s)
[epoch  58/60] train_loss=0.9626 val_loss=1.0927 val_score=3.9883 (183s)
[epoch  59/60] train_loss=0.9599 val_loss=1.0989 val_score=4.0214 (186s)
[epoch  60/60] train_loss=0.9576 val_loss=1.0938 val_score=4.0020 (189s)
最佳 checkpoint 来自 epoch 59，验证集选模分 4.0214
per-label 阈值标定完成
解码调优（目标=f1）:
  cartridge -> {'mode': 'threshold', 'k_scale': 1.0, 'k_min': 1, 'k_max': 42, 'thr_shift': 0.0, 'ensure_nonempty': False, 'count_quantile': None}  目标值=0.4626
  solvent   -> {'mode': 'threshold', 'k_scale': 1.0, 'k_min': 0, 'k_max': 378, 'thr_shift': 0.0, 'ensure_nonempty': False, 'count_quantile': None} gate=True  目标值=0.4661
验证集（调优后）选模分 4.0885，链路正确率 0.4215

=== 测试集（基数感知解码）===
样本数 1145（有流程信息 1043，无流程信息 102）
Hit@1 可校验子集大小 112

Hit@1 旧口径（两处免检都在）      : 0.3467
Hit@1 去掉无流程信息免检          : 0.3586
Hit@1 仅可校验子集（推荐主指标）  : 0.4821
Hit@1 缺 ratio 标注判失败（最严） : 0.0518
前三段链路正确率（不看 ratio）    : 0.4142

StrictAcc 旧口径 / 仅有流程信息   : 0.0009 / 0.0000
SSS 旧口径 / 仅有流程信息         : 0.4736 / 0.4383
HC 旧口径 / 仅有流程信息          : 0.9107 / 0.9020
GUS                               : 58.2601

Hit@1 失败原因（对全部样本计数，互斥）：
  cartridge top-1 错     : 572
  step top-1 错          : 3
  solvent top-1 错       : 115
  ratio 超差             : 58
  ratio 无标注(旧口径免检): 320
  无流程信息(旧口径免检)  : 23

预测集合大小： {'cartridge_pred_mean': 6.7807860262008735, 'cartridge_true_mean': 3.274235725402832, 'solvent_pred_mean': 25.13902205177373, 'solvent_true_mean': 15.235857963562012}

全部结果已写入 output/screen21/R7_asl_sol_seed42
