样本数 11441  切分 train/val/test = 9152/1144/1145
输入维度 21（21 维描述符，未启用官能团）
cartridge 类别 42  步骤 5  溶剂组合词表 378
/Users/zysu/Library/Python/3.9/lib/python/site-packages/torch/utils/data/dataloader.py:666: UserWarning: 'pin_memory' argument is set as true but no accelerator is found, then device pinned memory won't be used.
  warnings.warn(warn_msg)
[epoch   1/60] train_loss=3.8923 val_loss=3.7427 val_score=3.4702 (3s)
[epoch   2/60] train_loss=3.6226 val_loss=3.6457 val_score=3.5343 (5s)
[epoch   3/60] train_loss=3.5449 val_loss=3.5732 val_score=3.4948 (8s)
[epoch   4/60] train_loss=3.4816 val_loss=3.5082 val_score=3.6419 (10s)
[epoch   5/60] train_loss=3.4137 val_loss=3.4524 val_score=3.6547 (13s)
[epoch   6/60] train_loss=3.3705 val_loss=3.4105 val_score=3.6773 (15s)
[epoch   7/60] train_loss=3.3260 val_loss=3.3854 val_score=3.6644 (18s)
[epoch   8/60] train_loss=3.2941 val_loss=3.3401 val_score=3.6586 (20s)
[epoch   9/60] train_loss=3.2617 val_loss=3.3176 val_score=3.7388 (23s)
[epoch  10/60] train_loss=3.2289 val_loss=3.2792 val_score=3.7380 (25s)
[epoch  11/60] train_loss=3.2079 val_loss=3.2657 val_score=3.7276 (28s)
[epoch  12/60] train_loss=3.1872 val_loss=3.2517 val_score=3.7514 (30s)
[epoch  13/60] train_loss=3.1631 val_loss=3.2303 val_score=3.6593 (33s)
[epoch  14/60] train_loss=3.1475 val_loss=3.2192 val_score=3.7227 (35s)
[epoch  15/60] train_loss=3.1264 val_loss=3.2065 val_score=3.7330 (38s)
[epoch  16/60] train_loss=3.1104 val_loss=3.1838 val_score=3.7277 (40s)
[epoch  17/60] train_loss=3.0940 val_loss=3.1664 val_score=3.7128 (43s)
[epoch  18/60] train_loss=3.0740 val_loss=3.1677 val_score=3.7449 (45s)
[epoch  19/60] train_loss=3.0606 val_loss=3.1416 val_score=3.6988 (48s)
[epoch  20/60] train_loss=3.0493 val_loss=3.1510 val_score=3.7585 (50s)
[epoch  21/60] train_loss=3.0386 val_loss=3.1304 val_score=3.7596 (53s)
[epoch  22/60] train_loss=3.0273 val_loss=3.1117 val_score=3.7356 (56s)
[epoch  23/60] train_loss=3.0114 val_loss=3.1056 val_score=3.7226 (58s)
[epoch  24/60] train_loss=2.9967 val_loss=3.0994 val_score=3.7635 (61s)
[epoch  25/60] train_loss=2.9882 val_loss=3.0893 val_score=3.7313 (63s)
[epoch  26/60] train_loss=2.9734 val_loss=3.0941 val_score=3.7491 (66s)
[epoch  27/60] train_loss=2.9599 val_loss=3.0781 val_score=3.7880 (68s)
[epoch  28/60] train_loss=2.9488 val_loss=3.0759 val_score=3.7567 (71s)
[epoch  29/60] train_loss=2.9457 val_loss=3.0648 val_score=3.8393 (73s)
[epoch  30/60] train_loss=2.9286 val_loss=3.0645 val_score=3.7560 (76s)
[epoch  31/60] train_loss=2.9240 val_loss=3.0612 val_score=3.8034 (79s)
[epoch  32/60] train_loss=2.9153 val_loss=3.0489 val_score=3.7362 (81s)
[epoch  33/60] train_loss=2.9066 val_loss=3.0532 val_score=3.8168 (84s)
[epoch  34/60] train_loss=2.8926 val_loss=3.0499 val_score=3.8350 (86s)
[epoch  35/60] train_loss=2.8830 val_loss=3.0417 val_score=3.8114 (89s)
[epoch  36/60] train_loss=2.8715 val_loss=3.0281 val_score=3.8296 (91s)
[epoch  37/60] train_loss=2.8671 val_loss=3.0556 val_score=3.8240 (94s)
[epoch  38/60] train_loss=2.8587 val_loss=3.0385 val_score=3.8335 (96s)
[epoch  39/60] train_loss=2.8512 val_loss=3.0208 val_score=3.8204 (99s)
[epoch  40/60] train_loss=2.8402 val_loss=3.0168 val_score=3.8484 (101s)
[epoch  41/60] train_loss=2.8350 val_loss=3.0324 val_score=3.8433 (104s)
[epoch  42/60] train_loss=2.8276 val_loss=3.0166 val_score=3.8830 (106s)
[epoch  43/60] train_loss=2.8260 val_loss=3.0121 val_score=3.8463 (109s)
[epoch  44/60] train_loss=2.8115 val_loss=3.0224 val_score=3.8150 (111s)
[epoch  45/60] train_loss=2.8079 val_loss=3.0064 val_score=3.8722 (114s)
[epoch  46/60] train_loss=2.8024 val_loss=2.9967 val_score=3.7716 (116s)
[epoch  47/60] train_loss=2.7977 val_loss=2.9928 val_score=3.8627 (119s)
[epoch  48/60] train_loss=2.7912 val_loss=2.9980 val_score=3.8341 (122s)
[epoch  49/60] train_loss=2.7854 val_loss=2.9890 val_score=3.8224 (124s)
[epoch  50/60] train_loss=2.7800 val_loss=2.9944 val_score=3.8163 (127s)
[epoch  51/60] train_loss=2.7684 val_loss=2.9864 val_score=3.8862 (129s)
[epoch  52/60] train_loss=2.7609 val_loss=2.9730 val_score=3.8780 (132s)
[epoch  53/60] train_loss=2.7540 val_loss=2.9935 val_score=3.8387 (134s)
[epoch  54/60] train_loss=2.7556 val_loss=2.9694 val_score=3.8626 (137s)
[epoch  55/60] train_loss=2.7484 val_loss=2.9717 val_score=3.8596 (139s)
[epoch  56/60] train_loss=2.7357 val_loss=2.9745 val_score=3.8731 (142s)
[epoch  57/60] train_loss=2.7291 val_loss=2.9523 val_score=3.9030 (144s)
[epoch  58/60] train_loss=2.7305 val_loss=2.9745 val_score=3.8291 (147s)
[epoch  59/60] train_loss=2.7177 val_loss=2.9749 val_score=3.8492 (149s)
[epoch  60/60] train_loss=2.7164 val_loss=2.9779 val_score=3.8715 (152s)
最佳 checkpoint 来自 epoch 57，验证集选模分 3.9030
per-label 阈值标定完成
解码调优（目标=f1）:
  cartridge -> {'mode': 'threshold', 'k_scale': 1.0, 'k_min': 1, 'k_max': 42, 'thr_shift': 0.0, 'ensure_nonempty': False, 'count_quantile': None}  目标值=0.4686
  solvent   -> {'mode': 'threshold', 'k_scale': 1.0, 'k_min': 0, 'k_max': 378, 'thr_shift': 0.0, 'ensure_nonempty': False, 'count_quantile': None} gate=True  目标值=0.4138
验证集（调优后）选模分 4.0358，链路正确率 0.4061

=== 测试集（基数感知解码）===
样本数 1145（有流程信息 1043，无流程信息 102）
Hit@1 可校验子集大小 115

Hit@1 旧口径（两处免检都在）      : 0.3659
Hit@1 去掉无流程信息免检          : 0.3778
Hit@1 仅可校验子集（推荐主指标）  : 0.5739
Hit@1 缺 ratio 标注判失败（最严） : 0.0633
前三段链路正确率（不看 ratio）    : 0.4247

StrictAcc 旧口径 / 仅有流程信息   : 0.0009 / 0.0000
SSS 旧口径 / 仅有流程信息         : 0.4864 / 0.4525
HC 旧口径 / 仅有流程信息          : 0.9142 / 0.9058
GUS                               : 58.5776

Hit@1 失败原因（对全部样本计数，互斥）：
  cartridge top-1 错     : 557
  step top-1 错          : 3
  solvent top-1 错       : 117
  ratio 超差             : 49
  ratio 无标注(旧口径免检): 328
  无流程信息(旧口径免检)  : 25

预测集合大小： {'cartridge_pred_mean': 6.14410480349345, 'cartridge_true_mean': 3.274235725402832, 'solvent_pred_mean': 32.06232023010546, 'solvent_true_mean': 15.235857963562012}

全部结果已写入 output/screen21/R8_ratio_bucket_seed42
