样本数 11441  切分 train/val/test = 9152/1144/1145
输入维度 21（21 维描述符，未启用官能团）
cartridge 类别 42  步骤 5  溶剂组合词表 378
/Users/zysu/Library/Python/3.9/lib/python/site-packages/torch/utils/data/dataloader.py:666: UserWarning: 'pin_memory' argument is set as true but no accelerator is found, then device pinned memory won't be used.
  warnings.warn(warn_msg)
[epoch   1/60] train_loss=1.2498 val_loss=0.9338 val_score=3.4370 (3s)
[epoch   2/60] train_loss=0.6904 val_loss=0.4777 val_score=3.4504 (5s)
[epoch   3/60] train_loss=0.2516 val_loss=0.0667 val_score=3.4853 (8s)
[epoch   4/60] train_loss=-0.1687 val_loss=-0.3412 val_score=3.4248 (11s)
[epoch   5/60] train_loss=-0.5593 val_loss=-0.6927 val_score=3.5028 (14s)
[epoch   6/60] train_loss=-0.9112 val_loss=-1.0239 val_score=3.5317 (16s)
[epoch   7/60] train_loss=-1.2286 val_loss=-1.3176 val_score=3.5101 (19s)
[epoch   8/60] train_loss=-1.5193 val_loss=-1.5657 val_score=3.4799 (22s)
[epoch   9/60] train_loss=-1.7777 val_loss=-1.7973 val_score=3.4097 (25s)
[epoch  10/60] train_loss=-2.0139 val_loss=-2.0176 val_score=3.3945 (27s)
[epoch  11/60] train_loss=-2.2249 val_loss=-2.2063 val_score=3.3604 (30s)
[epoch  12/60] train_loss=-2.4110 val_loss=-2.3767 val_score=3.2368 (33s)
[epoch  13/60] train_loss=-2.5844 val_loss=-2.5423 val_score=3.3967 (35s)
[epoch  14/60] train_loss=-2.7391 val_loss=-2.7162 val_score=3.3430 (38s)
[epoch  15/60] train_loss=-2.8971 val_loss=-2.7938 val_score=3.4361 (41s)
[epoch  16/60] train_loss=-3.0306 val_loss=-2.9140 val_score=3.3743 (44s)
[epoch  17/60] train_loss=-3.1416 val_loss=-3.0146 val_score=3.4002 (46s)
[epoch  18/60] train_loss=-3.2553 val_loss=-3.0949 val_score=3.3181 (49s)
[epoch  19/60] train_loss=-3.3316 val_loss=-3.1754 val_score=3.3258 (52s)
[epoch  20/60] train_loss=-3.4246 val_loss=-3.2211 val_score=3.3749 (55s)
[epoch  21/60] train_loss=-3.4985 val_loss=-3.2540 val_score=3.4282 (57s)
[epoch  22/60] train_loss=-3.5666 val_loss=-3.3057 val_score=3.2931 (60s)
[epoch  23/60] train_loss=-3.6256 val_loss=-3.3774 val_score=3.4984 (63s)
[epoch  24/60] train_loss=-3.6588 val_loss=-3.4023 val_score=3.2857 (65s)
[epoch  25/60] train_loss=-3.7238 val_loss=-3.3845 val_score=3.4329 (68s)
[epoch  26/60] train_loss=-3.7578 val_loss=-3.3892 val_score=3.4023 (72s)
[epoch  27/60] train_loss=-3.7995 val_loss=-3.4124 val_score=3.3909 (75s)
[epoch  28/60] train_loss=-3.8260 val_loss=-3.4198 val_score=3.3817 (78s)
[epoch  29/60] train_loss=-3.8694 val_loss=-3.4008 val_score=3.3475 (81s)
[epoch  30/60] train_loss=-3.8767 val_loss=-3.4105 val_score=3.3813 (84s)
[epoch  31/60] train_loss=-3.9206 val_loss=-3.3796 val_score=3.3172 (86s)
[epoch  32/60] train_loss=-3.9186 val_loss=-3.4314 val_score=3.3838 (89s)
[epoch  33/60] train_loss=-3.9445 val_loss=-3.4880 val_score=3.3213 (92s)
[epoch  34/60] train_loss=-3.9806 val_loss=-3.4237 val_score=3.4286 (95s)
[epoch  35/60] train_loss=-3.9912 val_loss=-3.4139 val_score=3.3309 (98s)
[epoch  36/60] train_loss=-4.0064 val_loss=-3.4389 val_score=3.3493 (100s)
[epoch  37/60] train_loss=-4.0358 val_loss=-3.4697 val_score=3.4471 (103s)
[epoch  38/60] train_loss=-4.0643 val_loss=-3.4152 val_score=3.3853 (106s)
[epoch  39/60] train_loss=-4.0827 val_loss=-3.3925 val_score=3.3314 (109s)
[epoch  40/60] train_loss=-4.0966 val_loss=-3.4068 val_score=3.3057 (111s)
[epoch  41/60] train_loss=-4.1132 val_loss=-3.4354 val_score=3.3453 (114s)
[epoch  42/60] train_loss=-4.1331 val_loss=-3.3612 val_score=3.3413 (117s)
[epoch  43/60] train_loss=-4.1545 val_loss=-3.4202 val_score=3.3721 (119s)
[epoch  44/60] train_loss=-4.1667 val_loss=-3.4322 val_score=3.4178 (122s)
[epoch  45/60] train_loss=-4.1875 val_loss=-3.4658 val_score=3.3570 (125s)
[epoch  46/60] train_loss=-4.1719 val_loss=-3.4184 val_score=3.3762 (128s)
[epoch  47/60] train_loss=-4.2171 val_loss=-3.4441 val_score=3.3609 (130s)
[epoch  48/60] train_loss=-4.2189 val_loss=-3.4242 val_score=3.4141 (133s)
[epoch  49/60] train_loss=-4.2443 val_loss=-3.3728 val_score=3.4029 (136s)
[epoch  50/60] train_loss=-4.2857 val_loss=-3.3791 val_score=3.3489 (138s)
[epoch  51/60] train_loss=-4.2797 val_loss=-3.4364 val_score=3.4394 (141s)
[epoch  52/60] train_loss=-4.2926 val_loss=-3.3688 val_score=3.4240 (144s)
[epoch  53/60] train_loss=-4.3124 val_loss=-3.4148 val_score=3.3374 (147s)
[epoch  54/60] train_loss=-4.3144 val_loss=-3.4412 val_score=3.4329 (149s)
[epoch  55/60] train_loss=-4.3537 val_loss=-3.2958 val_score=3.4125 (152s)
[epoch  56/60] train_loss=-4.3463 val_loss=-3.4586 val_score=3.4079 (155s)
[epoch  57/60] train_loss=-4.3513 val_loss=-3.4799 val_score=3.4089 (157s)
[epoch  58/60] train_loss=-4.3642 val_loss=-3.4253 val_score=3.4736 (160s)
[epoch  59/60] train_loss=-4.3930 val_loss=-3.3823 val_score=3.4646 (163s)
[epoch  60/60] train_loss=-4.3971 val_loss=-3.3928 val_score=3.4070 (166s)
最佳 checkpoint 来自 epoch 6，验证集选模分 3.5317
per-label 阈值标定完成
解码调优（目标=f1）:
  cartridge -> {'mode': 'threshold', 'k_scale': 1.0, 'k_min': 1, 'k_max': 42, 'thr_shift': 0.05, 'ensure_nonempty': False, 'count_quantile': None}  目标值=0.3998
  solvent   -> {'mode': 'threshold', 'k_scale': 1.0, 'k_min': 0, 'k_max': 378, 'thr_shift': 0.05, 'ensure_nonempty': False, 'count_quantile': None} gate=True  目标值=0.3260
验证集（调优后）选模分 3.6177，链路正确率 0.3496

=== 测试集（基数感知解码）===
样本数 1145（有流程信息 1043，无流程信息 102）
Hit@1 可校验子集大小 96

Hit@1 旧口径（两处免检都在）      : 0.2524
Hit@1 去掉无流程信息免检          : 0.2598
Hit@1 仅可校验子集（推荐主指标）  : 0.2188
Hit@1 缺 ratio 标注判失败（最严） : 0.0201
前三段链路正确率（不看 ratio）    : 0.3317

StrictAcc 旧口径 / 仅有流程信息   : 0.0017 / 0.0000
SSS 旧口径 / 仅有流程信息         : 0.4306 / 0.3915
HC 旧口径 / 仅有流程信息          : 0.8968 / 0.8867
GUS                               : 51.7807

Hit@1 失败原因（对全部样本计数，互斥）：
  cartridge top-1 错     : 657
  step top-1 错          : 3
  solvent top-1 错       : 121
  ratio 超差             : 75
  ratio 无标注(旧口径免检): 250
  无流程信息(旧口径免检)  : 18

预测集合大小： {'cartridge_pred_mean': 5.020960698689956, 'cartridge_true_mean': 3.274235725402832, 'solvent_pred_mean': 24.59443911792905, 'solvent_true_mean': 15.235857963562012}

全部结果已写入 output/screen21/R9_uncertainty_seed42
