样本数 11441  切分 train/val/test = 9152/1144/1145
输入维度 21（21 维描述符，未启用官能团）
cartridge 类别 42  步骤 5  溶剂组合词表 378
/Users/zysu/Library/Python/3.9/lib/python/site-packages/torch/utils/data/dataloader.py:666: UserWarning: 'pin_memory' argument is set as true but no accelerator is found, then device pinned memory won't be used.
  warnings.warn(warn_msg)
[epoch   1/60] train_loss=9.3300 val_loss=8.9093 val_score=3.4779 (4s)
[epoch   2/60] train_loss=8.7572 val_loss=8.6821 val_score=3.5535 (7s)
[epoch   3/60] train_loss=8.6045 val_loss=8.5750 val_score=3.6746 (11s)
[epoch   4/60] train_loss=8.5024 val_loss=8.4843 val_score=3.7106 (15s)
[epoch   5/60] train_loss=8.3946 val_loss=8.3960 val_score=3.7921 (18s)
[epoch   6/60] train_loss=8.3071 val_loss=8.3235 val_score=3.7803 (22s)
[epoch   7/60] train_loss=8.2332 val_loss=8.2666 val_score=3.8631 (25s)
[epoch   8/60] train_loss=8.1623 val_loss=8.2146 val_score=3.8516 (30s)
[epoch   9/60] train_loss=8.0934 val_loss=8.1625 val_score=3.9047 (33s)
[epoch  10/60] train_loss=8.0335 val_loss=8.1182 val_score=3.9602 (37s)
[epoch  11/60] train_loss=7.9899 val_loss=8.0487 val_score=3.9401 (41s)
[epoch  12/60] train_loss=7.9515 val_loss=8.0208 val_score=3.9980 (45s)
[epoch  13/60] train_loss=7.9040 val_loss=8.0189 val_score=3.9159 (49s)
[epoch  14/60] train_loss=7.8780 val_loss=7.9810 val_score=3.9187 (52s)
[epoch  15/60] train_loss=7.8389 val_loss=7.9341 val_score=4.0186 (56s)
[epoch  16/60] train_loss=7.7957 val_loss=7.9209 val_score=4.0013 (59s)
[epoch  17/60] train_loss=7.7645 val_loss=7.9132 val_score=3.9626 (63s)
[epoch  18/60] train_loss=7.7248 val_loss=7.9195 val_score=3.9322 (67s)
[epoch  19/60] train_loss=7.6908 val_loss=7.8802 val_score=3.9702 (70s)
[epoch  20/60] train_loss=7.6680 val_loss=7.8693 val_score=3.9467 (74s)
[epoch  21/60] train_loss=7.6384 val_loss=7.8731 val_score=3.9651 (78s)
[epoch  22/60] train_loss=7.6145 val_loss=7.8173 val_score=4.0196 (83s)
[epoch  23/60] train_loss=7.5791 val_loss=7.8021 val_score=3.9468 (87s)
[epoch  24/60] train_loss=7.5372 val_loss=7.7965 val_score=4.0098 (90s)
[epoch  25/60] train_loss=7.5142 val_loss=7.7762 val_score=4.0048 (94s)
[epoch  26/60] train_loss=7.4965 val_loss=7.7551 val_score=4.0217 (98s)
[epoch  27/60] train_loss=7.4648 val_loss=7.7465 val_score=4.0507 (102s)
[epoch  28/60] train_loss=7.4280 val_loss=7.7566 val_score=4.0045 (106s)
[epoch  29/60] train_loss=7.4228 val_loss=7.7456 val_score=4.0038 (110s)
[epoch  30/60] train_loss=7.4052 val_loss=7.7126 val_score=4.0537 (114s)
[epoch  31/60] train_loss=7.3754 val_loss=7.6853 val_score=4.0807 (117s)
[epoch  32/60] train_loss=7.3479 val_loss=7.6602 val_score=4.1079 (122s)
[epoch  33/60] train_loss=7.3316 val_loss=7.6679 val_score=4.0745 (127s)
[epoch  34/60] train_loss=7.3065 val_loss=7.6847 val_score=4.1030 (131s)
[epoch  35/60] train_loss=7.2908 val_loss=7.6609 val_score=4.0395 (136s)
[epoch  36/60] train_loss=7.2740 val_loss=7.6534 val_score=4.1072 (140s)
[epoch  37/60] train_loss=7.2408 val_loss=7.6523 val_score=4.1028 (144s)
[epoch  38/60] train_loss=7.2202 val_loss=7.6503 val_score=4.1137 (148s)
[epoch  39/60] train_loss=7.2081 val_loss=7.6350 val_score=4.0923 (152s)
[epoch  40/60] train_loss=7.1891 val_loss=7.6310 val_score=4.1187 (156s)
[epoch  41/60] train_loss=7.1650 val_loss=7.6158 val_score=4.1686 (161s)
[epoch  42/60] train_loss=7.1528 val_loss=7.6349 val_score=4.0791 (165s)
[epoch  43/60] train_loss=7.1225 val_loss=7.6177 val_score=4.1130 (169s)
[epoch  44/60] train_loss=7.1029 val_loss=7.6016 val_score=4.1630 (173s)
[epoch  45/60] train_loss=7.0898 val_loss=7.6068 val_score=4.1570 (178s)
[epoch  46/60] train_loss=7.0590 val_loss=7.5933 val_score=4.1340 (182s)
[epoch  47/60] train_loss=7.0595 val_loss=7.5937 val_score=4.1476 (186s)
[epoch  48/60] train_loss=7.0421 val_loss=7.5601 val_score=4.1780 (191s)
[epoch  49/60] train_loss=7.0170 val_loss=7.5752 val_score=4.1308 (195s)
[epoch  50/60] train_loss=7.0153 val_loss=7.5739 val_score=4.1625 (199s)
[epoch  51/60] train_loss=6.9835 val_loss=7.5830 val_score=4.1240 (203s)
[epoch  52/60] train_loss=6.9860 val_loss=7.5941 val_score=4.1474 (208s)
[epoch  53/60] train_loss=6.9643 val_loss=7.5533 val_score=4.1373 (211s)
[epoch  54/60] train_loss=6.9475 val_loss=7.5423 val_score=4.1477 (215s)
[epoch  55/60] train_loss=6.9255 val_loss=7.5206 val_score=4.1602 (219s)
[epoch  56/60] train_loss=6.9180 val_loss=7.5262 val_score=4.1390 (223s)
[epoch  57/60] train_loss=6.8953 val_loss=7.5081 val_score=4.1772 (227s)
[epoch  58/60] train_loss=6.8876 val_loss=7.5349 val_score=4.1811 (230s)
[epoch  59/60] train_loss=6.8585 val_loss=7.5287 val_score=4.1596 (234s)
[epoch  60/60] train_loss=6.8655 val_loss=7.5322 val_score=4.1516 (238s)
最佳 checkpoint 来自 epoch 58，验证集选模分 4.1811
per-label 阈值标定完成
解码调优（目标=f1）:
  cartridge -> {'mode': 'threshold', 'k_scale': 1.0, 'k_min': 1, 'k_max': 42, 'thr_shift': 0.0, 'ensure_nonempty': False, 'count_quantile': None}  目标值=0.4701
  solvent   -> {'mode': 'threshold', 'k_scale': 1.0, 'k_min': 0, 'k_max': 378, 'thr_shift': 0.0, 'ensure_nonempty': False, 'count_quantile': None} gate=True  目标值=0.4588
验证集（调优后）选模分 4.2328，链路正确率 0.4464

=== 测试集（基数感知解码）===
样本数 1145（有流程信息 1043，无流程信息 102）
Hit@1 可校验子集大小 149

Hit@1 旧口径（两处免检都在）      : 0.4349
Hit@1 去掉无流程信息免检          : 0.4449
Hit@1 仅可校验子集（推荐主指标）  : 0.7181
Hit@1 缺 ratio 标注判失败（最严） : 0.1026
前三段链路正确率（不看 ratio）    : 0.4851

StrictAcc 旧口径 / 仅有流程信息   : 0.0000 / 0.0000
SSS 旧口径 / 仅有流程信息         : 0.5004 / 0.4675
HC 旧口径 / 仅有流程信息          : 0.9162 / 0.9080
GUS                               : 60.2310

Hit@1 失败原因（对全部样本计数，互斥）：
  cartridge top-1 错     : 473
  step top-1 错          : 2
  solvent top-1 错       : 130
  ratio 超差             : 42
  ratio 无标注(旧口径免检): 357
  无流程信息(旧口径免检)  : 34

预测集合大小： {'cartridge_pred_mean': 6.862882096069869, 'cartridge_true_mean': 3.274235725402832, 'solvent_pred_mean': 26.491850431447748, 'solvent_true_mean': 15.235857963562012}

全部结果已写入 output/improve21/s1_C12_rank_gauss_init42
