样本数 11441  切分 train/val/test = 9152/1144/1145
输入维度 21（21 维描述符，未启用官能团）
cartridge 类别 42  步骤 5  溶剂组合词表 378
/Users/zysu/Library/Python/3.9/lib/python/site-packages/torch/utils/data/dataloader.py:666: UserWarning: 'pin_memory' argument is set as true but no accelerator is found, then device pinned memory won't be used.
  warnings.warn(warn_msg)
[epoch   1/60] train_loss=4.9712 val_loss=4.7984 val_score=3.6578 (4s)
[epoch   2/60] train_loss=4.6787 val_loss=4.6688 val_score=3.6126 (7s)
[epoch   3/60] train_loss=4.5752 val_loss=4.5859 val_score=3.7598 (11s)
[epoch   4/60] train_loss=4.5003 val_loss=4.5190 val_score=3.7144 (15s)
[epoch   5/60] train_loss=4.4298 val_loss=4.4634 val_score=3.8071 (19s)
[epoch   6/60] train_loss=4.3812 val_loss=4.4183 val_score=3.8388 (22s)
[epoch   7/60] train_loss=4.3345 val_loss=4.3883 val_score=3.9101 (26s)
[epoch   8/60] train_loss=4.2917 val_loss=4.3422 val_score=3.8727 (30s)
[epoch   9/60] train_loss=4.2586 val_loss=4.3120 val_score=3.8703 (34s)
[epoch  10/60] train_loss=4.2236 val_loss=4.2900 val_score=3.9427 (37s)
[epoch  11/60] train_loss=4.1988 val_loss=4.2614 val_score=3.9423 (41s)
[epoch  12/60] train_loss=4.1742 val_loss=4.2423 val_score=3.9200 (45s)
[epoch  13/60] train_loss=4.1472 val_loss=4.2138 val_score=3.9085 (49s)
[epoch  14/60] train_loss=4.1215 val_loss=4.2097 val_score=3.8888 (52s)
[epoch  15/60] train_loss=4.1033 val_loss=4.1921 val_score=3.9669 (56s)
[epoch  16/60] train_loss=4.0831 val_loss=4.1554 val_score=3.9287 (60s)
[epoch  17/60] train_loss=4.0621 val_loss=4.1425 val_score=3.9705 (64s)
[epoch  18/60] train_loss=4.0450 val_loss=4.1544 val_score=3.9997 (68s)
[epoch  19/60] train_loss=4.0205 val_loss=4.1243 val_score=3.9651 (71s)
[epoch  20/60] train_loss=4.0100 val_loss=4.1180 val_score=3.9757 (75s)
[epoch  21/60] train_loss=3.9973 val_loss=4.1090 val_score=3.9974 (79s)
[epoch  22/60] train_loss=3.9773 val_loss=4.0675 val_score=3.9999 (83s)
[epoch  23/60] train_loss=3.9543 val_loss=4.0748 val_score=3.9197 (86s)
[epoch  24/60] train_loss=3.9414 val_loss=4.0643 val_score=4.0107 (90s)
[epoch  25/60] train_loss=3.9301 val_loss=4.0628 val_score=4.0044 (94s)
[epoch  26/60] train_loss=3.9090 val_loss=4.0499 val_score=3.9877 (98s)
[epoch  27/60] train_loss=3.8948 val_loss=4.0427 val_score=4.0541 (101s)
[epoch  28/60] train_loss=3.8853 val_loss=4.0479 val_score=4.0439 (105s)
[epoch  29/60] train_loss=3.8751 val_loss=4.0257 val_score=4.0176 (109s)
[epoch  30/60] train_loss=3.8651 val_loss=4.0102 val_score=4.0505 (113s)
[epoch  31/60] train_loss=3.8566 val_loss=4.0209 val_score=4.0196 (117s)
[epoch  32/60] train_loss=3.8434 val_loss=3.9855 val_score=4.0382 (121s)
[epoch  33/60] train_loss=3.8265 val_loss=3.9824 val_score=4.0355 (124s)
[epoch  34/60] train_loss=3.8213 val_loss=3.9939 val_score=4.1084 (128s)
[epoch  35/60] train_loss=3.8094 val_loss=3.9643 val_score=4.0385 (132s)
[epoch  36/60] train_loss=3.7933 val_loss=3.9687 val_score=4.1071 (136s)
[epoch  37/60] train_loss=3.7873 val_loss=3.9767 val_score=4.0847 (139s)
[epoch  38/60] train_loss=3.7748 val_loss=3.9696 val_score=4.0931 (143s)
[epoch  39/60] train_loss=3.7643 val_loss=3.9668 val_score=4.1349 (147s)
[epoch  40/60] train_loss=3.7562 val_loss=3.9414 val_score=4.1027 (151s)
[epoch  41/60] train_loss=3.7531 val_loss=3.9554 val_score=4.1567 (154s)
[epoch  42/60] train_loss=3.7330 val_loss=3.9766 val_score=4.1104 (158s)
[epoch  43/60] train_loss=3.7272 val_loss=3.9593 val_score=4.1090 (162s)
[epoch  44/60] train_loss=3.7134 val_loss=3.9659 val_score=4.1108 (166s)
[epoch  45/60] train_loss=3.7129 val_loss=3.9403 val_score=4.1624 (169s)
[epoch  46/60] train_loss=3.7049 val_loss=3.9226 val_score=4.1200 (173s)
[epoch  47/60] train_loss=3.7020 val_loss=3.9296 val_score=4.1133 (177s)
[epoch  48/60] train_loss=3.6866 val_loss=3.9202 val_score=4.1797 (181s)
[epoch  49/60] train_loss=3.6782 val_loss=3.9160 val_score=4.0481 (185s)
[epoch  50/60] train_loss=3.6761 val_loss=3.8985 val_score=4.1026 (188s)
[epoch  51/60] train_loss=3.6575 val_loss=3.9018 val_score=4.1651 (192s)
[epoch  52/60] train_loss=3.6614 val_loss=3.9131 val_score=4.1505 (196s)
[epoch  53/60] train_loss=3.6500 val_loss=3.8913 val_score=4.1328 (200s)
[epoch  54/60] train_loss=3.6397 val_loss=3.9245 val_score=4.1421 (203s)
[epoch  55/60] train_loss=3.6423 val_loss=3.9060 val_score=4.1812 (207s)
[epoch  56/60] train_loss=3.6253 val_loss=3.8863 val_score=4.1587 (211s)
[epoch  57/60] train_loss=3.6150 val_loss=3.8896 val_score=4.1551 (215s)
[epoch  58/60] train_loss=3.6116 val_loss=3.8952 val_score=4.1774 (218s)
[epoch  59/60] train_loss=3.6081 val_loss=3.8848 val_score=4.2081 (222s)
[epoch  60/60] train_loss=3.6026 val_loss=3.8911 val_score=4.2029 (227s)
最佳 checkpoint 来自 epoch 59，验证集选模分 4.2081
per-label 阈值标定完成
解码调优（目标=f1）:
  cartridge -> {'mode': 'threshold', 'k_scale': 1.0, 'k_min': 1, 'k_max': 42, 'thr_shift': 0.0, 'ensure_nonempty': False, 'count_quantile': None}  目标值=0.4762
  solvent   -> {'mode': 'threshold', 'k_scale': 1.0, 'k_min': 0, 'k_max': 378, 'thr_shift': 0.0, 'ensure_nonempty': False, 'count_quantile': None} gate=True  目标值=0.4701
验证集（调优后）选模分 4.2751，链路正确率 0.4521

=== 测试集（基数感知解码）===
样本数 1145（有流程信息 1043，无流程信息 102）
Hit@1 可校验子集大小 133

Hit@1 旧口径（两处免检都在）      : 0.3965
Hit@1 去掉无流程信息免检          : 0.4123
Hit@1 仅可校验子集（推荐主指标）  : 0.6015
Hit@1 缺 ratio 标注判失败（最严） : 0.0767
前三段链路正确率（不看 ratio）    : 0.4631

StrictAcc 旧口径 / 仅有流程信息   : 0.0009 / 0.0000
SSS 旧口径 / 仅有流程信息         : 0.5031 / 0.4705
HC 旧口径 / 仅有流程信息          : 0.9120 / 0.9034
GUS                               : 60.3398

Hit@1 失败原因（对全部样本计数，互斥）：
  cartridge top-1 错     : 502
  step top-1 错          : 3
  solvent top-1 错       : 133
  ratio 超差             : 53
  ratio 无标注(旧口径免检): 350
  无流程信息(旧口径免检)  : 24

预测集合大小： {'cartridge_pred_mean': 6.667248908296943, 'cartridge_true_mean': 3.274235725402832, 'solvent_pred_mean': 25.60594439117929, 'solvent_true_mean': 15.235857963562012}

全部结果已写入 output/improve21/s1_C2_robust_init42
