样本数 11441  切分 train/val/test = 9152/1144/1145
输入维度 21（21 维描述符，未启用官能团）
cartridge 类别 42  步骤 5  溶剂组合词表 378
数据划分种子 42，初始化/训练种子 101（划分不受影响）
/Users/zysu/Library/Python/3.9/lib/python/site-packages/torch/utils/data/dataloader.py:666: UserWarning: 'pin_memory' argument is set as true but no accelerator is found, then device pinned memory won't be used.
  warnings.warn(warn_msg)
[epoch   1/60] train_loss=4.9811 val_loss=4.7960 val_score=3.5486 (7s)
[epoch   2/60] train_loss=4.6988 val_loss=4.6861 val_score=3.6111 (14s)
[epoch   3/60] train_loss=4.5890 val_loss=4.6017 val_score=3.7362 (21s)
[epoch   4/60] train_loss=4.5113 val_loss=4.5311 val_score=3.6966 (28s)
[epoch   5/60] train_loss=4.4483 val_loss=4.4860 val_score=3.7238 (35s)
[epoch   6/60] train_loss=4.4026 val_loss=4.4334 val_score=3.7916 (42s)
[epoch   7/60] train_loss=4.3527 val_loss=4.3907 val_score=3.8541 (50s)
[epoch   8/60] train_loss=4.3153 val_loss=4.3564 val_score=3.8503 (56s)
[epoch   9/60] train_loss=4.2844 val_loss=4.3275 val_score=3.8618 (63s)
[epoch  10/60] train_loss=4.2500 val_loss=4.2983 val_score=3.8974 (70s)
[epoch  11/60] train_loss=4.2251 val_loss=4.2757 val_score=3.9161 (77s)
[epoch  12/60] train_loss=4.1924 val_loss=4.2491 val_score=3.9331 (85s)
[epoch  13/60] train_loss=4.1708 val_loss=4.2335 val_score=3.9558 (92s)
[epoch  14/60] train_loss=4.1485 val_loss=4.2054 val_score=3.9586 (99s)
[epoch  15/60] train_loss=4.1301 val_loss=4.1980 val_score=3.9327 (106s)
[epoch  16/60] train_loss=4.1157 val_loss=4.1679 val_score=3.9619 (114s)
[epoch  17/60] train_loss=4.0847 val_loss=4.1623 val_score=3.9466 (121s)
[epoch  18/60] train_loss=4.0704 val_loss=4.1490 val_score=3.9791 (129s)
[epoch  19/60] train_loss=4.0499 val_loss=4.1257 val_score=4.0139 (136s)
[epoch  20/60] train_loss=4.0340 val_loss=4.1193 val_score=3.9794 (143s)
[epoch  21/60] train_loss=4.0143 val_loss=4.1151 val_score=4.0296 (150s)
[epoch  22/60] train_loss=3.9984 val_loss=4.1012 val_score=4.0427 (158s)
[epoch  23/60] train_loss=3.9803 val_loss=4.0845 val_score=4.0184 (165s)
[epoch  24/60] train_loss=3.9673 val_loss=4.0637 val_score=4.0040 (172s)
[epoch  25/60] train_loss=3.9508 val_loss=4.0687 val_score=4.0463 (180s)
[epoch  26/60] train_loss=3.9378 val_loss=4.0560 val_score=4.0327 (187s)
[epoch  27/60] train_loss=3.9223 val_loss=4.0292 val_score=4.0920 (195s)
[epoch  28/60] train_loss=3.9099 val_loss=4.0347 val_score=4.0532 (203s)
[epoch  29/60] train_loss=3.8994 val_loss=4.0405 val_score=4.0217 (211s)
[epoch  30/60] train_loss=3.8862 val_loss=4.0190 val_score=4.0462 (219s)
[epoch  31/60] train_loss=3.8729 val_loss=4.0207 val_score=4.0874 (226s)
[epoch  32/60] train_loss=3.8649 val_loss=4.0237 val_score=4.0985 (233s)
[epoch  33/60] train_loss=3.8519 val_loss=4.0184 val_score=4.0719 (241s)
[epoch  34/60] train_loss=3.8399 val_loss=3.9937 val_score=4.0917 (249s)
[epoch  35/60] train_loss=3.8257 val_loss=4.0048 val_score=4.0570 (257s)
[epoch  36/60] train_loss=3.8243 val_loss=3.9764 val_score=4.0727 (264s)
[epoch  37/60] train_loss=3.8134 val_loss=3.9828 val_score=4.0801 (272s)
[epoch  38/60] train_loss=3.8032 val_loss=3.9748 val_score=4.0711 (279s)
[epoch  39/60] train_loss=3.7930 val_loss=3.9665 val_score=4.0436 (286s)
[epoch  40/60] train_loss=3.7776 val_loss=3.9670 val_score=4.1044 (294s)
[epoch  41/60] train_loss=3.7716 val_loss=3.9655 val_score=4.0933 (302s)
[epoch  42/60] train_loss=3.7552 val_loss=3.9532 val_score=4.0994 (309s)
[epoch  43/60] train_loss=3.7427 val_loss=3.9639 val_score=4.0903 (316s)
[epoch  44/60] train_loss=3.7394 val_loss=3.9541 val_score=4.1182 (323s)
[epoch  45/60] train_loss=3.7289 val_loss=3.9753 val_score=4.1407 (330s)
[epoch  46/60] train_loss=3.7306 val_loss=3.9469 val_score=4.1305 (338s)
[epoch  47/60] train_loss=3.7183 val_loss=3.9525 val_score=4.0968 (345s)
[epoch  48/60] train_loss=3.7112 val_loss=3.9436 val_score=4.0943 (352s)
[epoch  49/60] train_loss=3.6977 val_loss=3.9425 val_score=4.1412 (359s)
[epoch  50/60] train_loss=3.7009 val_loss=3.9297 val_score=4.1497 (366s)
[epoch  51/60] train_loss=3.6918 val_loss=3.9387 val_score=4.1472 (374s)
[epoch  52/60] train_loss=3.6735 val_loss=3.9458 val_score=4.1356 (381s)
[epoch  53/60] train_loss=3.6685 val_loss=3.9690 val_score=4.1778 (389s)
[epoch  54/60] train_loss=3.6650 val_loss=3.9425 val_score=4.1947 (396s)
[epoch  55/60] train_loss=3.6578 val_loss=3.9229 val_score=4.1309 (404s)
[epoch  56/60] train_loss=3.6497 val_loss=3.9287 val_score=4.1631 (411s)
[epoch  57/60] train_loss=3.6370 val_loss=3.9213 val_score=4.1649 (418s)
[epoch  58/60] train_loss=3.6372 val_loss=3.9112 val_score=4.2160 (426s)
[epoch  59/60] train_loss=3.6254 val_loss=3.9286 val_score=4.0969 (433s)
[epoch  60/60] train_loss=3.6139 val_loss=3.9074 val_score=4.2315 (440s)
最佳 checkpoint 来自 epoch 60，验证集选模分 4.2315
per-label 阈值标定完成
解码调优（目标=f1）:
  cartridge -> {'mode': 'threshold', 'k_scale': 1.0, 'k_min': 1, 'k_max': 42, 'thr_shift': 0.0, 'ensure_nonempty': False, 'count_quantile': None}  目标值=0.4821
  solvent   -> {'mode': 'threshold', 'k_scale': 1.0, 'k_min': 0, 'k_max': 378, 'thr_shift': 0.0, 'ensure_nonempty': False, 'count_quantile': None} gate=True  目标值=0.4642
验证集（调优后）选模分 4.2992，链路正确率 0.4598

=== 测试集（基数感知解码）===
样本数 1145（有流程信息 1043，无流程信息 102）
Hit@1 可校验子集大小 129

Hit@1 旧口径（两处免检都在）      : 0.4201
Hit@1 去掉无流程信息免检          : 0.4372
Hit@1 仅可校验子集（推荐主指标）  : 0.6124
Hit@1 缺 ratio 标注判失败（最严） : 0.0757
前三段链路正确率（不看 ratio）    : 0.4851

StrictAcc 旧口径 / 仅有流程信息   : 0.0009 / 0.0000
SSS 旧口径 / 仅有流程信息         : 0.5060 / 0.4738
HC 旧口径 / 仅有流程信息          : 0.9137 / 0.9053
GUS                               : 60.8038

Hit@1 失败原因（对全部样本计数，互斥）：
  cartridge top-1 错     : 495
  step top-1 错          : 2
  solvent top-1 错       : 117
  ratio 超差             : 50
  ratio 无标注(旧口径免检): 377
  无流程信息(旧口径免检)  : 25

预测集合大小： {'cartridge_pred_mean': 6.211353711790393, 'cartridge_true_mean': 3.274235725402832, 'solvent_pred_mean': 24.509108341323106, 'solvent_true_mean': 15.235857963562012}

全部结果已写入 output/improve21/s1_C2_zscore_init101
