样本数 11441  切分 train/val/test = 9152/1144/1145
输入维度 21（21 维描述符，未启用官能团）
cartridge 类别 42  步骤 5  溶剂组合词表 378
/Users/zysu/Library/Python/3.9/lib/python/site-packages/torch/utils/data/dataloader.py:666: UserWarning: 'pin_memory' argument is set as true but no accelerator is found, then device pinned memory won't be used.
  warnings.warn(warn_msg)
[epoch   1/60] train_loss=4.9767 val_loss=4.8023 val_score=3.6184 (2s)
[epoch   2/60] train_loss=4.6871 val_loss=4.6893 val_score=3.6131 (5s)
[epoch   3/60] train_loss=4.5859 val_loss=4.5940 val_score=3.7389 (8s)
[epoch   4/60] train_loss=4.5090 val_loss=4.5292 val_score=3.7888 (10s)
[epoch   5/60] train_loss=4.4393 val_loss=4.4680 val_score=3.7922 (13s)
[epoch   6/60] train_loss=4.3894 val_loss=4.4315 val_score=3.8352 (16s)
[epoch   7/60] train_loss=4.3480 val_loss=4.3969 val_score=3.8634 (18s)
[epoch   8/60] train_loss=4.3070 val_loss=4.3558 val_score=3.8840 (21s)
[epoch   9/60] train_loss=4.2726 val_loss=4.3273 val_score=3.9011 (24s)
[epoch  10/60] train_loss=4.2433 val_loss=4.3036 val_score=3.8944 (27s)
[epoch  11/60] train_loss=4.2210 val_loss=4.2799 val_score=3.9066 (29s)
[epoch  12/60] train_loss=4.1940 val_loss=4.2564 val_score=3.9588 (32s)
[epoch  13/60] train_loss=4.1691 val_loss=4.2298 val_score=3.8893 (35s)
[epoch  14/60] train_loss=4.1513 val_loss=4.2205 val_score=3.8808 (38s)
[epoch  15/60] train_loss=4.1228 val_loss=4.2010 val_score=3.9933 (41s)
[epoch  16/60] train_loss=4.1115 val_loss=4.1868 val_score=3.9176 (43s)
[epoch  17/60] train_loss=4.0830 val_loss=4.1596 val_score=3.9364 (46s)
[epoch  18/60] train_loss=4.0675 val_loss=4.1555 val_score=3.9812 (49s)
[epoch  19/60] train_loss=4.0497 val_loss=4.1459 val_score=3.9537 (52s)
[epoch  20/60] train_loss=4.0385 val_loss=4.1469 val_score=3.9712 (55s)
[epoch  21/60] train_loss=4.0251 val_loss=4.1271 val_score=3.9517 (58s)
[epoch  22/60] train_loss=4.0057 val_loss=4.0965 val_score=3.9595 (61s)
[epoch  23/60] train_loss=3.9861 val_loss=4.0959 val_score=3.9806 (64s)
[epoch  24/60] train_loss=3.9778 val_loss=4.0888 val_score=3.9564 (67s)
[epoch  25/60] train_loss=3.9651 val_loss=4.0833 val_score=3.9955 (71s)
[epoch  26/60] train_loss=3.9441 val_loss=4.0688 val_score=3.9945 (74s)
[epoch  27/60] train_loss=3.9337 val_loss=4.0508 val_score=4.0192 (77s)
[epoch  28/60] train_loss=3.9212 val_loss=4.0583 val_score=4.0288 (80s)
[epoch  29/60] train_loss=3.9128 val_loss=4.0493 val_score=4.0495 (83s)
[epoch  30/60] train_loss=3.9024 val_loss=4.0313 val_score=4.0208 (86s)
[epoch  31/60] train_loss=3.8925 val_loss=4.0374 val_score=4.0334 (89s)
[epoch  32/60] train_loss=3.8791 val_loss=4.0120 val_score=4.0483 (93s)
[epoch  33/60] train_loss=3.8688 val_loss=4.0093 val_score=4.0236 (96s)
[epoch  34/60] train_loss=3.8584 val_loss=4.0236 val_score=4.0521 (99s)
[epoch  35/60] train_loss=3.8415 val_loss=4.0114 val_score=4.0574 (103s)
[epoch  36/60] train_loss=3.8297 val_loss=4.0144 val_score=4.0755 (106s)
[epoch  37/60] train_loss=3.8217 val_loss=4.0058 val_score=4.0486 (110s)
[epoch  38/60] train_loss=3.8152 val_loss=3.9974 val_score=4.0820 (113s)
[epoch  39/60] train_loss=3.8100 val_loss=3.9941 val_score=4.0303 (117s)
[epoch  40/60] train_loss=3.7878 val_loss=3.9938 val_score=4.0868 (121s)
[epoch  41/60] train_loss=3.7896 val_loss=3.9848 val_score=4.1141 (124s)
[epoch  42/60] train_loss=3.7736 val_loss=3.9835 val_score=4.0736 (128s)
[epoch  43/60] train_loss=3.7694 val_loss=3.9766 val_score=4.0666 (132s)
[epoch  44/60] train_loss=3.7587 val_loss=3.9965 val_score=4.0821 (136s)
[epoch  45/60] train_loss=3.7472 val_loss=3.9696 val_score=4.0870 (140s)
[epoch  46/60] train_loss=3.7384 val_loss=3.9495 val_score=4.0912 (144s)
[epoch  47/60] train_loss=3.7356 val_loss=3.9492 val_score=4.1004 (147s)
[epoch  48/60] train_loss=3.7270 val_loss=3.9522 val_score=4.1041 (151s)
[epoch  49/60] train_loss=3.7148 val_loss=3.9386 val_score=4.1038 (155s)
[epoch  50/60] train_loss=3.7108 val_loss=3.9395 val_score=4.1106 (159s)
[epoch  51/60] train_loss=3.7047 val_loss=3.9312 val_score=4.1889 (163s)
[epoch  52/60] train_loss=3.6925 val_loss=3.9168 val_score=4.1271 (167s)
[epoch  53/60] train_loss=3.6845 val_loss=3.9340 val_score=4.1544 (170s)
[epoch  54/60] train_loss=3.6807 val_loss=3.9110 val_score=4.1249 (175s)
[epoch  55/60] train_loss=3.6822 val_loss=3.9136 val_score=4.2032 (179s)
[epoch  56/60] train_loss=3.6642 val_loss=3.9358 val_score=4.1983 (183s)
[epoch  57/60] train_loss=3.6517 val_loss=3.9212 val_score=4.1869 (188s)
[epoch  58/60] train_loss=3.6516 val_loss=3.9395 val_score=4.1530 (192s)
[epoch  59/60] train_loss=3.6416 val_loss=3.9160 val_score=4.2304 (197s)
[epoch  60/60] train_loss=3.6356 val_loss=3.9153 val_score=4.1982 (201s)
最佳 checkpoint 来自 epoch 59，验证集选模分 4.2304
per-label 阈值标定完成
解码调优（目标=f1）:
  cartridge -> {'mode': 'threshold', 'k_scale': 1.0, 'k_min': 1, 'k_max': 42, 'thr_shift': 0.0, 'ensure_nonempty': False, 'count_quantile': None}  目标值=0.4628
  solvent   -> {'mode': 'threshold', 'k_scale': 1.0, 'k_min': 0, 'k_max': 378, 'thr_shift': 0.0, 'ensure_nonempty': False, 'count_quantile': None} gate=True  目标值=0.4650
验证集（调优后）选模分 4.2922，链路正确率 0.4598

=== 测试集（基数感知解码）===
样本数 1145（有流程信息 1043，无流程信息 102）
Hit@1 可校验子集大小 137

Hit@1 旧口径（两处免检都在）      : 0.3948
Hit@1 去掉无流程信息免检          : 0.4056
Hit@1 仅可校验子集（推荐主指标）  : 0.5401
Hit@1 缺 ratio 标注判失败（最严） : 0.0709
前三段链路正确率（不看 ratio）    : 0.4660

StrictAcc 旧口径 / 仅有流程信息   : 0.0000 / 0.0000
SSS 旧口径 / 仅有流程信息         : 0.5009 / 0.4685
HC 旧口径 / 仅有流程信息          : 0.9111 / 0.9024
GUS                               : 60.0273

Hit@1 失败原因（对全部样本计数，互斥）：
  cartridge top-1 错     : 511
  step top-1 错          : 2
  solvent top-1 错       : 117
  ratio 超差             : 63
  ratio 无标注(旧口径免检): 349
  无流程信息(旧口径免检)  : 29

预测集合大小： {'cartridge_pred_mean': 7.085589519650655, 'cartridge_true_mean': 3.274235725402832, 'solvent_pred_mean': 24.44391179290508, 'solvent_true_mean': 15.235857963562012}

全部结果已写入 output/improve21/s1_C2_zscore_init42
