样本数 11441  切分 train/val/test = 9152/1144/1145
输入维度 21（21 维描述符，未启用官能团）
cartridge 类别 42  步骤 5  溶剂组合词表 378
/Users/zysu/Library/Python/3.9/lib/python/site-packages/torch/utils/data/dataloader.py:666: UserWarning: 'pin_memory' argument is set as true but no accelerator is found, then device pinned memory won't be used.
  warnings.warn(warn_msg)
[epoch   1/60] train_loss=9.3482 val_loss=8.9590 val_score=3.4628 (3s)
[epoch   2/60] train_loss=8.8234 val_loss=8.7269 val_score=3.6115 (5s)
[epoch   3/60] train_loss=8.6569 val_loss=8.6123 val_score=3.6300 (8s)
[epoch   4/60] train_loss=8.5440 val_loss=8.5179 val_score=3.7326 (11s)
[epoch   5/60] train_loss=8.4266 val_loss=8.4195 val_score=3.8114 (13s)
[epoch   6/60] train_loss=8.3336 val_loss=8.3489 val_score=3.8020 (16s)
[epoch   7/60] train_loss=8.2614 val_loss=8.2806 val_score=3.8338 (19s)
[epoch   8/60] train_loss=8.1977 val_loss=8.2513 val_score=3.8482 (21s)
[epoch   9/60] train_loss=8.1475 val_loss=8.1896 val_score=3.9079 (24s)
[epoch  10/60] train_loss=8.0822 val_loss=8.1374 val_score=3.9466 (27s)
[epoch  11/60] train_loss=8.0568 val_loss=8.1074 val_score=3.9359 (30s)
[epoch  12/60] train_loss=8.0070 val_loss=8.0635 val_score=3.9597 (33s)
[epoch  13/60] train_loss=7.9584 val_loss=8.0496 val_score=3.9804 (35s)
[epoch  14/60] train_loss=7.9253 val_loss=8.0286 val_score=3.9032 (38s)
[epoch  15/60] train_loss=7.8934 val_loss=7.9922 val_score=3.9525 (41s)
[epoch  16/60] train_loss=7.8574 val_loss=7.9564 val_score=3.9996 (44s)
[epoch  17/60] train_loss=7.8259 val_loss=7.9296 val_score=3.9917 (47s)
[epoch  18/60] train_loss=7.7850 val_loss=7.9428 val_score=3.9839 (50s)
[epoch  19/60] train_loss=7.7668 val_loss=7.9249 val_score=4.0152 (52s)
[epoch  20/60] train_loss=7.7362 val_loss=7.9066 val_score=4.0319 (55s)
[epoch  21/60] train_loss=7.7006 val_loss=7.8877 val_score=4.0280 (58s)
[epoch  22/60] train_loss=7.6747 val_loss=7.8421 val_score=4.0705 (62s)
[epoch  23/60] train_loss=7.6547 val_loss=7.8420 val_score=4.0293 (65s)
[epoch  24/60] train_loss=7.6268 val_loss=7.8169 val_score=4.0289 (68s)
[epoch  25/60] train_loss=7.6101 val_loss=7.7941 val_score=4.0736 (71s)
[epoch  26/60] train_loss=7.5674 val_loss=7.7880 val_score=4.0202 (74s)
[epoch  27/60] train_loss=7.5425 val_loss=7.7574 val_score=4.0744 (77s)
[epoch  28/60] train_loss=7.5243 val_loss=7.7611 val_score=4.0800 (81s)
[epoch  29/60] train_loss=7.5196 val_loss=7.7441 val_score=4.0646 (84s)
[epoch  30/60] train_loss=7.4960 val_loss=7.7328 val_score=4.0502 (87s)
[epoch  31/60] train_loss=7.4529 val_loss=7.7356 val_score=4.1277 (90s)
[epoch  32/60] train_loss=7.4388 val_loss=7.6969 val_score=4.1165 (93s)
[epoch  33/60] train_loss=7.4173 val_loss=7.6804 val_score=4.0803 (97s)
[epoch  34/60] train_loss=7.3972 val_loss=7.6919 val_score=4.0923 (100s)
[epoch  35/60] train_loss=7.3708 val_loss=7.6780 val_score=4.1383 (103s)
[epoch  36/60] train_loss=7.3619 val_loss=7.6627 val_score=4.0947 (107s)
[epoch  37/60] train_loss=7.3294 val_loss=7.6540 val_score=4.0807 (111s)
[epoch  38/60] train_loss=7.3312 val_loss=7.6506 val_score=4.1390 (114s)
[epoch  39/60] train_loss=7.3004 val_loss=7.6273 val_score=4.1331 (118s)
[epoch  40/60] train_loss=7.2622 val_loss=7.6366 val_score=4.1292 (122s)
[epoch  41/60] train_loss=7.2581 val_loss=7.6008 val_score=4.1771 (126s)
[epoch  42/60] train_loss=7.2386 val_loss=7.6105 val_score=4.1630 (129s)
[epoch  43/60] train_loss=7.2302 val_loss=7.6156 val_score=4.0759 (133s)
[epoch  44/60] train_loss=7.1988 val_loss=7.6049 val_score=4.1835 (137s)
[epoch  45/60] train_loss=7.2035 val_loss=7.6043 val_score=4.1116 (141s)
[epoch  46/60] train_loss=7.1798 val_loss=7.5757 val_score=4.1286 (145s)
[epoch  47/60] train_loss=7.1672 val_loss=7.5753 val_score=4.1789 (149s)
[epoch  48/60] train_loss=7.1501 val_loss=7.5624 val_score=4.1917 (152s)
[epoch  49/60] train_loss=7.1370 val_loss=7.5568 val_score=4.1680 (156s)
[epoch  50/60] train_loss=7.1197 val_loss=7.5310 val_score=4.1999 (160s)
[epoch  51/60] train_loss=7.1003 val_loss=7.5442 val_score=4.2290 (164s)
[epoch  52/60] train_loss=7.0961 val_loss=7.5320 val_score=4.1896 (168s)
[epoch  53/60] train_loss=7.0741 val_loss=7.5353 val_score=4.1702 (172s)
[epoch  54/60] train_loss=7.0465 val_loss=7.5495 val_score=4.1611 (176s)
[epoch  55/60] train_loss=7.0561 val_loss=7.5356 val_score=4.2032 (180s)
[epoch  56/60] train_loss=7.0297 val_loss=7.5193 val_score=4.1848 (185s)
[epoch  57/60] train_loss=7.0041 val_loss=7.4888 val_score=4.1871 (190s)
[epoch  58/60] train_loss=7.0046 val_loss=7.5126 val_score=4.1637 (194s)
[epoch  59/60] train_loss=6.9768 val_loss=7.5129 val_score=4.2574 (198s)
[epoch  60/60] train_loss=6.9860 val_loss=7.5012 val_score=4.1887 (202s)
最佳 checkpoint 来自 epoch 59，验证集选模分 4.2574
per-label 阈值标定完成
解码调优（目标=f1）:
  cartridge -> {'mode': 'threshold', 'k_scale': 1.0, 'k_min': 1, 'k_max': 42, 'thr_shift': 0.0, 'ensure_nonempty': False, 'count_quantile': None}  目标值=0.4681
  solvent   -> {'mode': 'threshold', 'k_scale': 1.0, 'k_min': 0, 'k_max': 378, 'thr_shift': 0.0, 'ensure_nonempty': False, 'count_quantile': None} gate=True  目标值=0.4545
验证集（调优后）选模分 4.3136，链路正确率 0.4674

=== 测试集（基数感知解码）===
样本数 1145（有流程信息 1043，无流程信息 102）
Hit@1 可校验子集大小 133

Hit@1 旧口径（两处免检都在）      : 0.4148
Hit@1 去掉无流程信息免检          : 0.4295
Hit@1 仅可校验子集（推荐主指标）  : 0.6316
Hit@1 缺 ratio 标注判失败（最严） : 0.0805
前三段链路正确率（不看 ratio）    : 0.4765

StrictAcc 旧口径 / 仅有流程信息   : 0.0009 / 0.0000
SSS 旧口径 / 仅有流程信息         : 0.4960 / 0.4630
HC 旧口径 / 仅有流程信息          : 0.9135 / 0.9051
GUS                               : 59.9832

Hit@1 失败原因（对全部样本计数，互斥）：
  cartridge top-1 错     : 486
  step top-1 错          : 4
  solvent top-1 错       : 131
  ratio 超差             : 49
  ratio 无标注(旧口径免检): 364
  无流程信息(旧口径免检)  : 27

预测集合大小： {'cartridge_pred_mean': 6.592139737991267, 'cartridge_true_mean': 3.274235725402832, 'solvent_pred_mean': 26.493767976989453, 'solvent_true_mean': 15.235857963562012}

全部结果已写入 output/improve21/s1_C12_zscore_init42
