样本数 11441  切分 train/val/test = 9152/1144/1145
输入维度 21（21 维描述符，未启用官能团）
cartridge 类别 42  步骤 5  溶剂组合词表 378
/Users/zysu/Library/Python/3.9/lib/python/site-packages/torch/utils/data/dataloader.py:666: UserWarning: 'pin_memory' argument is set as true but no accelerator is found, then device pinned memory won't be used.
  warnings.warn(warn_msg)
[epoch   1/60] train_loss=4.9710 val_loss=4.7977 val_score=3.6437 (4s)
[epoch   2/60] train_loss=4.6759 val_loss=4.6666 val_score=3.6967 (7s)
[epoch   3/60] train_loss=4.5694 val_loss=4.5659 val_score=3.7372 (12s)
[epoch   4/60] train_loss=4.4910 val_loss=4.5017 val_score=3.8266 (15s)
[epoch   5/60] train_loss=4.4199 val_loss=4.4436 val_score=3.8597 (19s)
[epoch   6/60] train_loss=4.3711 val_loss=4.4148 val_score=3.8846 (23s)
[epoch   7/60] train_loss=4.3255 val_loss=4.3682 val_score=3.8989 (26s)
[epoch   8/60] train_loss=4.2843 val_loss=4.3392 val_score=3.8836 (30s)
[epoch   9/60] train_loss=4.2499 val_loss=4.3012 val_score=3.9337 (34s)
[epoch  10/60] train_loss=4.2107 val_loss=4.2775 val_score=3.9801 (37s)
[epoch  11/60] train_loss=4.1858 val_loss=4.2516 val_score=3.9661 (41s)
[epoch  12/60] train_loss=4.1633 val_loss=4.2316 val_score=3.9687 (45s)
[epoch  13/60] train_loss=4.1303 val_loss=4.2132 val_score=3.9704 (49s)
[epoch  14/60] train_loss=4.1129 val_loss=4.1889 val_score=3.9247 (52s)
[epoch  15/60] train_loss=4.0866 val_loss=4.1726 val_score=3.9785 (56s)
[epoch  16/60] train_loss=4.0650 val_loss=4.1543 val_score=3.9519 (60s)
[epoch  17/60] train_loss=4.0451 val_loss=4.1372 val_score=3.9773 (63s)
[epoch  18/60] train_loss=4.0227 val_loss=4.1418 val_score=3.9873 (67s)
[epoch  19/60] train_loss=4.0064 val_loss=4.1225 val_score=4.0112 (71s)
[epoch  20/60] train_loss=3.9948 val_loss=4.1112 val_score=3.9744 (75s)
[epoch  21/60] train_loss=3.9765 val_loss=4.1262 val_score=4.0109 (79s)
[epoch  22/60] train_loss=3.9608 val_loss=4.0863 val_score=4.0357 (82s)
[epoch  23/60] train_loss=3.9413 val_loss=4.0802 val_score=3.9638 (86s)
[epoch  24/60] train_loss=3.9298 val_loss=4.0787 val_score=4.0192 (90s)
[epoch  25/60] train_loss=3.9198 val_loss=4.0657 val_score=3.9970 (94s)
[epoch  26/60] train_loss=3.8942 val_loss=4.0741 val_score=4.0253 (98s)
[epoch  27/60] train_loss=3.8800 val_loss=4.0777 val_score=4.0493 (101s)
[epoch  28/60] train_loss=3.8683 val_loss=4.0506 val_score=4.0024 (105s)
[epoch  29/60] train_loss=3.8598 val_loss=4.0432 val_score=4.0606 (109s)
[epoch  30/60] train_loss=3.8506 val_loss=4.0384 val_score=4.0543 (113s)
[epoch  31/60] train_loss=3.8366 val_loss=4.0279 val_score=4.1114 (117s)
[epoch  32/60] train_loss=3.8210 val_loss=4.0261 val_score=4.0267 (120s)
[epoch  33/60] train_loss=3.8084 val_loss=4.0086 val_score=4.0938 (124s)
[epoch  34/60] train_loss=3.8008 val_loss=4.0358 val_score=4.1163 (128s)
[epoch  35/60] train_loss=3.7846 val_loss=4.0060 val_score=4.0656 (132s)
[epoch  36/60] train_loss=3.7755 val_loss=4.0463 val_score=4.0890 (136s)
[epoch  37/60] train_loss=3.7621 val_loss=4.0024 val_score=4.1009 (139s)
[epoch  38/60] train_loss=3.7538 val_loss=4.0050 val_score=4.1200 (143s)
[epoch  39/60] train_loss=3.7475 val_loss=3.9996 val_score=4.0770 (146s)
[epoch  40/60] train_loss=3.7319 val_loss=3.9996 val_score=4.1149 (150s)
[epoch  41/60] train_loss=3.7349 val_loss=4.0083 val_score=4.1206 (154s)
[epoch  42/60] train_loss=3.7124 val_loss=3.9937 val_score=4.0951 (158s)
[epoch  43/60] train_loss=3.7211 val_loss=4.0099 val_score=4.1453 (162s)
[epoch  44/60] train_loss=3.7074 val_loss=3.9733 val_score=4.1652 (166s)
[epoch  45/60] train_loss=3.6904 val_loss=3.9844 val_score=4.1162 (169s)
[epoch  46/60] train_loss=3.6756 val_loss=3.9858 val_score=4.1528 (173s)
[epoch  47/60] train_loss=3.6767 val_loss=3.9661 val_score=4.1307 (177s)
[epoch  48/60] train_loss=3.6691 val_loss=3.9668 val_score=4.1176 (180s)
[epoch  49/60] train_loss=3.6552 val_loss=3.9513 val_score=4.0892 (184s)
[epoch  50/60] train_loss=3.6580 val_loss=3.9748 val_score=4.1606 (188s)
[epoch  51/60] train_loss=3.6408 val_loss=3.9438 val_score=4.1773 (192s)
[epoch  52/60] train_loss=3.6310 val_loss=3.9736 val_score=4.1419 (195s)
[epoch  53/60] train_loss=3.6199 val_loss=3.9559 val_score=4.1089 (199s)
[epoch  54/60] train_loss=3.6127 val_loss=3.9552 val_score=4.1491 (203s)
[epoch  55/60] train_loss=3.6170 val_loss=3.9405 val_score=4.1882 (207s)
[epoch  56/60] train_loss=3.6003 val_loss=3.9445 val_score=4.1665 (210s)
[epoch  57/60] train_loss=3.5962 val_loss=3.9211 val_score=4.1468 (214s)
[epoch  58/60] train_loss=3.5900 val_loss=3.9824 val_score=4.1770 (218s)
[epoch  59/60] train_loss=3.5795 val_loss=3.9396 val_score=4.2354 (221s)
[epoch  60/60] train_loss=3.5724 val_loss=3.9496 val_score=4.1919 (225s)
最佳 checkpoint 来自 epoch 59，验证集选模分 4.2354
per-label 阈值标定完成
解码调优（目标=f1）:
  cartridge -> {'mode': 'threshold', 'k_scale': 1.0, 'k_min': 1, 'k_max': 42, 'thr_shift': 0.0, 'ensure_nonempty': False, 'count_quantile': None}  目标值=0.4785
  solvent   -> {'mode': 'threshold', 'k_scale': 1.0, 'k_min': 0, 'k_max': 378, 'thr_shift': 0.0, 'ensure_nonempty': False, 'count_quantile': None} gate=True  目标值=0.4821
验证集（调优后）选模分 4.3181，链路正确率 0.4607

=== 测试集（基数感知解码）===
样本数 1145（有流程信息 1043，无流程信息 102）
Hit@1 可校验子集大小 128

Hit@1 旧口径（两处免检都在）      : 0.4096
Hit@1 去掉无流程信息免检          : 0.4238
Hit@1 仅可校验子集（推荐主指标）  : 0.6406
Hit@1 缺 ratio 标注判失败（最严） : 0.0786
前三段链路正确率（不看 ratio）    : 0.4679

StrictAcc 旧口径 / 仅有流程信息   : 0.0009 / 0.0000
SSS 旧口径 / 仅有流程信息         : 0.5101 / 0.4784
HC 旧口径 / 仅有流程信息          : 0.9148 / 0.9064
GUS                               : 61.2212

Hit@1 失败原因（对全部样本计数，互斥）：
  cartridge top-1 错     : 505
  step top-1 错          : 2
  solvent top-1 错       : 123
  ratio 超差             : 46
  ratio 无标注(旧口径免检): 360
  无流程信息(旧口径免检)  : 27

预测集合大小： {'cartridge_pred_mean': 6.494323144104803, 'cartridge_true_mean': 3.274235725402832, 'solvent_pred_mean': 23.697986577181208, 'solvent_true_mean': 15.235857963562012}

全部结果已写入 output/improve21/s1_C2_log1p_init42
