样本数 11441  切分 train/val/test = 9152/1144/1145
输入维度 21（21 维描述符，未启用官能团）
cartridge 类别 42  步骤 5  溶剂组合词表 378
数据划分种子 42，初始化/训练种子 101（划分不受影响）
/Users/zysu/Library/Python/3.9/lib/python/site-packages/torch/utils/data/dataloader.py:666: UserWarning: 'pin_memory' argument is set as true but no accelerator is found, then device pinned memory won't be used.
  warnings.warn(warn_msg)
[epoch   1/60] train_loss=9.3439 val_loss=8.9365 val_score=3.4327 (7s)
[epoch   2/60] train_loss=8.8234 val_loss=8.7421 val_score=3.6153 (14s)
[epoch   3/60] train_loss=8.6597 val_loss=8.6505 val_score=3.6686 (21s)
[epoch   4/60] train_loss=8.5365 val_loss=8.5238 val_score=3.6988 (28s)
[epoch   5/60] train_loss=8.4376 val_loss=8.4410 val_score=3.7345 (35s)
[epoch   6/60] train_loss=8.3534 val_loss=8.3834 val_score=3.7551 (42s)
[epoch   7/60] train_loss=8.2848 val_loss=8.2952 val_score=3.8285 (49s)
[epoch   8/60] train_loss=8.2209 val_loss=8.2368 val_score=3.8180 (56s)
[epoch   9/60] train_loss=8.1642 val_loss=8.1969 val_score=3.8773 (63s)
[epoch  10/60] train_loss=8.1255 val_loss=8.1517 val_score=3.8963 (70s)
[epoch  11/60] train_loss=8.0768 val_loss=8.1245 val_score=3.8954 (77s)
[epoch  12/60] train_loss=8.0210 val_loss=8.0905 val_score=3.8955 (85s)
[epoch  13/60] train_loss=7.9975 val_loss=8.0731 val_score=3.9841 (92s)
[epoch  14/60] train_loss=7.9453 val_loss=8.0617 val_score=3.9456 (99s)
[epoch  15/60] train_loss=7.9222 val_loss=8.0147 val_score=3.9841 (106s)
[epoch  16/60] train_loss=7.8917 val_loss=7.9833 val_score=3.9478 (115s)
[epoch  17/60] train_loss=7.8529 val_loss=7.9638 val_score=3.9764 (122s)
[epoch  18/60] train_loss=7.8216 val_loss=7.9379 val_score=4.0251 (129s)
[epoch  19/60] train_loss=7.7845 val_loss=7.9149 val_score=4.0053 (136s)
[epoch  20/60] train_loss=7.7589 val_loss=7.9035 val_score=3.9656 (143s)
[epoch  21/60] train_loss=7.7334 val_loss=7.8764 val_score=4.0577 (150s)
[epoch  22/60] train_loss=7.7000 val_loss=7.8579 val_score=4.0309 (158s)
[epoch  23/60] train_loss=7.6860 val_loss=7.8641 val_score=4.0201 (165s)
[epoch  24/60] train_loss=7.6584 val_loss=7.8263 val_score=4.0074 (172s)
[epoch  25/60] train_loss=7.6286 val_loss=7.8161 val_score=4.0199 (180s)
[epoch  26/60] train_loss=7.5986 val_loss=7.7947 val_score=4.1023 (187s)
[epoch  27/60] train_loss=7.5740 val_loss=7.7870 val_score=4.1064 (195s)
[epoch  28/60] train_loss=7.5599 val_loss=7.7904 val_score=4.0861 (203s)
[epoch  29/60] train_loss=7.5380 val_loss=7.8006 val_score=4.0733 (211s)
[epoch  30/60] train_loss=7.4973 val_loss=7.7571 val_score=4.0643 (218s)
[epoch  31/60] train_loss=7.4936 val_loss=7.7753 val_score=4.0781 (226s)
[epoch  32/60] train_loss=7.4727 val_loss=7.7216 val_score=4.0975 (234s)
[epoch  33/60] train_loss=7.4508 val_loss=7.7111 val_score=4.1247 (242s)
[epoch  34/60] train_loss=7.4241 val_loss=7.7173 val_score=4.0982 (250s)
[epoch  35/60] train_loss=7.4093 val_loss=7.7297 val_score=4.1191 (257s)
[epoch  36/60] train_loss=7.3980 val_loss=7.6673 val_score=4.1119 (265s)
[epoch  37/60] train_loss=7.3739 val_loss=7.6876 val_score=4.1486 (272s)
[epoch  38/60] train_loss=7.3554 val_loss=7.6835 val_score=4.1106 (279s)
[epoch  39/60] train_loss=7.3370 val_loss=7.6483 val_score=4.0405 (287s)
[epoch  40/60] train_loss=7.3064 val_loss=7.6749 val_score=4.1105 (294s)
[epoch  41/60] train_loss=7.2926 val_loss=7.6214 val_score=4.1130 (301s)
[epoch  42/60] train_loss=7.2846 val_loss=7.6191 val_score=4.0948 (309s)
[epoch  43/60] train_loss=7.2462 val_loss=7.6346 val_score=4.1800 (316s)
[epoch  44/60] train_loss=7.2437 val_loss=7.6270 val_score=4.1182 (323s)
[epoch  45/60] train_loss=7.2215 val_loss=7.6292 val_score=4.1468 (330s)
[epoch  46/60] train_loss=7.2010 val_loss=7.6200 val_score=4.1209 (338s)
[epoch  47/60] train_loss=7.1972 val_loss=7.5992 val_score=4.1167 (345s)
[epoch  48/60] train_loss=7.1765 val_loss=7.5905 val_score=4.1238 (352s)
[epoch  49/60] train_loss=7.1526 val_loss=7.6169 val_score=4.1273 (359s)
[epoch  50/60] train_loss=7.1601 val_loss=7.6031 val_score=4.1604 (366s)
[epoch  51/60] train_loss=7.1403 val_loss=7.5843 val_score=4.1079 (373s)
[epoch  52/60] train_loss=7.1267 val_loss=7.5857 val_score=4.1425 (381s)
[epoch  53/60] train_loss=7.0955 val_loss=7.6027 val_score=4.1354 (389s)
[epoch  54/60] train_loss=7.0781 val_loss=7.5761 val_score=4.1543 (396s)
[epoch  55/60] train_loss=7.0797 val_loss=7.5649 val_score=4.1359 (404s)
[epoch  56/60] train_loss=7.0622 val_loss=7.5282 val_score=4.1610 (411s)
[epoch  57/60] train_loss=7.0450 val_loss=7.5759 val_score=4.1369 (418s)
[epoch  58/60] train_loss=7.0364 val_loss=7.5898 val_score=4.1527 (425s)
[epoch  59/60] train_loss=7.0374 val_loss=7.5369 val_score=4.1550 (432s)
[epoch  60/60] train_loss=7.0003 val_loss=7.5493 val_score=4.1833 (440s)
最佳 checkpoint 来自 epoch 60，验证集选模分 4.1833
per-label 阈值标定完成
解码调优（目标=f1）:
  cartridge -> {'mode': 'threshold', 'k_scale': 1.0, 'k_min': 1, 'k_max': 42, 'thr_shift': 0.0, 'ensure_nonempty': False, 'count_quantile': None}  目标值=0.4596
  solvent   -> {'mode': 'threshold', 'k_scale': 1.0, 'k_min': 0, 'k_max': 378, 'thr_shift': 0.0, 'ensure_nonempty': False, 'count_quantile': None} gate=True  目标值=0.4488
验证集（调优后）选模分 4.2364，链路正确率 0.4502

=== 测试集（基数感知解码）===
样本数 1145（有流程信息 1043，无流程信息 102）
Hit@1 可校验子集大小 125

Hit@1 旧口径（两处免检都在）      : 0.4009
Hit@1 去掉无流程信息免检          : 0.4132
Hit@1 仅可校验子集（推荐主指标）  : 0.5760
Hit@1 缺 ratio 标注判失败（最严） : 0.0690
前三段链路正确率（不看 ratio）    : 0.4640

StrictAcc 旧口径 / 仅有流程信息   : 0.0009 / 0.0000
SSS 旧口径 / 仅有流程信息         : 0.4958 / 0.4630
HC 旧口径 / 仅有流程信息          : 0.9151 / 0.9068
GUS                               : 59.5257

Hit@1 失败原因（对全部样本计数，互斥）：
  cartridge top-1 错     : 503
  step top-1 错          : 5
  solvent top-1 错       : 125
  ratio 超差             : 53
  ratio 无标注(旧口径免检): 359
  无流程信息(旧口径免检)  : 28

预测集合大小： {'cartridge_pred_mean': 6.979912663755458, 'cartridge_true_mean': 3.274235725402832, 'solvent_pred_mean': 26.259827420901246, 'solvent_true_mean': 15.235857963562012}

全部结果已写入 output/improve21/s1_C12_zscore_init101
