样本数 11441  切分 train/val/test = 9152/1144/1145
输入维度 21（21 维描述符，未启用官能团）
cartridge 类别 42  步骤 5  溶剂组合词表 378
/Users/zysu/Library/Python/3.9/lib/python/site-packages/torch/utils/data/dataloader.py:666: UserWarning: 'pin_memory' argument is set as true but no accelerator is found, then device pinned memory won't be used.
  warnings.warn(warn_msg)
[epoch   1/60] train_loss=9.3302 val_loss=8.9091 val_score=3.4709 (4s)
[epoch   2/60] train_loss=8.7587 val_loss=8.6772 val_score=3.5678 (8s)
[epoch   3/60] train_loss=8.6027 val_loss=8.5438 val_score=3.7283 (12s)
[epoch   4/60] train_loss=8.4779 val_loss=8.4475 val_score=3.7333 (15s)
[epoch   5/60] train_loss=8.3620 val_loss=8.3745 val_score=3.8043 (19s)
[epoch   6/60] train_loss=8.2806 val_loss=8.3044 val_score=3.8396 (23s)
[epoch   7/60] train_loss=8.2082 val_loss=8.2588 val_score=3.8157 (27s)
[epoch   8/60] train_loss=8.1506 val_loss=8.2005 val_score=3.8945 (30s)
[epoch   9/60] train_loss=8.0845 val_loss=8.1584 val_score=3.9008 (34s)
[epoch  10/60] train_loss=8.0328 val_loss=8.1202 val_score=3.9621 (38s)
[epoch  11/60] train_loss=7.9872 val_loss=8.0680 val_score=3.9611 (41s)
[epoch  12/60] train_loss=7.9471 val_loss=8.0446 val_score=3.9611 (45s)
[epoch  13/60] train_loss=7.9028 val_loss=8.0469 val_score=3.9264 (49s)
[epoch  14/60] train_loss=7.8635 val_loss=7.9962 val_score=3.9421 (53s)
[epoch  15/60] train_loss=7.8232 val_loss=7.9547 val_score=3.9910 (56s)
[epoch  16/60] train_loss=7.7894 val_loss=7.9494 val_score=3.9731 (60s)
[epoch  17/60] train_loss=7.7603 val_loss=7.9443 val_score=4.0030 (64s)
[epoch  18/60] train_loss=7.7237 val_loss=7.9093 val_score=3.9705 (68s)
[epoch  19/60] train_loss=7.6808 val_loss=7.8891 val_score=3.9980 (72s)
[epoch  20/60] train_loss=7.6627 val_loss=7.8702 val_score=3.9994 (75s)
[epoch  21/60] train_loss=7.6334 val_loss=7.8880 val_score=4.0133 (79s)
[epoch  22/60] train_loss=7.6073 val_loss=7.8179 val_score=4.0046 (83s)
[epoch  23/60] train_loss=7.5822 val_loss=7.8128 val_score=3.9860 (87s)
[epoch  24/60] train_loss=7.5453 val_loss=7.8048 val_score=4.0757 (90s)
[epoch  25/60] train_loss=7.5259 val_loss=7.7885 val_score=4.0540 (94s)
[epoch  26/60] train_loss=7.4955 val_loss=7.7953 val_score=4.0477 (98s)
[epoch  27/60] train_loss=7.4632 val_loss=7.7797 val_score=4.0212 (102s)
[epoch  28/60] train_loss=7.4392 val_loss=7.7800 val_score=4.0454 (106s)
[epoch  29/60] train_loss=7.4405 val_loss=7.7370 val_score=4.0623 (110s)
[epoch  30/60] train_loss=7.4027 val_loss=7.7361 val_score=4.0567 (113s)
[epoch  31/60] train_loss=7.3821 val_loss=7.7114 val_score=4.1029 (117s)
[epoch  32/60] train_loss=7.3709 val_loss=7.7057 val_score=4.0732 (121s)
[epoch  33/60] train_loss=7.3352 val_loss=7.7003 val_score=4.0712 (125s)
[epoch  34/60] train_loss=7.3250 val_loss=7.7197 val_score=4.0500 (128s)
[epoch  35/60] train_loss=7.2968 val_loss=7.6967 val_score=4.0111 (132s)
[epoch  36/60] train_loss=7.2745 val_loss=7.6972 val_score=4.0256 (136s)
[epoch  37/60] train_loss=7.2525 val_loss=7.6675 val_score=4.0826 (140s)
[epoch  38/60] train_loss=7.2385 val_loss=7.6705 val_score=4.0987 (143s)
[epoch  39/60] train_loss=7.2219 val_loss=7.6365 val_score=4.0905 (147s)
[epoch  40/60] train_loss=7.1845 val_loss=7.6504 val_score=4.1113 (151s)
[epoch  41/60] train_loss=7.1747 val_loss=7.6210 val_score=4.1107 (155s)
[epoch  42/60] train_loss=7.1521 val_loss=7.6651 val_score=4.0864 (158s)
[epoch  43/60] train_loss=7.1621 val_loss=7.6047 val_score=4.0808 (162s)
[epoch  44/60] train_loss=7.1322 val_loss=7.6367 val_score=4.1061 (166s)
[epoch  45/60] train_loss=7.0987 val_loss=7.6466 val_score=4.1487 (170s)
[epoch  46/60] train_loss=7.0833 val_loss=7.6268 val_score=4.1554 (173s)
[epoch  47/60] train_loss=7.0824 val_loss=7.6107 val_score=4.1368 (177s)
[epoch  48/60] train_loss=7.0594 val_loss=7.5758 val_score=4.1260 (181s)
[epoch  49/60] train_loss=7.0422 val_loss=7.5960 val_score=4.1425 (185s)
[epoch  50/60] train_loss=7.0298 val_loss=7.5971 val_score=4.0947 (188s)
[epoch  51/60] train_loss=6.9997 val_loss=7.6051 val_score=4.1284 (192s)
[epoch  52/60] train_loss=6.9970 val_loss=7.5637 val_score=4.1293 (196s)
[epoch  53/60] train_loss=6.9883 val_loss=7.5729 val_score=4.1463 (199s)
[epoch  54/60] train_loss=6.9504 val_loss=7.5634 val_score=4.2066 (203s)
[epoch  55/60] train_loss=6.9549 val_loss=7.5336 val_score=4.2127 (207s)
[epoch  56/60] train_loss=6.9340 val_loss=7.5377 val_score=4.2044 (211s)
[epoch  57/60] train_loss=6.9115 val_loss=7.5289 val_score=4.1644 (214s)
[epoch  58/60] train_loss=6.9176 val_loss=7.5460 val_score=4.2097 (218s)
[epoch  59/60] train_loss=6.8879 val_loss=7.5477 val_score=4.1716 (222s)
[epoch  60/60] train_loss=6.8770 val_loss=7.5485 val_score=4.2074 (226s)
最佳 checkpoint 来自 epoch 55，验证集选模分 4.2127
per-label 阈值标定完成
解码调优（目标=f1）:
  cartridge -> {'mode': 'threshold', 'k_scale': 1.0, 'k_min': 1, 'k_max': 42, 'thr_shift': 0.0, 'ensure_nonempty': False, 'count_quantile': None}  目标值=0.4699
  solvent   -> {'mode': 'threshold', 'k_scale': 1.0, 'k_min': 0, 'k_max': 378, 'thr_shift': 0.0, 'ensure_nonempty': False, 'count_quantile': None} gate=True  目标值=0.4524
验证集（调优后）选模分 4.2689，链路正确率 0.4559

=== 测试集（基数感知解码）===
样本数 1145（有流程信息 1043，无流程信息 102）
Hit@1 可校验子集大小 129

Hit@1 旧口径（两处免检都在）      : 0.4087
Hit@1 去掉无流程信息免检          : 0.4151
Hit@1 仅可校验子集（推荐主指标）  : 0.5659
Hit@1 缺 ratio 标注判失败（最严） : 0.0700
前三段链路正确率（不看 ratio）    : 0.4688

StrictAcc 旧口径 / 仅有流程信息   : 0.0009 / 0.0000
SSS 旧口径 / 仅有流程信息         : 0.5004 / 0.4676
HC 旧口径 / 仅有流程信息          : 0.9195 / 0.9116
GUS                               : 60.1642

Hit@1 失败原因（对全部样本计数，互斥）：
  cartridge top-1 错     : 474
  step top-1 错          : 3
  solvent top-1 错       : 144
  ratio 超差             : 56
  ratio 无标注(旧口径免检): 360
  无流程信息(旧口径免检)  : 35

预测集合大小： {'cartridge_pred_mean': 6.605240174672489, 'cartridge_true_mean': 3.274235725402832, 'solvent_pred_mean': 27.13614573346117, 'solvent_true_mean': 15.235857963562012}

全部结果已写入 output/improve21/s1_C12_log1p_init42
