样本数 11441  切分 train/val/test = 9152/1144/1145
输入维度 21（21 维描述符，未启用官能团）
cartridge 类别 42  步骤 5  溶剂组合词表 378
数据划分种子 42，初始化/训练种子 102（划分不受影响）
/Users/zysu/Library/Python/3.9/lib/python/site-packages/torch/utils/data/dataloader.py:666: UserWarning: 'pin_memory' argument is set as true but no accelerator is found, then device pinned memory won't be used.
  warnings.warn(warn_msg)
[epoch   1/60] train_loss=9.3043 val_loss=8.9151 val_score=3.4527 (7s)
[epoch   2/60] train_loss=8.8115 val_loss=8.7219 val_score=3.5790 (14s)
[epoch   3/60] train_loss=8.6445 val_loss=8.5796 val_score=3.6381 (21s)
[epoch   4/60] train_loss=8.5315 val_loss=8.5005 val_score=3.6558 (28s)
[epoch   5/60] train_loss=8.4182 val_loss=8.4283 val_score=3.7310 (35s)
[epoch   6/60] train_loss=8.3288 val_loss=8.3515 val_score=3.7813 (42s)
[epoch   7/60] train_loss=8.2568 val_loss=8.2935 val_score=3.7593 (50s)
[epoch   8/60] train_loss=8.2094 val_loss=8.2357 val_score=3.8292 (57s)
[epoch   9/60] train_loss=8.1497 val_loss=8.1869 val_score=3.8281 (64s)
[epoch  10/60] train_loss=8.1019 val_loss=8.1440 val_score=3.9076 (71s)
[epoch  11/60] train_loss=8.0562 val_loss=8.1098 val_score=3.8880 (78s)
[epoch  12/60] train_loss=8.0110 val_loss=8.0811 val_score=3.8996 (86s)
[epoch  13/60] train_loss=7.9787 val_loss=8.0543 val_score=3.8957 (93s)
[epoch  14/60] train_loss=7.9351 val_loss=8.0100 val_score=3.9259 (100s)
[epoch  15/60] train_loss=7.9104 val_loss=7.9990 val_score=3.9267 (107s)
[epoch  16/60] train_loss=7.8681 val_loss=7.9875 val_score=3.9391 (114s)
[epoch  17/60] train_loss=7.8355 val_loss=7.9550 val_score=3.9372 (121s)
[epoch  18/60] train_loss=7.8055 val_loss=7.9426 val_score=4.0111 (129s)
[epoch  19/60] train_loss=7.7719 val_loss=7.9635 val_score=3.9942 (136s)
[epoch  20/60] train_loss=7.7603 val_loss=7.9344 val_score=4.0175 (143s)
[epoch  21/60] train_loss=7.7369 val_loss=7.8984 val_score=3.9878 (150s)
[epoch  22/60] train_loss=7.7057 val_loss=7.8804 val_score=4.0272 (157s)
[epoch  23/60] train_loss=7.6825 val_loss=7.8615 val_score=4.0498 (164s)
[epoch  24/60] train_loss=7.6498 val_loss=7.8381 val_score=3.9753 (171s)
[epoch  25/60] train_loss=7.6448 val_loss=7.8389 val_score=4.0203 (178s)
[epoch  26/60] train_loss=7.5979 val_loss=7.8185 val_score=4.0066 (185s)
[epoch  27/60] train_loss=7.5781 val_loss=7.8152 val_score=4.0244 (192s)
[epoch  28/60] train_loss=7.5687 val_loss=7.8119 val_score=4.0119 (199s)
[epoch  29/60] train_loss=7.5384 val_loss=7.7782 val_score=4.0793 (206s)
[epoch  30/60] train_loss=7.5125 val_loss=7.7847 val_score=4.0244 (213s)
[epoch  31/60] train_loss=7.4920 val_loss=7.7922 val_score=4.0206 (220s)
[epoch  32/60] train_loss=7.4733 val_loss=7.7518 val_score=4.0424 (228s)
[epoch  33/60] train_loss=7.4471 val_loss=7.7781 val_score=3.9989 (235s)
[epoch  34/60] train_loss=7.4446 val_loss=7.7446 val_score=4.0657 (242s)
[epoch  35/60] train_loss=7.4047 val_loss=7.7731 val_score=4.0791 (249s)
[epoch  36/60] train_loss=7.3865 val_loss=7.7524 val_score=4.0976 (256s)
[epoch  37/60] train_loss=7.3771 val_loss=7.6862 val_score=4.0261 (263s)
[epoch  38/60] train_loss=7.3562 val_loss=7.6854 val_score=4.0409 (271s)
[epoch  39/60] train_loss=7.3302 val_loss=7.6760 val_score=4.0662 (278s)
[epoch  40/60] train_loss=7.3231 val_loss=7.6834 val_score=4.0657 (285s)
[epoch  41/60] train_loss=7.2973 val_loss=7.6788 val_score=4.0793 (292s)
[epoch  42/60] train_loss=7.2854 val_loss=7.6623 val_score=4.0393 (299s)
[epoch  43/60] train_loss=7.2602 val_loss=7.6367 val_score=4.0987 (307s)
[epoch  44/60] train_loss=7.2471 val_loss=7.6704 val_score=4.0695 (314s)
[epoch  45/60] train_loss=7.2283 val_loss=7.6850 val_score=4.0597 (321s)
[epoch  46/60] train_loss=7.2108 val_loss=7.6164 val_score=4.1023 (328s)
[epoch  47/60] train_loss=7.2020 val_loss=7.6304 val_score=4.0782 (335s)
[epoch  48/60] train_loss=7.1934 val_loss=7.6111 val_score=4.0695 (342s)
[epoch  49/60] train_loss=7.1567 val_loss=7.6667 val_score=4.0945 (349s)
[epoch  50/60] train_loss=7.1597 val_loss=7.6216 val_score=4.1300 (356s)
[epoch  51/60] train_loss=7.1474 val_loss=7.6123 val_score=4.0783 (363s)
[epoch  52/60] train_loss=7.1127 val_loss=7.6318 val_score=4.0798 (371s)
[epoch  53/60] train_loss=7.1059 val_loss=7.6306 val_score=4.0604 (378s)
[epoch  54/60] train_loss=7.0905 val_loss=7.6208 val_score=4.1242 (385s)
[epoch  55/60] train_loss=7.0812 val_loss=7.5895 val_score=4.1395 (392s)
[epoch  56/60] train_loss=7.0754 val_loss=7.5994 val_score=4.1249 (399s)
[epoch  57/60] train_loss=7.0653 val_loss=7.6311 val_score=4.1013 (406s)
[epoch  58/60] train_loss=7.0583 val_loss=7.5857 val_score=4.1266 (413s)
[epoch  59/60] train_loss=7.0472 val_loss=7.5817 val_score=4.1765 (421s)
[epoch  60/60] train_loss=7.0137 val_loss=7.6112 val_score=4.1975 (428s)
最佳 checkpoint 来自 epoch 60，验证集选模分 4.1975
per-label 阈值标定完成
解码调优（目标=f1）:
  cartridge -> {'mode': 'threshold', 'k_scale': 1.0, 'k_min': 1, 'k_max': 42, 'thr_shift': 0.0, 'ensure_nonempty': False, 'count_quantile': None}  目标值=0.4631
  solvent   -> {'mode': 'threshold', 'k_scale': 1.0, 'k_min': 0, 'k_max': 378, 'thr_shift': 0.0, 'ensure_nonempty': False, 'count_quantile': None} gate=True  目标值=0.4527
验证集（调优后）选模分 4.2398，链路正确率 0.4511

=== 测试集（基数感知解码）===
样本数 1145（有流程信息 1043，无流程信息 102）
Hit@1 可校验子集大小 133

Hit@1 旧口径（两处免检都在）      : 0.3939
Hit@1 去掉无流程信息免检          : 0.4027
Hit@1 仅可校验子集（推荐主指标）  : 0.6165
Hit@1 缺 ratio 标注判失败（最严） : 0.0786
前三段链路正确率（不看 ratio）    : 0.4516

StrictAcc 旧口径 / 仅有流程信息   : 0.0009 / 0.0000
SSS 旧口径 / 仅有流程信息         : 0.4950 / 0.4620
HC 旧口径 / 仅有流程信息          : 0.9146 / 0.9062
GUS                               : 59.9037

Hit@1 失败原因（对全部样本计数，互斥）：
  cartridge top-1 错     : 503
  step top-1 错          : 2
  solvent top-1 错       : 138
  ratio 超差             : 51
  ratio 无标注(旧口径免检): 338
  无流程信息(旧口径免检)  : 31

预测集合大小： {'cartridge_pred_mean': 6.7973799126637555, 'cartridge_true_mean': 3.274235725402832, 'solvent_pred_mean': 25.700862895493767, 'solvent_true_mean': 15.235857963562012}

全部结果已写入 output/improve21/s1_C12_zscore_init102
