样本数 11441  切分 train/val/test = 9152/1144/1145
输入维度 21（21 维描述符，未启用官能团）
cartridge 类别 42  步骤 5  溶剂组合词表 378
数据划分种子 42，初始化/训练种子 103（划分不受影响）
/Users/zysu/Library/Python/3.9/lib/python/site-packages/torch/utils/data/dataloader.py:666: UserWarning: 'pin_memory' argument is set as true but no accelerator is found, then device pinned memory won't be used.
  warnings.warn(warn_msg)
[epoch   1/60] train_loss=9.3446 val_loss=8.9187 val_score=3.4527 (7s)
[epoch   2/60] train_loss=8.8199 val_loss=8.7313 val_score=3.5359 (14s)
[epoch   3/60] train_loss=8.6636 val_loss=8.6429 val_score=3.6482 (21s)
[epoch   4/60] train_loss=8.5585 val_loss=8.5206 val_score=3.7213 (29s)
[epoch   5/60] train_loss=8.4356 val_loss=8.4151 val_score=3.8068 (36s)
[epoch   6/60] train_loss=8.3424 val_loss=8.3234 val_score=3.7221 (43s)
[epoch   7/60] train_loss=8.2674 val_loss=8.2996 val_score=3.8347 (50s)
[epoch   8/60] train_loss=8.2050 val_loss=8.2392 val_score=3.8654 (57s)
[epoch   9/60] train_loss=8.1473 val_loss=8.2047 val_score=3.8491 (65s)
[epoch  10/60] train_loss=8.1053 val_loss=8.1645 val_score=3.9009 (72s)
[epoch  11/60] train_loss=8.0586 val_loss=8.1046 val_score=3.9141 (79s)
[epoch  12/60] train_loss=8.0145 val_loss=8.0870 val_score=3.9424 (86s)
[epoch  13/60] train_loss=7.9777 val_loss=8.0370 val_score=3.9396 (93s)
[epoch  14/60] train_loss=7.9349 val_loss=8.0342 val_score=3.9707 (100s)
[epoch  15/60] train_loss=7.9166 val_loss=8.0166 val_score=3.9538 (107s)
[epoch  16/60] train_loss=7.8625 val_loss=7.9739 val_score=3.9563 (114s)
[epoch  17/60] train_loss=7.8295 val_loss=7.9219 val_score=3.9719 (121s)
[epoch  18/60] train_loss=7.8070 val_loss=7.9521 val_score=3.9596 (128s)
[epoch  19/60] train_loss=7.7592 val_loss=7.9104 val_score=4.0054 (135s)
[epoch  20/60] train_loss=7.7361 val_loss=7.8658 val_score=3.9875 (142s)
[epoch  21/60] train_loss=7.7154 val_loss=7.8528 val_score=4.0046 (149s)
[epoch  22/60] train_loss=7.6873 val_loss=7.8312 val_score=4.0088 (156s)
[epoch  23/60] train_loss=7.6495 val_loss=7.8055 val_score=4.0611 (163s)
[epoch  24/60] train_loss=7.6254 val_loss=7.7985 val_score=4.0243 (170s)
[epoch  25/60] train_loss=7.6242 val_loss=7.7894 val_score=4.0414 (177s)
[epoch  26/60] train_loss=7.5977 val_loss=7.7670 val_score=4.0053 (184s)
[epoch  27/60] train_loss=7.5583 val_loss=7.7451 val_score=4.0650 (192s)
[epoch  28/60] train_loss=7.5211 val_loss=7.7563 val_score=3.9955 (199s)
[epoch  29/60] train_loss=7.4954 val_loss=7.7594 val_score=4.0695 (207s)
[epoch  30/60] train_loss=7.4756 val_loss=7.7146 val_score=4.0855 (214s)
[epoch  31/60] train_loss=7.4682 val_loss=7.7377 val_score=4.0296 (221s)
[epoch  32/60] train_loss=7.4363 val_loss=7.7008 val_score=4.0995 (228s)
[epoch  33/60] train_loss=7.4309 val_loss=7.7122 val_score=4.0879 (235s)
[epoch  34/60] train_loss=7.3870 val_loss=7.7007 val_score=4.0471 (242s)
[epoch  35/60] train_loss=7.3815 val_loss=7.6756 val_score=4.0801 (249s)
[epoch  36/60] train_loss=7.3593 val_loss=7.6593 val_score=4.1397 (256s)
[epoch  37/60] train_loss=7.3207 val_loss=7.6504 val_score=4.1418 (264s)
[epoch  38/60] train_loss=7.3265 val_loss=7.6247 val_score=4.0455 (271s)
[epoch  39/60] train_loss=7.3159 val_loss=7.6068 val_score=4.1230 (279s)
[epoch  40/60] train_loss=7.2724 val_loss=7.6196 val_score=4.0737 (287s)
[epoch  41/60] train_loss=7.2611 val_loss=7.6207 val_score=4.0895 (294s)
[epoch  42/60] train_loss=7.2338 val_loss=7.6299 val_score=4.0874 (302s)
[epoch  43/60] train_loss=7.2308 val_loss=7.6266 val_score=4.0665 (310s)
[epoch  44/60] train_loss=7.2083 val_loss=7.6228 val_score=4.0991 (317s)
[epoch  45/60] train_loss=7.1915 val_loss=7.5974 val_score=4.1442 (325s)
[epoch  46/60] train_loss=7.1794 val_loss=7.6051 val_score=4.1194 (332s)
[epoch  47/60] train_loss=7.1775 val_loss=7.5938 val_score=4.1522 (340s)
[epoch  48/60] train_loss=7.1445 val_loss=7.5806 val_score=4.1041 (347s)
[epoch  49/60] train_loss=7.1254 val_loss=7.5560 val_score=4.1372 (354s)
[epoch  50/60] train_loss=7.1225 val_loss=7.5511 val_score=4.1325 (361s)
[epoch  51/60] train_loss=7.1167 val_loss=7.5535 val_score=4.1074 (369s)
[epoch  52/60] train_loss=7.0920 val_loss=7.5436 val_score=4.1267 (376s)
[epoch  53/60] train_loss=7.0813 val_loss=7.5432 val_score=4.1617 (383s)
[epoch  54/60] train_loss=7.0691 val_loss=7.5281 val_score=4.1288 (390s)
[epoch  55/60] train_loss=7.0547 val_loss=7.5295 val_score=4.1086 (397s)
[epoch  56/60] train_loss=7.0428 val_loss=7.5514 val_score=4.1573 (404s)
[epoch  57/60] train_loss=7.0136 val_loss=7.5645 val_score=4.1290 (411s)
[epoch  58/60] train_loss=7.0012 val_loss=7.6079 val_score=4.1844 (418s)
[epoch  59/60] train_loss=6.9766 val_loss=7.5228 val_score=4.1784 (425s)
[epoch  60/60] train_loss=6.9625 val_loss=7.5256 val_score=4.1749 (432s)
最佳 checkpoint 来自 epoch 58，验证集选模分 4.1844
per-label 阈值标定完成
解码调优（目标=f1）:
  cartridge -> {'mode': 'threshold', 'k_scale': 1.0, 'k_min': 1, 'k_max': 42, 'thr_shift': 0.0, 'ensure_nonempty': False, 'count_quantile': None}  目标值=0.4686
  solvent   -> {'mode': 'threshold', 'k_scale': 1.0, 'k_min': 0, 'k_max': 378, 'thr_shift': 0.0, 'ensure_nonempty': False, 'count_quantile': None} gate=True  目标值=0.4520
验证集（调优后）选模分 4.2456，链路正确率 0.4502

=== 测试集（基数感知解码）===
样本数 1145（有流程信息 1043，无流程信息 102）
Hit@1 可校验子集大小 137

Hit@1 旧口径（两处免检都在）      : 0.3983
Hit@1 去掉无流程信息免检          : 0.4065
Hit@1 仅可校验子集（推荐主指标）  : 0.6058
Hit@1 缺 ratio 标注判失败（最严） : 0.0796
前三段链路正确率（不看 ratio）    : 0.4583

StrictAcc 旧口径 / 仅有流程信息   : 0.0009 / 0.0000
SSS 旧口径 / 仅有流程信息         : 0.5005 / 0.4679
HC 旧口径 / 仅有流程信息          : 0.9155 / 0.9072
GUS                               : 60.2156

Hit@1 失败原因（对全部样本计数，互斥）：
  cartridge top-1 错     : 498
  step top-1 错          : 3
  solvent top-1 错       : 134
  ratio 超差             : 54
  ratio 无标注(旧口径免检): 341
  无流程信息(旧口径免检)  : 32

预测集合大小： {'cartridge_pred_mean': 6.241921397379913, 'cartridge_true_mean': 3.274235725402832, 'solvent_pred_mean': 26.24352828379674, 'solvent_true_mean': 15.235857963562012}

全部结果已写入 output/improve21/s1_C12_zscore_init103
