样本数 11441  切分 train/val/test = 9152/1144/1145
输入维度 21（21 维描述符，未启用官能团）
cartridge 类别 42  步骤 5  溶剂组合词表 378
数据划分种子 42，初始化/训练种子 103（划分不受影响）
/Users/zysu/Library/Python/3.9/lib/python/site-packages/torch/utils/data/dataloader.py:666: UserWarning: 'pin_memory' argument is set as true but no accelerator is found, then device pinned memory won't be used.
  warnings.warn(warn_msg)
[epoch   1/60] train_loss=4.9744 val_loss=4.7804 val_score=3.5513 (7s)
[epoch   2/60] train_loss=4.6764 val_loss=4.6610 val_score=3.6220 (14s)
[epoch   3/60] train_loss=4.5767 val_loss=4.5895 val_score=3.6879 (21s)
[epoch   4/60] train_loss=4.5063 val_loss=4.5187 val_score=3.7598 (27s)
[epoch   5/60] train_loss=4.4413 val_loss=4.4572 val_score=3.7999 (34s)
[epoch   6/60] train_loss=4.3897 val_loss=4.3952 val_score=3.8621 (41s)
[epoch   7/60] train_loss=4.3379 val_loss=4.3724 val_score=3.9196 (48s)
[epoch   8/60] train_loss=4.2967 val_loss=4.3374 val_score=3.9099 (56s)
[epoch   9/60] train_loss=4.2643 val_loss=4.2921 val_score=3.9668 (63s)
[epoch  10/60] train_loss=4.2318 val_loss=4.2725 val_score=3.9322 (70s)
[epoch  11/60] train_loss=4.1996 val_loss=4.2346 val_score=3.9341 (77s)
[epoch  12/60] train_loss=4.1766 val_loss=4.2328 val_score=3.9921 (84s)
[epoch  13/60] train_loss=4.1455 val_loss=4.2189 val_score=3.9618 (91s)
[epoch  14/60] train_loss=4.1209 val_loss=4.1886 val_score=3.9987 (98s)
[epoch  15/60] train_loss=4.1065 val_loss=4.1695 val_score=4.0043 (105s)
[epoch  16/60] train_loss=4.0698 val_loss=4.1632 val_score=4.0037 (113s)
[epoch  17/60] train_loss=4.0575 val_loss=4.1419 val_score=3.9996 (120s)
[epoch  18/60] train_loss=4.0412 val_loss=4.1322 val_score=3.9614 (127s)
[epoch  19/60] train_loss=4.0148 val_loss=4.1098 val_score=4.0685 (134s)
[epoch  20/60] train_loss=3.9970 val_loss=4.0982 val_score=4.0343 (141s)
[epoch  21/60] train_loss=3.9805 val_loss=4.0852 val_score=4.0669 (147s)
[epoch  22/60] train_loss=3.9650 val_loss=4.0745 val_score=4.0748 (154s)
[epoch  23/60] train_loss=3.9480 val_loss=4.0753 val_score=4.0442 (161s)
[epoch  24/60] train_loss=3.9367 val_loss=4.0537 val_score=4.1017 (169s)
[epoch  25/60] train_loss=3.9167 val_loss=4.0558 val_score=4.0395 (176s)
[epoch  26/60] train_loss=3.9064 val_loss=4.0382 val_score=4.0691 (183s)
[epoch  27/60] train_loss=3.8881 val_loss=4.0148 val_score=4.0873 (190s)
[epoch  28/60] train_loss=3.8692 val_loss=4.0283 val_score=4.1157 (197s)
[epoch  29/60] train_loss=3.8561 val_loss=4.0268 val_score=4.1011 (204s)
[epoch  30/60] train_loss=3.8461 val_loss=4.0101 val_score=4.1426 (211s)
[epoch  31/60] train_loss=3.8323 val_loss=4.0045 val_score=4.0958 (218s)
[epoch  32/60] train_loss=3.8265 val_loss=3.9981 val_score=4.1023 (225s)
[epoch  33/60] train_loss=3.8058 val_loss=3.9896 val_score=4.1457 (232s)
[epoch  34/60] train_loss=3.7889 val_loss=4.0077 val_score=4.1071 (239s)
[epoch  35/60] train_loss=3.7957 val_loss=3.9777 val_score=4.0864 (246s)
[epoch  36/60] train_loss=3.7756 val_loss=3.9637 val_score=4.1448 (253s)
[epoch  37/60] train_loss=3.7604 val_loss=3.9685 val_score=4.2076 (260s)
[epoch  38/60] train_loss=3.7593 val_loss=3.9543 val_score=4.1274 (267s)
[epoch  39/60] train_loss=3.7444 val_loss=3.9389 val_score=4.1372 (274s)
[epoch  40/60] train_loss=3.7301 val_loss=3.9278 val_score=4.1733 (281s)
[epoch  41/60] train_loss=3.7261 val_loss=3.9509 val_score=4.1852 (288s)
[epoch  42/60] train_loss=3.7167 val_loss=3.9414 val_score=4.1300 (295s)
[epoch  43/60] train_loss=3.7132 val_loss=3.9270 val_score=4.1712 (302s)
[epoch  44/60] train_loss=3.6987 val_loss=3.9319 val_score=4.1993 (309s)
[epoch  45/60] train_loss=3.6879 val_loss=3.9405 val_score=4.1350 (316s)
[epoch  46/60] train_loss=3.6792 val_loss=3.9277 val_score=4.1956 (323s)
[epoch  47/60] train_loss=3.6640 val_loss=3.9253 val_score=4.1865 (330s)
[epoch  48/60] train_loss=3.6662 val_loss=3.9167 val_score=4.0737 (337s)
[epoch  49/60] train_loss=3.6518 val_loss=3.8930 val_score=4.1543 (344s)
[epoch  50/60] train_loss=3.6342 val_loss=3.8948 val_score=4.1450 (351s)
[epoch  51/60] train_loss=3.6342 val_loss=3.9242 val_score=4.1070 (358s)
[epoch  52/60] train_loss=3.6257 val_loss=3.8926 val_score=4.1406 (365s)
[epoch  53/60] train_loss=3.6177 val_loss=3.8887 val_score=4.1635 (372s)
[epoch  54/60] train_loss=3.6015 val_loss=3.9030 val_score=4.1365 (379s)
[epoch  55/60] train_loss=3.6064 val_loss=3.8855 val_score=4.1855 (387s)
[epoch  56/60] train_loss=3.6048 val_loss=3.8935 val_score=4.1418 (395s)
[epoch  57/60] train_loss=3.5807 val_loss=3.8883 val_score=4.1775 (403s)
[epoch  58/60] train_loss=3.5824 val_loss=3.9008 val_score=4.2232 (410s)
[epoch  59/60] train_loss=3.5821 val_loss=3.8744 val_score=4.2140 (418s)
[epoch  60/60] train_loss=3.5691 val_loss=3.8893 val_score=4.1626 (426s)
最佳 checkpoint 来自 epoch 58，验证集选模分 4.2232
per-label 阈值标定完成
解码调优（目标=f1）:
  cartridge -> {'mode': 'threshold', 'k_scale': 1.0, 'k_min': 1, 'k_max': 42, 'thr_shift': 0.0, 'ensure_nonempty': False, 'count_quantile': None}  目标值=0.4847
  solvent   -> {'mode': 'threshold', 'k_scale': 1.0, 'k_min': 0, 'k_max': 378, 'thr_shift': 0.0, 'ensure_nonempty': False, 'count_quantile': None} gate=True  目标值=0.4789
验证集（调优后）选模分 4.2883，链路正确率 0.4540

=== 测试集（基数感知解码）===
样本数 1145（有流程信息 1043，无流程信息 102）
Hit@1 可校验子集大小 132

Hit@1 旧口径（两处免检都在）      : 0.4157
Hit@1 去掉无流程信息免检          : 0.4314
Hit@1 仅可校验子集（推荐主指标）  : 0.6970
Hit@1 缺 ratio 标注判失败（最严） : 0.0882
前三段链路正确率（不看 ratio）    : 0.4698

StrictAcc 旧口径 / 仅有流程信息   : 0.0009 / 0.0000
SSS 旧口径 / 仅有流程信息         : 0.5116 / 0.4800
HC 旧口径 / 仅有流程信息          : 0.9135 / 0.9051
GUS                               : 61.4275

Hit@1 失败原因（对全部样本计数，互斥）：
  cartridge top-1 错     : 504
  step top-1 错          : 2
  solvent top-1 错       : 123
  ratio 超差             : 40
  ratio 无标注(旧口径免检): 358
  无流程信息(旧口径免检)  : 26

预测集合大小： {'cartridge_pred_mean': 6.525764192139738, 'cartridge_true_mean': 3.274235725402832, 'solvent_pred_mean': 24.59731543624161, 'solvent_true_mean': 15.235857963562012}

全部结果已写入 output/improve21/s1_C2_rank_gauss_init103
