样本数 11441  切分 train/val/test = 9152/1144/1145
输入维度 21（21 维描述符，未启用官能团）
cartridge 类别 42  步骤 5  溶剂组合词表 378
数据划分种子 42，初始化/训练种子 101（划分不受影响）
/Users/zysu/Library/Python/3.9/lib/python/site-packages/torch/utils/data/dataloader.py:666: UserWarning: 'pin_memory' argument is set as true but no accelerator is found, then device pinned memory won't be used.
  warnings.warn(warn_msg)
[epoch   1/60] train_loss=4.9751 val_loss=4.7919 val_score=3.5583 (3s)
[epoch   2/60] train_loss=4.6851 val_loss=4.6715 val_score=3.6394 (5s)
[epoch   3/60] train_loss=4.5802 val_loss=4.5961 val_score=3.7218 (8s)
[epoch   4/60] train_loss=4.5005 val_loss=4.5133 val_score=3.7437 (11s)
[epoch   5/60] train_loss=4.4408 val_loss=4.4721 val_score=3.7263 (14s)
[epoch   6/60] train_loss=4.3871 val_loss=4.4138 val_score=3.8196 (17s)
[epoch   7/60] train_loss=4.3318 val_loss=4.3635 val_score=3.9158 (20s)
[epoch   8/60] train_loss=4.2935 val_loss=4.3288 val_score=3.8748 (23s)
[epoch   9/60] train_loss=4.2611 val_loss=4.2963 val_score=3.8948 (26s)
[epoch  10/60] train_loss=4.2245 val_loss=4.2679 val_score=3.9241 (29s)
[epoch  11/60] train_loss=4.1985 val_loss=4.2474 val_score=3.9426 (32s)
[epoch  12/60] train_loss=4.1709 val_loss=4.2290 val_score=3.9315 (35s)
[epoch  13/60] train_loss=4.1511 val_loss=4.2069 val_score=3.9751 (39s)
[epoch  14/60] train_loss=4.1195 val_loss=4.1895 val_score=3.9087 (42s)
[epoch  15/60] train_loss=4.0974 val_loss=4.1751 val_score=3.9865 (45s)
[epoch  16/60] train_loss=4.0837 val_loss=4.1631 val_score=3.9250 (48s)
[epoch  17/60] train_loss=4.0540 val_loss=4.1468 val_score=3.9340 (51s)
[epoch  18/60] train_loss=4.0375 val_loss=4.1206 val_score=3.9772 (54s)
[epoch  19/60] train_loss=4.0185 val_loss=4.1187 val_score=3.9562 (57s)
[epoch  20/60] train_loss=4.0002 val_loss=4.1036 val_score=3.9553 (61s)
[epoch  21/60] train_loss=3.9730 val_loss=4.0860 val_score=4.0343 (64s)
[epoch  22/60] train_loss=3.9628 val_loss=4.0750 val_score=4.0052 (67s)
[epoch  23/60] train_loss=3.9449 val_loss=4.0586 val_score=3.9744 (71s)
[epoch  24/60] train_loss=3.9425 val_loss=4.0579 val_score=3.9993 (74s)
[epoch  25/60] train_loss=3.9210 val_loss=4.0507 val_score=4.0425 (78s)
[epoch  26/60] train_loss=3.9051 val_loss=4.0295 val_score=4.0372 (82s)
[epoch  27/60] train_loss=3.8899 val_loss=4.0347 val_score=4.0261 (85s)
[epoch  28/60] train_loss=3.8747 val_loss=4.0422 val_score=3.9897 (89s)
[epoch  29/60] train_loss=3.8663 val_loss=4.0339 val_score=4.0772 (93s)
[epoch  30/60] train_loss=3.8509 val_loss=4.0092 val_score=4.0578 (97s)
[epoch  31/60] train_loss=3.8340 val_loss=4.0114 val_score=4.0614 (102s)
[epoch  32/60] train_loss=3.8279 val_loss=4.0022 val_score=4.0711 (106s)
[epoch  33/60] train_loss=3.8220 val_loss=3.9784 val_score=4.0864 (111s)
[epoch  34/60] train_loss=3.8003 val_loss=3.9867 val_score=4.0336 (120s)
[epoch  35/60] train_loss=3.7900 val_loss=3.9994 val_score=4.1094 (131s)
[epoch  36/60] train_loss=3.7799 val_loss=3.9739 val_score=4.0284 (140s)
[epoch  37/60] train_loss=3.7765 val_loss=3.9827 val_score=4.1170 (150s)
[epoch  38/60] train_loss=3.7668 val_loss=3.9735 val_score=4.0887 (159s)
[epoch  39/60] train_loss=3.7489 val_loss=3.9524 val_score=4.0727 (168s)
[epoch  40/60] train_loss=3.7342 val_loss=3.9733 val_score=4.0718 (176s)
[epoch  41/60] train_loss=3.7289 val_loss=3.9601 val_score=4.0976 (184s)
[epoch  42/60] train_loss=3.7110 val_loss=3.9517 val_score=4.0366 (192s)
[epoch  43/60] train_loss=3.6982 val_loss=3.9417 val_score=4.1198 (200s)
[epoch  44/60] train_loss=3.6966 val_loss=3.9359 val_score=4.1087 (207s)
[epoch  45/60] train_loss=3.6880 val_loss=3.9337 val_score=4.0676 (214s)
[epoch  46/60] train_loss=3.6837 val_loss=3.9294 val_score=4.0833 (221s)
[epoch  47/60] train_loss=3.6711 val_loss=3.9277 val_score=4.0811 (228s)
[epoch  48/60] train_loss=3.6716 val_loss=3.9414 val_score=4.1016 (235s)
[epoch  49/60] train_loss=3.6520 val_loss=3.9563 val_score=4.0789 (242s)
[epoch  50/60] train_loss=3.6483 val_loss=3.9517 val_score=4.0651 (249s)
[epoch  51/60] train_loss=3.6355 val_loss=3.9161 val_score=4.0905 (256s)
[epoch  52/60] train_loss=3.6343 val_loss=3.9073 val_score=4.1170 (263s)
[epoch  53/60] train_loss=3.6217 val_loss=3.9136 val_score=4.0816 (270s)
[epoch  54/60] train_loss=3.6126 val_loss=3.9189 val_score=4.1096 (277s)
[epoch  55/60] train_loss=3.6091 val_loss=3.9385 val_score=4.0862 (284s)
[epoch  56/60] train_loss=3.6049 val_loss=3.9169 val_score=4.1226 (291s)
[epoch  57/60] train_loss=3.5887 val_loss=3.8944 val_score=4.1216 (298s)
[epoch  58/60] train_loss=3.5923 val_loss=3.8859 val_score=4.1140 (305s)
[epoch  59/60] train_loss=3.5853 val_loss=3.8926 val_score=4.1333 (312s)
[epoch  60/60] train_loss=3.5798 val_loss=3.8963 val_score=4.1697 (319s)
最佳 checkpoint 来自 epoch 60，验证集选模分 4.1697
per-label 阈值标定完成
解码调优（目标=f1）:
  cartridge -> {'mode': 'threshold', 'k_scale': 1.0, 'k_min': 1, 'k_max': 42, 'thr_shift': 0.0, 'ensure_nonempty': False, 'count_quantile': None}  目标值=0.4756
  solvent   -> {'mode': 'threshold', 'k_scale': 1.0, 'k_min': 0, 'k_max': 378, 'thr_shift': 0.0, 'ensure_nonempty': False, 'count_quantile': None} gate=True  目标值=0.4847
验证集（调优后）选模分 4.2403，链路正确率 0.4435

=== 测试集（基数感知解码）===
样本数 1145（有流程信息 1043，无流程信息 102）
Hit@1 可校验子集大小 140

Hit@1 旧口径（两处免检都在）      : 0.4105
Hit@1 去掉无流程信息免检          : 0.4209
Hit@1 仅可校验子集（推荐主指标）  : 0.6214
Hit@1 缺 ratio 标注判失败（最严） : 0.0834
前三段链路正确率（不看 ratio）    : 0.4717

StrictAcc 旧口径 / 仅有流程信息   : 0.0009 / 0.0000
SSS 旧口径 / 仅有流程信息         : 0.5084 / 0.4760
HC 旧口径 / 仅有流程信息          : 0.9142 / 0.9058
GUS                               : 61.0548

Hit@1 失败原因（对全部样本计数，互斥）：
  cartridge top-1 错     : 486
  step top-1 错          : 5
  solvent top-1 错       : 131
  ratio 超差             : 53
  ratio 无标注(旧口径免检): 352
  无流程信息(旧口径免检)  : 31

预测集合大小： {'cartridge_pred_mean': 6.405240174672489, 'cartridge_true_mean': 3.274235725402832, 'solvent_pred_mean': 23.860019175455417, 'solvent_true_mean': 15.235857963562012}

全部结果已写入 output/improve21/s1_C2_rank_gauss_init101
