样本数 11441  切分 train/val/test = 9152/1144/1145
输入维度 21（21 维描述符，未启用官能团）
cartridge 类别 42  步骤 5  溶剂组合词表 378
数据划分种子 42，初始化/训练种子 103（划分不受影响）
/Users/zysu/Library/Python/3.9/lib/python/site-packages/torch/utils/data/dataloader.py:666: UserWarning: 'pin_memory' argument is set as true but no accelerator is found, then device pinned memory won't be used.
  warnings.warn(warn_msg)
[epoch   1/60] train_loss=4.9824 val_loss=4.7876 val_score=3.5508 (7s)
[epoch   2/60] train_loss=4.6943 val_loss=4.6839 val_score=3.5891 (14s)
[epoch   3/60] train_loss=4.5931 val_loss=4.6148 val_score=3.7249 (21s)
[epoch   4/60] train_loss=4.5237 val_loss=4.5309 val_score=3.7520 (28s)
[epoch   5/60] train_loss=4.4461 val_loss=4.4741 val_score=3.7884 (36s)
[epoch   6/60] train_loss=4.3932 val_loss=4.4229 val_score=3.7315 (43s)
[epoch   7/60] train_loss=4.3487 val_loss=4.3952 val_score=3.8620 (50s)
[epoch   8/60] train_loss=4.3113 val_loss=4.3616 val_score=3.8574 (57s)
[epoch   9/60] train_loss=4.2774 val_loss=4.3299 val_score=3.8294 (65s)
[epoch  10/60] train_loss=4.2471 val_loss=4.2988 val_score=3.8525 (71s)
[epoch  11/60] train_loss=4.2171 val_loss=4.2659 val_score=3.8527 (79s)
[epoch  12/60] train_loss=4.1969 val_loss=4.2518 val_score=3.8894 (86s)
[epoch  13/60] train_loss=4.1670 val_loss=4.2276 val_score=3.9120 (93s)
[epoch  14/60] train_loss=4.1466 val_loss=4.2257 val_score=3.9185 (100s)
[epoch  15/60] train_loss=4.1248 val_loss=4.1888 val_score=3.9111 (107s)
[epoch  16/60] train_loss=4.0993 val_loss=4.1746 val_score=3.9471 (114s)
[epoch  17/60] train_loss=4.0842 val_loss=4.1557 val_score=3.9939 (121s)
[epoch  18/60] train_loss=4.0684 val_loss=4.1461 val_score=3.9635 (128s)
[epoch  19/60] train_loss=4.0441 val_loss=4.1359 val_score=3.9464 (135s)
[epoch  20/60] train_loss=4.0301 val_loss=4.1177 val_score=3.9793 (141s)
[epoch  21/60] train_loss=4.0100 val_loss=4.1052 val_score=3.9488 (149s)
[epoch  22/60] train_loss=3.9987 val_loss=4.0748 val_score=4.0268 (156s)
[epoch  23/60] train_loss=3.9799 val_loss=4.0719 val_score=4.0152 (163s)
[epoch  24/60] train_loss=3.9672 val_loss=4.0522 val_score=4.0499 (170s)
[epoch  25/60] train_loss=3.9534 val_loss=4.0513 val_score=4.0157 (177s)
[epoch  26/60] train_loss=3.9387 val_loss=4.0517 val_score=4.0204 (184s)
[epoch  27/60] train_loss=3.9240 val_loss=4.0441 val_score=4.0320 (191s)
[epoch  28/60] train_loss=3.9072 val_loss=4.0317 val_score=4.0197 (199s)
[epoch  29/60] train_loss=3.8967 val_loss=4.0244 val_score=4.0112 (206s)
[epoch  30/60] train_loss=3.8754 val_loss=4.0232 val_score=4.0694 (213s)
[epoch  31/60] train_loss=3.8705 val_loss=4.0288 val_score=4.0521 (221s)
[epoch  32/60] train_loss=3.8586 val_loss=3.9907 val_score=4.0521 (228s)
[epoch  33/60] train_loss=3.8418 val_loss=4.0078 val_score=4.0815 (235s)
[epoch  34/60] train_loss=3.8332 val_loss=3.9978 val_score=4.0571 (242s)
[epoch  35/60] train_loss=3.8292 val_loss=4.0007 val_score=4.0996 (249s)
[epoch  36/60] train_loss=3.8166 val_loss=3.9919 val_score=4.0628 (256s)
[epoch  37/60] train_loss=3.8010 val_loss=3.9967 val_score=4.0791 (264s)
[epoch  38/60] train_loss=3.7958 val_loss=3.9562 val_score=4.0877 (271s)
[epoch  39/60] train_loss=3.7822 val_loss=3.9636 val_score=4.0939 (278s)
[epoch  40/60] train_loss=3.7730 val_loss=3.9556 val_score=4.1247 (286s)
[epoch  41/60] train_loss=3.7585 val_loss=3.9521 val_score=4.1472 (294s)
[epoch  42/60] train_loss=3.7571 val_loss=3.9613 val_score=4.1652 (301s)
[epoch  43/60] train_loss=3.7526 val_loss=3.9533 val_score=4.1183 (309s)
[epoch  44/60] train_loss=3.7419 val_loss=3.9605 val_score=4.1026 (317s)
[epoch  45/60] train_loss=3.7287 val_loss=3.9347 val_score=4.1130 (324s)
[epoch  46/60] train_loss=3.7263 val_loss=3.9458 val_score=4.0868 (332s)
[epoch  47/60] train_loss=3.7127 val_loss=3.9521 val_score=4.1719 (339s)
[epoch  48/60] train_loss=3.6954 val_loss=3.9313 val_score=4.1235 (347s)
[epoch  49/60] train_loss=3.6956 val_loss=3.9305 val_score=4.1414 (354s)
[epoch  50/60] train_loss=3.6879 val_loss=3.9121 val_score=4.1257 (361s)
[epoch  51/60] train_loss=3.6835 val_loss=3.9244 val_score=4.1042 (368s)
[epoch  52/60] train_loss=3.6741 val_loss=3.9172 val_score=4.1566 (375s)
[epoch  53/60] train_loss=3.6726 val_loss=3.9173 val_score=4.1873 (382s)
[epoch  54/60] train_loss=3.6586 val_loss=3.9209 val_score=4.1196 (390s)
[epoch  55/60] train_loss=3.6476 val_loss=3.8968 val_score=4.1395 (396s)
[epoch  56/60] train_loss=3.6498 val_loss=3.9034 val_score=4.1814 (404s)
[epoch  57/60] train_loss=3.6349 val_loss=3.9319 val_score=4.0812 (411s)
[epoch  58/60] train_loss=3.6254 val_loss=3.9124 val_score=4.1939 (418s)
[epoch  59/60] train_loss=3.6204 val_loss=3.8985 val_score=4.1898 (425s)
[epoch  60/60] train_loss=3.6203 val_loss=3.8959 val_score=4.1818 (432s)
最佳 checkpoint 来自 epoch 58，验证集选模分 4.1939
per-label 阈值标定完成
解码调优（目标=f1）:
  cartridge -> {'mode': 'threshold', 'k_scale': 1.0, 'k_min': 1, 'k_max': 42, 'thr_shift': 0.0, 'ensure_nonempty': False, 'count_quantile': None}  目标值=0.4616
  solvent   -> {'mode': 'threshold', 'k_scale': 1.0, 'k_min': 0, 'k_max': 378, 'thr_shift': 0.0, 'ensure_nonempty': False, 'count_quantile': None} gate=True  目标值=0.4719
验证集（调优后）选模分 4.2560，链路正确率 0.4492

=== 测试集（基数感知解码）===
样本数 1145（有流程信息 1043，无流程信息 102）
Hit@1 可校验子集大小 136

Hit@1 旧口径（两处免检都在）      : 0.4131
Hit@1 去掉无流程信息免检          : 0.4276
Hit@1 仅可校验子集（推荐主指标）  : 0.5956
Hit@1 缺 ratio 标注判失败（最严） : 0.0777
前三段链路正确率（不看 ratio）    : 0.4803

StrictAcc 旧口径 / 仅有流程信息   : 0.0000 / 0.0000
SSS 旧口径 / 仅有流程信息         : 0.5037 / 0.4717
HC 旧口径 / 仅有流程信息          : 0.9149 / 0.9066
GUS                               : 60.3617

Hit@1 失败原因（对全部样本计数，互斥）：
  cartridge top-1 错     : 490
  step top-1 错          : 1
  solvent top-1 错       : 126
  ratio 超差             : 55
  ratio 无标注(旧口径免检): 365
  无流程信息(旧口径免检)  : 27

预测集合大小： {'cartridge_pred_mean': 6.309170305676856, 'cartridge_true_mean': 3.274235725402832, 'solvent_pred_mean': 23.734419942473632, 'solvent_true_mean': 15.235857963562012}

全部结果已写入 output/improve21/s1_C2_zscore_init103
