样本数 11441  切分 train/val/test = 9152/1144/1145
输入维度 21（21 维描述符，未启用官能团）
cartridge 类别 42  步骤 5  溶剂组合词表 378
数据划分种子 42，初始化/训练种子 102（划分不受影响）
/Users/zysu/Library/Python/3.9/lib/python/site-packages/torch/utils/data/dataloader.py:666: UserWarning: 'pin_memory' argument is set as true but no accelerator is found, then device pinned memory won't be used.
  warnings.warn(warn_msg)
[epoch   1/60] train_loss=4.9706 val_loss=4.7856 val_score=3.5583 (7s)
[epoch   2/60] train_loss=4.6812 val_loss=4.6464 val_score=3.6782 (14s)
[epoch   3/60] train_loss=4.5740 val_loss=4.5727 val_score=3.7560 (21s)
[epoch   4/60] train_loss=4.4968 val_loss=4.4980 val_score=3.7603 (28s)
[epoch   5/60] train_loss=4.4310 val_loss=4.4423 val_score=3.8320 (34s)
[epoch   6/60] train_loss=4.3761 val_loss=4.4011 val_score=3.9064 (41s)
[epoch   7/60] train_loss=4.3315 val_loss=4.3665 val_score=3.8069 (48s)
[epoch   8/60] train_loss=4.2982 val_loss=4.3373 val_score=3.8698 (55s)
[epoch   9/60] train_loss=4.2613 val_loss=4.2924 val_score=3.9106 (61s)
[epoch  10/60] train_loss=4.2296 val_loss=4.2723 val_score=3.9257 (68s)
[epoch  11/60] train_loss=4.2001 val_loss=4.2457 val_score=3.9457 (75s)
[epoch  12/60] train_loss=4.1708 val_loss=4.2228 val_score=3.9419 (82s)
[epoch  13/60] train_loss=4.1528 val_loss=4.2030 val_score=3.9089 (88s)
[epoch  14/60] train_loss=4.1287 val_loss=4.1961 val_score=3.9926 (95s)
[epoch  15/60] train_loss=4.1121 val_loss=4.1658 val_score=3.9614 (101s)
[epoch  16/60] train_loss=4.0850 val_loss=4.1480 val_score=4.0033 (108s)
[epoch  17/60] train_loss=4.0610 val_loss=4.1466 val_score=3.9411 (114s)
[epoch  18/60] train_loss=4.0363 val_loss=4.1353 val_score=4.0324 (121s)
[epoch  19/60] train_loss=4.0229 val_loss=4.1201 val_score=4.0347 (127s)
[epoch  20/60] train_loss=4.0118 val_loss=4.1241 val_score=4.0752 (135s)
[epoch  21/60] train_loss=4.0006 val_loss=4.0919 val_score=4.0330 (142s)
[epoch  22/60] train_loss=3.9734 val_loss=4.0912 val_score=4.0634 (150s)
[epoch  23/60] train_loss=3.9600 val_loss=4.0793 val_score=4.0481 (158s)
[epoch  24/60] train_loss=3.9418 val_loss=4.0591 val_score=4.0503 (165s)
[epoch  25/60] train_loss=3.9280 val_loss=4.0535 val_score=4.0334 (172s)
[epoch  26/60] train_loss=3.9128 val_loss=4.0556 val_score=3.9980 (179s)
[epoch  27/60] train_loss=3.9040 val_loss=4.0424 val_score=4.0966 (186s)
[epoch  28/60] train_loss=3.8885 val_loss=4.0399 val_score=4.0316 (193s)
[epoch  29/60] train_loss=3.8790 val_loss=3.9979 val_score=4.1088 (200s)
[epoch  30/60] train_loss=3.8594 val_loss=4.0060 val_score=4.0803 (206s)
[epoch  31/60] train_loss=3.8430 val_loss=4.0091 val_score=4.0899 (213s)
[epoch  32/60] train_loss=3.8376 val_loss=3.9966 val_score=4.0946 (220s)
[epoch  33/60] train_loss=3.8236 val_loss=3.9988 val_score=4.0611 (227s)
[epoch  34/60] train_loss=3.8199 val_loss=4.0006 val_score=4.0727 (234s)
[epoch  35/60] train_loss=3.7978 val_loss=3.9830 val_score=4.0963 (241s)
[epoch  36/60] train_loss=3.7858 val_loss=3.9753 val_score=4.0973 (248s)
[epoch  37/60] train_loss=3.7748 val_loss=3.9721 val_score=4.0828 (255s)
[epoch  38/60] train_loss=3.7602 val_loss=3.9831 val_score=4.1099 (262s)
[epoch  39/60] train_loss=3.7611 val_loss=3.9620 val_score=4.1111 (270s)
[epoch  40/60] train_loss=3.7427 val_loss=3.9712 val_score=4.0813 (277s)
[epoch  41/60] train_loss=3.7414 val_loss=3.9410 val_score=4.0627 (284s)
[epoch  42/60] train_loss=3.7293 val_loss=3.9595 val_score=4.0838 (291s)
[epoch  43/60] train_loss=3.7254 val_loss=3.9287 val_score=4.0716 (297s)
[epoch  44/60] train_loss=3.7114 val_loss=3.9487 val_score=4.0532 (304s)
[epoch  45/60] train_loss=3.7066 val_loss=3.9509 val_score=4.0971 (312s)
[epoch  46/60] train_loss=3.6891 val_loss=3.9365 val_score=4.0845 (319s)
[epoch  47/60] train_loss=3.6887 val_loss=3.9164 val_score=4.1096 (326s)
[epoch  48/60] train_loss=3.6798 val_loss=3.9248 val_score=4.1102 (333s)
[epoch  49/60] train_loss=3.6704 val_loss=3.9186 val_score=4.1430 (340s)
[epoch  50/60] train_loss=3.6545 val_loss=3.9059 val_score=4.1161 (347s)
[epoch  51/60] train_loss=3.6538 val_loss=3.9024 val_score=4.1236 (354s)
[epoch  52/60] train_loss=3.6435 val_loss=3.9093 val_score=4.1623 (361s)
[epoch  53/60] train_loss=3.6321 val_loss=3.9136 val_score=4.1534 (368s)
[epoch  54/60] train_loss=3.6244 val_loss=3.9053 val_score=4.1717 (375s)
[epoch  55/60] train_loss=3.6166 val_loss=3.8956 val_score=4.1498 (383s)
[epoch  56/60] train_loss=3.6135 val_loss=3.9005 val_score=4.1429 (390s)
[epoch  57/60] train_loss=3.6045 val_loss=3.8874 val_score=4.1168 (397s)
[epoch  58/60] train_loss=3.5990 val_loss=3.8845 val_score=4.1751 (404s)
[epoch  59/60] train_loss=3.5920 val_loss=3.8659 val_score=4.1204 (411s)
[epoch  60/60] train_loss=3.5837 val_loss=3.8740 val_score=4.1767 (418s)
最佳 checkpoint 来自 epoch 60，验证集选模分 4.1767
per-label 阈值标定完成
解码调优（目标=f1）:
  cartridge -> {'mode': 'threshold', 'k_scale': 1.0, 'k_min': 1, 'k_max': 42, 'thr_shift': 0.0, 'ensure_nonempty': False, 'count_quantile': None}  目标值=0.4850
  solvent   -> {'mode': 'threshold', 'k_scale': 1.0, 'k_min': 0, 'k_max': 378, 'thr_shift': 0.0, 'ensure_nonempty': False, 'count_quantile': None} gate=True  目标值=0.4777
验证集（调优后）选模分 4.2304，链路正确率 0.4416

=== 测试集（基数感知解码）===
样本数 1145（有流程信息 1043，无流程信息 102）
Hit@1 可校验子集大小 150

Hit@1 旧口径（两处免检都在）      : 0.4218
Hit@1 去掉无流程信息免检          : 0.4334
Hit@1 仅可校验子集（推荐主指标）  : 0.6667
Hit@1 缺 ratio 标注判失败（最严） : 0.0959
前三段链路正确率（不看 ratio）    : 0.4813

StrictAcc 旧口径 / 仅有流程信息   : 0.0000 / 0.0000
SSS 旧口径 / 仅有流程信息         : 0.5078 / 0.4758
HC 旧口径 / 仅有流程信息          : 0.9139 / 0.9055
GUS                               : 60.9197

Hit@1 失败原因（对全部样本计数，互斥）：
  cartridge top-1 错     : 479
  step top-1 错          : 3
  solvent top-1 错       : 130
  ratio 超差             : 50
  ratio 无标注(旧口径免检): 352
  无流程信息(旧口径免检)  : 31

预测集合大小： {'cartridge_pred_mean': 6.275109170305677, 'cartridge_true_mean': 3.274235725402832, 'solvent_pred_mean': 24.31927133269415, 'solvent_true_mean': 15.235857963562012}

全部结果已写入 output/improve21/s1_C2_rank_gauss_init102
