样本数 11441  切分 train/val/test = 9152/1144/1145
输入维度 21（21 维描述符，未启用官能团）
cartridge 类别 42  步骤 5  溶剂组合词表 378
数据划分种子 42，初始化/训练种子 102（划分不受影响）
/Users/zysu/Library/Python/3.9/lib/python/site-packages/torch/utils/data/dataloader.py:666: UserWarning: 'pin_memory' argument is set as true but no accelerator is found, then device pinned memory won't be used.
  warnings.warn(warn_msg)
[epoch   1/60] train_loss=4.9744 val_loss=4.7899 val_score=3.5520 (7s)
[epoch   2/60] train_loss=4.6946 val_loss=4.6717 val_score=3.6228 (14s)
[epoch   3/60] train_loss=4.5849 val_loss=4.5858 val_score=3.7252 (21s)
[epoch   4/60] train_loss=4.5023 val_loss=4.5090 val_score=3.7121 (28s)
[epoch   5/60] train_loss=4.4298 val_loss=4.4502 val_score=3.7786 (35s)
[epoch   6/60] train_loss=4.3762 val_loss=4.4175 val_score=3.8273 (42s)
[epoch   7/60] train_loss=4.3354 val_loss=4.3751 val_score=3.8242 (49s)
[epoch   8/60] train_loss=4.3007 val_loss=4.3400 val_score=3.8661 (57s)
[epoch   9/60] train_loss=4.2656 val_loss=4.3042 val_score=3.9173 (64s)
[epoch  10/60] train_loss=4.2344 val_loss=4.2816 val_score=3.9470 (71s)
[epoch  11/60] train_loss=4.2078 val_loss=4.2539 val_score=3.9395 (78s)
[epoch  12/60] train_loss=4.1783 val_loss=4.2358 val_score=3.9506 (86s)
[epoch  13/60] train_loss=4.1620 val_loss=4.2123 val_score=3.9017 (93s)
[epoch  14/60] train_loss=4.1422 val_loss=4.2006 val_score=3.9899 (100s)
[epoch  15/60] train_loss=4.1230 val_loss=4.1863 val_score=3.9270 (107s)
[epoch  16/60] train_loss=4.0990 val_loss=4.1648 val_score=3.9720 (114s)
[epoch  17/60] train_loss=4.0743 val_loss=4.1556 val_score=3.9525 (121s)
[epoch  18/60] train_loss=4.0556 val_loss=4.1442 val_score=3.9726 (129s)
[epoch  19/60] train_loss=4.0395 val_loss=4.1380 val_score=3.9992 (136s)
[epoch  20/60] train_loss=4.0209 val_loss=4.1459 val_score=3.9601 (143s)
[epoch  21/60] train_loss=4.0118 val_loss=4.1087 val_score=4.0225 (150s)
[epoch  22/60] train_loss=3.9966 val_loss=4.0972 val_score=4.0159 (157s)
[epoch  23/60] train_loss=3.9822 val_loss=4.0925 val_score=3.9906 (164s)
[epoch  24/60] train_loss=3.9666 val_loss=4.0760 val_score=4.0069 (171s)
[epoch  25/60] train_loss=3.9543 val_loss=4.0644 val_score=4.0318 (178s)
[epoch  26/60] train_loss=3.9416 val_loss=4.0651 val_score=4.0065 (185s)
[epoch  27/60] train_loss=3.9247 val_loss=4.0661 val_score=4.0348 (192s)
[epoch  28/60] train_loss=3.9099 val_loss=4.0350 val_score=3.9859 (199s)
[epoch  29/60] train_loss=3.8937 val_loss=4.0459 val_score=4.0028 (206s)
[epoch  30/60] train_loss=3.8837 val_loss=4.0418 val_score=3.9928 (213s)
[epoch  31/60] train_loss=3.8759 val_loss=4.0342 val_score=4.0290 (220s)
[epoch  32/60] train_loss=3.8645 val_loss=4.0458 val_score=4.0094 (228s)
[epoch  33/60] train_loss=3.8458 val_loss=4.0194 val_score=4.0521 (235s)
[epoch  34/60] train_loss=3.8439 val_loss=4.0160 val_score=4.0430 (242s)
[epoch  35/60] train_loss=3.8284 val_loss=4.0441 val_score=4.0043 (249s)
[epoch  36/60] train_loss=3.8200 val_loss=3.9967 val_score=4.0576 (256s)
[epoch  37/60] train_loss=3.8053 val_loss=4.0057 val_score=4.0574 (263s)
[epoch  38/60] train_loss=3.7977 val_loss=3.9951 val_score=4.0938 (271s)
[epoch  39/60] train_loss=3.7874 val_loss=4.0073 val_score=4.0845 (278s)
[epoch  40/60] train_loss=3.7810 val_loss=3.9961 val_score=4.0800 (285s)
[epoch  41/60] train_loss=3.7689 val_loss=3.9734 val_score=4.0679 (292s)
[epoch  42/60] train_loss=3.7598 val_loss=4.0195 val_score=4.0507 (299s)
[epoch  43/60] train_loss=3.7529 val_loss=3.9673 val_score=4.0963 (306s)
[epoch  44/60] train_loss=3.7461 val_loss=3.9750 val_score=4.0656 (314s)
[epoch  45/60] train_loss=3.7389 val_loss=3.9597 val_score=4.0905 (321s)
[epoch  46/60] train_loss=3.7245 val_loss=3.9831 val_score=4.0930 (328s)
[epoch  47/60] train_loss=3.7238 val_loss=3.9661 val_score=4.0549 (335s)
[epoch  48/60] train_loss=3.7083 val_loss=3.9826 val_score=4.0654 (342s)
[epoch  49/60] train_loss=3.6974 val_loss=3.9532 val_score=4.1340 (349s)
[epoch  50/60] train_loss=3.6971 val_loss=3.9560 val_score=4.1246 (356s)
[epoch  51/60] train_loss=3.6848 val_loss=3.9722 val_score=4.1226 (363s)
[epoch  52/60] train_loss=3.6753 val_loss=3.9779 val_score=4.1072 (371s)
[epoch  53/60] train_loss=3.6654 val_loss=3.9676 val_score=4.1726 (378s)
[epoch  54/60] train_loss=3.6617 val_loss=3.9681 val_score=4.1523 (385s)
[epoch  55/60] train_loss=3.6568 val_loss=3.9519 val_score=4.1203 (392s)
[epoch  56/60] train_loss=3.6541 val_loss=3.9699 val_score=4.1560 (399s)
[epoch  57/60] train_loss=3.6460 val_loss=3.9562 val_score=4.1143 (406s)
[epoch  58/60] train_loss=3.6343 val_loss=3.9515 val_score=4.1122 (413s)
[epoch  59/60] train_loss=3.6327 val_loss=3.9291 val_score=4.2119 (421s)
[epoch  60/60] train_loss=3.6146 val_loss=3.9292 val_score=4.2103 (428s)
最佳 checkpoint 来自 epoch 59，验证集选模分 4.2119
per-label 阈值标定完成
解码调优（目标=f1）:
  cartridge -> {'mode': 'threshold', 'k_scale': 1.0, 'k_min': 1, 'k_max': 42, 'thr_shift': 0.0, 'ensure_nonempty': False, 'count_quantile': None}  目标值=0.4726
  solvent   -> {'mode': 'threshold', 'k_scale': 1.0, 'k_min': 0, 'k_max': 378, 'thr_shift': 0.0, 'ensure_nonempty': False, 'count_quantile': None} gate=True  目标值=0.4731
验证集（调优后）选模分 4.2920，链路正确率 0.4569

=== 测试集（基数感知解码）===
样本数 1145（有流程信息 1043，无流程信息 102）
Hit@1 可校验子集大小 126

Hit@1 旧口径（两处免检都在）      : 0.4009
Hit@1 去掉无流程信息免检          : 0.4132
Hit@1 仅可校验子集（推荐主指标）  : 0.6111
Hit@1 缺 ratio 标注判失败（最严） : 0.0738
前三段链路正确率（不看 ratio）    : 0.4602

StrictAcc 旧口径 / 仅有流程信息   : 0.0026 / 0.0000
SSS 旧口径 / 仅有流程信息         : 0.5049 / 0.4726
HC 旧口径 / 仅有流程信息          : 0.9120 / 0.9034
GUS                               : 60.3522

Hit@1 失败原因（对全部样本计数，互斥）：
  cartridge top-1 错     : 520
  step top-1 错          : 2
  solvent top-1 错       : 115
  ratio 超差             : 49
  ratio 无标注(旧口径免检): 354
  无流程信息(旧口径免检)  : 28

预测集合大小： {'cartridge_pred_mean': 6.587772925764192, 'cartridge_true_mean': 3.274235725402832, 'solvent_pred_mean': 23.635666347075745, 'solvent_true_mean': 15.235857963562012}

全部结果已写入 output/improve21/s1_C2_zscore_init102
