样本数 11441  切分 train/val/test = 9152/1144/1145
输入维度 21（21 维描述符，未启用官能团）
cartridge 类别 42  步骤 5  溶剂组合词表 378
数据划分种子 42，初始化/训练种子 101（划分不受影响）
/Users/zysu/Library/Python/3.9/lib/python/site-packages/torch/utils/data/dataloader.py:666: UserWarning: 'pin_memory' argument is set as true but no accelerator is found, then device pinned memory won't be used.
  warnings.warn(warn_msg)
[epoch   1/60] train_loss=9.3114 val_loss=8.9186 val_score=3.4363 (3s)
[epoch   2/60] train_loss=8.7884 val_loss=8.6957 val_score=3.5891 (6s)
[epoch   3/60] train_loss=8.6178 val_loss=8.6036 val_score=3.6324 (8s)
[epoch   4/60] train_loss=8.4979 val_loss=8.4770 val_score=3.6716 (11s)
[epoch   5/60] train_loss=8.3943 val_loss=8.3603 val_score=3.7878 (14s)
[epoch   6/60] train_loss=8.2966 val_loss=8.3054 val_score=3.8398 (18s)
[epoch   7/60] train_loss=8.2198 val_loss=8.2105 val_score=3.8721 (21s)
[epoch   8/60] train_loss=8.1535 val_loss=8.1660 val_score=3.8927 (23s)
[epoch   9/60] train_loss=8.0902 val_loss=8.1181 val_score=3.9350 (26s)
[epoch  10/60] train_loss=8.0468 val_loss=8.0708 val_score=3.9163 (29s)
[epoch  11/60] train_loss=8.0078 val_loss=8.0512 val_score=3.9781 (32s)
[epoch  12/60] train_loss=7.9557 val_loss=8.0249 val_score=3.8793 (36s)
[epoch  13/60] train_loss=7.9228 val_loss=8.0038 val_score=3.9762 (39s)
[epoch  14/60] train_loss=7.8711 val_loss=8.0003 val_score=3.9587 (42s)
[epoch  15/60] train_loss=7.8276 val_loss=7.9263 val_score=4.0165 (45s)
[epoch  16/60] train_loss=7.7949 val_loss=7.9243 val_score=4.0008 (49s)
[epoch  17/60] train_loss=7.7484 val_loss=7.9036 val_score=3.9607 (52s)
[epoch  18/60] train_loss=7.7257 val_loss=7.8820 val_score=4.0533 (55s)
[epoch  19/60] train_loss=7.6819 val_loss=7.8618 val_score=4.0318 (58s)
[epoch  20/60] train_loss=7.6556 val_loss=7.8480 val_score=3.9868 (61s)
[epoch  21/60] train_loss=7.6111 val_loss=7.8068 val_score=4.0495 (64s)
[epoch  22/60] train_loss=7.5762 val_loss=7.7918 val_score=4.0177 (68s)
[epoch  23/60] train_loss=7.5543 val_loss=7.7787 val_score=4.0013 (71s)
[epoch  24/60] train_loss=7.5358 val_loss=7.7777 val_score=4.0268 (75s)
[epoch  25/60] train_loss=7.4969 val_loss=7.7727 val_score=4.0313 (79s)
[epoch  26/60] train_loss=7.4632 val_loss=7.7505 val_score=4.0945 (82s)
[epoch  27/60] train_loss=7.4253 val_loss=7.7053 val_score=4.1186 (86s)
[epoch  28/60] train_loss=7.4219 val_loss=7.7294 val_score=4.0519 (90s)
[epoch  29/60] train_loss=7.3986 val_loss=7.6893 val_score=4.0816 (94s)
[epoch  30/60] train_loss=7.3676 val_loss=7.6927 val_score=4.0622 (99s)
[epoch  31/60] train_loss=7.3441 val_loss=7.6880 val_score=4.0946 (103s)
[epoch  32/60] train_loss=7.3298 val_loss=7.6804 val_score=4.0033 (108s)
[epoch  33/60] train_loss=7.2936 val_loss=7.6307 val_score=4.1321 (115s)
[epoch  34/60] train_loss=7.2726 val_loss=7.6429 val_score=4.0998 (126s)
[epoch  35/60] train_loss=7.2427 val_loss=7.6378 val_score=4.1386 (136s)
[epoch  36/60] train_loss=7.2348 val_loss=7.6293 val_score=4.1552 (145s)
[epoch  37/60] train_loss=7.2126 val_loss=7.6275 val_score=4.1252 (154s)
[epoch  38/60] train_loss=7.1707 val_loss=7.6127 val_score=4.1000 (163s)
[epoch  39/60] train_loss=7.1626 val_loss=7.6071 val_score=4.0710 (172s)
[epoch  40/60] train_loss=7.1429 val_loss=7.6340 val_score=4.1582 (180s)
[epoch  41/60] train_loss=7.1129 val_loss=7.6007 val_score=4.1475 (188s)
[epoch  42/60] train_loss=7.0910 val_loss=7.5963 val_score=4.1090 (195s)
[epoch  43/60] train_loss=7.0632 val_loss=7.5703 val_score=4.1654 (203s)
[epoch  44/60] train_loss=7.0517 val_loss=7.5638 val_score=4.1503 (210s)
[epoch  45/60] train_loss=7.0630 val_loss=7.5958 val_score=4.1357 (217s)
[epoch  46/60] train_loss=7.0233 val_loss=7.5533 val_score=4.1559 (224s)
[epoch  47/60] train_loss=7.0114 val_loss=7.5056 val_score=4.2094 (231s)
[epoch  48/60] train_loss=6.9871 val_loss=7.5560 val_score=4.1841 (238s)
[epoch  49/60] train_loss=6.9742 val_loss=7.5276 val_score=4.2026 (245s)
[epoch  50/60] train_loss=6.9578 val_loss=7.5639 val_score=4.1949 (252s)
[epoch  51/60] train_loss=6.9552 val_loss=7.5192 val_score=4.1864 (259s)
[epoch  52/60] train_loss=6.9269 val_loss=7.5524 val_score=4.1645 (266s)
[epoch  53/60] train_loss=6.9296 val_loss=7.5343 val_score=4.2362 (273s)
[epoch  54/60] train_loss=6.9048 val_loss=7.5203 val_score=4.1797 (280s)
[epoch  55/60] train_loss=6.8781 val_loss=7.5457 val_score=4.1764 (287s)
[epoch  56/60] train_loss=6.8620 val_loss=7.4964 val_score=4.1971 (294s)
[epoch  57/60] train_loss=6.8445 val_loss=7.4897 val_score=4.2426 (301s)
[epoch  58/60] train_loss=6.8399 val_loss=7.5306 val_score=4.1640 (308s)
[epoch  59/60] train_loss=6.8252 val_loss=7.4937 val_score=4.2245 (315s)
[epoch  60/60] train_loss=6.8084 val_loss=7.5164 val_score=4.2381 (322s)
最佳 checkpoint 来自 epoch 57，验证集选模分 4.2426
per-label 阈值标定完成
解码调优（目标=f1）:
  cartridge -> {'mode': 'threshold', 'k_scale': 1.0, 'k_min': 1, 'k_max': 42, 'thr_shift': 0.0, 'ensure_nonempty': False, 'count_quantile': None}  目标值=0.4822
  solvent   -> {'mode': 'threshold', 'k_scale': 1.0, 'k_min': 0, 'k_max': 378, 'thr_shift': 0.0, 'ensure_nonempty': False, 'count_quantile': None} gate=True  目标值=0.4644
验证集（调优后）选模分 4.3107，链路正确率 0.4626

=== 测试集（基数感知解码）===
样本数 1145（有流程信息 1043，无流程信息 102）
Hit@1 可校验子集大小 139

Hit@1 旧口径（两处免检都在）      : 0.4341
Hit@1 去掉无流程信息免检          : 0.4439
Hit@1 仅可校验子集（推荐主指标）  : 0.6115
Hit@1 缺 ratio 标注判失败（最严） : 0.0815
前三段链路正确率（不看 ratio）    : 0.4957

StrictAcc 旧口径 / 仅有流程信息   : 0.0000 / 0.0000
SSS 旧口径 / 仅有流程信息         : 0.5034 / 0.4707
HC 旧口径 / 仅有流程信息          : 0.9162 / 0.9080
GUS                               : 60.6519

Hit@1 失败原因（对全部样本计数，互斥）：
  cartridge top-1 错     : 459
  step top-1 错          : 4
  solvent top-1 错       : 131
  ratio 超差             : 54
  ratio 无标注(旧口径免检): 378
  无流程信息(旧口径免检)  : 34

预测集合大小： {'cartridge_pred_mean': 6.465502183406113, 'cartridge_true_mean': 3.274235725402832, 'solvent_pred_mean': 25.86673058485139, 'solvent_true_mean': 15.235857963562012}

全部结果已写入 output/improve21/s1_C12_rank_gauss_init101
