样本数 11441  切分 train/val/test = 9152/1144/1145
输入维度 21（21 维描述符，未启用官能团）
cartridge 类别 42  步骤 5  溶剂组合词表 378
数据划分种子 42，初始化/训练种子 103（划分不受影响）
/Users/zysu/Library/Python/3.9/lib/python/site-packages/torch/utils/data/dataloader.py:666: UserWarning: 'pin_memory' argument is set as true but no accelerator is found, then device pinned memory won't be used.
  warnings.warn(warn_msg)
[epoch   1/60] train_loss=9.2765 val_loss=8.8308 val_score=3.4461 (7s)
[epoch   2/60] train_loss=8.7548 val_loss=8.6821 val_score=3.5943 (14s)
[epoch   3/60] train_loss=8.6089 val_loss=8.5931 val_score=3.6556 (21s)
[epoch   4/60] train_loss=8.5082 val_loss=8.4635 val_score=3.7417 (27s)
[epoch   5/60] train_loss=8.3848 val_loss=8.3597 val_score=3.7955 (34s)
[epoch   6/60] train_loss=8.2972 val_loss=8.2754 val_score=3.7636 (41s)
[epoch   7/60] train_loss=8.2216 val_loss=8.2455 val_score=3.8651 (48s)
[epoch   8/60] train_loss=8.1477 val_loss=8.2105 val_score=3.9099 (56s)
[epoch   9/60] train_loss=8.0714 val_loss=8.1483 val_score=3.9001 (63s)
[epoch  10/60] train_loss=8.0199 val_loss=8.0958 val_score=3.9288 (70s)
[epoch  11/60] train_loss=7.9689 val_loss=8.0157 val_score=3.9698 (77s)
[epoch  12/60] train_loss=7.9260 val_loss=8.0169 val_score=3.9567 (84s)
[epoch  13/60] train_loss=7.8742 val_loss=7.9878 val_score=3.9738 (91s)
[epoch  14/60] train_loss=7.8256 val_loss=7.9746 val_score=3.9778 (98s)
[epoch  15/60] train_loss=7.8089 val_loss=7.9533 val_score=3.9550 (105s)
[epoch  16/60] train_loss=7.7458 val_loss=7.9188 val_score=4.0244 (113s)
[epoch  17/60] train_loss=7.7092 val_loss=7.9342 val_score=4.0215 (120s)
[epoch  18/60] train_loss=7.6932 val_loss=7.8919 val_score=3.9527 (127s)
[epoch  19/60] train_loss=7.6405 val_loss=7.8441 val_score=4.0084 (134s)
[epoch  20/60] train_loss=7.6131 val_loss=7.8130 val_score=4.0401 (140s)
[epoch  21/60] train_loss=7.5848 val_loss=7.8030 val_score=4.0239 (147s)
[epoch  22/60] train_loss=7.5578 val_loss=7.7735 val_score=4.1128 (154s)
[epoch  23/60] train_loss=7.5254 val_loss=7.7665 val_score=4.0396 (161s)
[epoch  24/60] train_loss=7.4932 val_loss=7.7670 val_score=4.0927 (169s)
[epoch  25/60] train_loss=7.4730 val_loss=7.7435 val_score=4.0620 (176s)
[epoch  26/60] train_loss=7.4541 val_loss=7.7363 val_score=4.1025 (183s)
[epoch  27/60] train_loss=7.4066 val_loss=7.7201 val_score=4.0719 (190s)
[epoch  28/60] train_loss=7.3839 val_loss=7.7430 val_score=4.0621 (197s)
[epoch  29/60] train_loss=7.3552 val_loss=7.7035 val_score=4.1130 (204s)
[epoch  30/60] train_loss=7.3195 val_loss=7.6707 val_score=4.1081 (211s)
[epoch  31/60] train_loss=7.3118 val_loss=7.6709 val_score=4.0213 (217s)
[epoch  32/60] train_loss=7.2691 val_loss=7.6801 val_score=4.1423 (224s)
[epoch  33/60] train_loss=7.2619 val_loss=7.6533 val_score=4.1716 (232s)
[epoch  34/60] train_loss=7.2298 val_loss=7.6788 val_score=4.1241 (239s)
[epoch  35/60] train_loss=7.2184 val_loss=7.6532 val_score=4.1205 (246s)
[epoch  36/60] train_loss=7.2010 val_loss=7.5993 val_score=4.1315 (253s)
[epoch  37/60] train_loss=7.1611 val_loss=7.5982 val_score=4.1504 (259s)
[epoch  38/60] train_loss=7.1583 val_loss=7.6031 val_score=4.1775 (266s)
[epoch  39/60] train_loss=7.1468 val_loss=7.5342 val_score=4.1781 (273s)
[epoch  40/60] train_loss=7.1304 val_loss=7.5433 val_score=4.1278 (280s)
[epoch  41/60] train_loss=7.0926 val_loss=7.5760 val_score=4.1374 (287s)
[epoch  42/60] train_loss=7.0709 val_loss=7.5799 val_score=4.1104 (295s)
[epoch  43/60] train_loss=7.0622 val_loss=7.5552 val_score=4.1645 (302s)
[epoch  44/60] train_loss=7.0262 val_loss=7.5623 val_score=4.0964 (308s)
[epoch  45/60] train_loss=7.0146 val_loss=7.5734 val_score=4.1452 (315s)
[epoch  46/60] train_loss=6.9917 val_loss=7.5472 val_score=4.1619 (322s)
[epoch  47/60] train_loss=6.9667 val_loss=7.5871 val_score=4.1405 (329s)
[epoch  48/60] train_loss=6.9674 val_loss=7.5446 val_score=4.1127 (336s)
[epoch  49/60] train_loss=6.9480 val_loss=7.5170 val_score=4.1821 (344s)
[epoch  50/60] train_loss=6.9213 val_loss=7.5335 val_score=4.2028 (351s)
[epoch  51/60] train_loss=6.9293 val_loss=7.5379 val_score=4.1719 (358s)
[epoch  52/60] train_loss=6.8939 val_loss=7.5238 val_score=4.1881 (365s)
[epoch  53/60] train_loss=6.8891 val_loss=7.5094 val_score=4.2247 (372s)
[epoch  54/60] train_loss=6.8772 val_loss=7.4784 val_score=4.1591 (379s)
[epoch  55/60] train_loss=6.8616 val_loss=7.5024 val_score=4.1788 (387s)
[epoch  56/60] train_loss=6.8324 val_loss=7.4831 val_score=4.2206 (395s)
[epoch  57/60] train_loss=6.8103 val_loss=7.5101 val_score=4.2299 (402s)
[epoch  58/60] train_loss=6.8023 val_loss=7.5358 val_score=4.2262 (410s)
[epoch  59/60] train_loss=6.8157 val_loss=7.5088 val_score=4.2060 (418s)
[epoch  60/60] train_loss=6.7862 val_loss=7.4724 val_score=4.2711 (425s)
最佳 checkpoint 来自 epoch 60，验证集选模分 4.2711
per-label 阈值标定完成
解码调优（目标=f1）:
  cartridge -> {'mode': 'threshold', 'k_scale': 1.0, 'k_min': 1, 'k_max': 42, 'thr_shift': 0.0, 'ensure_nonempty': False, 'count_quantile': None}  目标值=0.4692
  solvent   -> {'mode': 'threshold', 'k_scale': 1.0, 'k_min': 0, 'k_max': 378, 'thr_shift': 0.0, 'ensure_nonempty': False, 'count_quantile': None} gate=True  目标值=0.4643
验证集（调优后）选模分 4.3191，链路正确率 0.4665

=== 测试集（基数感知解码）===
样本数 1145（有流程信息 1043，无流程信息 102）
Hit@1 可校验子集大小 148

Hit@1 旧口径（两处免检都在）      : 0.4332
Hit@1 去掉无流程信息免检          : 0.4420
Hit@1 仅可校验子集（推荐主指标）  : 0.6824
Hit@1 缺 ratio 标注判失败（最严） : 0.0968
前三段链路正确率（不看 ratio）    : 0.4871

StrictAcc 旧口径 / 仅有流程信息   : 0.0009 / 0.0000
SSS 旧口径 / 仅有流程信息         : 0.5016 / 0.4692
HC 旧口径 / 仅有流程信息          : 0.9174 / 0.9093
GUS                               : 60.4113

Hit@1 失败原因（对全部样本计数，互斥）：
  cartridge top-1 错     : 471
  step top-1 错          : 2
  solvent top-1 错       : 129
  ratio 超差             : 47
  ratio 无标注(旧口径免检): 360
  无流程信息(旧口径免检)  : 35

预测集合大小： {'cartridge_pred_mean': 6.667248908296943, 'cartridge_true_mean': 3.274235725402832, 'solvent_pred_mean': 26.650047938638544, 'solvent_true_mean': 15.235857963562012}

全部结果已写入 output/improve21/s1_C12_rank_gauss_init103
