样本数 11441  切分 train/val/test = 9152/1144/1145
输入维度 21（21 维描述符，未启用官能团）
cartridge 类别 42  步骤 5  溶剂组合词表 378
/Users/zysu/Library/Python/3.9/lib/python/site-packages/torch/utils/data/dataloader.py:666: UserWarning: 'pin_memory' argument is set as true but no accelerator is found, then device pinned memory won't be used.
  warnings.warn(warn_msg)
[epoch   1/60] train_loss=5.4226 val_loss=5.2955 val_score=3.4893 (4s)
[epoch   2/60] train_loss=5.1872 val_loss=5.2205 val_score=3.4942 (8s)
[epoch   3/60] train_loss=5.1198 val_loss=5.1544 val_score=3.6232 (12s)
[epoch   4/60] train_loss=5.0597 val_loss=5.0729 val_score=3.7207 (15s)
[epoch   5/60] train_loss=4.9796 val_loss=5.0283 val_score=3.7558 (19s)
[epoch   6/60] train_loss=4.9247 val_loss=4.9884 val_score=3.6068 (23s)
[epoch   7/60] train_loss=4.8826 val_loss=4.9501 val_score=3.7186 (27s)
[epoch   8/60] train_loss=4.8347 val_loss=4.8814 val_score=3.7835 (30s)
[epoch   9/60] train_loss=4.7943 val_loss=4.8357 val_score=3.7014 (34s)
[epoch  10/60] train_loss=4.7634 val_loss=4.8246 val_score=3.7062 (38s)
[epoch  11/60] train_loss=4.7440 val_loss=4.8070 val_score=3.7867 (41s)
[epoch  12/60] train_loss=4.7048 val_loss=4.7727 val_score=3.7704 (45s)
[epoch  13/60] train_loss=4.6842 val_loss=4.7448 val_score=3.8070 (49s)
[epoch  14/60] train_loss=4.6584 val_loss=4.7175 val_score=3.7838 (53s)
[epoch  15/60] train_loss=4.6258 val_loss=4.7262 val_score=3.8766 (56s)
[epoch  16/60] train_loss=4.6087 val_loss=4.6728 val_score=3.7921 (60s)
[epoch  17/60] train_loss=4.5994 val_loss=4.6959 val_score=3.8141 (64s)
[epoch  18/60] train_loss=4.5648 val_loss=4.6690 val_score=3.8086 (67s)
[epoch  19/60] train_loss=4.5513 val_loss=4.6865 val_score=3.7758 (71s)
[epoch  20/60] train_loss=4.5518 val_loss=4.6327 val_score=3.7956 (75s)
[epoch  21/60] train_loss=4.5252 val_loss=4.6258 val_score=3.7892 (79s)
[epoch  22/60] train_loss=4.5161 val_loss=4.6143 val_score=3.8222 (82s)
[epoch  23/60] train_loss=4.4819 val_loss=4.5852 val_score=3.8385 (86s)
[epoch  24/60] train_loss=4.4758 val_loss=4.5953 val_score=3.9318 (90s)
[epoch  25/60] train_loss=4.4656 val_loss=4.5477 val_score=3.8728 (93s)
[epoch  26/60] train_loss=4.4479 val_loss=4.5495 val_score=3.8093 (97s)
[epoch  27/60] train_loss=4.4327 val_loss=4.5465 val_score=3.9522 (101s)
[epoch  28/60] train_loss=4.4118 val_loss=4.5353 val_score=3.8366 (104s)
[epoch  29/60] train_loss=4.4236 val_loss=4.5459 val_score=3.8360 (108s)
[epoch  30/60] train_loss=4.4037 val_loss=4.5632 val_score=3.7878 (112s)
[epoch  31/60] train_loss=4.3906 val_loss=4.5279 val_score=3.8788 (116s)
[epoch  32/60] train_loss=4.3868 val_loss=4.4680 val_score=3.8405 (119s)
[epoch  33/60] train_loss=4.3642 val_loss=4.5033 val_score=3.8388 (123s)
[epoch  34/60] train_loss=4.3524 val_loss=4.4883 val_score=3.8934 (127s)
[epoch  35/60] train_loss=4.3399 val_loss=4.5220 val_score=3.8403 (131s)
[epoch  36/60] train_loss=4.3255 val_loss=4.4817 val_score=3.8893 (134s)
[epoch  37/60] train_loss=4.3301 val_loss=4.4796 val_score=3.9040 (138s)
[epoch  38/60] train_loss=4.3098 val_loss=4.4603 val_score=3.9374 (142s)
[epoch  39/60] train_loss=4.3069 val_loss=4.4558 val_score=3.9293 (146s)
[epoch  40/60] train_loss=4.2955 val_loss=4.4347 val_score=3.9637 (149s)
[epoch  41/60] train_loss=4.2870 val_loss=4.4824 val_score=3.8855 (153s)
[epoch  42/60] train_loss=4.2833 val_loss=4.4800 val_score=3.7848 (157s)
[epoch  43/60] train_loss=4.2602 val_loss=4.4403 val_score=3.8740 (160s)
[epoch  44/60] train_loss=4.2741 val_loss=4.4656 val_score=3.9435 (164s)
[epoch  45/60] train_loss=4.2504 val_loss=4.4412 val_score=3.9767 (168s)
[epoch  46/60] train_loss=4.2420 val_loss=4.4218 val_score=3.8330 (172s)
[epoch  47/60] train_loss=4.2382 val_loss=4.4193 val_score=3.9240 (176s)
[epoch  48/60] train_loss=4.2366 val_loss=4.4022 val_score=3.9263 (179s)
[epoch  49/60] train_loss=4.2220 val_loss=4.4007 val_score=3.9705 (183s)
[epoch  50/60] train_loss=4.2186 val_loss=4.4230 val_score=3.9790 (187s)
[epoch  51/60] train_loss=4.2046 val_loss=4.4068 val_score=3.9550 (191s)
[epoch  52/60] train_loss=4.1974 val_loss=4.3943 val_score=3.9579 (194s)
[epoch  53/60] train_loss=4.1950 val_loss=4.3795 val_score=3.8765 (198s)
[epoch  54/60] train_loss=4.1900 val_loss=4.4312 val_score=3.9195 (202s)
[epoch  55/60] train_loss=4.1840 val_loss=4.4452 val_score=3.8273 (205s)
[epoch  56/60] train_loss=4.1674 val_loss=4.4148 val_score=3.9754 (209s)
[epoch  57/60] train_loss=4.1525 val_loss=4.4084 val_score=3.9485 (213s)
[epoch  58/60] train_loss=4.1576 val_loss=4.4330 val_score=3.9358 (216s)
[epoch  59/60] train_loss=4.1477 val_loss=4.4002 val_score=3.9259 (220s)
[epoch  60/60] train_loss=4.1268 val_loss=4.3999 val_score=3.9221 (224s)
最佳 checkpoint 来自 epoch 50，验证集选模分 3.9790
per-label 阈值标定完成
解码调优（目标=f1）:
  cartridge -> {'mode': 'threshold', 'k_scale': 1.0, 'k_min': 1, 'k_max': 42, 'thr_shift': 0.0, 'ensure_nonempty': False, 'count_quantile': None}  目标值=0.4403
  solvent   -> {'mode': 'threshold', 'k_scale': 1.0, 'k_min': 0, 'k_max': 378, 'thr_shift': 0.0, 'ensure_nonempty': False, 'count_quantile': None} gate=True  目标值=0.4431
验证集（调优后）选模分 4.0575，链路正确率 0.4148

=== 测试集（基数感知解码）===
样本数 1145（有流程信息 1043，无流程信息 102）
Hit@1 可校验子集大小 132

Hit@1 旧口径（两处免检都在）      : 0.3485
Hit@1 去掉无流程信息免检          : 0.3663
Hit@1 仅可校验子集（推荐主指标）  : 0.6439
Hit@1 缺 ratio 标注判失败（最严） : 0.0815
前三段链路正确率（不看 ratio）    : 0.4113

StrictAcc 旧口径 / 仅有流程信息   : 0.0000 / 0.0000
SSS 旧口径 / 仅有流程信息         : 0.4806 / 0.4468
HC 旧口径 / 仅有流程信息          : 0.9137 / 0.9053
GUS                               : 58.3512

Hit@1 失败原因（对全部样本计数，互斥）：
  cartridge top-1 错     : 577
  step top-1 错          : 5
  solvent top-1 错       : 117
  ratio 超差             : 47
  ratio 无标注(旧口径免检): 297
  无流程信息(旧口径免检)  : 17

预测集合大小： {'cartridge_pred_mean': 7.041921397379912, 'cartridge_true_mean': 3.274235725402832, 'solvent_pred_mean': 27.153403643336528, 'solvent_true_mean': 15.235857963562012}

全部结果已写入 output/improve21/s3_L3_margin_init42
