样本数 11441  切分 train/val/test = 9152/1144/1145
输入维度 21（21 维描述符，未启用官能团）
cartridge 类别 42  步骤 5  溶剂组合词表 378
/Users/zysu/Library/Python/3.9/lib/python/site-packages/torch/utils/data/dataloader.py:666: UserWarning: 'pin_memory' argument is set as true but no accelerator is found, then device pinned memory won't be used.
  warnings.warn(warn_msg)
[epoch   1/60] train_loss=9.3301 val_loss=8.9086 val_score=3.4781 (4s)
[epoch   2/60] train_loss=8.7562 val_loss=8.6741 val_score=3.5975 (7s)
[epoch   3/60] train_loss=8.6034 val_loss=8.5639 val_score=3.6539 (11s)
[epoch   4/60] train_loss=8.4853 val_loss=8.4793 val_score=3.6708 (15s)
[epoch   5/60] train_loss=8.3773 val_loss=8.3870 val_score=3.7872 (18s)
[epoch   6/60] train_loss=8.2882 val_loss=8.2959 val_score=3.8209 (22s)
[epoch   7/60] train_loss=8.2257 val_loss=8.2673 val_score=3.8948 (26s)
[epoch   8/60] train_loss=8.1511 val_loss=8.2151 val_score=3.8427 (29s)
[epoch   9/60] train_loss=8.0928 val_loss=8.1387 val_score=3.9312 (33s)
[epoch  10/60] train_loss=8.0306 val_loss=8.1134 val_score=3.9667 (37s)
[epoch  11/60] train_loss=7.9896 val_loss=8.0661 val_score=3.9315 (41s)
[epoch  12/60] train_loss=7.9516 val_loss=8.0175 val_score=3.9600 (44s)
[epoch  13/60] train_loss=7.8941 val_loss=8.0209 val_score=3.8964 (48s)
[epoch  14/60] train_loss=7.8708 val_loss=7.9777 val_score=3.9531 (52s)
[epoch  15/60] train_loss=7.8173 val_loss=7.9505 val_score=3.9905 (55s)
[epoch  16/60] train_loss=7.7910 val_loss=7.9351 val_score=3.9815 (59s)
[epoch  17/60] train_loss=7.7576 val_loss=7.9085 val_score=3.9647 (63s)
[epoch  18/60] train_loss=7.7227 val_loss=7.9077 val_score=4.0186 (66s)
[epoch  19/60] train_loss=7.6840 val_loss=7.8724 val_score=3.9927 (70s)
[epoch  20/60] train_loss=7.6506 val_loss=7.8738 val_score=3.9982 (74s)
[epoch  21/60] train_loss=7.6267 val_loss=7.8577 val_score=4.0187 (77s)
[epoch  22/60] train_loss=7.6032 val_loss=7.8147 val_score=4.0234 (81s)
[epoch  23/60] train_loss=7.5713 val_loss=7.8094 val_score=4.0120 (85s)
[epoch  24/60] train_loss=7.5307 val_loss=7.7972 val_score=4.0042 (88s)
[epoch  25/60] train_loss=7.5058 val_loss=7.7848 val_score=3.9947 (92s)
[epoch  26/60] train_loss=7.4876 val_loss=7.7531 val_score=4.0066 (96s)
[epoch  27/60] train_loss=7.4414 val_loss=7.7545 val_score=4.0265 (99s)
[epoch  28/60] train_loss=7.4114 val_loss=7.7513 val_score=4.0314 (103s)
[epoch  29/60] train_loss=7.4170 val_loss=7.7325 val_score=4.0152 (107s)
[epoch  30/60] train_loss=7.3845 val_loss=7.7053 val_score=4.0524 (111s)
[epoch  31/60] train_loss=7.3574 val_loss=7.6874 val_score=4.1008 (114s)
[epoch  32/60] train_loss=7.3372 val_loss=7.6779 val_score=4.0454 (118s)
[epoch  33/60] train_loss=7.3148 val_loss=7.6476 val_score=4.0702 (122s)
[epoch  34/60] train_loss=7.3066 val_loss=7.6580 val_score=4.0910 (126s)
[epoch  35/60] train_loss=7.2638 val_loss=7.6847 val_score=4.0477 (129s)
[epoch  36/60] train_loss=7.2551 val_loss=7.6572 val_score=4.1324 (133s)
[epoch  37/60] train_loss=7.2292 val_loss=7.6187 val_score=4.1237 (137s)
[epoch  38/60] train_loss=7.2060 val_loss=7.6350 val_score=4.1824 (140s)
[epoch  39/60] train_loss=7.1842 val_loss=7.5806 val_score=4.1551 (144s)
[epoch  40/60] train_loss=7.1751 val_loss=7.6215 val_score=4.0837 (148s)
[epoch  41/60] train_loss=7.1582 val_loss=7.5975 val_score=4.1728 (151s)
[epoch  42/60] train_loss=7.1403 val_loss=7.6039 val_score=4.1082 (155s)
[epoch  43/60] train_loss=7.1111 val_loss=7.6236 val_score=4.1123 (159s)
[epoch  44/60] train_loss=7.0781 val_loss=7.5994 val_score=4.1384 (162s)
[epoch  45/60] train_loss=7.0813 val_loss=7.6004 val_score=4.1602 (166s)
[epoch  46/60] train_loss=7.0569 val_loss=7.5807 val_score=4.1129 (170s)
[epoch  47/60] train_loss=7.0514 val_loss=7.5815 val_score=4.1283 (174s)
[epoch  48/60] train_loss=7.0181 val_loss=7.5671 val_score=4.1143 (177s)
[epoch  49/60] train_loss=7.0124 val_loss=7.5593 val_score=4.1484 (181s)
[epoch  50/60] train_loss=6.9955 val_loss=7.5895 val_score=4.1579 (185s)
[epoch  51/60] train_loss=6.9770 val_loss=7.5907 val_score=4.1912 (189s)
[epoch  52/60] train_loss=6.9831 val_loss=7.5639 val_score=4.1602 (192s)
[epoch  53/60] train_loss=6.9735 val_loss=7.5635 val_score=4.1401 (196s)
[epoch  54/60] train_loss=6.9222 val_loss=7.5571 val_score=4.1209 (200s)
[epoch  55/60] train_loss=6.9195 val_loss=7.5433 val_score=4.1724 (203s)
[epoch  56/60] train_loss=6.9066 val_loss=7.5333 val_score=4.1484 (207s)
[epoch  57/60] train_loss=6.9031 val_loss=7.4957 val_score=4.1567 (211s)
[epoch  58/60] train_loss=6.8815 val_loss=7.5491 val_score=4.1603 (214s)
[epoch  59/60] train_loss=6.8705 val_loss=7.4913 val_score=4.2743 (218s)
[epoch  60/60] train_loss=6.8567 val_loss=7.5342 val_score=4.1444 (220s)
最佳 checkpoint 来自 epoch 59，验证集选模分 4.2743
per-label 阈值标定完成
解码调优（目标=f1）:
  cartridge -> {'mode': 'threshold', 'k_scale': 1.0, 'k_min': 1, 'k_max': 42, 'thr_shift': 0.0, 'ensure_nonempty': False, 'count_quantile': None}  目标值=0.4712
  solvent   -> {'mode': 'threshold', 'k_scale': 1.0, 'k_min': 0, 'k_max': 378, 'thr_shift': 0.0, 'ensure_nonempty': False, 'count_quantile': None} gate=True  目标值=0.4669
验证集（调优后）选模分 4.3403，链路正确率 0.4703

=== 测试集（基数感知解码）===
样本数 1145（有流程信息 1043，无流程信息 102）
Hit@1 可校验子集大小 147

Hit@1 旧口径（两处免检都在）      : 0.4367
Hit@1 去掉无流程信息免检          : 0.4430
Hit@1 仅可校验子集（推荐主指标）  : 0.6803
Hit@1 缺 ratio 标注判失败（最严） : 0.0959
前三段链路正确率（不看 ratio）    : 0.4880

StrictAcc 旧口径 / 仅有流程信息   : 0.0000 / 0.0000
SSS 旧口径 / 仅有流程信息         : 0.5034 / 0.4710
HC 旧口径 / 仅有流程信息          : 0.9160 / 0.9078
GUS                               : 60.8627

Hit@1 失败原因（对全部样本计数，互斥）：
  cartridge top-1 错     : 465
  step top-1 错          : 2
  solvent top-1 错       : 131
  ratio 超差             : 47
  ratio 无标注(旧口径免检): 362
  无流程信息(旧口径免检)  : 38

预测集合大小： {'cartridge_pred_mean': 6.567685589519651, 'cartridge_true_mean': 3.274235725402832, 'solvent_pred_mean': 25.386385426653884, 'solvent_true_mean': 15.235857963562012}

全部结果已写入 output/improve21/s3_L0_set_ce_init42
