样本数 11441  切分 train/val/test = 9152/1144/1145
输入维度 21（21 维描述符，未启用官能团）
cartridge 类别 42  步骤 5  溶剂组合词表 378
/Users/zysu/Library/Python/3.9/lib/python/site-packages/torch/utils/data/dataloader.py:666: UserWarning: 'pin_memory' argument is set as true but no accelerator is found, then device pinned memory won't be used.
  warnings.warn(warn_msg)
[epoch   1/60] train_loss=4.1918 val_loss=4.0030 val_score=3.4987 (7s)
[epoch   2/60] train_loss=3.8657 val_loss=3.8649 val_score=3.6283 (14s)
[epoch   3/60] train_loss=3.7451 val_loss=3.7508 val_score=3.6549 (21s)
[epoch   4/60] train_loss=3.6575 val_loss=3.6935 val_score=3.7620 (28s)
[epoch   5/60] train_loss=3.5849 val_loss=3.6253 val_score=3.7746 (34s)
[epoch   6/60] train_loss=3.5306 val_loss=3.5784 val_score=3.7940 (40s)
[epoch   7/60] train_loss=3.4813 val_loss=3.5536 val_score=3.8538 (46s)
[epoch   8/60] train_loss=3.4399 val_loss=3.5123 val_score=3.8298 (51s)
[epoch   9/60] train_loss=3.4043 val_loss=3.4884 val_score=3.8343 (56s)
[epoch  10/60] train_loss=3.3645 val_loss=3.4312 val_score=3.9275 (61s)
[epoch  11/60] train_loss=3.3405 val_loss=3.4114 val_score=3.8920 (66s)
[epoch  12/60] train_loss=3.3133 val_loss=3.3915 val_score=3.9343 (70s)
[epoch  13/60] train_loss=3.2785 val_loss=3.3716 val_score=3.8976 (74s)
[epoch  14/60] train_loss=3.2594 val_loss=3.3375 val_score=3.8732 (78s)
[epoch  15/60] train_loss=3.2383 val_loss=3.3281 val_score=3.9633 (81s)
[epoch  16/60] train_loss=3.2111 val_loss=3.3088 val_score=3.9642 (85s)
[epoch  17/60] train_loss=3.1929 val_loss=3.2937 val_score=3.9233 (89s)
[epoch  18/60] train_loss=3.1672 val_loss=3.3047 val_score=3.9433 (93s)
[epoch  19/60] train_loss=3.1498 val_loss=3.2904 val_score=3.9091 (96s)
[epoch  20/60] train_loss=3.1390 val_loss=3.2679 val_score=3.9401 (100s)
[epoch  21/60] train_loss=3.1193 val_loss=3.2755 val_score=3.9525 (104s)
[epoch  22/60] train_loss=3.1009 val_loss=3.2647 val_score=3.9685 (108s)
[epoch  23/60] train_loss=3.0868 val_loss=3.2411 val_score=3.9881 (111s)
[epoch  24/60] train_loss=3.0758 val_loss=3.2336 val_score=3.9421 (115s)
[epoch  25/60] train_loss=3.0577 val_loss=3.2385 val_score=3.9852 (119s)
[epoch  26/60] train_loss=3.0443 val_loss=3.2145 val_score=3.9628 (123s)
[epoch  27/60] train_loss=3.0236 val_loss=3.2038 val_score=4.0096 (126s)
[epoch  28/60] train_loss=3.0129 val_loss=3.2101 val_score=4.0038 (130s)
[epoch  29/60] train_loss=3.0010 val_loss=3.2030 val_score=4.0202 (134s)
[epoch  30/60] train_loss=2.9895 val_loss=3.1987 val_score=4.0053 (138s)
[epoch  31/60] train_loss=2.9899 val_loss=3.1798 val_score=4.0322 (142s)
[epoch  32/60] train_loss=2.9699 val_loss=3.1831 val_score=4.0364 (145s)
[epoch  33/60] train_loss=2.9656 val_loss=3.1567 val_score=4.0743 (149s)
[epoch  34/60] train_loss=2.9457 val_loss=3.1634 val_score=4.0945 (153s)
[epoch  35/60] train_loss=2.9362 val_loss=3.1684 val_score=4.0448 (157s)
[epoch  36/60] train_loss=2.9241 val_loss=3.1849 val_score=4.0767 (160s)
[epoch  37/60] train_loss=2.9127 val_loss=3.1586 val_score=4.1340 (164s)
[epoch  38/60] train_loss=2.8968 val_loss=3.1485 val_score=4.0693 (168s)
[epoch  39/60] train_loss=2.8962 val_loss=3.1293 val_score=4.1062 (172s)
[epoch  40/60] train_loss=2.8862 val_loss=3.1410 val_score=4.0908 (176s)
[epoch  41/60] train_loss=2.8773 val_loss=3.1634 val_score=4.1092 (180s)
[epoch  42/60] train_loss=2.8618 val_loss=3.1775 val_score=4.0651 (184s)
[epoch  43/60] train_loss=2.8515 val_loss=3.1639 val_score=4.0756 (188s)
[epoch  44/60] train_loss=2.8389 val_loss=3.1424 val_score=4.1173 (191s)
[epoch  45/60] train_loss=2.8385 val_loss=3.1240 val_score=4.1310 (195s)
[epoch  46/60] train_loss=2.8177 val_loss=3.1234 val_score=4.1048 (199s)
[epoch  47/60] train_loss=2.8250 val_loss=3.1181 val_score=4.0886 (203s)
[epoch  48/60] train_loss=2.8120 val_loss=3.1333 val_score=4.0965 (207s)
[epoch  49/60] train_loss=2.8039 val_loss=3.1232 val_score=4.1011 (211s)
[epoch  50/60] train_loss=2.7897 val_loss=3.1041 val_score=4.1358 (215s)
[epoch  51/60] train_loss=2.7868 val_loss=3.1297 val_score=4.1481 (219s)
[epoch  52/60] train_loss=2.7926 val_loss=3.1063 val_score=4.1265 (222s)
[epoch  53/60] train_loss=2.7722 val_loss=3.1272 val_score=4.1035 (226s)
[epoch  54/60] train_loss=2.7616 val_loss=3.1195 val_score=4.1249 (230s)
[epoch  55/60] train_loss=2.7754 val_loss=3.1175 val_score=4.1164 (234s)
[epoch  56/60] train_loss=2.7567 val_loss=3.0878 val_score=4.1890 (238s)
[epoch  57/60] train_loss=2.7425 val_loss=3.0866 val_score=4.1769 (241s)
[epoch  58/60] train_loss=2.7337 val_loss=3.1260 val_score=4.2017 (245s)
[epoch  59/60] train_loss=2.7362 val_loss=3.1078 val_score=4.1423 (249s)
[epoch  60/60] train_loss=2.7242 val_loss=3.1286 val_score=4.1055 (253s)
最佳 checkpoint 来自 epoch 58，验证集选模分 4.2017
per-label 阈值标定完成
解码调优（目标=f1）:
  cartridge -> {'mode': 'threshold', 'k_scale': 1.0, 'k_min': 1, 'k_max': 42, 'thr_shift': 0.0, 'ensure_nonempty': False, 'count_quantile': None}  目标值=0.4906
  solvent   -> {'mode': 'threshold', 'k_scale': 1.0, 'k_min': 0, 'k_max': 378, 'thr_shift': 0.0, 'ensure_nonempty': False, 'count_quantile': None} gate=True  目标值=0.4727
验证集（调优后）选模分 4.2708，链路正确率 0.4502

=== 测试集（基数感知解码）===
样本数 1145（有流程信息 1043，无流程信息 102）
Hit@1 可校验子集大小 136

Hit@1 旧口径（两处免检都在）      : 0.4009
Hit@1 去掉无流程信息免检          : 0.4151
Hit@1 仅可校验子集（推荐主指标）  : 0.6765
Hit@1 缺 ratio 标注判失败（最严） : 0.0882
前三段链路正确率（不看 ratio）    : 0.4573

StrictAcc 旧口径 / 仅有流程信息   : 0.0009 / 0.0000
SSS 旧口径 / 仅有流程信息         : 0.5024 / 0.4697
HC 旧口径 / 仅有流程信息          : 0.9153 / 0.9070
GUS                               : 60.8039

Hit@1 失败原因（对全部样本计数，互斥）：
  cartridge top-1 错     : 515
  step top-1 错          : 4
  solvent top-1 错       : 123
  ratio 超差             : 44
  ratio 无标注(旧口径免检): 341
  无流程信息(旧口径免检)  : 26

预测集合大小： {'cartridge_pred_mean': 6.100436681222708, 'cartridge_true_mean': 3.274235725402832, 'solvent_pred_mean': 24.711409395973153, 'solvent_true_mean': 15.235857963562012}

全部结果已写入 output/improve21/s3_L2_ranknet_init42
