样本数 11441  切分 train/val/test = 9152/1144/1145
输入维度 21（21 维描述符，未启用官能团）
cartridge 类别 42  步骤 5  溶剂组合词表 378
/Users/zysu/Library/Python/3.9/lib/python/site-packages/torch/utils/data/dataloader.py:666: UserWarning: 'pin_memory' argument is set as true but no accelerator is found, then device pinned memory won't be used.
  warnings.warn(warn_msg)
[epoch   1/60] train_loss=7.3121 val_loss=6.7978 val_score=3.4679 (7s)
[epoch   2/60] train_loss=6.7155 val_loss=6.5663 val_score=3.5781 (13s)
[epoch   3/60] train_loss=6.5511 val_loss=6.4615 val_score=3.6300 (20s)
[epoch   4/60] train_loss=6.4329 val_loss=6.3913 val_score=3.7593 (26s)
[epoch   5/60] train_loss=6.3561 val_loss=6.3110 val_score=3.7986 (33s)
[epoch   6/60] train_loss=6.2715 val_loss=6.2063 val_score=3.8774 (39s)
[epoch   7/60] train_loss=6.1998 val_loss=6.1699 val_score=3.8762 (45s)
[epoch   8/60] train_loss=6.1186 val_loss=6.0986 val_score=3.9318 (50s)
[epoch   9/60] train_loss=6.0353 val_loss=6.0407 val_score=3.9340 (55s)
[epoch  10/60] train_loss=5.9710 val_loss=6.0226 val_score=3.9355 (60s)
[epoch  11/60] train_loss=5.9370 val_loss=5.9645 val_score=4.0059 (65s)
[epoch  12/60] train_loss=5.8856 val_loss=5.9244 val_score=3.9676 (69s)
[epoch  13/60] train_loss=5.8280 val_loss=5.9314 val_score=3.9744 (73s)
[epoch  14/60] train_loss=5.7904 val_loss=5.8938 val_score=3.9467 (77s)
[epoch  15/60] train_loss=5.7462 val_loss=5.8440 val_score=3.9782 (80s)
[epoch  16/60] train_loss=5.6988 val_loss=5.8362 val_score=3.9822 (84s)
[epoch  17/60] train_loss=5.6654 val_loss=5.8779 val_score=4.0264 (88s)
[epoch  18/60] train_loss=5.6143 val_loss=5.8710 val_score=4.0352 (91s)
[epoch  19/60] train_loss=5.5765 val_loss=5.8287 val_score=3.9730 (95s)
[epoch  20/60] train_loss=5.5569 val_loss=5.8031 val_score=4.0421 (99s)
[epoch  21/60] train_loss=5.5173 val_loss=5.8401 val_score=3.9691 (102s)
[epoch  22/60] train_loss=5.4751 val_loss=5.7580 val_score=4.0255 (106s)
[epoch  23/60] train_loss=5.4542 val_loss=5.7365 val_score=4.0211 (110s)
[epoch  24/60] train_loss=5.4080 val_loss=5.7586 val_score=4.0400 (113s)
[epoch  25/60] train_loss=5.3868 val_loss=5.7453 val_score=4.0539 (117s)
[epoch  26/60] train_loss=5.3510 val_loss=5.7452 val_score=4.0544 (121s)
[epoch  27/60] train_loss=5.3176 val_loss=5.7564 val_score=4.0093 (124s)
[epoch  28/60] train_loss=5.3040 val_loss=5.7698 val_score=4.0816 (128s)
[epoch  29/60] train_loss=5.2766 val_loss=5.7056 val_score=4.0841 (132s)
[epoch  30/60] train_loss=5.2524 val_loss=5.6934 val_score=4.0308 (135s)
[epoch  31/60] train_loss=5.2008 val_loss=5.7109 val_score=4.1167 (139s)
[epoch  32/60] train_loss=5.1861 val_loss=5.6998 val_score=4.1195 (143s)
[epoch  33/60] train_loss=5.1770 val_loss=5.6574 val_score=4.0892 (146s)
[epoch  34/60] train_loss=5.1288 val_loss=5.6695 val_score=4.0898 (150s)
[epoch  35/60] train_loss=5.1098 val_loss=5.6919 val_score=4.0671 (154s)
[epoch  36/60] train_loss=5.0697 val_loss=5.6920 val_score=4.1134 (157s)
[epoch  37/60] train_loss=5.0487 val_loss=5.6556 val_score=4.0953 (161s)
[epoch  38/60] train_loss=5.0336 val_loss=5.5950 val_score=4.1717 (165s)
[epoch  39/60] train_loss=5.0174 val_loss=5.6474 val_score=4.0953 (169s)
[epoch  40/60] train_loss=4.9867 val_loss=5.6389 val_score=4.1793 (172s)
[epoch  41/60] train_loss=4.9768 val_loss=5.6289 val_score=4.1642 (176s)
[epoch  42/60] train_loss=4.9415 val_loss=5.6763 val_score=4.1187 (180s)
[epoch  43/60] train_loss=4.9285 val_loss=5.6729 val_score=4.0775 (184s)
[epoch  44/60] train_loss=4.8919 val_loss=5.6374 val_score=4.1184 (187s)
[epoch  45/60] train_loss=4.9158 val_loss=5.6371 val_score=4.1272 (191s)
[epoch  46/60] train_loss=4.8785 val_loss=5.6381 val_score=4.1164 (195s)
[epoch  47/60] train_loss=4.8822 val_loss=5.6647 val_score=4.1726 (199s)
[epoch  48/60] train_loss=4.8259 val_loss=5.6663 val_score=4.1861 (202s)
[epoch  49/60] train_loss=4.8210 val_loss=5.6629 val_score=4.1226 (206s)
[epoch  50/60] train_loss=4.7916 val_loss=5.6402 val_score=4.1479 (210s)
[epoch  51/60] train_loss=4.7812 val_loss=5.6412 val_score=4.1906 (214s)
[epoch  52/60] train_loss=4.7522 val_loss=5.5941 val_score=4.1471 (217s)
[epoch  53/60] train_loss=4.7586 val_loss=5.6130 val_score=4.1687 (221s)
[epoch  54/60] train_loss=4.7234 val_loss=5.6641 val_score=4.1088 (225s)
[epoch  55/60] train_loss=4.7096 val_loss=5.6162 val_score=4.1299 (229s)
[epoch  56/60] train_loss=4.6910 val_loss=5.5859 val_score=4.2140 (232s)
[epoch  57/60] train_loss=4.6691 val_loss=5.5831 val_score=4.1821 (236s)
[epoch  58/60] train_loss=4.6585 val_loss=5.5952 val_score=4.1930 (240s)
[epoch  59/60] train_loss=4.6329 val_loss=5.5950 val_score=4.1701 (243s)
[epoch  60/60] train_loss=4.6361 val_loss=5.6194 val_score=4.1903 (247s)
最佳 checkpoint 来自 epoch 56，验证集选模分 4.2140
per-label 阈值标定完成
解码调优（目标=f1）:
  cartridge -> {'mode': 'threshold', 'k_scale': 1.0, 'k_min': 1, 'k_max': 42, 'thr_shift': 0.05, 'ensure_nonempty': False, 'count_quantile': None}  目标值=0.4415
  solvent   -> {'mode': 'threshold', 'k_scale': 1.0, 'k_min': 0, 'k_max': 378, 'thr_shift': 0.0, 'ensure_nonempty': False, 'count_quantile': None} gate=True  目标值=0.4511
验证集（调优后）选模分 4.2751，链路正确率 0.4636

=== 测试集（基数感知解码）===
样本数 1145（有流程信息 1043，无流程信息 102）
Hit@1 可校验子集大小 132

Hit@1 旧口径（两处免检都在）      : 0.4262
Hit@1 去掉无流程信息免检          : 0.4343
Hit@1 仅可校验子集（推荐主指标）  : 0.5985
Hit@1 缺 ratio 标注判失败（最严） : 0.0757
前三段链路正确率（不看 ratio）    : 0.4851

StrictAcc 旧口径 / 仅有流程信息   : 0.0000 / 0.0000
SSS 旧口径 / 仅有流程信息         : 0.4927 / 0.4594
HC 旧口径 / 仅有流程信息          : 0.9158 / 0.9076
GUS                               : 59.6531

Hit@1 失败原因（对全部样本计数，互斥）：
  cartridge top-1 错     : 464
  step top-1 错          : 2
  solvent top-1 错       : 138
  ratio 超差             : 53
  ratio 无标注(旧口径免检): 374
  无流程信息(旧口径免检)  : 35

预测集合大小： {'cartridge_pred_mean': 5.551965065502183, 'cartridge_true_mean': 3.274235725402832, 'solvent_pred_mean': 26.0143815915628, 'solvent_true_mean': 15.235857963562012}

全部结果已写入 output/improve21/s3_L1_any_pos_init42
