样本数 11441  切分 train/val/test = 9152/1144/1145
输入维度 21（21 维描述符，未启用官能团）
cartridge 类别 42  步骤 5  溶剂组合词表 378
数据划分种子 42，初始化/训练种子 206（划分不受影响）
bootstrap 重采样：抽 9152 条（原 9152 条），覆盖 5765 个不同样本（63.0%）
/Users/zysu/Library/Python/3.9/lib/python/site-packages/torch/utils/data/dataloader.py:666: UserWarning: 'pin_memory' argument is set as true but no accelerator is found, then device pinned memory won't be used.
  warnings.warn(warn_msg)
[epoch   1/60] train_loss=9.2869 val_loss=8.9039 val_score=3.4990 (6s)
[epoch   2/60] train_loss=8.7807 val_loss=8.6864 val_score=3.6080 (13s)
[epoch   3/60] train_loss=8.5949 val_loss=8.5940 val_score=3.6533 (19s)
[epoch   4/60] train_loss=8.4607 val_loss=8.4628 val_score=3.6437 (25s)
[epoch   5/60] train_loss=8.3356 val_loss=8.3855 val_score=3.7850 (32s)
[epoch   6/60] train_loss=8.2290 val_loss=8.3104 val_score=3.8127 (38s)
[epoch   7/60] train_loss=8.1353 val_loss=8.2718 val_score=3.8273 (45s)
[epoch   8/60] train_loss=8.0650 val_loss=8.2283 val_score=3.8491 (51s)
[epoch   9/60] train_loss=7.9907 val_loss=8.1848 val_score=3.9052 (58s)
[epoch  10/60] train_loss=7.9013 val_loss=8.1598 val_score=3.9088 (64s)
[epoch  11/60] train_loss=7.8261 val_loss=8.1266 val_score=3.9636 (70s)
[epoch  12/60] train_loss=7.7755 val_loss=8.1151 val_score=3.8854 (77s)
[epoch  13/60] train_loss=7.7292 val_loss=8.0632 val_score=3.9392 (83s)
[epoch  14/60] train_loss=7.6571 val_loss=8.0588 val_score=3.9783 (89s)
[epoch  15/60] train_loss=7.6037 val_loss=8.0347 val_score=3.9628 (96s)
[epoch  16/60] train_loss=7.5576 val_loss=8.0230 val_score=3.9891 (102s)
[epoch  17/60] train_loss=7.5018 val_loss=8.0081 val_score=3.9715 (108s)
[epoch  18/60] train_loss=7.4464 val_loss=7.9822 val_score=4.0186 (115s)
[epoch  19/60] train_loss=7.4072 val_loss=8.0127 val_score=4.0187 (121s)
[epoch  20/60] train_loss=7.3729 val_loss=7.9419 val_score=4.0149 (127s)
[epoch  21/60] train_loss=7.3229 val_loss=7.9707 val_score=4.0198 (133s)
[epoch  22/60] train_loss=7.2639 val_loss=7.9493 val_score=4.0364 (140s)
[epoch  23/60] train_loss=7.2380 val_loss=7.9312 val_score=3.9900 (146s)
[epoch  24/60] train_loss=7.1697 val_loss=7.9328 val_score=4.0352 (152s)
[epoch  25/60] train_loss=7.1327 val_loss=7.9565 val_score=4.0413 (159s)
[epoch  26/60] train_loss=7.0995 val_loss=7.9254 val_score=4.0924 (165s)
[epoch  27/60] train_loss=7.0735 val_loss=7.9127 val_score=4.0348 (171s)
[epoch  28/60] train_loss=7.0224 val_loss=7.9236 val_score=4.0642 (178s)
[epoch  29/60] train_loss=6.9806 val_loss=7.9052 val_score=3.9989 (184s)
[epoch  30/60] train_loss=6.9460 val_loss=7.9110 val_score=4.0646 (191s)
[epoch  31/60] train_loss=6.9120 val_loss=7.9326 val_score=4.0086 (197s)
[epoch  32/60] train_loss=6.8973 val_loss=7.9134 val_score=4.0396 (203s)
[epoch  33/60] train_loss=6.8566 val_loss=7.9079 val_score=4.0052 (209s)
[epoch  34/60] train_loss=6.8346 val_loss=7.9059 val_score=3.9966 (216s)
[epoch  35/60] train_loss=6.7977 val_loss=7.8760 val_score=4.0516 (222s)
[epoch  36/60] train_loss=6.7520 val_loss=7.9321 val_score=4.0977 (228s)
[epoch  37/60] train_loss=6.7175 val_loss=7.9334 val_score=4.0622 (235s)
[epoch  38/60] train_loss=6.6884 val_loss=7.9101 val_score=4.1110 (241s)
[epoch  39/60] train_loss=6.6744 val_loss=7.9204 val_score=4.0534 (247s)
[epoch  40/60] train_loss=6.6645 val_loss=7.8920 val_score=4.0558 (253s)
[epoch  41/60] train_loss=6.6096 val_loss=7.9194 val_score=4.0292 (259s)
[epoch  42/60] train_loss=6.5998 val_loss=7.9116 val_score=4.0929 (266s)
[epoch  43/60] train_loss=6.5879 val_loss=7.9018 val_score=4.0445 (272s)
[epoch  44/60] train_loss=6.5497 val_loss=7.9107 val_score=4.0710 (278s)
[epoch  45/60] train_loss=6.5193 val_loss=8.0133 val_score=4.0960 (285s)
[epoch  46/60] train_loss=6.5033 val_loss=7.9617 val_score=4.0805 (291s)
[epoch  47/60] train_loss=6.4949 val_loss=7.9005 val_score=4.0108 (296s)
[epoch  48/60] train_loss=6.4538 val_loss=7.8989 val_score=4.1369 (302s)
[epoch  49/60] train_loss=6.4434 val_loss=7.9452 val_score=4.0699 (308s)
[epoch  50/60] train_loss=6.4573 val_loss=7.9576 val_score=4.0741 (313s)
[epoch  51/60] train_loss=6.4034 val_loss=7.9239 val_score=4.0852 (319s)
[epoch  52/60] train_loss=6.3869 val_loss=7.9031 val_score=4.0428 (324s)
[epoch  53/60] train_loss=6.3379 val_loss=7.9092 val_score=4.0921 (330s)
[epoch  54/60] train_loss=6.3426 val_loss=7.9520 val_score=4.0827 (336s)
[epoch  55/60] train_loss=6.3465 val_loss=7.9015 val_score=4.0190 (341s)
[epoch  56/60] train_loss=6.2978 val_loss=7.9581 val_score=4.0477 (347s)
[epoch  57/60] train_loss=6.2732 val_loss=7.8926 val_score=4.0336 (352s)
[epoch  58/60] train_loss=6.2554 val_loss=7.9478 val_score=4.0395 (358s)
[epoch  59/60] train_loss=6.2373 val_loss=8.0318 val_score=4.0381 (363s)
[epoch  60/60] train_loss=6.2335 val_loss=7.9197 val_score=4.0499 (369s)
最佳 checkpoint 来自 epoch 48，验证集选模分 4.1369
per-label 阈值标定完成
解码调优（目标=f1）:
  cartridge -> {'mode': 'threshold', 'k_scale': 1.0, 'k_min': 1, 'k_max': 42, 'thr_shift': 0.0, 'ensure_nonempty': False, 'count_quantile': None}  目标值=0.4631
  solvent   -> {'mode': 'threshold', 'k_scale': 1.0, 'k_min': 0, 'k_max': 378, 'thr_shift': 0.0, 'ensure_nonempty': False, 'count_quantile': None} gate=True  目标值=0.4487
验证集（调优后）选模分 4.1847，链路正确率 0.4387

=== 测试集（基数感知解码）===
样本数 1145（有流程信息 1043，无流程信息 102）
Hit@1 可校验子集大小 143

Hit@1 旧口径（两处免检都在）      : 0.4122
Hit@1 去掉无流程信息免检          : 0.4151
Hit@1 仅可校验子集（推荐主指标）  : 0.6224
Hit@1 缺 ratio 标注判失败（最严） : 0.0853
前三段链路正确率（不看 ratio）    : 0.4669

StrictAcc 旧口径 / 仅有流程信息   : 0.0000 / 0.0000
SSS 旧口径 / 仅有流程信息         : 0.4932 / 0.4601
HC 旧口径 / 仅有流程信息          : 0.9121 / 0.9035
GUS                               : 59.5975

Hit@1 失败原因（对全部样本计数，互斥）：
  cartridge top-1 错     : 491
  step top-1 错          : 1
  solvent top-1 错       : 127
  ratio 超差             : 54
  ratio 无标注(旧口径免检): 344
  无流程信息(旧口径免检)  : 39

预测集合大小： {'cartridge_pred_mean': 6.655021834061135, 'cartridge_true_mean': 3.274235725402832, 'solvent_pred_mean': 26.053691275167786, 'solvent_true_mean': 15.235857963562012}

全部结果已写入 output/improve21/s4_bag_init206
