样本数 11441  切分 train/val/test = 9152/1144/1145
输入维度 21（21 维描述符，未启用官能团）
cartridge 类别 42  步骤 5  溶剂组合词表 378
数据划分种子 42，初始化/训练种子 201（划分不受影响）
bootstrap 重采样：抽 9152 条（原 9152 条），覆盖 5761 个不同样本（62.9%）
/Users/zysu/Library/Python/3.9/lib/python/site-packages/torch/utils/data/dataloader.py:666: UserWarning: 'pin_memory' argument is set as true but no accelerator is found, then device pinned memory won't be used.
  warnings.warn(warn_msg)
[epoch   1/60] train_loss=9.3327 val_loss=8.8800 val_score=3.4740 (5s)
[epoch   2/60] train_loss=8.7757 val_loss=8.6861 val_score=3.6486 (11s)
[epoch   3/60] train_loss=8.6023 val_loss=8.5599 val_score=3.6852 (16s)
[epoch   4/60] train_loss=8.4693 val_loss=8.4736 val_score=3.7035 (22s)
[epoch   5/60] train_loss=8.3391 val_loss=8.4206 val_score=3.7894 (28s)
[epoch   6/60] train_loss=8.2326 val_loss=8.3217 val_score=3.8802 (34s)
[epoch   7/60] train_loss=8.1270 val_loss=8.2634 val_score=3.8736 (41s)
[epoch   8/60] train_loss=8.0457 val_loss=8.2050 val_score=3.9361 (49s)
[epoch   9/60] train_loss=7.9684 val_loss=8.1976 val_score=3.8688 (56s)
[epoch  10/60] train_loss=7.8832 val_loss=8.1318 val_score=3.9351 (64s)
[epoch  11/60] train_loss=7.8341 val_loss=8.1402 val_score=3.9036 (72s)
[epoch  12/60] train_loss=7.7612 val_loss=8.1113 val_score=3.9798 (80s)
[epoch  13/60] train_loss=7.6941 val_loss=8.1101 val_score=3.9350 (87s)
[epoch  14/60] train_loss=7.6420 val_loss=8.1329 val_score=3.9117 (94s)
[epoch  15/60] train_loss=7.5940 val_loss=8.0680 val_score=3.9766 (101s)
[epoch  16/60] train_loss=7.5335 val_loss=8.0529 val_score=3.9448 (108s)
[epoch  17/60] train_loss=7.4693 val_loss=8.0409 val_score=3.9336 (114s)
[epoch  18/60] train_loss=7.4449 val_loss=8.0186 val_score=3.9651 (121s)
[epoch  19/60] train_loss=7.3862 val_loss=8.0177 val_score=3.9228 (127s)
[epoch  20/60] train_loss=7.3516 val_loss=7.9969 val_score=3.9753 (134s)
[epoch  21/60] train_loss=7.2910 val_loss=7.9846 val_score=3.9571 (140s)
[epoch  22/60] train_loss=7.2465 val_loss=8.0020 val_score=4.0020 (146s)
[epoch  23/60] train_loss=7.1954 val_loss=7.9601 val_score=4.0145 (153s)
[epoch  24/60] train_loss=7.1675 val_loss=7.9582 val_score=3.9260 (159s)
[epoch  25/60] train_loss=7.1251 val_loss=7.9900 val_score=3.9718 (165s)
[epoch  26/60] train_loss=7.0779 val_loss=8.0411 val_score=3.9923 (172s)
[epoch  27/60] train_loss=7.0537 val_loss=7.9926 val_score=4.0231 (178s)
[epoch  28/60] train_loss=6.9976 val_loss=8.0021 val_score=3.9623 (184s)
[epoch  29/60] train_loss=6.9675 val_loss=7.9961 val_score=3.9647 (191s)
[epoch  30/60] train_loss=6.9482 val_loss=7.9442 val_score=4.0096 (197s)
[epoch  31/60] train_loss=6.9075 val_loss=7.9707 val_score=4.0863 (203s)
[epoch  32/60] train_loss=6.8905 val_loss=7.9050 val_score=4.0312 (210s)
[epoch  33/60] train_loss=6.8392 val_loss=7.9803 val_score=4.0664 (216s)
[epoch  34/60] train_loss=6.7976 val_loss=7.9719 val_score=4.0643 (222s)
[epoch  35/60] train_loss=6.7697 val_loss=7.9720 val_score=4.1378 (228s)
[epoch  36/60] train_loss=6.7607 val_loss=7.9183 val_score=4.0357 (234s)
[epoch  37/60] train_loss=6.6963 val_loss=7.9893 val_score=4.0379 (241s)
[epoch  38/60] train_loss=6.6755 val_loss=7.9887 val_score=4.0611 (247s)
[epoch  39/60] train_loss=6.6462 val_loss=7.9955 val_score=4.0067 (254s)
[epoch  40/60] train_loss=6.6364 val_loss=7.9520 val_score=4.1006 (261s)
[epoch  41/60] train_loss=6.5856 val_loss=7.9688 val_score=4.0192 (268s)
[epoch  42/60] train_loss=6.5892 val_loss=7.9914 val_score=4.0596 (275s)
[epoch  43/60] train_loss=6.5508 val_loss=7.9520 val_score=4.1552 (282s)
[epoch  44/60] train_loss=6.5430 val_loss=7.9327 val_score=4.0499 (288s)
[epoch  45/60] train_loss=6.4781 val_loss=7.9553 val_score=4.1240 (295s)
[epoch  46/60] train_loss=6.5016 val_loss=7.9521 val_score=4.0471 (301s)
[epoch  47/60] train_loss=6.4768 val_loss=7.9494 val_score=4.0849 (308s)
[epoch  48/60] train_loss=6.4438 val_loss=7.9577 val_score=4.1060 (314s)
[epoch  49/60] train_loss=6.4104 val_loss=7.9695 val_score=4.0273 (321s)
[epoch  50/60] train_loss=6.3909 val_loss=8.0316 val_score=4.1028 (327s)
[epoch  51/60] train_loss=6.3641 val_loss=7.9569 val_score=4.0944 (333s)
[epoch  52/60] train_loss=6.3274 val_loss=8.0337 val_score=4.0570 (339s)
[epoch  53/60] train_loss=6.3248 val_loss=8.0147 val_score=4.0942 (345s)
[epoch  54/60] train_loss=6.3218 val_loss=8.0768 val_score=4.0953 (352s)
[epoch  55/60] train_loss=6.2945 val_loss=8.0365 val_score=4.0678 (358s)
[epoch  56/60] train_loss=6.2839 val_loss=8.0047 val_score=4.0632 (364s)
[epoch  57/60] train_loss=6.2905 val_loss=7.9497 val_score=4.1201 (371s)
[epoch  58/60] train_loss=6.2482 val_loss=7.9708 val_score=4.1283 (377s)
[epoch  59/60] train_loss=6.2228 val_loss=7.9917 val_score=4.0966 (383s)
[epoch  60/60] train_loss=6.2202 val_loss=7.9543 val_score=4.1139 (390s)
最佳 checkpoint 来自 epoch 43，验证集选模分 4.1552
per-label 阈值标定完成
解码调优（目标=f1）:
  cartridge -> {'mode': 'threshold', 'k_scale': 1.0, 'k_min': 1, 'k_max': 42, 'thr_shift': 0.0, 'ensure_nonempty': False, 'count_quantile': None}  目标值=0.4435
  solvent   -> {'mode': 'threshold', 'k_scale': 1.0, 'k_min': 0, 'k_max': 378, 'thr_shift': 0.0, 'ensure_nonempty': False, 'count_quantile': None} gate=True  目标值=0.4455
验证集（调优后）选模分 4.1902，链路正确率 0.4444

=== 测试集（基数感知解码）===
样本数 1145（有流程信息 1043，无流程信息 102）
Hit@1 可校验子集大小 119

Hit@1 旧口径（两处免检都在）      : 0.4148
Hit@1 去掉无流程信息免检          : 0.4219
Hit@1 仅可校验子集（推荐主指标）  : 0.6807
Hit@1 缺 ratio 标注判失败（最严） : 0.0777
前三段链路正确率（不看 ratio）    : 0.4583

StrictAcc 旧口径 / 仅有流程信息   : 0.0000 / 0.0000
SSS 旧口径 / 仅有流程信息         : 0.4911 / 0.4577
HC 旧口径 / 仅有流程信息          : 0.9132 / 0.9047
GUS                               : 59.1345

Hit@1 失败原因（对全部样本计数，互斥）：
  cartridge top-1 错     : 497
  step top-1 错          : 2
  solvent top-1 错       : 133
  ratio 超差             : 38
  ratio 无标注(旧口径免检): 359
  无流程信息(旧口径免检)  : 35

预测集合大小： {'cartridge_pred_mean': 7.1676855895196505, 'cartridge_true_mean': 3.274235725402832, 'solvent_pred_mean': 27.03163950143816, 'solvent_true_mean': 15.235857963562012}

全部结果已写入 output/improve21/s4_bag_init201
