样本数 11441  切分 train/val/test = 9152/1144/1145
输入维度 21（21 维描述符，未启用官能团）
cartridge 类别 42  步骤 5  溶剂组合词表 378
数据划分种子 42，初始化/训练种子 204（划分不受影响）
bootstrap 重采样：抽 9152 条（原 9152 条），覆盖 5820 个不同样本（63.6%）
/Users/zysu/Library/Python/3.9/lib/python/site-packages/torch/utils/data/dataloader.py:666: UserWarning: 'pin_memory' argument is set as true but no accelerator is found, then device pinned memory won't be used.
  warnings.warn(warn_msg)
[epoch   1/60] train_loss=9.3212 val_loss=8.9158 val_score=3.4810 (6s)
[epoch   2/60] train_loss=8.7314 val_loss=8.7061 val_score=3.5546 (11s)
[epoch   3/60] train_loss=8.5574 val_loss=8.6015 val_score=3.5928 (17s)
[epoch   4/60] train_loss=8.4366 val_loss=8.5117 val_score=3.7480 (23s)
[epoch   5/60] train_loss=8.3225 val_loss=8.3883 val_score=3.7943 (28s)
[epoch   6/60] train_loss=8.2077 val_loss=8.3151 val_score=3.8266 (34s)
[epoch   7/60] train_loss=8.0997 val_loss=8.2651 val_score=3.8794 (40s)
[epoch   8/60] train_loss=8.0117 val_loss=8.2466 val_score=3.8091 (46s)
[epoch   9/60] train_loss=7.9413 val_loss=8.2069 val_score=3.8734 (52s)
[epoch  10/60] train_loss=7.8570 val_loss=8.1709 val_score=3.8886 (57s)
[epoch  11/60] train_loss=7.7985 val_loss=8.1168 val_score=3.9291 (63s)
[epoch  12/60] train_loss=7.7425 val_loss=8.0864 val_score=3.8930 (69s)
[epoch  13/60] train_loss=7.6732 val_loss=8.0980 val_score=3.9130 (74s)
[epoch  14/60] train_loss=7.6252 val_loss=8.0766 val_score=3.9395 (80s)
[epoch  15/60] train_loss=7.5584 val_loss=8.0308 val_score=3.9078 (86s)
[epoch  16/60] train_loss=7.5179 val_loss=8.0502 val_score=3.9312 (91s)
[epoch  17/60] train_loss=7.4566 val_loss=7.9907 val_score=3.9526 (97s)
[epoch  18/60] train_loss=7.4272 val_loss=7.9683 val_score=3.9704 (102s)
[epoch  19/60] train_loss=7.3786 val_loss=7.9847 val_score=3.9995 (108s)
[epoch  20/60] train_loss=7.3359 val_loss=7.9369 val_score=3.9663 (114s)
[epoch  21/60] train_loss=7.3023 val_loss=7.9448 val_score=4.0019 (119s)
[epoch  22/60] train_loss=7.2344 val_loss=7.9491 val_score=4.0178 (125s)
[epoch  23/60] train_loss=7.2021 val_loss=7.9430 val_score=3.9899 (130s)
[epoch  24/60] train_loss=7.1667 val_loss=7.9370 val_score=3.9630 (136s)
[epoch  25/60] train_loss=7.1278 val_loss=7.9587 val_score=3.9810 (141s)
[epoch  26/60] train_loss=7.0980 val_loss=7.9602 val_score=3.9482 (147s)
[epoch  27/60] train_loss=7.0319 val_loss=7.9155 val_score=3.9512 (153s)
[epoch  28/60] train_loss=7.0013 val_loss=7.9324 val_score=3.9991 (158s)
[epoch  29/60] train_loss=6.9744 val_loss=7.9070 val_score=4.0634 (164s)
[epoch  30/60] train_loss=6.9351 val_loss=7.8769 val_score=4.0262 (169s)
[epoch  31/60] train_loss=6.9075 val_loss=7.8754 val_score=4.0450 (175s)
[epoch  32/60] train_loss=6.8844 val_loss=7.9343 val_score=3.9871 (180s)
[epoch  33/60] train_loss=6.8438 val_loss=7.8845 val_score=3.9952 (186s)
[epoch  34/60] train_loss=6.8080 val_loss=7.9114 val_score=4.0476 (191s)
[epoch  35/60] train_loss=6.7814 val_loss=7.8967 val_score=4.0324 (197s)
[epoch  36/60] train_loss=6.7615 val_loss=7.8757 val_score=4.0002 (203s)
[epoch  37/60] train_loss=6.7176 val_loss=7.9025 val_score=4.0053 (208s)
[epoch  38/60] train_loss=6.6865 val_loss=7.9130 val_score=4.0861 (214s)
[epoch  39/60] train_loss=6.6773 val_loss=7.9135 val_score=4.0499 (219s)
[epoch  40/60] train_loss=6.6247 val_loss=7.8603 val_score=4.0547 (225s)
[epoch  41/60] train_loss=6.6032 val_loss=7.9262 val_score=4.0528 (230s)
[epoch  42/60] train_loss=6.5840 val_loss=7.9501 val_score=4.0477 (236s)
[epoch  43/60] train_loss=6.5453 val_loss=7.9129 val_score=4.0553 (242s)
[epoch  44/60] train_loss=6.5439 val_loss=7.8852 val_score=4.0643 (247s)
[epoch  45/60] train_loss=6.5264 val_loss=7.8643 val_score=4.0586 (253s)
[epoch  46/60] train_loss=6.4825 val_loss=7.9113 val_score=4.0439 (258s)
[epoch  47/60] train_loss=6.4656 val_loss=7.9185 val_score=4.0691 (264s)
[epoch  48/60] train_loss=6.4309 val_loss=7.9116 val_score=4.0360 (269s)
[epoch  49/60] train_loss=6.4183 val_loss=7.8836 val_score=4.0923 (275s)
[epoch  50/60] train_loss=6.4075 val_loss=7.9115 val_score=4.0564 (281s)
[epoch  51/60] train_loss=6.3685 val_loss=7.9940 val_score=4.0921 (286s)
[epoch  52/60] train_loss=6.3462 val_loss=8.0113 val_score=4.0535 (292s)
[epoch  53/60] train_loss=6.3467 val_loss=7.9595 val_score=4.0585 (297s)
[epoch  54/60] train_loss=6.3315 val_loss=7.9826 val_score=4.1220 (303s)
[epoch  55/60] train_loss=6.3131 val_loss=7.9856 val_score=4.1044 (308s)
[epoch  56/60] train_loss=6.2582 val_loss=7.9752 val_score=4.0984 (314s)
[epoch  57/60] train_loss=6.2772 val_loss=8.0258 val_score=4.0887 (320s)
[epoch  58/60] train_loss=6.2363 val_loss=7.9636 val_score=4.1285 (325s)
[epoch  59/60] train_loss=6.2358 val_loss=7.9522 val_score=4.1108 (331s)
[epoch  60/60] train_loss=6.2100 val_loss=7.9103 val_score=4.1276 (337s)
最佳 checkpoint 来自 epoch 58，验证集选模分 4.1285
per-label 阈值标定完成
解码调优（目标=f1）:
  cartridge -> {'mode': 'threshold', 'k_scale': 1.0, 'k_min': 1, 'k_max': 42, 'thr_shift': 0.0, 'ensure_nonempty': False, 'count_quantile': None}  目标值=0.4777
  solvent   -> {'mode': 'threshold', 'k_scale': 1.0, 'k_min': 0, 'k_max': 378, 'thr_shift': 0.0, 'ensure_nonempty': False, 'count_quantile': None} gate=True  目标值=0.4573
验证集（调优后）选模分 4.1791，链路正确率 0.4339

=== 测试集（基数感知解码）===
样本数 1145（有流程信息 1043，无流程信息 102）
Hit@1 可校验子集大小 137

Hit@1 旧口径（两处免检都在）      : 0.4175
Hit@1 去掉无流程信息免检          : 0.4247
Hit@1 仅可校验子集（推荐主指标）  : 0.6861
Hit@1 缺 ratio 标注判失败（最严） : 0.0901
前三段链路正确率（不看 ratio）    : 0.4660

StrictAcc 旧口径 / 仅有流程信息   : 0.0009 / 0.0000
SSS 旧口径 / 仅有流程信息         : 0.4990 / 0.4660
HC 旧口径 / 仅有流程信息          : 0.9155 / 0.9072
GUS                               : 59.8928

Hit@1 失败原因（对全部样本计数，互斥）：
  cartridge top-1 错     : 491
  step top-1 错          : 5
  solvent top-1 错       : 128
  ratio 超差             : 43
  ratio 无标注(旧口径免检): 349
  无流程信息(旧口径免检)  : 35

预测集合大小： {'cartridge_pred_mean': 6.28646288209607, 'cartridge_true_mean': 3.274235725402832, 'solvent_pred_mean': 25.80536912751678, 'solvent_true_mean': 15.235857963562012}

全部结果已写入 output/improve21/s4_bag_init204
