样本数 11441  切分 train/val/test = 9152/1144/1145
输入维度 21（21 维描述符，未启用官能团）
cartridge 类别 42  步骤 5  溶剂组合词表 378
数据划分种子 42，初始化/训练种子 205（划分不受影响）
bootstrap 重采样：抽 9152 条（原 9152 条），覆盖 5750 个不同样本（62.8%）
/Users/zysu/Library/Python/3.9/lib/python/site-packages/torch/utils/data/dataloader.py:666: UserWarning: 'pin_memory' argument is set as true but no accelerator is found, then device pinned memory won't be used.
  warnings.warn(warn_msg)
[epoch   1/60] train_loss=9.2654 val_loss=8.9226 val_score=3.4815 (5s)
[epoch   2/60] train_loss=8.7376 val_loss=8.6857 val_score=3.5649 (11s)
[epoch   3/60] train_loss=8.5579 val_loss=8.5779 val_score=3.6355 (16s)
[epoch   4/60] train_loss=8.4257 val_loss=8.4650 val_score=3.6773 (22s)
[epoch   5/60] train_loss=8.3112 val_loss=8.3644 val_score=3.7921 (28s)
[epoch   6/60] train_loss=8.2006 val_loss=8.3156 val_score=3.8441 (35s)
[epoch   7/60] train_loss=8.1026 val_loss=8.2533 val_score=3.8962 (42s)
[epoch   8/60] train_loss=8.0227 val_loss=8.1904 val_score=3.9466 (49s)
[epoch   9/60] train_loss=7.9335 val_loss=8.1410 val_score=3.8760 (57s)
[epoch  10/60] train_loss=7.8721 val_loss=8.1467 val_score=3.9054 (65s)
[epoch  11/60] train_loss=7.8017 val_loss=8.1142 val_score=3.9820 (73s)
[epoch  12/60] train_loss=7.7386 val_loss=8.0544 val_score=3.9695 (80s)
[epoch  13/60] train_loss=7.6854 val_loss=8.0416 val_score=4.0173 (87s)
[epoch  14/60] train_loss=7.6204 val_loss=8.0255 val_score=3.9555 (95s)
[epoch  15/60] train_loss=7.5557 val_loss=8.0461 val_score=3.9150 (101s)
[epoch  16/60] train_loss=7.5092 val_loss=8.0066 val_score=3.9514 (108s)
[epoch  17/60] train_loss=7.4582 val_loss=7.9921 val_score=3.9531 (114s)
[epoch  18/60] train_loss=7.4137 val_loss=8.0084 val_score=3.9651 (121s)
[epoch  19/60] train_loss=7.3586 val_loss=7.9688 val_score=3.9418 (127s)
[epoch  20/60] train_loss=7.2984 val_loss=7.9970 val_score=3.9660 (134s)
[epoch  21/60] train_loss=7.2629 val_loss=7.9937 val_score=3.9864 (140s)
[epoch  22/60] train_loss=7.2011 val_loss=7.9592 val_score=3.9414 (147s)
[epoch  23/60] train_loss=7.1817 val_loss=7.9087 val_score=4.0371 (153s)
[epoch  24/60] train_loss=7.1450 val_loss=7.9806 val_score=4.0193 (159s)
[epoch  25/60] train_loss=7.0893 val_loss=7.9112 val_score=3.9992 (165s)
[epoch  26/60] train_loss=7.0685 val_loss=7.9343 val_score=3.9769 (172s)
[epoch  27/60] train_loss=7.0228 val_loss=7.9242 val_score=4.0501 (178s)
[epoch  28/60] train_loss=6.9775 val_loss=7.9138 val_score=4.0815 (184s)
[epoch  29/60] train_loss=6.9466 val_loss=7.9152 val_score=4.0295 (191s)
[epoch  30/60] train_loss=6.9061 val_loss=7.9057 val_score=4.0120 (197s)
[epoch  31/60] train_loss=6.8802 val_loss=7.8948 val_score=4.0871 (203s)
[epoch  32/60] train_loss=6.8525 val_loss=7.8898 val_score=3.9963 (210s)
[epoch  33/60] train_loss=6.8186 val_loss=7.9243 val_score=4.0836 (216s)
[epoch  34/60] train_loss=6.7788 val_loss=7.8750 val_score=4.0393 (222s)
[epoch  35/60] train_loss=6.7566 val_loss=7.9472 val_score=4.0659 (228s)
[epoch  36/60] train_loss=6.7319 val_loss=7.9427 val_score=4.0582 (234s)
[epoch  37/60] train_loss=6.6789 val_loss=7.9234 val_score=4.0716 (241s)
[epoch  38/60] train_loss=6.6646 val_loss=7.9124 val_score=4.0359 (247s)
[epoch  39/60] train_loss=6.6452 val_loss=7.9046 val_score=4.0554 (254s)
[epoch  40/60] train_loss=6.5948 val_loss=7.8886 val_score=4.0372 (261s)
[epoch  41/60] train_loss=6.5725 val_loss=7.9636 val_score=4.1217 (268s)
[epoch  42/60] train_loss=6.5422 val_loss=7.8933 val_score=4.0894 (275s)
[epoch  43/60] train_loss=6.5365 val_loss=7.9079 val_score=4.1302 (282s)
[epoch  44/60] train_loss=6.4943 val_loss=7.9694 val_score=4.1137 (288s)
[epoch  45/60] train_loss=6.4852 val_loss=7.9466 val_score=4.0934 (294s)
[epoch  46/60] train_loss=6.4664 val_loss=7.9109 val_score=4.0975 (301s)
[epoch  47/60] train_loss=6.4457 val_loss=7.9194 val_score=4.0892 (307s)
[epoch  48/60] train_loss=6.4296 val_loss=7.9014 val_score=4.0668 (314s)
[epoch  49/60] train_loss=6.3980 val_loss=7.8731 val_score=4.0820 (320s)
[epoch  50/60] train_loss=6.3743 val_loss=7.9283 val_score=4.1351 (326s)
[epoch  51/60] train_loss=6.3475 val_loss=7.9606 val_score=4.1287 (333s)
[epoch  52/60] train_loss=6.3465 val_loss=7.8794 val_score=4.0949 (339s)
[epoch  53/60] train_loss=6.3184 val_loss=7.9535 val_score=4.0890 (345s)
[epoch  54/60] train_loss=6.2989 val_loss=7.8878 val_score=4.1322 (351s)
[epoch  55/60] train_loss=6.2812 val_loss=7.9631 val_score=4.1045 (357s)
[epoch  56/60] train_loss=6.2812 val_loss=7.9298 val_score=4.1366 (363s)
[epoch  57/60] train_loss=6.2447 val_loss=7.9115 val_score=4.1804 (370s)
[epoch  58/60] train_loss=6.2269 val_loss=7.9726 val_score=4.0912 (376s)
[epoch  59/60] train_loss=6.2099 val_loss=7.9697 val_score=4.0972 (383s)
[epoch  60/60] train_loss=6.1859 val_loss=7.9654 val_score=4.1219 (389s)
最佳 checkpoint 来自 epoch 57，验证集选模分 4.1804
per-label 阈值标定完成
解码调优（目标=f1）:
  cartridge -> {'mode': 'threshold', 'k_scale': 1.0, 'k_min': 1, 'k_max': 42, 'thr_shift': 0.0, 'ensure_nonempty': False, 'count_quantile': None}  目标值=0.4742
  solvent   -> {'mode': 'threshold', 'k_scale': 1.0, 'k_min': 0, 'k_max': 378, 'thr_shift': 0.0, 'ensure_nonempty': False, 'count_quantile': None} gate=True  目标值=0.4557
验证集（调优后）选模分 4.2352，链路正确率 0.4483

=== 测试集（基数感知解码）===
样本数 1145（有流程信息 1043，无流程信息 102）
Hit@1 可校验子集大小 145

Hit@1 旧口径（两处免检都在）      : 0.4061
Hit@1 去掉无流程信息免检          : 0.4151
Hit@1 仅可校验子集（推荐主指标）  : 0.7034
Hit@1 缺 ratio 标注判失败（最严） : 0.0978
前三段链路正确率（不看 ratio）    : 0.4564

StrictAcc 旧口径 / 仅有流程信息   : 0.0009 / 0.0000
SSS 旧口径 / 仅有流程信息         : 0.4960 / 0.4629
HC 旧口径 / 仅有流程信息          : 0.9167 / 0.9085
GUS                               : 59.9724

Hit@1 失败原因（对全部样本计数，互斥）：
  cartridge top-1 错     : 507
  step top-1 错          : 4
  solvent top-1 错       : 126
  ratio 超差             : 43
  ratio 无标注(旧口径免检): 331
  无流程信息(旧口径免检)  : 32

预测集合大小： {'cartridge_pred_mean': 6.683842794759825, 'cartridge_true_mean': 3.274235725402832, 'solvent_pred_mean': 26.566634707574305, 'solvent_true_mean': 15.235857963562012}

全部结果已写入 output/improve21/s4_bag_init205
