样本数 11441  切分 train/val/test = 9152/1144/1145
输入维度 21（21 维描述符，未启用官能团）
cartridge 类别 42  步骤 5  溶剂组合词表 378
数据划分种子 42，初始化/训练种子 203（划分不受影响）
bootstrap 重采样：抽 9152 条（原 9152 条），覆盖 5820 个不同样本（63.6%）
/Users/zysu/Library/Python/3.9/lib/python/site-packages/torch/utils/data/dataloader.py:666: UserWarning: 'pin_memory' argument is set as true but no accelerator is found, then device pinned memory won't be used.
  warnings.warn(warn_msg)
[epoch   1/60] train_loss=9.3007 val_loss=8.8557 val_score=3.4463 (6s)
[epoch   2/60] train_loss=8.7494 val_loss=8.6606 val_score=3.6664 (12s)
[epoch   3/60] train_loss=8.5601 val_loss=8.5691 val_score=3.6839 (17s)
[epoch   4/60] train_loss=8.4143 val_loss=8.4471 val_score=3.7227 (23s)
[epoch   5/60] train_loss=8.2969 val_loss=8.3453 val_score=3.7832 (29s)
[epoch   6/60] train_loss=8.1795 val_loss=8.2657 val_score=3.8928 (35s)
[epoch   7/60] train_loss=8.0911 val_loss=8.2371 val_score=3.8551 (41s)
[epoch   8/60] train_loss=8.0167 val_loss=8.1481 val_score=3.8922 (46s)
[epoch   9/60] train_loss=7.9400 val_loss=8.1613 val_score=3.8798 (52s)
[epoch  10/60] train_loss=7.8768 val_loss=8.1420 val_score=3.9572 (58s)
[epoch  11/60] train_loss=7.8000 val_loss=8.0928 val_score=3.9298 (63s)
[epoch  12/60] train_loss=7.7422 val_loss=8.0864 val_score=3.9718 (69s)
[epoch  13/60] train_loss=7.6843 val_loss=8.0414 val_score=3.9340 (75s)
[epoch  14/60] train_loss=7.6237 val_loss=8.0406 val_score=3.9880 (80s)
[epoch  15/60] train_loss=7.5733 val_loss=7.9994 val_score=4.0164 (86s)
[epoch  16/60] train_loss=7.5286 val_loss=8.0084 val_score=3.9999 (92s)
[epoch  17/60] train_loss=7.4868 val_loss=8.0208 val_score=4.0193 (98s)
[epoch  18/60] train_loss=7.4280 val_loss=7.9993 val_score=4.0048 (104s)
[epoch  19/60] train_loss=7.3690 val_loss=7.9752 val_score=4.0304 (110s)
[epoch  20/60] train_loss=7.3321 val_loss=7.9239 val_score=4.0699 (116s)
[epoch  21/60] train_loss=7.2819 val_loss=7.9551 val_score=4.0528 (122s)
[epoch  22/60] train_loss=7.2346 val_loss=7.9660 val_score=4.0106 (127s)
[epoch  23/60] train_loss=7.1961 val_loss=7.9749 val_score=4.0069 (133s)
[epoch  24/60] train_loss=7.1464 val_loss=7.9572 val_score=4.0384 (139s)
[epoch  25/60] train_loss=7.1271 val_loss=7.9461 val_score=3.9843 (144s)
[epoch  26/60] train_loss=7.0908 val_loss=7.9587 val_score=3.9896 (150s)
[epoch  27/60] train_loss=7.0302 val_loss=7.9754 val_score=3.9746 (156s)
[epoch  28/60] train_loss=6.9995 val_loss=7.9279 val_score=3.9883 (162s)
[epoch  29/60] train_loss=6.9779 val_loss=7.9338 val_score=4.0104 (167s)
[epoch  30/60] train_loss=6.9435 val_loss=7.9275 val_score=4.0656 (173s)
[epoch  31/60] train_loss=6.8888 val_loss=7.9252 val_score=4.0024 (179s)
[epoch  32/60] train_loss=6.8704 val_loss=7.9116 val_score=4.0011 (185s)
[epoch  33/60] train_loss=6.8396 val_loss=7.9179 val_score=4.0457 (190s)
[epoch  34/60] train_loss=6.8024 val_loss=7.8745 val_score=4.0761 (196s)
[epoch  35/60] train_loss=6.7862 val_loss=7.9368 val_score=4.0288 (202s)
[epoch  36/60] train_loss=6.7312 val_loss=7.9592 val_score=4.0361 (207s)
[epoch  37/60] train_loss=6.7080 val_loss=7.9909 val_score=4.0373 (213s)
[epoch  38/60] train_loss=6.6923 val_loss=8.0071 val_score=4.0292 (219s)
[epoch  39/60] train_loss=6.6578 val_loss=7.9448 val_score=4.1091 (225s)
[epoch  40/60] train_loss=6.6560 val_loss=7.9393 val_score=4.0897 (231s)
[epoch  41/60] train_loss=6.6155 val_loss=7.9834 val_score=4.1320 (236s)
[epoch  42/60] train_loss=6.5831 val_loss=7.9181 val_score=4.0451 (242s)
[epoch  43/60] train_loss=6.5586 val_loss=7.9421 val_score=4.0864 (247s)
[epoch  44/60] train_loss=6.5488 val_loss=7.9511 val_score=4.0601 (253s)
[epoch  45/60] train_loss=6.5022 val_loss=7.9600 val_score=4.0766 (259s)
[epoch  46/60] train_loss=6.4980 val_loss=8.0072 val_score=4.1127 (264s)
[epoch  47/60] train_loss=6.4927 val_loss=8.0097 val_score=4.0560 (270s)
[epoch  48/60] train_loss=6.4487 val_loss=7.9653 val_score=4.1095 (276s)
[epoch  49/60] train_loss=6.4171 val_loss=7.9124 val_score=4.0766 (282s)
[epoch  50/60] train_loss=6.4169 val_loss=7.9980 val_score=4.0616 (287s)
[epoch  51/60] train_loss=6.3726 val_loss=8.0127 val_score=4.0984 (293s)
[epoch  52/60] train_loss=6.3436 val_loss=7.9862 val_score=4.1020 (299s)
[epoch  53/60] train_loss=6.3521 val_loss=8.0234 val_score=4.0712 (304s)
[epoch  54/60] train_loss=6.3297 val_loss=7.9653 val_score=4.1138 (310s)
[epoch  55/60] train_loss=6.3040 val_loss=8.0566 val_score=4.1184 (316s)
[epoch  56/60] train_loss=6.2801 val_loss=7.9930 val_score=4.0911 (321s)
[epoch  57/60] train_loss=6.2605 val_loss=8.0936 val_score=4.1243 (327s)
[epoch  58/60] train_loss=6.2393 val_loss=8.0152 val_score=4.0857 (333s)
[epoch  59/60] train_loss=6.2286 val_loss=8.0423 val_score=4.1097 (338s)
[epoch  60/60] train_loss=6.2547 val_loss=7.9676 val_score=4.1000 (344s)
最佳 checkpoint 来自 epoch 41，验证集选模分 4.1320
per-label 阈值标定完成
解码调优（目标=f1）:
  cartridge -> {'mode': 'threshold', 'k_scale': 1.0, 'k_min': 1, 'k_max': 42, 'thr_shift': 0.0, 'ensure_nonempty': False, 'count_quantile': None}  目标值=0.4510
  solvent   -> {'mode': 'threshold', 'k_scale': 1.0, 'k_min': 0, 'k_max': 378, 'thr_shift': 0.0, 'ensure_nonempty': False, 'count_quantile': None} gate=True  目标值=0.4508
验证集（调优后）选模分 4.1733，链路正确率 0.4368

=== 测试集（基数感知解码）===
样本数 1145（有流程信息 1043，无流程信息 102）
Hit@1 可校验子集大小 117

Hit@1 旧口径（两处免检都在）      : 0.3808
Hit@1 去掉无流程信息免检          : 0.3950
Hit@1 仅可校验子集（推荐主指标）  : 0.6068
Hit@1 缺 ratio 标注判失败（最严） : 0.0681
前三段链路正确率（不看 ratio）    : 0.4391

StrictAcc 旧口径 / 仅有流程信息   : 0.0000 / 0.0000
SSS 旧口径 / 仅有流程信息         : 0.4921 / 0.4591
HC 旧口径 / 仅有流程信息          : 0.9142 / 0.9058
GUS                               : 59.3391

Hit@1 失败原因（对全部样本计数，互斥）：
  cartridge top-1 错     : 515
  step top-1 错          : 5
  solvent top-1 错       : 143
  ratio 超差             : 46
  ratio 无标注(旧口径免检): 341
  无流程信息(旧口径免检)  : 24

预测集合大小： {'cartridge_pred_mean': 7.563318777292577, 'cartridge_true_mean': 3.274235725402832, 'solvent_pred_mean': 26.109300095877277, 'solvent_true_mean': 15.235857963562012}

全部结果已写入 output/improve21/s4_bag_init203
