样本数 11441  切分 train/val/test = 9152/1144/1145
输入维度 21（21 维描述符，未启用官能团）
cartridge 类别 42  步骤 5  溶剂组合词表 378
数据划分种子 42，初始化/训练种子 207（划分不受影响）
bootstrap 重采样：抽 9152 条（原 9152 条），覆盖 5779 个不同样本（63.1%）
/Users/zysu/Library/Python/3.9/lib/python/site-packages/torch/utils/data/dataloader.py:666: UserWarning: 'pin_memory' argument is set as true but no accelerator is found, then device pinned memory won't be used.
  warnings.warn(warn_msg)
[epoch   1/60] train_loss=9.2813 val_loss=8.9126 val_score=3.4962 (6s)
[epoch   2/60] train_loss=8.7573 val_loss=8.7176 val_score=3.6001 (12s)
[epoch   3/60] train_loss=8.5883 val_loss=8.5875 val_score=3.5924 (17s)
[epoch   4/60] train_loss=8.4459 val_loss=8.4870 val_score=3.7589 (23s)
[epoch   5/60] train_loss=8.3157 val_loss=8.3946 val_score=3.8084 (29s)
[epoch   6/60] train_loss=8.1974 val_loss=8.3172 val_score=3.8466 (35s)
[epoch   7/60] train_loss=8.0909 val_loss=8.2907 val_score=3.8565 (41s)
[epoch   8/60] train_loss=8.0105 val_loss=8.2421 val_score=3.8746 (46s)
[epoch   9/60] train_loss=7.9589 val_loss=8.2114 val_score=3.9136 (52s)
[epoch  10/60] train_loss=7.8719 val_loss=8.1475 val_score=3.9035 (58s)
[epoch  11/60] train_loss=7.7939 val_loss=8.1400 val_score=3.9755 (63s)
[epoch  12/60] train_loss=7.7323 val_loss=8.1049 val_score=3.9714 (69s)
[epoch  13/60] train_loss=7.6835 val_loss=8.0840 val_score=3.9356 (75s)
[epoch  14/60] train_loss=7.6282 val_loss=8.0652 val_score=3.9163 (80s)
[epoch  15/60] train_loss=7.5572 val_loss=8.0555 val_score=4.0069 (86s)
[epoch  16/60] train_loss=7.5074 val_loss=8.0074 val_score=3.9783 (92s)
[epoch  17/60] train_loss=7.4529 val_loss=8.0355 val_score=3.9923 (98s)
[epoch  18/60] train_loss=7.3873 val_loss=7.9793 val_score=4.0154 (104s)
[epoch  19/60] train_loss=7.3322 val_loss=7.9531 val_score=4.0113 (110s)
[epoch  20/60] train_loss=7.2925 val_loss=7.9619 val_score=3.9607 (116s)
[epoch  21/60] train_loss=7.2464 val_loss=7.9626 val_score=4.0010 (122s)
[epoch  22/60] train_loss=7.1887 val_loss=7.9236 val_score=4.0196 (127s)
[epoch  23/60] train_loss=7.1626 val_loss=7.9305 val_score=3.9895 (133s)
[epoch  24/60] train_loss=7.1122 val_loss=7.8985 val_score=3.9680 (139s)
[epoch  25/60] train_loss=7.0732 val_loss=7.9026 val_score=4.0255 (145s)
[epoch  26/60] train_loss=7.0347 val_loss=7.8935 val_score=3.9972 (150s)
[epoch  27/60] train_loss=6.9882 val_loss=7.9451 val_score=4.0214 (156s)
[epoch  28/60] train_loss=6.9475 val_loss=7.8663 val_score=4.0488 (162s)
[epoch  29/60] train_loss=6.9338 val_loss=7.9156 val_score=4.0614 (167s)
[epoch  30/60] train_loss=6.8669 val_loss=7.9058 val_score=4.0388 (173s)
[epoch  31/60] train_loss=6.8488 val_loss=7.9265 val_score=4.0835 (179s)
[epoch  32/60] train_loss=6.8291 val_loss=7.9266 val_score=4.0834 (184s)
[epoch  33/60] train_loss=6.7983 val_loss=7.8818 val_score=4.0162 (190s)
[epoch  34/60] train_loss=6.7563 val_loss=7.9208 val_score=4.0138 (196s)
[epoch  35/60] train_loss=6.7306 val_loss=7.8706 val_score=4.0445 (202s)
[epoch  36/60] train_loss=6.6913 val_loss=7.9463 val_score=4.0844 (207s)
[epoch  37/60] train_loss=6.6697 val_loss=7.9071 val_score=4.0507 (213s)
[epoch  38/60] train_loss=6.6429 val_loss=7.8654 val_score=4.0983 (219s)
[epoch  39/60] train_loss=6.6227 val_loss=7.9013 val_score=4.0545 (225s)
[epoch  40/60] train_loss=6.5832 val_loss=7.8902 val_score=4.1042 (231s)
[epoch  41/60] train_loss=6.5629 val_loss=7.8716 val_score=4.0537 (236s)
[epoch  42/60] train_loss=6.5372 val_loss=7.8726 val_score=4.0761 (242s)
[epoch  43/60] train_loss=6.5173 val_loss=7.8579 val_score=4.0636 (247s)
[epoch  44/60] train_loss=6.4834 val_loss=7.8436 val_score=4.1097 (253s)
[epoch  45/60] train_loss=6.4616 val_loss=7.8517 val_score=4.0860 (259s)
[epoch  46/60] train_loss=6.4427 val_loss=7.8544 val_score=4.0979 (264s)
[epoch  47/60] train_loss=6.4066 val_loss=7.8846 val_score=4.1047 (270s)
[epoch  48/60] train_loss=6.4117 val_loss=7.9162 val_score=4.0606 (276s)
[epoch  49/60] train_loss=6.3693 val_loss=7.9046 val_score=4.1296 (282s)
[epoch  50/60] train_loss=6.3477 val_loss=7.9242 val_score=4.0717 (287s)
[epoch  51/60] train_loss=6.3114 val_loss=7.9074 val_score=4.1690 (293s)
[epoch  52/60] train_loss=6.3032 val_loss=7.8435 val_score=4.1040 (299s)
[epoch  53/60] train_loss=6.2875 val_loss=7.8636 val_score=4.0574 (304s)
[epoch  54/60] train_loss=6.2504 val_loss=7.8941 val_score=4.1140 (310s)
[epoch  55/60] train_loss=6.2285 val_loss=7.8904 val_score=4.0221 (316s)
[epoch  56/60] train_loss=6.2253 val_loss=7.8482 val_score=4.1125 (322s)
[epoch  57/60] train_loss=6.2196 val_loss=7.8989 val_score=4.0912 (327s)
[epoch  58/60] train_loss=6.1952 val_loss=7.9433 val_score=4.1140 (333s)
[epoch  59/60] train_loss=6.1726 val_loss=7.8858 val_score=4.0843 (338s)
[epoch  60/60] train_loss=6.1687 val_loss=7.8799 val_score=4.1316 (344s)
最佳 checkpoint 来自 epoch 51，验证集选模分 4.1690
per-label 阈值标定完成
解码调优（目标=f1）:
  cartridge -> {'mode': 'threshold', 'k_scale': 1.0, 'k_min': 1, 'k_max': 42, 'thr_shift': 0.0, 'ensure_nonempty': False, 'count_quantile': None}  目标值=0.4664
  solvent   -> {'mode': 'threshold', 'k_scale': 1.0, 'k_min': 0, 'k_max': 378, 'thr_shift': 0.0, 'ensure_nonempty': False, 'count_quantile': None} gate=True  目标值=0.4529
验证集（调优后）选模分 4.2033，链路正确率 0.4425

=== 测试集（基数感知解码）===
样本数 1145（有流程信息 1043，无流程信息 102）
Hit@1 可校验子集大小 141

Hit@1 旧口径（两处免检都在）      : 0.4026
Hit@1 去掉无流程信息免检          : 0.4151
Hit@1 仅可校验子集（推荐主指标）  : 0.6738
Hit@1 缺 ratio 标注判失败（最严） : 0.0911
前三段链路正确率（不看 ratio）    : 0.4593

StrictAcc 旧口径 / 仅有流程信息   : 0.0000 / 0.0000
SSS 旧口径 / 仅有流程信息         : 0.4921 / 0.4587
HC 旧口径 / 仅有流程信息          : 0.9116 / 0.9030
GUS                               : 59.6118

Hit@1 失败原因（对全部样本计数，互斥）：
  cartridge top-1 错     : 503
  step top-1 错          : 4
  solvent top-1 错       : 131
  ratio 超差             : 46
  ratio 无标注(旧口径免检): 338
  无流程信息(旧口径免检)  : 28

预测集合大小： {'cartridge_pred_mean': 6.368558951965065, 'cartridge_true_mean': 3.274235725402832, 'solvent_pred_mean': 27.650047938638544, 'solvent_true_mean': 15.235857963562012}

全部结果已写入 output/improve21/s4_bag_init207
