样本数 11441  切分 train/val/test = 9152/1144/1145
输入维度 21（21 维描述符，未启用官能团）
cartridge 类别 42  步骤 5  溶剂组合词表 378
数据划分种子 42，初始化/训练种子 102（划分不受影响）
/Users/zysu/Library/Python/3.9/lib/python/site-packages/torch/utils/data/dataloader.py:666: UserWarning: 'pin_memory' argument is set as true but no accelerator is found, then device pinned memory won't be used.
  warnings.warn(warn_msg)
[epoch   1/60] train_loss=4.9657 val_loss=4.7988 val_score=3.4065 (5s)
[epoch   2/60] train_loss=4.6915 val_loss=4.6755 val_score=3.6872 (9s)
[epoch   3/60] train_loss=4.5901 val_loss=4.5971 val_score=3.7477 (14s)
[epoch   4/60] train_loss=4.5261 val_loss=4.5275 val_score=3.8257 (18s)
[epoch   5/60] train_loss=4.4640 val_loss=4.4699 val_score=3.8107 (22s)
[epoch   6/60] train_loss=4.4151 val_loss=4.4245 val_score=3.8569 (27s)
[epoch   7/60] train_loss=4.3715 val_loss=4.4190 val_score=3.8373 (32s)
[epoch   8/60] train_loss=4.3331 val_loss=4.3533 val_score=3.8184 (40s)
[epoch   9/60] train_loss=4.2953 val_loss=4.3207 val_score=3.8420 (47s)
[epoch  10/60] train_loss=4.2695 val_loss=4.3084 val_score=3.9114 (55s)
[epoch  11/60] train_loss=4.2464 val_loss=4.2908 val_score=3.9457 (62s)
[epoch  12/60] train_loss=4.2171 val_loss=4.2539 val_score=3.9120 (69s)
[epoch  13/60] train_loss=4.1964 val_loss=4.2333 val_score=3.9064 (77s)
[epoch  14/60] train_loss=4.1634 val_loss=4.2246 val_score=3.9417 (84s)
[epoch  15/60] train_loss=4.1500 val_loss=4.2071 val_score=3.9055 (92s)
[epoch  16/60] train_loss=4.1243 val_loss=4.1862 val_score=3.9639 (99s)
[epoch  17/60] train_loss=4.1070 val_loss=4.1764 val_score=3.8987 (107s)
[epoch  18/60] train_loss=4.0916 val_loss=4.1534 val_score=3.9385 (116s)
[epoch  19/60] train_loss=4.0658 val_loss=4.1427 val_score=4.0176 (125s)
[epoch  20/60] train_loss=4.0597 val_loss=4.1385 val_score=4.0304 (135s)
[epoch  21/60] train_loss=4.0343 val_loss=4.1328 val_score=4.0216 (144s)
[epoch  22/60] train_loss=4.0156 val_loss=4.1073 val_score=3.9712 (154s)
[epoch  23/60] train_loss=3.9959 val_loss=4.1049 val_score=4.0151 (163s)
[epoch  24/60] train_loss=3.9868 val_loss=4.0773 val_score=4.0356 (173s)
[epoch  25/60] train_loss=3.9694 val_loss=4.0787 val_score=4.0315 (182s)
[epoch  26/60] train_loss=3.9551 val_loss=4.0680 val_score=4.0302 (191s)
[epoch  27/60] train_loss=3.9370 val_loss=4.0479 val_score=4.0950 (200s)
[epoch  28/60] train_loss=3.9354 val_loss=4.0391 val_score=4.0788 (209s)
[epoch  29/60] train_loss=3.9096 val_loss=4.0362 val_score=4.0488 (218s)
[epoch  30/60] train_loss=3.9066 val_loss=4.0311 val_score=4.0826 (227s)
[epoch  31/60] train_loss=3.8839 val_loss=4.0242 val_score=4.0899 (235s)
[epoch  32/60] train_loss=3.8746 val_loss=4.0147 val_score=4.0482 (244s)
[epoch  33/60] train_loss=3.8547 val_loss=3.9887 val_score=4.0759 (253s)
[epoch  34/60] train_loss=3.8509 val_loss=3.9829 val_score=4.0699 (261s)
[epoch  35/60] train_loss=3.8385 val_loss=3.9895 val_score=4.1130 (270s)
[epoch  36/60] train_loss=3.8309 val_loss=3.9839 val_score=4.1173 (279s)
[epoch  37/60] train_loss=3.8126 val_loss=3.9765 val_score=4.1116 (287s)
[epoch  38/60] train_loss=3.8054 val_loss=3.9657 val_score=4.1425 (297s)
[epoch  39/60] train_loss=3.7864 val_loss=3.9687 val_score=4.1013 (306s)
[epoch  40/60] train_loss=3.7754 val_loss=3.9467 val_score=4.1118 (314s)
[epoch  41/60] train_loss=3.7802 val_loss=3.9536 val_score=4.1276 (323s)
[epoch  42/60] train_loss=3.7603 val_loss=3.9424 val_score=4.1547 (332s)
[epoch  43/60] train_loss=3.7412 val_loss=3.9384 val_score=4.1670 (341s)
[epoch  44/60] train_loss=3.7354 val_loss=3.9333 val_score=4.1295 (350s)
[epoch  45/60] train_loss=3.7291 val_loss=3.9346 val_score=4.1518 (358s)
[epoch  46/60] train_loss=3.7200 val_loss=3.9290 val_score=4.1838 (367s)
[epoch  47/60] train_loss=3.7169 val_loss=3.9076 val_score=4.1606 (376s)
[epoch  48/60] train_loss=3.6994 val_loss=3.9253 val_score=4.1646 (385s)
[epoch  49/60] train_loss=3.6819 val_loss=3.9272 val_score=4.1321 (394s)
[epoch  50/60] train_loss=3.6883 val_loss=3.9049 val_score=4.1284 (402s)
[epoch  51/60] train_loss=3.6683 val_loss=3.9188 val_score=4.1523 (411s)
[epoch  52/60] train_loss=3.6633 val_loss=3.9114 val_score=4.2003 (420s)
[epoch  53/60] train_loss=3.6619 val_loss=3.9152 val_score=4.2015 (429s)
[epoch  54/60] train_loss=3.6572 val_loss=3.8969 val_score=4.2012 (438s)
[epoch  55/60] train_loss=3.6414 val_loss=3.9014 val_score=4.1926 (447s)
[epoch  56/60] train_loss=3.6314 val_loss=3.8858 val_score=4.2013 (456s)
[epoch  57/60] train_loss=3.6286 val_loss=3.9014 val_score=4.2100 (465s)
[epoch  58/60] train_loss=3.6159 val_loss=3.8826 val_score=4.2501 (474s)
[epoch  59/60] train_loss=3.6100 val_loss=3.8898 val_score=4.1936 (483s)
[epoch  60/60] train_loss=3.5954 val_loss=3.9067 val_score=4.1916 (492s)
最佳 checkpoint 来自 epoch 58，验证集选模分 4.2501
per-label 阈值标定完成
解码调优（目标=f1）:
  cartridge -> {'mode': 'threshold', 'k_scale': 1.0, 'k_min': 1, 'k_max': 42, 'thr_shift': 0.0, 'ensure_nonempty': False, 'count_quantile': None}  目标值=0.4917
  solvent   -> {'mode': 'threshold', 'k_scale': 1.0, 'k_min': 0, 'k_max': 378, 'thr_shift': 0.0, 'ensure_nonempty': False, 'count_quantile': None} gate=True  目标值=0.4896
验证集（调优后）选模分 4.3239，链路正确率 0.4598

=== 测试集（基数感知解码）===
样本数 1145（有流程信息 1043，无流程信息 102）
Hit@1 可校验子集大小 136

Hit@1 旧口径（两处免检都在）      : 0.4271
Hit@1 去掉无流程信息免检          : 0.4439
Hit@1 仅可校验子集（推荐主指标）  : 0.6544
Hit@1 缺 ratio 标注判失败（最严） : 0.0853
前三段链路正确率（不看 ratio）    : 0.4890

StrictAcc 旧口径 / 仅有流程信息   : 0.0017 / 0.0000
SSS 旧口径 / 仅有流程信息         : 0.5131 / 0.4813
HC 旧口径 / 仅有流程信息          : 0.9125 / 0.9039
GUS                               : 61.8134

Hit@1 失败原因（对全部样本计数，互斥）：
  cartridge top-1 错     : 491
  step top-1 错          : 3
  solvent top-1 错       : 115
  ratio 超差             : 47
  ratio 无标注(旧口径免检): 374
  无流程信息(旧口径免检)  : 26

预测集合大小： {'cartridge_pred_mean': 5.716157205240175, 'cartridge_true_mean': 3.274235725402832, 'solvent_pred_mean': 23.677852348993287, 'solvent_true_mean': 15.235857963562012}

全部结果已写入 output/improve21/s5_C2t08_init102
