样本数 11441  切分 train/val/test = 9152/1144/1145
输入维度 21（21 维描述符，未启用官能团）
cartridge 类别 42  步骤 5  溶剂组合词表 378
/Users/zysu/Library/Python/3.9/lib/python/site-packages/torch/utils/data/dataloader.py:666: UserWarning: 'pin_memory' argument is set as true but no accelerator is found, then device pinned memory won't be used.
  warnings.warn(warn_msg)
[epoch   1/60] train_loss=4.9670 val_loss=4.7783 val_score=3.5587 (4s)
[epoch   2/60] train_loss=4.6680 val_loss=4.6601 val_score=3.6998 (9s)
[epoch   3/60] train_loss=4.5669 val_loss=4.5769 val_score=3.7632 (14s)
[epoch   4/60] train_loss=4.5014 val_loss=4.5200 val_score=3.7644 (18s)
[epoch   5/60] train_loss=4.4482 val_loss=4.4513 val_score=3.8135 (22s)
[epoch   6/60] train_loss=4.3999 val_loss=4.4140 val_score=3.8256 (26s)
[epoch   7/60] train_loss=4.3519 val_loss=4.3798 val_score=3.8401 (31s)
[epoch   8/60] train_loss=4.3212 val_loss=4.3378 val_score=3.9379 (39s)
[epoch   9/60] train_loss=4.2872 val_loss=4.3039 val_score=3.9509 (46s)
[epoch  10/60] train_loss=4.2573 val_loss=4.2920 val_score=3.9715 (54s)
[epoch  11/60] train_loss=4.2297 val_loss=4.2608 val_score=3.9210 (61s)
[epoch  12/60] train_loss=4.2001 val_loss=4.2494 val_score=3.9111 (68s)
[epoch  13/60] train_loss=4.1709 val_loss=4.2262 val_score=3.9092 (76s)
[epoch  14/60] train_loss=4.1557 val_loss=4.2073 val_score=3.9539 (83s)
[epoch  15/60] train_loss=4.1319 val_loss=4.1757 val_score=3.9795 (91s)
[epoch  16/60] train_loss=4.1189 val_loss=4.1666 val_score=4.0013 (98s)
[epoch  17/60] train_loss=4.0935 val_loss=4.1515 val_score=3.9990 (106s)
[epoch  18/60] train_loss=4.0676 val_loss=4.1393 val_score=3.9834 (115s)
[epoch  19/60] train_loss=4.0550 val_loss=4.1173 val_score=4.0110 (123s)
[epoch  20/60] train_loss=4.0310 val_loss=4.1095 val_score=4.0018 (133s)
[epoch  21/60] train_loss=4.0146 val_loss=4.1003 val_score=3.9772 (143s)
[epoch  22/60] train_loss=4.0018 val_loss=4.0864 val_score=4.0321 (152s)
[epoch  23/60] train_loss=3.9833 val_loss=4.0596 val_score=4.0202 (162s)
[epoch  24/60] train_loss=3.9623 val_loss=4.0751 val_score=4.0498 (171s)
[epoch  25/60] train_loss=3.9516 val_loss=4.0491 val_score=4.0360 (180s)
[epoch  26/60] train_loss=3.9417 val_loss=4.0518 val_score=4.0944 (190s)
[epoch  27/60] train_loss=3.9200 val_loss=4.0254 val_score=4.1066 (199s)
[epoch  28/60] train_loss=3.9015 val_loss=4.0334 val_score=4.0440 (208s)
[epoch  29/60] train_loss=3.8967 val_loss=4.0229 val_score=4.0766 (216s)
[epoch  30/60] train_loss=3.8765 val_loss=4.0119 val_score=4.0894 (225s)
[epoch  31/60] train_loss=3.8746 val_loss=4.0046 val_score=4.1058 (234s)
[epoch  32/60] train_loss=3.8542 val_loss=3.9995 val_score=4.1090 (243s)
[epoch  33/60] train_loss=3.8425 val_loss=3.9796 val_score=4.1019 (251s)
[epoch  34/60] train_loss=3.8315 val_loss=3.9815 val_score=4.0962 (260s)
[epoch  35/60] train_loss=3.8189 val_loss=3.9688 val_score=4.1063 (269s)
[epoch  36/60] train_loss=3.7986 val_loss=3.9672 val_score=4.0748 (277s)
[epoch  37/60] train_loss=3.7927 val_loss=3.9695 val_score=4.0967 (286s)
[epoch  38/60] train_loss=3.7811 val_loss=3.9741 val_score=4.0697 (295s)
[epoch  39/60] train_loss=3.7766 val_loss=3.9481 val_score=4.1350 (304s)
[epoch  40/60] train_loss=3.7643 val_loss=3.9441 val_score=4.0536 (313s)
[epoch  41/60] train_loss=3.7440 val_loss=3.9428 val_score=4.1449 (322s)
[epoch  42/60] train_loss=3.7279 val_loss=3.9555 val_score=4.1268 (331s)
[epoch  43/60] train_loss=3.7234 val_loss=3.9394 val_score=4.1394 (339s)
[epoch  44/60] train_loss=3.7172 val_loss=3.9427 val_score=4.1281 (348s)
[epoch  45/60] train_loss=3.7079 val_loss=3.9239 val_score=4.1383 (357s)
[epoch  46/60] train_loss=3.7000 val_loss=3.9254 val_score=4.1591 (366s)
[epoch  47/60] train_loss=3.6817 val_loss=3.9334 val_score=4.1593 (375s)
[epoch  48/60] train_loss=3.6782 val_loss=3.9380 val_score=4.1343 (383s)
[epoch  49/60] train_loss=3.6664 val_loss=3.9475 val_score=4.1495 (392s)
[epoch  50/60] train_loss=3.6562 val_loss=3.9217 val_score=4.1521 (401s)
[epoch  51/60] train_loss=3.6476 val_loss=3.9242 val_score=4.1595 (410s)
[epoch  52/60] train_loss=3.6491 val_loss=3.9151 val_score=4.1573 (419s)
[epoch  53/60] train_loss=3.6302 val_loss=3.9219 val_score=4.1717 (427s)
[epoch  54/60] train_loss=3.6276 val_loss=3.9013 val_score=4.1681 (437s)
[epoch  55/60] train_loss=3.6118 val_loss=3.9095 val_score=4.1645 (446s)
[epoch  56/60] train_loss=3.6044 val_loss=3.8980 val_score=4.2001 (454s)
[epoch  57/60] train_loss=3.5892 val_loss=3.9035 val_score=4.1923 (463s)
[epoch  58/60] train_loss=3.5852 val_loss=3.8816 val_score=4.2245 (473s)
[epoch  59/60] train_loss=3.5845 val_loss=3.8945 val_score=4.2347 (481s)
[epoch  60/60] train_loss=3.5775 val_loss=3.9002 val_score=4.2122 (490s)
最佳 checkpoint 来自 epoch 59，验证集选模分 4.2347
per-label 阈值标定完成
解码调优（目标=f1）:
  cartridge -> {'mode': 'threshold', 'k_scale': 1.0, 'k_min': 1, 'k_max': 42, 'thr_shift': 0.0, 'ensure_nonempty': False, 'count_quantile': None}  目标值=0.4821
  solvent   -> {'mode': 'threshold', 'k_scale': 1.0, 'k_min': 0, 'k_max': 378, 'thr_shift': 0.0, 'ensure_nonempty': False, 'count_quantile': None} gate=True  目标值=0.4920
验证集（调优后）选模分 4.3180，链路正确率 0.4569

=== 测试集（基数感知解码）===
样本数 1145（有流程信息 1043，无流程信息 102）
Hit@1 可校验子集大小 129

Hit@1 旧口径（两处免检都在）      : 0.4367
Hit@1 去掉无流程信息免检          : 0.4468
Hit@1 仅可校验子集（推荐主指标）  : 0.6822
Hit@1 缺 ratio 标注判失败（最严） : 0.0844
前三段链路正确率（不看 ratio）    : 0.4861

StrictAcc 旧口径 / 仅有流程信息   : 0.0026 / 0.0029
SSS 旧口径 / 仅有流程信息         : 0.5115 / 0.4802
HC 旧口径 / 仅有流程信息          : 0.9155 / 0.9072
GUS                               : 61.4243

Hit@1 失败原因（对全部样本计数，互斥）：
  cartridge top-1 错     : 477
  step top-1 错          : 3
  solvent top-1 错       : 124
  ratio 超差             : 41
  ratio 无标注(旧口径免检): 378
  无流程信息(旧口径免检)  : 34

预测集合大小： {'cartridge_pred_mean': 6.320524017467249, 'cartridge_true_mean': 3.274235725402832, 'solvent_pred_mean': 23.638542665388304, 'solvent_true_mean': 15.235857963562012}

全部结果已写入 output/improve21/s5_C2t08_init42
