样本数 11441  切分 train/val/test = 9152/1144/1145
输入维度 21（21 维描述符，未启用官能团）
cartridge 类别 42  步骤 5  溶剂组合词表 378
数据划分种子 42，初始化/训练种子 101（划分不受影响）
/Users/zysu/Library/Python/3.9/lib/python/site-packages/torch/utils/data/dataloader.py:666: UserWarning: 'pin_memory' argument is set as true but no accelerator is found, then device pinned memory won't be used.
  warnings.warn(warn_msg)
[epoch   1/60] train_loss=4.9755 val_loss=4.7849 val_score=3.5706 (9s)
[epoch   2/60] train_loss=4.6751 val_loss=4.6583 val_score=3.6659 (17s)
[epoch   3/60] train_loss=4.5781 val_loss=4.5637 val_score=3.7483 (26s)
[epoch   4/60] train_loss=4.5095 val_loss=4.5193 val_score=3.7629 (35s)
[epoch   5/60] train_loss=4.4477 val_loss=4.4537 val_score=3.7641 (44s)
[epoch   6/60] train_loss=4.4086 val_loss=4.4168 val_score=3.8119 (53s)
[epoch   7/60] train_loss=4.3639 val_loss=4.3749 val_score=3.8834 (62s)
[epoch   8/60] train_loss=4.3210 val_loss=4.3248 val_score=3.9430 (71s)
[epoch   9/60] train_loss=4.2949 val_loss=4.3221 val_score=3.9132 (80s)
[epoch  10/60] train_loss=4.2683 val_loss=4.2768 val_score=3.9326 (89s)
[epoch  11/60] train_loss=4.2469 val_loss=4.2572 val_score=3.9546 (98s)
[epoch  12/60] train_loss=4.2153 val_loss=4.2376 val_score=3.9016 (107s)
[epoch  13/60] train_loss=4.1896 val_loss=4.2308 val_score=3.9978 (116s)
[epoch  14/60] train_loss=4.1707 val_loss=4.2025 val_score=3.9663 (125s)
[epoch  15/60] train_loss=4.1511 val_loss=4.1881 val_score=3.9499 (134s)
[epoch  16/60] train_loss=4.1307 val_loss=4.1589 val_score=3.9985 (143s)
[epoch  17/60] train_loss=4.1035 val_loss=4.1406 val_score=3.9959 (151s)
[epoch  18/60] train_loss=4.0885 val_loss=4.1403 val_score=3.9907 (161s)
[epoch  19/60] train_loss=4.0690 val_loss=4.1215 val_score=4.0261 (169s)
[epoch  20/60] train_loss=4.0500 val_loss=4.1045 val_score=4.0580 (178s)
[epoch  21/60] train_loss=4.0241 val_loss=4.0974 val_score=4.0303 (187s)
[epoch  22/60] train_loss=4.0148 val_loss=4.0900 val_score=4.0616 (197s)
[epoch  23/60] train_loss=4.0064 val_loss=4.0673 val_score=4.0143 (206s)
[epoch  24/60] train_loss=3.9925 val_loss=4.0702 val_score=4.0157 (215s)
[epoch  25/60] train_loss=3.9613 val_loss=4.0772 val_score=4.0496 (224s)
[epoch  26/60] train_loss=3.9610 val_loss=4.0601 val_score=4.0993 (234s)
[epoch  27/60] train_loss=3.9385 val_loss=4.0409 val_score=4.0284 (243s)
[epoch  28/60] train_loss=3.9101 val_loss=4.0392 val_score=4.0318 (252s)
[epoch  29/60] train_loss=3.9121 val_loss=4.0091 val_score=4.0523 (261s)
[epoch  30/60] train_loss=3.8931 val_loss=4.0119 val_score=4.0772 (270s)
[epoch  31/60] train_loss=3.8757 val_loss=3.9870 val_score=4.0721 (279s)
[epoch  32/60] train_loss=3.8634 val_loss=3.9805 val_score=4.0658 (288s)
[epoch  33/60] train_loss=3.8483 val_loss=4.0048 val_score=4.1332 (297s)
[epoch  34/60] train_loss=3.8420 val_loss=3.9791 val_score=4.1065 (306s)
[epoch  35/60] train_loss=3.8233 val_loss=3.9595 val_score=4.0909 (315s)
[epoch  36/60] train_loss=3.8079 val_loss=3.9714 val_score=4.0746 (324s)
[epoch  37/60] train_loss=3.7958 val_loss=3.9569 val_score=4.1186 (333s)
[epoch  38/60] train_loss=3.7855 val_loss=3.9467 val_score=4.1321 (342s)
[epoch  39/60] train_loss=3.7788 val_loss=3.9557 val_score=4.1090 (351s)
[epoch  40/60] train_loss=3.7667 val_loss=3.9476 val_score=4.1496 (360s)
[epoch  41/60] train_loss=3.7511 val_loss=3.9446 val_score=4.0470 (369s)
[epoch  42/60] train_loss=3.7425 val_loss=3.9522 val_score=4.1511 (378s)
[epoch  43/60] train_loss=3.7362 val_loss=3.9273 val_score=4.1841 (387s)
[epoch  44/60] train_loss=3.7170 val_loss=3.9101 val_score=4.1388 (395s)
[epoch  45/60] train_loss=3.7053 val_loss=3.9079 val_score=4.1542 (404s)
[epoch  46/60] train_loss=3.6953 val_loss=3.9178 val_score=4.1423 (413s)
[epoch  47/60] train_loss=3.6906 val_loss=3.9132 val_score=4.1793 (422s)
[epoch  48/60] train_loss=3.6953 val_loss=3.8954 val_score=4.1592 (431s)
[epoch  49/60] train_loss=3.6791 val_loss=3.8994 val_score=4.1411 (440s)
[epoch  50/60] train_loss=3.6631 val_loss=3.8958 val_score=4.1537 (449s)
[epoch  51/60] train_loss=3.6521 val_loss=3.9049 val_score=4.2141 (458s)
[epoch  52/60] train_loss=3.6527 val_loss=3.9030 val_score=4.1761 (467s)
[epoch  53/60] train_loss=3.6438 val_loss=3.8979 val_score=4.1835 (476s)
[epoch  54/60] train_loss=3.6200 val_loss=3.8950 val_score=4.2029 (486s)
[epoch  55/60] train_loss=3.6280 val_loss=3.8832 val_score=4.2050 (494s)
[epoch  56/60] train_loss=3.6075 val_loss=3.9086 val_score=4.1866 (503s)
[epoch  57/60] train_loss=3.6035 val_loss=3.8745 val_score=4.2009 (512s)
[epoch  58/60] train_loss=3.5947 val_loss=3.8774 val_score=4.1705 (521s)
[epoch  59/60] train_loss=3.5875 val_loss=3.8950 val_score=4.2232 (530s)
[epoch  60/60] train_loss=3.5800 val_loss=3.8786 val_score=4.2318 (539s)
最佳 checkpoint 来自 epoch 60，验证集选模分 4.2318
per-label 阈值标定完成
解码调优（目标=f1）:
  cartridge -> {'mode': 'threshold', 'k_scale': 1.0, 'k_min': 1, 'k_max': 42, 'thr_shift': 0.0, 'ensure_nonempty': False, 'count_quantile': None}  目标值=0.4913
  solvent   -> {'mode': 'threshold', 'k_scale': 1.0, 'k_min': 0, 'k_max': 378, 'thr_shift': 0.0, 'ensure_nonempty': False, 'count_quantile': None} gate=True  目标值=0.4923
验证集（调优后）选模分 4.3091，链路正确率 0.4550

=== 测试集（基数感知解码）===
样本数 1145（有流程信息 1043，无流程信息 102）
Hit@1 可校验子集大小 138

Hit@1 旧口径（两处免检都在）      : 0.4314
Hit@1 去掉无流程信息免检          : 0.4430
Hit@1 仅可校验子集（推荐主指标）  : 0.6594
Hit@1 缺 ratio 标注判失败（最严） : 0.0872
前三段链路正确率（不看 ratio）    : 0.4880

StrictAcc 旧口径 / 仅有流程信息   : 0.0009 / 0.0000
SSS 旧口径 / 仅有流程信息         : 0.5137 / 0.4821
HC 旧口径 / 仅有流程信息          : 0.9158 / 0.9076
GUS                               : 61.7494

Hit@1 失败原因（对全部样本计数，互斥）：
  cartridge top-1 错     : 487
  step top-1 错          : 2
  solvent top-1 错       : 115
  ratio 超差             : 47
  ratio 无标注(旧口径免检): 371
  无流程信息(旧口径免检)  : 32

预测集合大小： {'cartridge_pred_mean': 6.5606986899563315, 'cartridge_true_mean': 3.274235725402832, 'solvent_pred_mean': 24.285714285714285, 'solvent_true_mean': 15.235857963562012}

全部结果已写入 output/improve21/s5_C2t08_init101
