样本数 11441  切分 train/val/test = 9152/1144/1145
输入维度 21（21 维描述符，未启用官能团）
cartridge 类别 42  步骤 5  溶剂组合词表 378
数据划分种子 42，初始化/训练种子 103（划分不受影响）
/Users/zysu/Library/Python/3.9/lib/python/site-packages/torch/utils/data/dataloader.py:666: UserWarning: 'pin_memory' argument is set as true but no accelerator is found, then device pinned memory won't be used.
  warnings.warn(warn_msg)
[epoch   1/60] train_loss=4.9775 val_loss=4.7738 val_score=3.5938 (9s)
[epoch   2/60] train_loss=4.6687 val_loss=4.6531 val_score=3.7034 (17s)
[epoch   3/60] train_loss=4.5668 val_loss=4.5713 val_score=3.7094 (26s)
[epoch   4/60] train_loss=4.4980 val_loss=4.4929 val_score=3.8593 (35s)
[epoch   5/60] train_loss=4.4367 val_loss=4.4362 val_score=3.8131 (44s)
[epoch   6/60] train_loss=4.3893 val_loss=4.3958 val_score=3.9040 (53s)
[epoch   7/60] train_loss=4.3491 val_loss=4.3580 val_score=3.8434 (62s)
[epoch   8/60] train_loss=4.3088 val_loss=4.3095 val_score=3.8656 (71s)
[epoch   9/60] train_loss=4.2780 val_loss=4.2835 val_score=3.9287 (80s)
[epoch  10/60] train_loss=4.2505 val_loss=4.2544 val_score=3.9724 (89s)
[epoch  11/60] train_loss=4.2209 val_loss=4.2375 val_score=3.9413 (98s)
[epoch  12/60] train_loss=4.1929 val_loss=4.2040 val_score=3.9508 (107s)
[epoch  13/60] train_loss=4.1656 val_loss=4.1887 val_score=3.9792 (116s)
[epoch  14/60] train_loss=4.1475 val_loss=4.1759 val_score=3.9982 (125s)
[epoch  15/60] train_loss=4.1161 val_loss=4.1604 val_score=3.9808 (134s)
[epoch  16/60] train_loss=4.1010 val_loss=4.1354 val_score=4.0445 (143s)
[epoch  17/60] train_loss=4.0727 val_loss=4.1189 val_score=4.0445 (151s)
[epoch  18/60] train_loss=4.0587 val_loss=4.1012 val_score=4.0420 (161s)
[epoch  19/60] train_loss=4.0353 val_loss=4.0973 val_score=4.0298 (170s)
[epoch  20/60] train_loss=4.0213 val_loss=4.0834 val_score=4.0427 (178s)
[epoch  21/60] train_loss=3.9988 val_loss=4.0757 val_score=3.9945 (188s)
[epoch  22/60] train_loss=3.9829 val_loss=4.0498 val_score=4.0711 (197s)
[epoch  23/60] train_loss=3.9600 val_loss=4.0361 val_score=4.0790 (206s)
[epoch  24/60] train_loss=3.9502 val_loss=4.0318 val_score=4.1168 (215s)
[epoch  25/60] train_loss=3.9300 val_loss=4.0273 val_score=4.0350 (225s)
[epoch  26/60] train_loss=3.9210 val_loss=4.0309 val_score=4.0937 (234s)
[epoch  27/60] train_loss=3.9012 val_loss=4.0042 val_score=4.0660 (243s)
[epoch  28/60] train_loss=3.8786 val_loss=4.0027 val_score=4.0674 (252s)
[epoch  29/60] train_loss=3.8667 val_loss=3.9844 val_score=4.1252 (261s)
[epoch  30/60] train_loss=3.8572 val_loss=3.9663 val_score=4.0633 (270s)
[epoch  31/60] train_loss=3.8410 val_loss=3.9774 val_score=4.1107 (279s)
[epoch  32/60] train_loss=3.8321 val_loss=3.9632 val_score=4.0968 (288s)
[epoch  33/60] train_loss=3.8208 val_loss=3.9661 val_score=4.1135 (297s)
[epoch  34/60] train_loss=3.8009 val_loss=3.9521 val_score=4.1055 (305s)
[epoch  35/60] train_loss=3.7963 val_loss=3.9493 val_score=4.1682 (314s)
[epoch  36/60] train_loss=3.7836 val_loss=3.9424 val_score=4.1678 (323s)
[epoch  37/60] train_loss=3.7651 val_loss=3.9432 val_score=4.1574 (333s)
[epoch  38/60] train_loss=3.7586 val_loss=3.9346 val_score=4.1577 (342s)
[epoch  39/60] train_loss=3.7520 val_loss=3.9239 val_score=4.1758 (351s)
[epoch  40/60] train_loss=3.7299 val_loss=3.9221 val_score=4.1844 (360s)
[epoch  41/60] train_loss=3.7158 val_loss=3.9104 val_score=4.1595 (369s)
[epoch  42/60] train_loss=3.7233 val_loss=3.9178 val_score=4.1301 (377s)
[epoch  43/60] train_loss=3.7016 val_loss=3.9105 val_score=4.2033 (386s)
[epoch  44/60] train_loss=3.6994 val_loss=3.9033 val_score=4.1577 (395s)
[epoch  45/60] train_loss=3.6882 val_loss=3.9131 val_score=4.0909 (404s)
[epoch  46/60] train_loss=3.6729 val_loss=3.8935 val_score=4.1393 (413s)
[epoch  47/60] train_loss=3.6738 val_loss=3.8986 val_score=4.1356 (422s)
[epoch  48/60] train_loss=3.6561 val_loss=3.8916 val_score=4.1962 (431s)
[epoch  49/60] train_loss=3.6451 val_loss=3.9003 val_score=4.2386 (440s)
[epoch  50/60] train_loss=3.6465 val_loss=3.8913 val_score=4.2057 (449s)
[epoch  51/60] train_loss=3.6350 val_loss=3.8894 val_score=4.1579 (458s)
[epoch  52/60] train_loss=3.6235 val_loss=3.9043 val_score=4.2492 (467s)
[epoch  53/60] train_loss=3.6139 val_loss=3.8966 val_score=4.2520 (476s)
[epoch  54/60] train_loss=3.6087 val_loss=3.8907 val_score=4.2413 (485s)
[epoch  55/60] train_loss=3.5990 val_loss=3.8872 val_score=4.2031 (494s)
[epoch  56/60] train_loss=3.5913 val_loss=3.8793 val_score=4.1841 (503s)
[epoch  57/60] train_loss=3.5777 val_loss=3.8793 val_score=4.1422 (512s)
[epoch  58/60] train_loss=3.5720 val_loss=3.8683 val_score=4.2183 (521s)
[epoch  59/60] train_loss=3.5582 val_loss=3.8572 val_score=4.2364 (530s)
[epoch  60/60] train_loss=3.5636 val_loss=3.8831 val_score=4.2446 (539s)
最佳 checkpoint 来自 epoch 53，验证集选模分 4.2520
per-label 阈值标定完成
解码调优（目标=f1）:
  cartridge -> {'mode': 'threshold', 'k_scale': 1.0, 'k_min': 1, 'k_max': 42, 'thr_shift': 0.0, 'ensure_nonempty': False, 'count_quantile': None}  目标值=0.4910
  solvent   -> {'mode': 'threshold', 'k_scale': 1.0, 'k_min': 0, 'k_max': 378, 'thr_shift': 0.0, 'ensure_nonempty': False, 'count_quantile': None} gate=True  目标值=0.4897
验证集（调优后）选模分 4.3212，链路正确率 0.4588

=== 测试集（基数感知解码）===
样本数 1145（有流程信息 1043，无流程信息 102）
Hit@1 可校验子集大小 140

Hit@1 旧口径（两处免检都在）      : 0.4227
Hit@1 去掉无流程信息免检          : 0.4353
Hit@1 仅可校验子集（推荐主指标）  : 0.6643
Hit@1 缺 ratio 标注判失败（最严） : 0.0892
前三段链路正确率（不看 ratio）    : 0.4803

StrictAcc 旧口径 / 仅有流程信息   : 0.0000 / 0.0000
SSS 旧口径 / 仅有流程信息         : 0.5121 / 0.4804
HC 旧口径 / 仅有流程信息          : 0.9183 / 0.9103
GUS                               : 61.6587

Hit@1 失败原因（对全部样本计数，互斥）：
  cartridge top-1 错     : 480
  step top-1 错          : 1
  solvent top-1 错       : 133
  ratio 超差             : 47
  ratio 无标注(旧口径免检): 361
  无流程信息(旧口径免检)  : 30

预测集合大小： {'cartridge_pred_mean': 6.285589519650655, 'cartridge_true_mean': 3.274235725402832, 'solvent_pred_mean': 24.728667305848514, 'solvent_true_mean': 15.235857963562012}

全部结果已写入 output/improve21/s5_C2t08_init103
