样本数 11441  切分 train/val/test = 9152/1144/1145
输入维度 21（21 维描述符，未启用官能团）
cartridge 类别 42  步骤 5  溶剂组合词表 378
数据划分种子 42，初始化/训练种子 302（划分不受影响）
bootstrap 重采样：抽 9152 条（原 9152 条），覆盖 5774 个不同样本（63.1%）
/Users/zysu/Library/Python/3.9/lib/python/site-packages/torch/utils/data/dataloader.py:666: UserWarning: 'pin_memory' argument is set as true but no accelerator is found, then device pinned memory won't be used.
  warnings.warn(warn_msg)
[epoch   1/60] train_loss=9.2169 val_loss=8.8608 val_score=3.5470 (9s)
[epoch   2/60] train_loss=8.6756 val_loss=8.6468 val_score=3.6375 (18s)
[epoch   3/60] train_loss=8.4792 val_loss=8.5166 val_score=3.7974 (27s)
[epoch   4/60] train_loss=8.3164 val_loss=8.4141 val_score=3.8051 (36s)
[epoch   5/60] train_loss=8.1973 val_loss=8.3055 val_score=3.8520 (45s)
[epoch   6/60] train_loss=8.0890 val_loss=8.2347 val_score=3.9106 (54s)
[epoch   7/60] train_loss=7.9932 val_loss=8.2047 val_score=3.8350 (63s)
[epoch   8/60] train_loss=7.9041 val_loss=8.1653 val_score=3.9300 (72s)
[epoch   9/60] train_loss=7.8434 val_loss=8.1320 val_score=3.8845 (81s)
[epoch  10/60] train_loss=7.7416 val_loss=8.0829 val_score=3.9859 (89s)
[epoch  11/60] train_loss=7.6825 val_loss=8.1034 val_score=3.8877 (99s)
[epoch  12/60] train_loss=7.6194 val_loss=8.0730 val_score=3.9704 (108s)
[epoch  13/60] train_loss=7.5477 val_loss=8.0061 val_score=4.0064 (116s)
[epoch  14/60] train_loss=7.4884 val_loss=7.9909 val_score=3.9320 (125s)
[epoch  15/60] train_loss=7.4321 val_loss=7.9791 val_score=3.9710 (135s)
[epoch  16/60] train_loss=7.3734 val_loss=7.9846 val_score=3.9223 (144s)
[epoch  17/60] train_loss=7.3178 val_loss=7.9384 val_score=3.9770 (153s)
[epoch  18/60] train_loss=7.2710 val_loss=7.9306 val_score=4.0467 (162s)
[epoch  19/60] train_loss=7.2202 val_loss=7.8905 val_score=4.0313 (171s)
[epoch  20/60] train_loss=7.1551 val_loss=7.9302 val_score=4.0204 (180s)
[epoch  21/60] train_loss=7.1153 val_loss=7.9121 val_score=4.0629 (189s)
[epoch  22/60] train_loss=7.0822 val_loss=7.8751 val_score=4.0633 (198s)
[epoch  23/60] train_loss=7.0128 val_loss=7.8727 val_score=3.9934 (207s)
[epoch  24/60] train_loss=6.9904 val_loss=7.9103 val_score=4.0673 (216s)
[epoch  25/60] train_loss=6.9194 val_loss=7.8801 val_score=4.0404 (225s)
[epoch  26/60] train_loss=6.8854 val_loss=7.9009 val_score=4.0989 (234s)
[epoch  27/60] train_loss=6.8439 val_loss=7.8579 val_score=4.0345 (243s)
[epoch  28/60] train_loss=6.8090 val_loss=7.8792 val_score=4.0252 (252s)
[epoch  29/60] train_loss=6.7631 val_loss=7.8384 val_score=4.0315 (261s)
[epoch  30/60] train_loss=6.7201 val_loss=7.8674 val_score=4.0782 (270s)
[epoch  31/60] train_loss=6.7142 val_loss=7.8348 val_score=4.0993 (279s)
[epoch  32/60] train_loss=6.6761 val_loss=7.8235 val_score=4.1038 (288s)
[epoch  33/60] train_loss=6.6371 val_loss=7.9288 val_score=4.0366 (297s)
[epoch  34/60] train_loss=6.6140 val_loss=7.8495 val_score=4.1461 (306s)
[epoch  35/60] train_loss=6.5518 val_loss=7.8805 val_score=4.1403 (315s)
[epoch  36/60] train_loss=6.5189 val_loss=7.8964 val_score=4.1445 (324s)
[epoch  37/60] train_loss=6.4953 val_loss=7.8485 val_score=4.1377 (332s)
[epoch  38/60] train_loss=6.4732 val_loss=7.8656 val_score=4.1261 (341s)
[epoch  39/60] train_loss=6.4183 val_loss=7.8847 val_score=4.1619 (350s)
[epoch  40/60] train_loss=6.3956 val_loss=7.8824 val_score=4.1289 (359s)
[epoch  41/60] train_loss=6.3742 val_loss=7.9256 val_score=4.1057 (368s)
[epoch  42/60] train_loss=6.3399 val_loss=7.9257 val_score=4.0703 (377s)
[epoch  43/60] train_loss=6.3126 val_loss=7.9248 val_score=4.0837 (386s)
[epoch  44/60] train_loss=6.3038 val_loss=7.9071 val_score=4.1374 (395s)
[epoch  45/60] train_loss=6.2709 val_loss=7.9019 val_score=4.1425 (404s)
[epoch  46/60] train_loss=6.2459 val_loss=7.8935 val_score=4.0981 (413s)
[epoch  47/60] train_loss=6.2304 val_loss=7.9665 val_score=4.1156 (423s)
[epoch  48/60] train_loss=6.1932 val_loss=7.9105 val_score=4.1382 (431s)
[epoch  49/60] train_loss=6.1772 val_loss=7.9355 val_score=4.1627 (440s)
[epoch  50/60] train_loss=6.1628 val_loss=7.9304 val_score=4.1448 (449s)
[epoch  51/60] train_loss=6.1163 val_loss=7.9456 val_score=4.1784 (458s)
[epoch  52/60] train_loss=6.1002 val_loss=7.9882 val_score=4.2304 (467s)
[epoch  53/60] train_loss=6.0796 val_loss=7.9862 val_score=4.1456 (476s)
[epoch  54/60] train_loss=6.0715 val_loss=7.9844 val_score=4.1447 (482s)
[epoch  55/60] train_loss=6.0560 val_loss=7.9734 val_score=4.2056 (488s)
[epoch  56/60] train_loss=6.0292 val_loss=7.9741 val_score=4.2094 (494s)
[epoch  57/60] train_loss=5.9988 val_loss=7.9631 val_score=4.1990 (499s)
[epoch  58/60] train_loss=5.9924 val_loss=7.9851 val_score=4.2077 (505s)
[epoch  59/60] train_loss=5.9744 val_loss=7.9609 val_score=4.1346 (510s)
[epoch  60/60] train_loss=5.9570 val_loss=8.0121 val_score=4.2059 (516s)
最佳 checkpoint 来自 epoch 52，验证集选模分 4.2304
per-label 阈值标定完成
解码调优（目标=f1）:
  cartridge -> {'mode': 'threshold', 'k_scale': 1.0, 'k_min': 1, 'k_max': 42, 'thr_shift': 0.0, 'ensure_nonempty': False, 'count_quantile': None}  目标值=0.4705
  solvent   -> {'mode': 'threshold', 'k_scale': 1.0, 'k_min': 0, 'k_max': 378, 'thr_shift': 0.0, 'ensure_nonempty': False, 'count_quantile': None} gate=True  目标值=0.4662
验证集（调优后）选模分 4.2779，链路正确率 0.4559

=== 测试集（基数感知解码）===
样本数 1145（有流程信息 1043，无流程信息 102）
Hit@1 可校验子集大小 145

Hit@1 旧口径（两处免检都在）      : 0.4175
Hit@1 去掉无流程信息免检          : 0.4286
Hit@1 仅可校验子集（推荐主指标）  : 0.7034
Hit@1 缺 ratio 标注判失败（最严） : 0.0978
前三段链路正确率（不看 ratio）    : 0.4698

StrictAcc 旧口径 / 仅有流程信息   : 0.0000 / 0.0000
SSS 旧口径 / 仅有流程信息         : 0.5016 / 0.4691
HC 旧口径 / 仅有流程信息          : 0.9153 / 0.9070
GUS                               : 60.3465

Hit@1 失败原因（对全部样本计数，互斥）：
  cartridge top-1 错     : 494
  step top-1 错          : 3
  solvent top-1 错       : 127
  ratio 超差             : 43
  ratio 无标注(旧口径免检): 345
  无流程信息(旧口径免检)  : 31

预测集合大小： {'cartridge_pred_mean': 6.390393013100437, 'cartridge_true_mean': 3.274235725402832, 'solvent_pred_mean': 24.91946308724832, 'solvent_true_mean': 15.235857963562012}

全部结果已写入 output/improve21/s6_bagt08_init302
