样本数 11441  切分 train/val/test = 9152/1144/1145
输入维度 21（21 维描述符，未启用官能团）
cartridge 类别 42  步骤 5  溶剂组合词表 378
数据划分种子 42，初始化/训练种子 304（划分不受影响）
bootstrap 重采样：抽 9152 条（原 9152 条），覆盖 5738 个不同样本（62.7%）
/Users/zysu/Library/Python/3.9/lib/python/site-packages/torch/utils/data/dataloader.py:666: UserWarning: 'pin_memory' argument is set as true but no accelerator is found, then device pinned memory won't be used.
  warnings.warn(warn_msg)
[epoch   1/60] train_loss=9.2246 val_loss=8.8938 val_score=3.5076 (6s)
[epoch   2/60] train_loss=8.7050 val_loss=8.6468 val_score=3.6748 (11s)
[epoch   3/60] train_loss=8.5072 val_loss=8.5090 val_score=3.7947 (17s)
[epoch   4/60] train_loss=8.3607 val_loss=8.4049 val_score=3.8478 (23s)
[epoch   5/60] train_loss=8.2350 val_loss=8.3316 val_score=3.8746 (29s)
[epoch   6/60] train_loss=8.1264 val_loss=8.2871 val_score=3.9109 (34s)
[epoch   7/60] train_loss=8.0375 val_loss=8.2412 val_score=3.8636 (40s)
[epoch   8/60] train_loss=7.9713 val_loss=8.1838 val_score=3.8719 (46s)
[epoch   9/60] train_loss=7.8671 val_loss=8.1441 val_score=3.8369 (51s)
[epoch  10/60] train_loss=7.8152 val_loss=8.0899 val_score=3.9151 (57s)
[epoch  11/60] train_loss=7.7366 val_loss=8.0882 val_score=3.9220 (63s)
[epoch  12/60] train_loss=7.6611 val_loss=8.0313 val_score=3.9142 (69s)
[epoch  13/60] train_loss=7.6070 val_loss=8.0415 val_score=3.9156 (74s)
[epoch  14/60] train_loss=7.5358 val_loss=7.9960 val_score=3.9970 (80s)
[epoch  15/60] train_loss=7.4862 val_loss=7.9845 val_score=3.9362 (86s)
[epoch  16/60] train_loss=7.4160 val_loss=7.9841 val_score=4.0157 (92s)
[epoch  17/60] train_loss=7.3746 val_loss=7.9960 val_score=4.0363 (97s)
[epoch  18/60] train_loss=7.3313 val_loss=7.9570 val_score=3.9518 (103s)
[epoch  19/60] train_loss=7.2534 val_loss=7.9790 val_score=3.9463 (108s)
[epoch  20/60] train_loss=7.2206 val_loss=7.9313 val_score=3.9835 (114s)
[epoch  21/60] train_loss=7.1695 val_loss=7.9549 val_score=4.0415 (120s)
[epoch  22/60] train_loss=7.1402 val_loss=7.9539 val_score=3.9831 (126s)
[epoch  23/60] train_loss=7.1007 val_loss=7.9029 val_score=4.0241 (131s)
[epoch  24/60] train_loss=7.0357 val_loss=7.9296 val_score=4.0986 (137s)
[epoch  25/60] train_loss=6.9990 val_loss=7.9109 val_score=4.0474 (143s)
[epoch  26/60] train_loss=6.9635 val_loss=7.9227 val_score=4.0275 (148s)
[epoch  27/60] train_loss=6.9238 val_loss=7.9486 val_score=4.0218 (154s)
[epoch  28/60] train_loss=6.8661 val_loss=7.9167 val_score=3.9991 (160s)
[epoch  29/60] train_loss=6.8290 val_loss=7.8842 val_score=4.0494 (166s)
[epoch  30/60] train_loss=6.8050 val_loss=7.9556 val_score=4.0847 (171s)
[epoch  31/60] train_loss=6.7494 val_loss=7.9746 val_score=4.0512 (177s)
[epoch  32/60] train_loss=6.7149 val_loss=7.9702 val_score=4.0807 (183s)
[epoch  33/60] train_loss=6.7087 val_loss=7.9383 val_score=4.0910 (188s)
[epoch  34/60] train_loss=6.6765 val_loss=7.9183 val_score=4.0711 (194s)
[epoch  35/60] train_loss=6.6090 val_loss=7.9082 val_score=4.1785 (200s)
[epoch  36/60] train_loss=6.5953 val_loss=7.9643 val_score=4.0402 (205s)
[epoch  37/60] train_loss=6.5721 val_loss=7.8804 val_score=4.1209 (211s)
[epoch  38/60] train_loss=6.5400 val_loss=8.0008 val_score=4.0591 (217s)
[epoch  39/60] train_loss=6.5006 val_loss=7.9411 val_score=4.1421 (222s)
[epoch  40/60] train_loss=6.4772 val_loss=7.9753 val_score=4.0840 (228s)
[epoch  41/60] train_loss=6.4722 val_loss=7.9306 val_score=4.1232 (234s)
[epoch  42/60] train_loss=6.4213 val_loss=7.9124 val_score=4.0534 (239s)
[epoch  43/60] train_loss=6.3910 val_loss=7.9885 val_score=4.1394 (245s)
[epoch  44/60] train_loss=6.3707 val_loss=7.9273 val_score=4.1341 (251s)
[epoch  45/60] train_loss=6.3474 val_loss=7.8939 val_score=4.1319 (257s)
[epoch  46/60] train_loss=6.3003 val_loss=7.9718 val_score=4.0578 (262s)
[epoch  47/60] train_loss=6.3149 val_loss=7.9645 val_score=4.1657 (268s)
[epoch  48/60] train_loss=6.2783 val_loss=7.9604 val_score=4.1346 (274s)
[epoch  49/60] train_loss=6.2462 val_loss=7.9968 val_score=4.1392 (279s)
[epoch  50/60] train_loss=6.2343 val_loss=7.9561 val_score=4.1398 (285s)
[epoch  51/60] train_loss=6.2100 val_loss=7.9912 val_score=4.1627 (291s)
[epoch  52/60] train_loss=6.1980 val_loss=8.0191 val_score=4.1170 (296s)
[epoch  53/60] train_loss=6.1594 val_loss=8.0012 val_score=4.1209 (302s)
[epoch  54/60] train_loss=6.1526 val_loss=7.9917 val_score=4.1412 (308s)
[epoch  55/60] train_loss=6.1180 val_loss=8.0241 val_score=4.0999 (313s)
[epoch  56/60] train_loss=6.1003 val_loss=7.9853 val_score=4.1568 (319s)
[epoch  57/60] train_loss=6.0854 val_loss=8.0313 val_score=4.0899 (325s)
[epoch  58/60] train_loss=6.0770 val_loss=8.0294 val_score=4.2305 (331s)
[epoch  59/60] train_loss=6.0639 val_loss=7.9897 val_score=4.1864 (336s)
[epoch  60/60] train_loss=6.0341 val_loss=8.0960 val_score=4.1325 (342s)
最佳 checkpoint 来自 epoch 58，验证集选模分 4.2305
per-label 阈值标定完成
解码调优（目标=f1）:
  cartridge -> {'mode': 'threshold', 'k_scale': 1.0, 'k_min': 1, 'k_max': 42, 'thr_shift': 0.0, 'ensure_nonempty': False, 'count_quantile': None}  目标值=0.4768
  solvent   -> {'mode': 'threshold', 'k_scale': 1.0, 'k_min': 0, 'k_max': 378, 'thr_shift': 0.0, 'ensure_nonempty': False, 'count_quantile': None} gate=True  目标值=0.4638
验证集（调优后）选模分 4.2702，链路正确率 0.4559

=== 测试集（基数感知解码）===
样本数 1145（有流程信息 1043，无流程信息 102）
Hit@1 可校验子集大小 152

Hit@1 旧口径（两处免检都在）      : 0.4210
Hit@1 去掉无流程信息免检          : 0.4276
Hit@1 仅可校验子集（推荐主指标）  : 0.7368
Hit@1 缺 ratio 标注判失败（最严） : 0.1074
前三段链路正确率（不看 ratio）    : 0.4660

StrictAcc 旧口径 / 仅有流程信息   : 0.0017 / 0.0000
SSS 旧口径 / 仅有流程信息         : 0.5040 / 0.4714
HC 旧口径 / 仅有流程信息          : 0.9151 / 0.9068
GUS                               : 60.3669

Hit@1 失败原因（对全部样本计数，互斥）：
  cartridge top-1 错     : 491
  step top-1 错          : 2
  solvent top-1 错       : 130
  ratio 超差             : 40
  ratio 无标注(旧口径免检): 334
  无流程信息(旧口径免检)  : 36

预测集合大小： {'cartridge_pred_mean': 6.366812227074236, 'cartridge_true_mean': 3.274235725402832, 'solvent_pred_mean': 26.32118887823586, 'solvent_true_mean': 15.235857963562012}

全部结果已写入 output/improve21/s6_bagt08_init304
