样本数 11441  切分 train/val/test = 9152/1144/1145
输入维度 21（21 维描述符，未启用官能团）
cartridge 类别 42  步骤 5  溶剂组合词表 378
数据划分种子 42，初始化/训练种子 306（划分不受影响）
bootstrap 重采样：抽 9152 条（原 9152 条），覆盖 5784 个不同样本（63.2%）
/Users/zysu/Library/Python/3.9/lib/python/site-packages/torch/utils/data/dataloader.py:666: UserWarning: 'pin_memory' argument is set as true but no accelerator is found, then device pinned memory won't be used.
  warnings.warn(warn_msg)
[epoch   1/60] train_loss=9.2313 val_loss=8.8333 val_score=3.5719 (9s)
[epoch   2/60] train_loss=8.7058 val_loss=8.6662 val_score=3.6707 (18s)
[epoch   3/60] train_loss=8.5334 val_loss=8.5025 val_score=3.7038 (27s)
[epoch   4/60] train_loss=8.3707 val_loss=8.4089 val_score=3.7070 (36s)
[epoch   5/60] train_loss=8.2333 val_loss=8.3280 val_score=3.8232 (45s)
[epoch   6/60] train_loss=8.1342 val_loss=8.2109 val_score=3.8151 (54s)
[epoch   7/60] train_loss=8.0420 val_loss=8.1836 val_score=3.8939 (63s)
[epoch   8/60] train_loss=7.9713 val_loss=8.1096 val_score=3.9155 (72s)
[epoch   9/60] train_loss=7.8876 val_loss=8.0990 val_score=3.9513 (81s)
[epoch  10/60] train_loss=7.8139 val_loss=8.0719 val_score=3.9543 (90s)
[epoch  11/60] train_loss=7.7603 val_loss=8.0614 val_score=3.9334 (99s)
[epoch  12/60] train_loss=7.6944 val_loss=8.0270 val_score=4.0117 (108s)
[epoch  13/60] train_loss=7.6326 val_loss=8.0025 val_score=3.9280 (117s)
[epoch  14/60] train_loss=7.5726 val_loss=7.9657 val_score=3.9569 (126s)
[epoch  15/60] train_loss=7.5101 val_loss=7.9510 val_score=3.9474 (135s)
[epoch  16/60] train_loss=7.4763 val_loss=7.9176 val_score=3.9792 (145s)
[epoch  17/60] train_loss=7.4127 val_loss=7.9372 val_score=3.9837 (154s)
[epoch  18/60] train_loss=7.3609 val_loss=7.9325 val_score=4.0224 (163s)
[epoch  19/60] train_loss=7.3262 val_loss=7.9217 val_score=4.1054 (172s)
[epoch  20/60] train_loss=7.2692 val_loss=7.9179 val_score=4.0841 (181s)
[epoch  21/60] train_loss=7.2021 val_loss=7.8667 val_score=4.0562 (190s)
[epoch  22/60] train_loss=7.1763 val_loss=7.8641 val_score=4.0874 (199s)
[epoch  23/60] train_loss=7.1083 val_loss=7.8744 val_score=4.0733 (208s)
[epoch  24/60] train_loss=7.0846 val_loss=7.9196 val_score=3.9966 (217s)
[epoch  25/60] train_loss=7.0518 val_loss=7.8707 val_score=4.0072 (226s)
[epoch  26/60] train_loss=7.0027 val_loss=7.8720 val_score=4.0601 (235s)
[epoch  27/60] train_loss=6.9739 val_loss=7.8479 val_score=4.0960 (244s)
[epoch  28/60] train_loss=6.9267 val_loss=7.8297 val_score=4.1236 (253s)
[epoch  29/60] train_loss=6.8820 val_loss=7.8412 val_score=4.0644 (262s)
[epoch  30/60] train_loss=6.8402 val_loss=7.8299 val_score=4.0922 (271s)
[epoch  31/60] train_loss=6.8016 val_loss=7.8347 val_score=4.1204 (281s)
[epoch  32/60] train_loss=6.7580 val_loss=7.8314 val_score=4.1213 (290s)
[epoch  33/60] train_loss=6.7095 val_loss=7.8233 val_score=4.0688 (299s)
[epoch  34/60] train_loss=6.6918 val_loss=7.8919 val_score=4.0858 (308s)
[epoch  35/60] train_loss=6.6749 val_loss=7.8296 val_score=4.1098 (316s)
[epoch  36/60] train_loss=6.6233 val_loss=7.8180 val_score=4.0768 (325s)
[epoch  37/60] train_loss=6.6210 val_loss=7.8740 val_score=4.0848 (334s)
[epoch  38/60] train_loss=6.5575 val_loss=7.8433 val_score=4.0761 (343s)
[epoch  39/60] train_loss=6.5465 val_loss=7.8451 val_score=4.1125 (352s)
[epoch  40/60] train_loss=6.5300 val_loss=7.8315 val_score=4.0673 (361s)
[epoch  41/60] train_loss=6.5030 val_loss=7.8662 val_score=4.1035 (370s)
[epoch  42/60] train_loss=6.4751 val_loss=7.8602 val_score=4.1388 (379s)
[epoch  43/60] train_loss=6.4197 val_loss=7.8095 val_score=4.1339 (388s)
[epoch  44/60] train_loss=6.4106 val_loss=7.8865 val_score=4.0801 (397s)
[epoch  45/60] train_loss=6.3777 val_loss=7.8917 val_score=4.0798 (406s)
[epoch  46/60] train_loss=6.3428 val_loss=7.9403 val_score=4.1029 (415s)
[epoch  47/60] train_loss=6.3234 val_loss=7.8235 val_score=4.1262 (424s)
[epoch  48/60] train_loss=6.3119 val_loss=7.8980 val_score=4.0642 (433s)
[epoch  49/60] train_loss=6.2816 val_loss=7.8966 val_score=4.1372 (442s)
[epoch  50/60] train_loss=6.2567 val_loss=7.9394 val_score=4.0704 (451s)
[epoch  51/60] train_loss=6.2429 val_loss=7.8617 val_score=4.1001 (460s)
[epoch  52/60] train_loss=6.2174 val_loss=7.9115 val_score=4.1289 (469s)
[epoch  53/60] train_loss=6.2073 val_loss=7.8764 val_score=4.1433 (478s)
[epoch  54/60] train_loss=6.1765 val_loss=7.8837 val_score=4.1254 (484s)
[epoch  55/60] train_loss=6.1550 val_loss=7.9183 val_score=4.1181 (489s)
[epoch  56/60] train_loss=6.1184 val_loss=7.9090 val_score=4.1158 (495s)
[epoch  57/60] train_loss=6.1278 val_loss=7.9353 val_score=4.2002 (500s)
[epoch  58/60] train_loss=6.0740 val_loss=7.9212 val_score=4.1450 (506s)
[epoch  59/60] train_loss=6.0993 val_loss=7.9507 val_score=4.0655 (512s)
[epoch  60/60] train_loss=6.0585 val_loss=7.9839 val_score=4.0845 (517s)
最佳 checkpoint 来自 epoch 57，验证集选模分 4.2002
per-label 阈值标定完成
解码调优（目标=f1）:
  cartridge -> {'mode': 'threshold', 'k_scale': 1.0, 'k_min': 1, 'k_max': 42, 'thr_shift': 0.0, 'ensure_nonempty': False, 'count_quantile': None}  目标值=0.4846
  solvent   -> {'mode': 'threshold', 'k_scale': 1.0, 'k_min': 0, 'k_max': 378, 'thr_shift': 0.0, 'ensure_nonempty': False, 'count_quantile': None} gate=True  目标值=0.4713
验证集（调优后）选模分 4.2577，链路正确率 0.4483

=== 测试集（基数感知解码）===
样本数 1145（有流程信息 1043，无流程信息 102）
Hit@1 可校验子集大小 150

Hit@1 旧口径（两处免检都在）      : 0.4140
Hit@1 去掉无流程信息免检          : 0.4238
Hit@1 仅可校验子集（推荐主指标）  : 0.6867
Hit@1 缺 ratio 标注判失败（最严） : 0.0988
前三段链路正确率（不看 ratio）    : 0.4688

StrictAcc 旧口径 / 仅有流程信息   : 0.0000 / 0.0000
SSS 旧口径 / 仅有流程信息         : 0.5038 / 0.4714
HC 旧口径 / 仅有流程信息          : 0.9149 / 0.9066
GUS                               : 60.8777

Hit@1 失败原因（对全部样本计数，互斥）：
  cartridge top-1 错     : 497
  step top-1 错          : 4
  solvent top-1 错       : 123
  ratio 超差             : 47
  ratio 无标注(旧口径免检): 339
  无流程信息(旧口径免检)  : 32

预测集合大小： {'cartridge_pred_mean': 6.1737991266375545, 'cartridge_true_mean': 3.274235725402832, 'solvent_pred_mean': 24.7248322147651, 'solvent_true_mean': 15.235857963562012}

全部结果已写入 output/improve21/s6_bagt08_init306
