样本数 11441  切分 train/val/test = 9152/1144/1145
输入维度 21（21 维描述符，未启用官能团）
cartridge 类别 42  步骤 5  溶剂组合词表 378
数据划分种子 42，初始化/训练种子 308（划分不受影响）
bootstrap 重采样：抽 9152 条（原 9152 条），覆盖 5758 个不同样本（62.9%）
/Users/zysu/Library/Python/3.9/lib/python/site-packages/torch/utils/data/dataloader.py:666: UserWarning: 'pin_memory' argument is set as true but no accelerator is found, then device pinned memory won't be used.
  warnings.warn(warn_msg)
[epoch   1/60] train_loss=9.2906 val_loss=8.8540 val_score=3.5482 (6s)
[epoch   2/60] train_loss=8.7329 val_loss=8.6303 val_score=3.7733 (11s)
[epoch   3/60] train_loss=8.5275 val_loss=8.4875 val_score=3.7226 (17s)
[epoch   4/60] train_loss=8.3566 val_loss=8.3781 val_score=3.8657 (23s)
[epoch   5/60] train_loss=8.2495 val_loss=8.3277 val_score=3.8735 (29s)
[epoch   6/60] train_loss=8.1631 val_loss=8.2412 val_score=3.8331 (34s)
[epoch   7/60] train_loss=8.0599 val_loss=8.2579 val_score=3.8807 (40s)
[epoch   8/60] train_loss=7.9879 val_loss=8.1582 val_score=3.9174 (46s)
[epoch   9/60] train_loss=7.8977 val_loss=8.1282 val_score=3.8950 (51s)
[epoch  10/60] train_loss=7.8157 val_loss=8.0842 val_score=3.8840 (57s)
[epoch  11/60] train_loss=7.7361 val_loss=8.0820 val_score=3.9591 (63s)
[epoch  12/60] train_loss=7.6708 val_loss=8.0272 val_score=3.9389 (69s)
[epoch  13/60] train_loss=7.6078 val_loss=8.0218 val_score=3.9006 (74s)
[epoch  14/60] train_loss=7.5332 val_loss=7.9829 val_score=3.9282 (80s)
[epoch  15/60] train_loss=7.4763 val_loss=7.9526 val_score=3.8868 (86s)
[epoch  16/60] train_loss=7.4234 val_loss=7.9206 val_score=3.9502 (91s)
[epoch  17/60] train_loss=7.3652 val_loss=7.9274 val_score=3.9749 (97s)
[epoch  18/60] train_loss=7.3348 val_loss=7.9152 val_score=4.0097 (103s)
[epoch  19/60] train_loss=7.2459 val_loss=7.9168 val_score=3.9832 (108s)
[epoch  20/60] train_loss=7.2112 val_loss=7.8882 val_score=4.0141 (114s)
[epoch  21/60] train_loss=7.1735 val_loss=7.8970 val_score=3.9633 (120s)
[epoch  22/60] train_loss=7.1155 val_loss=7.8491 val_score=4.0297 (125s)
[epoch  23/60] train_loss=7.0745 val_loss=7.8593 val_score=4.0515 (131s)
[epoch  24/60] train_loss=7.0375 val_loss=7.8410 val_score=4.0401 (137s)
[epoch  25/60] train_loss=6.9920 val_loss=7.8378 val_score=4.0688 (143s)
[epoch  26/60] train_loss=6.9378 val_loss=7.8161 val_score=4.0806 (148s)
[epoch  27/60] train_loss=6.8870 val_loss=7.8644 val_score=4.0593 (154s)
[epoch  28/60] train_loss=6.8646 val_loss=7.8541 val_score=4.0451 (160s)
[epoch  29/60] train_loss=6.8250 val_loss=7.8351 val_score=4.0808 (165s)
[epoch  30/60] train_loss=6.8054 val_loss=7.8526 val_score=4.0838 (171s)
[epoch  31/60] train_loss=6.7747 val_loss=7.8498 val_score=4.0788 (177s)
[epoch  32/60] train_loss=6.7274 val_loss=7.8559 val_score=4.0369 (182s)
[epoch  33/60] train_loss=6.7033 val_loss=7.8749 val_score=4.0602 (188s)
[epoch  34/60] train_loss=6.6766 val_loss=7.8472 val_score=4.0776 (194s)
[epoch  35/60] train_loss=6.6276 val_loss=7.8363 val_score=4.1334 (199s)
[epoch  36/60] train_loss=6.5727 val_loss=7.7937 val_score=4.0536 (205s)
[epoch  37/60] train_loss=6.5837 val_loss=7.8888 val_score=4.0720 (211s)
[epoch  38/60] train_loss=6.5460 val_loss=7.8353 val_score=4.0116 (216s)
[epoch  39/60] train_loss=6.5088 val_loss=7.8513 val_score=4.0466 (222s)
[epoch  40/60] train_loss=6.4734 val_loss=7.8494 val_score=4.0828 (228s)
[epoch  41/60] train_loss=6.4285 val_loss=7.9171 val_score=4.0673 (233s)
[epoch  42/60] train_loss=6.4220 val_loss=7.8595 val_score=4.1178 (239s)
[epoch  43/60] train_loss=6.3919 val_loss=7.8718 val_score=4.0832 (245s)
[epoch  44/60] train_loss=6.3567 val_loss=7.8891 val_score=4.0835 (250s)
[epoch  45/60] train_loss=6.3302 val_loss=7.8481 val_score=4.0945 (256s)
[epoch  46/60] train_loss=6.3212 val_loss=7.9016 val_score=4.1166 (262s)
[epoch  47/60] train_loss=6.3009 val_loss=7.8744 val_score=4.1099 (267s)
[epoch  48/60] train_loss=6.2703 val_loss=7.9032 val_score=4.0517 (273s)
[epoch  49/60] train_loss=6.2265 val_loss=7.9229 val_score=4.0915 (279s)
[epoch  50/60] train_loss=6.2411 val_loss=7.8611 val_score=4.1065 (284s)
[epoch  51/60] train_loss=6.2156 val_loss=7.8669 val_score=4.1212 (290s)
[epoch  52/60] train_loss=6.1738 val_loss=7.8677 val_score=4.1072 (296s)
[epoch  53/60] train_loss=6.1465 val_loss=7.9283 val_score=4.1522 (301s)
[epoch  54/60] train_loss=6.1592 val_loss=7.8806 val_score=4.1258 (307s)
[epoch  55/60] train_loss=6.0980 val_loss=7.8658 val_score=4.1651 (313s)
[epoch  56/60] train_loss=6.0914 val_loss=7.9644 val_score=4.1253 (319s)
[epoch  57/60] train_loss=6.0737 val_loss=7.9175 val_score=4.0616 (324s)
[epoch  58/60] train_loss=6.0477 val_loss=7.9403 val_score=4.0905 (330s)
[epoch  59/60] train_loss=6.0551 val_loss=7.9379 val_score=4.1335 (335s)
[epoch  60/60] train_loss=6.0406 val_loss=7.9299 val_score=4.0355 (341s)
最佳 checkpoint 来自 epoch 55，验证集选模分 4.1651
per-label 阈值标定完成
解码调优（目标=f1）:
  cartridge -> {'mode': 'threshold', 'k_scale': 1.0, 'k_min': 1, 'k_max': 42, 'thr_shift': 0.0, 'ensure_nonempty': False, 'count_quantile': None}  目标值=0.4796
  solvent   -> {'mode': 'threshold', 'k_scale': 1.0, 'k_min': 0, 'k_max': 378, 'thr_shift': 0.0, 'ensure_nonempty': False, 'count_quantile': None} gate=True  目标值=0.4676
验证集（调优后）选模分 4.2255，链路正确率 0.4416

=== 测试集（基数感知解码）===
样本数 1145（有流程信息 1043，无流程信息 102）
Hit@1 可校验子集大小 137

Hit@1 旧口径（两处免检都在）      : 0.4175
Hit@1 去掉无流程信息免检          : 0.4286
Hit@1 仅可校验子集（推荐主指标）  : 0.7299
Hit@1 缺 ratio 标注判失败（最严） : 0.0959
前三段链路正确率（不看 ratio）    : 0.4640

StrictAcc 旧口径 / 仅有流程信息   : 0.0017 / 0.0000
SSS 旧口径 / 仅有流程信息         : 0.4990 / 0.4656
HC 旧口径 / 仅有流程信息          : 0.9146 / 0.9062
GUS                               : 60.5546

Hit@1 失败原因（对全部样本计数，互斥）：
  cartridge top-1 错     : 497
  step top-1 错          : 5
  solvent top-1 错       : 128
  ratio 超差             : 37
  ratio 无标注(旧口径免检): 347
  无流程信息(旧口径免检)  : 31

预测集合大小： {'cartridge_pred_mean': 6.447161572052401, 'cartridge_true_mean': 3.274235725402832, 'solvent_pred_mean': 25.22339405560882, 'solvent_true_mean': 15.235857963562012}

全部结果已写入 output/improve21/s6_bagt08_init308
