样本数 11441  切分 train/val/test = 9152/1144/1145
输入维度 21（21 维描述符，未启用官能团）
cartridge 类别 42  步骤 5  溶剂组合词表 378
数据划分种子 42，初始化/训练种子 307（划分不受影响）
bootstrap 重采样：抽 9152 条（原 9152 条），覆盖 5790 个不同样本（63.3%）
/Users/zysu/Library/Python/3.9/lib/python/site-packages/torch/utils/data/dataloader.py:666: UserWarning: 'pin_memory' argument is set as true but no accelerator is found, then device pinned memory won't be used.
  warnings.warn(warn_msg)
[epoch   1/60] train_loss=9.2893 val_loss=8.8028 val_score=3.5715 (6s)
[epoch   2/60] train_loss=8.7105 val_loss=8.6237 val_score=3.7336 (11s)
[epoch   3/60] train_loss=8.5192 val_loss=8.4893 val_score=3.7040 (17s)
[epoch   4/60] train_loss=8.3605 val_loss=8.3750 val_score=3.8199 (23s)
[epoch   5/60] train_loss=8.2333 val_loss=8.3011 val_score=3.8014 (28s)
[epoch   6/60] train_loss=8.1228 val_loss=8.2534 val_score=3.8570 (34s)
[epoch   7/60] train_loss=8.0483 val_loss=8.1827 val_score=3.9139 (40s)
[epoch   8/60] train_loss=7.9533 val_loss=8.1598 val_score=3.8885 (45s)
[epoch   9/60] train_loss=7.8566 val_loss=8.1403 val_score=3.9147 (51s)
[epoch  10/60] train_loss=7.8050 val_loss=8.1100 val_score=3.9024 (57s)
[epoch  11/60] train_loss=7.7226 val_loss=8.0582 val_score=3.9402 (62s)
[epoch  12/60] train_loss=7.6596 val_loss=8.0809 val_score=3.9156 (68s)
[epoch  13/60] train_loss=7.5920 val_loss=8.0137 val_score=3.9380 (74s)
[epoch  14/60] train_loss=7.5420 val_loss=7.9989 val_score=3.9269 (80s)
[epoch  15/60] train_loss=7.4725 val_loss=8.0649 val_score=3.8387 (86s)
[epoch  16/60] train_loss=7.4263 val_loss=8.0064 val_score=3.9315 (91s)
[epoch  17/60] train_loss=7.3715 val_loss=7.9849 val_score=3.9830 (97s)
[epoch  18/60] train_loss=7.3073 val_loss=7.9799 val_score=3.9734 (103s)
[epoch  19/60] train_loss=7.2851 val_loss=7.9524 val_score=4.0055 (108s)
[epoch  20/60] train_loss=7.2131 val_loss=7.9836 val_score=3.9699 (114s)
[epoch  21/60] train_loss=7.1514 val_loss=7.9703 val_score=3.9974 (120s)
[epoch  22/60] train_loss=7.1209 val_loss=7.9581 val_score=3.9959 (126s)
[epoch  23/60] train_loss=7.0883 val_loss=7.9627 val_score=4.0287 (131s)
[epoch  24/60] train_loss=7.0095 val_loss=7.9213 val_score=4.0121 (137s)
[epoch  25/60] train_loss=6.9972 val_loss=7.9255 val_score=4.0247 (143s)
[epoch  26/60] train_loss=6.9496 val_loss=7.9495 val_score=4.0108 (148s)
[epoch  27/60] train_loss=6.9131 val_loss=7.9573 val_score=4.0054 (154s)
[epoch  28/60] train_loss=6.8842 val_loss=7.9696 val_score=4.0037 (160s)
[epoch  29/60] train_loss=6.8389 val_loss=7.9663 val_score=4.0291 (165s)
[epoch  30/60] train_loss=6.7762 val_loss=7.9547 val_score=4.0310 (171s)
[epoch  31/60] train_loss=6.7746 val_loss=7.9216 val_score=4.0707 (177s)
[epoch  32/60] train_loss=6.7213 val_loss=7.9445 val_score=4.0235 (182s)
[epoch  33/60] train_loss=6.6841 val_loss=7.9269 val_score=4.1073 (188s)
[epoch  34/60] train_loss=6.6685 val_loss=7.9302 val_score=4.0778 (194s)
[epoch  35/60] train_loss=6.6320 val_loss=7.9442 val_score=4.0498 (200s)
[epoch  36/60] train_loss=6.5945 val_loss=7.9814 val_score=4.0722 (205s)
[epoch  37/60] train_loss=6.5607 val_loss=7.9436 val_score=4.0585 (211s)
[epoch  38/60] train_loss=6.5278 val_loss=7.9656 val_score=4.1100 (217s)
[epoch  39/60] train_loss=6.4963 val_loss=8.0690 val_score=4.0693 (222s)
[epoch  40/60] train_loss=6.4817 val_loss=7.9955 val_score=4.0763 (228s)
[epoch  41/60] train_loss=6.4513 val_loss=7.9911 val_score=4.0865 (234s)
[epoch  42/60] train_loss=6.4127 val_loss=7.9360 val_score=4.1374 (240s)
[epoch  43/60] train_loss=6.3797 val_loss=7.9661 val_score=4.0622 (246s)
[epoch  44/60] train_loss=6.3677 val_loss=8.0254 val_score=4.1570 (251s)
[epoch  45/60] train_loss=6.3496 val_loss=7.9970 val_score=4.1132 (257s)
[epoch  46/60] train_loss=6.3102 val_loss=8.0349 val_score=4.1478 (263s)
[epoch  47/60] train_loss=6.2906 val_loss=7.9781 val_score=4.1089 (268s)
[epoch  48/60] train_loss=6.2727 val_loss=7.9363 val_score=4.1266 (274s)
[epoch  49/60] train_loss=6.2456 val_loss=8.0203 val_score=4.0809 (280s)
[epoch  50/60] train_loss=6.1980 val_loss=8.0424 val_score=4.1181 (287s)
[epoch  51/60] train_loss=6.2153 val_loss=8.0257 val_score=4.1454 (293s)
[epoch  52/60] train_loss=6.1615 val_loss=8.0982 val_score=4.1188 (299s)
[epoch  53/60] train_loss=6.1542 val_loss=8.0836 val_score=4.1331 (305s)
[epoch  54/60] train_loss=6.1346 val_loss=8.0499 val_score=4.1001 (311s)
[epoch  55/60] train_loss=6.1056 val_loss=8.0434 val_score=4.1511 (316s)
[epoch  56/60] train_loss=6.0818 val_loss=8.0562 val_score=4.1462 (322s)
[epoch  57/60] train_loss=6.0616 val_loss=8.0880 val_score=4.1573 (328s)
[epoch  58/60] train_loss=6.0432 val_loss=8.0485 val_score=4.1426 (333s)
[epoch  59/60] train_loss=6.0430 val_loss=8.1376 val_score=4.1510 (339s)
[epoch  60/60] train_loss=5.9978 val_loss=8.1074 val_score=4.1421 (344s)
最佳 checkpoint 来自 epoch 57，验证集选模分 4.1573
per-label 阈值标定完成
解码调优（目标=f1）:
  cartridge -> {'mode': 'threshold', 'k_scale': 1.0, 'k_min': 1, 'k_max': 42, 'thr_shift': 0.0, 'ensure_nonempty': False, 'count_quantile': None}  目标值=0.4693
  solvent   -> {'mode': 'threshold', 'k_scale': 1.0, 'k_min': 0, 'k_max': 378, 'thr_shift': 0.0, 'ensure_nonempty': False, 'count_quantile': None} gate=True  目标值=0.4667
验证集（调优后）选模分 4.2002，链路正确率 0.4368

=== 测试集（基数感知解码）===
样本数 1145（有流程信息 1043，无流程信息 102）
Hit@1 可校验子集大小 139

Hit@1 旧口径（两处免检都在）      : 0.4314
Hit@1 去掉无流程信息免检          : 0.4343
Hit@1 仅可校验子集（推荐主指标）  : 0.6691
Hit@1 缺 ratio 标注判失败（最严） : 0.0892
前三段链路正确率（不看 ratio）    : 0.4784

StrictAcc 旧口径 / 仅有流程信息   : 0.0000 / 0.0000
SSS 旧口径 / 仅有流程信息         : 0.5045 / 0.4723
HC 旧口径 / 仅有流程信息          : 0.9156 / 0.9074
GUS                               : 61.0218

Hit@1 失败原因（对全部样本计数，互斥）：
  cartridge top-1 错     : 477
  step top-1 错          : 4
  solvent top-1 错       : 124
  ratio 超差             : 46
  ratio 无标注(旧口径免检): 360
  无流程信息(旧口径免检)  : 41

预测集合大小： {'cartridge_pred_mean': 6.4681222707423585, 'cartridge_true_mean': 3.274235725402832, 'solvent_pred_mean': 25.682646212847555, 'solvent_true_mean': 15.235857963562012}

全部结果已写入 output/improve21/s6_bagt08_init307
