样本数 11441  切分 train/val/test = 9152/1144/1145
输入维度 21（21 维描述符，未启用官能团）
cartridge 类别 42  步骤 5  溶剂组合词表 378
数据划分种子 42，初始化/训练种子 301（划分不受影响）
bootstrap 重采样：抽 9152 条（原 9152 条），覆盖 5806 个不同样本（63.4%）
/Users/zysu/Library/Python/3.9/lib/python/site-packages/torch/utils/data/dataloader.py:666: UserWarning: 'pin_memory' argument is set as true but no accelerator is found, then device pinned memory won't be used.
  warnings.warn(warn_msg)
[epoch   1/60] train_loss=9.3008 val_loss=8.8607 val_score=3.5559 (8s)
[epoch   2/60] train_loss=8.7244 val_loss=8.6330 val_score=3.7234 (15s)
[epoch   3/60] train_loss=8.5441 val_loss=8.4639 val_score=3.7579 (23s)
[epoch   4/60] train_loss=8.4013 val_loss=8.3681 val_score=3.9023 (30s)
[epoch   5/60] train_loss=8.2804 val_loss=8.2827 val_score=3.8693 (37s)
[epoch   6/60] train_loss=8.1903 val_loss=8.2209 val_score=3.9037 (45s)
[epoch   7/60] train_loss=8.0964 val_loss=8.1889 val_score=3.8590 (52s)
[epoch   8/60] train_loss=8.0133 val_loss=8.1480 val_score=3.9020 (60s)
[epoch   9/60] train_loss=7.9462 val_loss=8.0996 val_score=3.9804 (67s)
[epoch  10/60] train_loss=7.8646 val_loss=8.0677 val_score=3.8684 (76s)
[epoch  11/60] train_loss=7.8085 val_loss=8.0184 val_score=3.9489 (84s)
[epoch  12/60] train_loss=7.7417 val_loss=8.0053 val_score=3.9684 (93s)
[epoch  13/60] train_loss=7.6875 val_loss=7.9750 val_score=3.9630 (103s)
[epoch  14/60] train_loss=7.6323 val_loss=7.9749 val_score=3.8341 (112s)
[epoch  15/60] train_loss=7.5525 val_loss=7.9276 val_score=4.0317 (122s)
[epoch  16/60] train_loss=7.5234 val_loss=7.9392 val_score=3.9913 (132s)
[epoch  17/60] train_loss=7.4629 val_loss=7.9007 val_score=3.9640 (141s)
[epoch  18/60] train_loss=7.4231 val_loss=7.8973 val_score=3.8981 (150s)
[epoch  19/60] train_loss=7.3697 val_loss=7.9311 val_score=3.9919 (160s)
[epoch  20/60] train_loss=7.3323 val_loss=7.8724 val_score=3.9581 (169s)
[epoch  21/60] train_loss=7.2773 val_loss=7.8753 val_score=3.9759 (177s)
[epoch  22/60] train_loss=7.2493 val_loss=7.8319 val_score=3.9830 (186s)
[epoch  23/60] train_loss=7.2105 val_loss=7.8147 val_score=4.0255 (195s)
[epoch  24/60] train_loss=7.1492 val_loss=7.8465 val_score=4.0402 (204s)
[epoch  25/60] train_loss=7.1155 val_loss=7.7902 val_score=4.0896 (212s)
[epoch  26/60] train_loss=7.0636 val_loss=7.8075 val_score=4.1062 (221s)
[epoch  27/60] train_loss=7.0292 val_loss=7.7633 val_score=4.0769 (230s)
[epoch  28/60] train_loss=6.9896 val_loss=7.8237 val_score=4.0811 (239s)
[epoch  29/60] train_loss=6.9451 val_loss=7.8207 val_score=4.0671 (247s)
[epoch  30/60] train_loss=6.9165 val_loss=7.7804 val_score=4.1006 (256s)
[epoch  31/60] train_loss=6.8614 val_loss=7.7721 val_score=4.0794 (265s)
[epoch  32/60] train_loss=6.8460 val_loss=7.7409 val_score=4.0724 (274s)
[epoch  33/60] train_loss=6.7907 val_loss=7.7860 val_score=4.0783 (283s)
[epoch  34/60] train_loss=6.7796 val_loss=7.7696 val_score=4.1031 (292s)
[epoch  35/60] train_loss=6.7445 val_loss=7.7697 val_score=4.1318 (301s)
[epoch  36/60] train_loss=6.7086 val_loss=7.8085 val_score=4.0033 (310s)
[epoch  37/60] train_loss=6.6787 val_loss=7.7816 val_score=4.0789 (318s)
[epoch  38/60] train_loss=6.6417 val_loss=7.8001 val_score=4.1417 (327s)
[epoch  39/60] train_loss=6.6344 val_loss=7.7565 val_score=4.1006 (336s)
[epoch  40/60] train_loss=6.5996 val_loss=7.7650 val_score=4.0741 (345s)
[epoch  41/60] train_loss=6.5689 val_loss=7.7932 val_score=4.1588 (354s)
[epoch  42/60] train_loss=6.5413 val_loss=7.8082 val_score=4.0897 (363s)
[epoch  43/60] train_loss=6.5153 val_loss=7.8043 val_score=4.1106 (372s)
[epoch  44/60] train_loss=6.4844 val_loss=7.7435 val_score=4.1504 (380s)
[epoch  45/60] train_loss=6.4894 val_loss=7.8147 val_score=4.1350 (389s)
[epoch  46/60] train_loss=6.4363 val_loss=7.7812 val_score=4.1248 (398s)
[epoch  47/60] train_loss=6.4260 val_loss=7.8110 val_score=4.0704 (407s)
[epoch  48/60] train_loss=6.3983 val_loss=7.7809 val_score=4.1445 (416s)
[epoch  49/60] train_loss=6.3883 val_loss=7.8488 val_score=4.0871 (425s)
[epoch  50/60] train_loss=6.3625 val_loss=7.8473 val_score=4.1956 (434s)
[epoch  51/60] train_loss=6.3370 val_loss=7.8189 val_score=4.0838 (443s)
[epoch  52/60] train_loss=6.3034 val_loss=7.8656 val_score=4.1443 (452s)
[epoch  53/60] train_loss=6.2996 val_loss=7.8640 val_score=4.1375 (461s)
[epoch  54/60] train_loss=6.2616 val_loss=7.8750 val_score=4.1384 (470s)
[epoch  55/60] train_loss=6.2383 val_loss=7.8845 val_score=4.1453 (479s)
[epoch  56/60] train_loss=6.2013 val_loss=7.8802 val_score=4.2014 (487s)
[epoch  57/60] train_loss=6.2105 val_loss=7.8156 val_score=4.1365 (496s)
[epoch  58/60] train_loss=6.1636 val_loss=7.8313 val_score=4.1730 (505s)
[epoch  59/60] train_loss=6.1700 val_loss=7.8405 val_score=4.2328 (514s)
[epoch  60/60] train_loss=6.1541 val_loss=7.8981 val_score=4.1859 (523s)
最佳 checkpoint 来自 epoch 59，验证集选模分 4.2328
per-label 阈值标定完成
解码调优（目标=f1）:
  cartridge -> {'mode': 'threshold', 'k_scale': 1.0, 'k_min': 1, 'k_max': 42, 'thr_shift': 0.0, 'ensure_nonempty': False, 'count_quantile': None}  目标值=0.4861
  solvent   -> {'mode': 'threshold', 'k_scale': 1.0, 'k_min': 0, 'k_max': 378, 'thr_shift': 0.0, 'ensure_nonempty': False, 'count_quantile': None} gate=True  目标值=0.4716
验证集（调优后）选模分 4.2896，链路正确率 0.4550

=== 测试集（基数感知解码）===
样本数 1145（有流程信息 1043，无流程信息 102）
Hit@1 可校验子集大小 145

Hit@1 旧口径（两处免检都在）      : 0.4384
Hit@1 去掉无流程信息免检          : 0.4430
Hit@1 仅可校验子集（推荐主指标）  : 0.7034
Hit@1 缺 ratio 标注判失败（最严） : 0.0978
前三段链路正确率（不看 ratio）    : 0.4842

StrictAcc 旧口径 / 仅有流程信息   : 0.0017 / 0.0000
SSS 旧口径 / 仅有流程信息         : 0.5045 / 0.4722
HC 旧口径 / 仅有流程信息          : 0.9176 / 0.9095
GUS                               : 60.6509

Hit@1 失败原因（对全部样本计数，互斥）：
  cartridge top-1 错     : 488
  step top-1 错          : 1
  solvent top-1 错       : 111
  ratio 超差             : 43
  ratio 无标注(旧口径免检): 360
  无流程信息(旧口径免检)  : 40

预测集合大小： {'cartridge_pred_mean': 6.423580786026201, 'cartridge_true_mean': 3.274235725402832, 'solvent_pred_mean': 25.372003835091082, 'solvent_true_mean': 15.235857963562012}

全部结果已写入 output/improve21/s6_bagt08_init301
