样本数 11441  切分 train/val/test = 9152/1144/1145
输入维度 21（21 维描述符，未启用官能团）
cartridge 类别 42  步骤 5  溶剂组合词表 378
数据划分种子 42，初始化/训练种子 305（划分不受影响）
bootstrap 重采样：抽 9152 条（原 9152 条），覆盖 5805 个不同样本（63.4%）
/Users/zysu/Library/Python/3.9/lib/python/site-packages/torch/utils/data/dataloader.py:666: UserWarning: 'pin_memory' argument is set as true but no accelerator is found, then device pinned memory won't be used.
  warnings.warn(warn_msg)
[epoch   1/60] train_loss=9.2516 val_loss=8.8379 val_score=3.5220 (8s)
[epoch   2/60] train_loss=8.7153 val_loss=8.6821 val_score=3.5836 (15s)
[epoch   3/60] train_loss=8.5198 val_loss=8.5313 val_score=3.7401 (23s)
[epoch   4/60] train_loss=8.3811 val_loss=8.4471 val_score=3.8422 (30s)
[epoch   5/60] train_loss=8.2573 val_loss=8.3344 val_score=3.8640 (37s)
[epoch   6/60] train_loss=8.1485 val_loss=8.2687 val_score=3.9548 (45s)
[epoch   7/60] train_loss=8.0526 val_loss=8.2342 val_score=3.8476 (52s)
[epoch   8/60] train_loss=7.9776 val_loss=8.2089 val_score=3.8876 (60s)
[epoch   9/60] train_loss=7.9145 val_loss=8.1632 val_score=3.8992 (67s)
[epoch  10/60] train_loss=7.8422 val_loss=8.1085 val_score=3.9252 (75s)
[epoch  11/60] train_loss=7.7793 val_loss=8.1028 val_score=3.9201 (84s)
[epoch  12/60] train_loss=7.7029 val_loss=8.0847 val_score=3.9639 (93s)
[epoch  13/60] train_loss=7.6319 val_loss=8.0467 val_score=3.9651 (103s)
[epoch  14/60] train_loss=7.5887 val_loss=8.0430 val_score=3.9532 (112s)
[epoch  15/60] train_loss=7.5480 val_loss=8.0299 val_score=3.9636 (122s)
[epoch  16/60] train_loss=7.4704 val_loss=7.9952 val_score=3.9687 (131s)
[epoch  17/60] train_loss=7.4315 val_loss=7.9896 val_score=3.9509 (141s)
[epoch  18/60] train_loss=7.3757 val_loss=8.0054 val_score=4.0514 (150s)
[epoch  19/60] train_loss=7.3341 val_loss=7.9970 val_score=4.0325 (159s)
[epoch  20/60] train_loss=7.2795 val_loss=7.9928 val_score=3.9956 (168s)
[epoch  21/60] train_loss=7.2328 val_loss=7.9569 val_score=4.0366 (177s)
[epoch  22/60] train_loss=7.1894 val_loss=7.9842 val_score=4.0222 (186s)
[epoch  23/60] train_loss=7.1368 val_loss=7.9753 val_score=4.0502 (195s)
[epoch  24/60] train_loss=7.1084 val_loss=7.9883 val_score=4.0467 (203s)
[epoch  25/60] train_loss=7.0668 val_loss=7.9896 val_score=4.0485 (212s)
[epoch  26/60] train_loss=7.0163 val_loss=7.9631 val_score=4.0665 (221s)
[epoch  27/60] train_loss=6.9923 val_loss=7.9585 val_score=4.0554 (230s)
[epoch  28/60] train_loss=6.9580 val_loss=7.9687 val_score=4.0959 (238s)
[epoch  29/60] train_loss=6.9133 val_loss=7.9232 val_score=4.1503 (247s)
[epoch  30/60] train_loss=6.8833 val_loss=7.9502 val_score=4.1465 (256s)
[epoch  31/60] train_loss=6.8318 val_loss=7.9484 val_score=4.0703 (265s)
[epoch  32/60] train_loss=6.8122 val_loss=7.9277 val_score=4.0965 (274s)
[epoch  33/60] train_loss=6.7692 val_loss=7.9551 val_score=4.0987 (283s)
[epoch  34/60] train_loss=6.7426 val_loss=7.9872 val_score=4.0702 (291s)
[epoch  35/60] train_loss=6.7148 val_loss=7.9478 val_score=4.0738 (300s)
[epoch  36/60] train_loss=6.6814 val_loss=7.9147 val_score=4.0597 (309s)
[epoch  37/60] train_loss=6.6526 val_loss=7.9904 val_score=4.0869 (318s)
[epoch  38/60] train_loss=6.6119 val_loss=7.9657 val_score=4.0831 (327s)
[epoch  39/60] train_loss=6.5816 val_loss=7.9580 val_score=4.0375 (336s)
[epoch  40/60] train_loss=6.5766 val_loss=7.9893 val_score=4.0747 (344s)
[epoch  41/60] train_loss=6.5513 val_loss=7.9862 val_score=4.1319 (353s)
[epoch  42/60] train_loss=6.5095 val_loss=7.9734 val_score=4.0771 (362s)
[epoch  43/60] train_loss=6.4679 val_loss=7.9916 val_score=4.1025 (371s)
[epoch  44/60] train_loss=6.4427 val_loss=7.9841 val_score=4.0635 (380s)
[epoch  45/60] train_loss=6.4107 val_loss=7.9992 val_score=4.0791 (388s)
[epoch  46/60] train_loss=6.4084 val_loss=7.9578 val_score=4.0535 (397s)
[epoch  47/60] train_loss=6.3600 val_loss=7.9855 val_score=4.0886 (407s)
[epoch  48/60] train_loss=6.3636 val_loss=7.9915 val_score=4.0846 (416s)
[epoch  49/60] train_loss=6.3401 val_loss=8.0447 val_score=4.0516 (424s)
[epoch  50/60] train_loss=6.2931 val_loss=8.0423 val_score=4.1261 (433s)
[epoch  51/60] train_loss=6.3117 val_loss=8.0251 val_score=4.1326 (443s)
[epoch  52/60] train_loss=6.2538 val_loss=8.0231 val_score=4.1249 (451s)
[epoch  53/60] train_loss=6.2258 val_loss=8.0463 val_score=4.1250 (460s)
[epoch  54/60] train_loss=6.2095 val_loss=8.0700 val_score=4.1133 (469s)
[epoch  55/60] train_loss=6.1873 val_loss=8.0519 val_score=4.1138 (478s)
[epoch  56/60] train_loss=6.1816 val_loss=8.0884 val_score=4.1059 (486s)
[epoch  57/60] train_loss=6.1675 val_loss=7.9989 val_score=4.0855 (495s)
[epoch  58/60] train_loss=6.1456 val_loss=8.0232 val_score=4.1421 (504s)
[epoch  59/60] train_loss=6.1017 val_loss=8.0297 val_score=4.0698 (513s)
[epoch  60/60] train_loss=6.0903 val_loss=8.0358 val_score=4.0665 (522s)
最佳 checkpoint 来自 epoch 29，验证集选模分 4.1503
per-label 阈值标定完成
解码调优（目标=f1）:
  cartridge -> {'mode': 'threshold', 'k_scale': 1.0, 'k_min': 1, 'k_max': 42, 'thr_shift': 0.0, 'ensure_nonempty': False, 'count_quantile': None}  目标值=0.4490
  solvent   -> {'mode': 'threshold', 'k_scale': 1.0, 'k_min': 0, 'k_max': 378, 'thr_shift': 0.0, 'ensure_nonempty': False, 'count_quantile': None} gate=True  目标值=0.4469
验证集（调优后）选模分 4.1820，链路正确率 0.4425

=== 测试集（基数感知解码）===
样本数 1145（有流程信息 1043，无流程信息 102）
Hit@1 可校验子集大小 128

Hit@1 旧口径（两处免检都在）      : 0.3895
Hit@1 去掉无流程信息免检          : 0.4065
Hit@1 仅可校验子集（推荐主指标）  : 0.6094
Hit@1 缺 ratio 标注判失败（最严） : 0.0748
前三段链路正确率（不看 ratio）    : 0.4545

StrictAcc 旧口径 / 仅有流程信息   : 0.0000 / 0.0000
SSS 旧口径 / 仅有流程信息         : 0.4884 / 0.4548
HC 旧口径 / 仅有流程信息          : 0.9109 / 0.9022
GUS                               : 58.8194

Hit@1 失败原因（对全部样本计数，互斥）：
  cartridge top-1 错     : 521
  step top-1 错          : 5
  solvent top-1 错       : 123
  ratio 超差             : 50
  ratio 无标注(旧口径免检): 346
  无流程信息(旧口径免检)  : 22

预测集合大小： {'cartridge_pred_mean': 7.066375545851528, 'cartridge_true_mean': 3.274235725402832, 'solvent_pred_mean': 26.677852348993287, 'solvent_true_mean': 15.235857963562012}

全部结果已写入 output/improve21/s6_bagt08_init305
