样本数 11441  切分 train/val/test = 9152/1144/1145
输入维度 21（21 维描述符，未启用官能团）
cartridge 类别 42  步骤 5  溶剂组合词表 378
数据划分种子 42，初始化/训练种子 403（划分不受影响）
bootstrap 重采样：抽 9152 条（原 9152 条），覆盖 5730 个不同样本（62.6%）
/Users/zysu/Library/Python/3.9/lib/python/site-packages/torch/utils/data/dataloader.py:666: UserWarning: 'pin_memory' argument is set as true but no accelerator is found, then device pinned memory won't be used.
  warnings.warn(warn_msg)
[epoch   1/60] train_loss=4.9752 val_loss=4.7850 val_score=3.5846 (6s)
[epoch   2/60] train_loss=4.6559 val_loss=4.6330 val_score=3.6524 (11s)
[epoch   3/60] train_loss=4.5348 val_loss=4.5665 val_score=3.7757 (17s)
[epoch   4/60] train_loss=4.4542 val_loss=4.5019 val_score=3.7779 (23s)
[epoch   5/60] train_loss=4.3876 val_loss=4.4681 val_score=3.8438 (28s)
[epoch   6/60] train_loss=4.3310 val_loss=4.4243 val_score=3.8378 (34s)
[epoch   7/60] train_loss=4.2817 val_loss=4.3910 val_score=3.8964 (39s)
[epoch   8/60] train_loss=4.2334 val_loss=4.3883 val_score=3.8826 (45s)
[epoch   9/60] train_loss=4.1969 val_loss=4.3495 val_score=3.8556 (51s)
[epoch  10/60] train_loss=4.1587 val_loss=4.3307 val_score=3.9444 (57s)
[epoch  11/60] train_loss=4.1183 val_loss=4.3042 val_score=3.8720 (62s)
[epoch  12/60] train_loss=4.0822 val_loss=4.2887 val_score=3.9138 (68s)
[epoch  13/60] train_loss=4.0495 val_loss=4.2811 val_score=3.9423 (73s)
[epoch  14/60] train_loss=4.0278 val_loss=4.2805 val_score=3.9484 (79s)
[epoch  15/60] train_loss=3.9838 val_loss=4.2460 val_score=3.9814 (85s)
[epoch  16/60] train_loss=3.9685 val_loss=4.2346 val_score=3.9265 (90s)
[epoch  17/60] train_loss=3.9387 val_loss=4.2460 val_score=3.9931 (96s)
[epoch  18/60] train_loss=3.9086 val_loss=4.2216 val_score=3.9684 (102s)
[epoch  19/60] train_loss=3.8843 val_loss=4.2055 val_score=3.9717 (108s)
[epoch  20/60] train_loss=3.8539 val_loss=4.1933 val_score=3.9701 (114s)
[epoch  21/60] train_loss=3.8333 val_loss=4.2051 val_score=4.0434 (120s)
[epoch  22/60] train_loss=3.8068 val_loss=4.1751 val_score=4.0036 (126s)
[epoch  23/60] train_loss=3.7886 val_loss=4.1788 val_score=4.0110 (132s)
[epoch  24/60] train_loss=3.7766 val_loss=4.1593 val_score=4.0365 (138s)
[epoch  25/60] train_loss=3.7475 val_loss=4.1533 val_score=3.9899 (145s)
[epoch  26/60] train_loss=3.7242 val_loss=4.1713 val_score=3.9901 (151s)
[epoch  27/60] train_loss=3.7165 val_loss=4.1451 val_score=3.9901 (157s)
[epoch  28/60] train_loss=3.6851 val_loss=4.1349 val_score=4.0446 (164s)
[epoch  29/60] train_loss=3.6649 val_loss=4.1299 val_score=4.0412 (170s)
[epoch  30/60] train_loss=3.6455 val_loss=4.1382 val_score=4.1107 (176s)
[epoch  31/60] train_loss=3.6202 val_loss=4.1259 val_score=4.0711 (182s)
[epoch  32/60] train_loss=3.6106 val_loss=4.1406 val_score=4.0582 (188s)
[epoch  33/60] train_loss=3.5892 val_loss=4.1436 val_score=4.0533 (194s)
[epoch  34/60] train_loss=3.5715 val_loss=4.1283 val_score=4.0452 (200s)
[epoch  35/60] train_loss=3.5623 val_loss=4.1486 val_score=4.0934 (207s)
[epoch  36/60] train_loss=3.5485 val_loss=4.1594 val_score=4.0905 (213s)
[epoch  37/60] train_loss=3.5363 val_loss=4.1341 val_score=4.0582 (220s)
[epoch  38/60] train_loss=3.5221 val_loss=4.1531 val_score=4.0283 (226s)
[epoch  39/60] train_loss=3.5104 val_loss=4.1376 val_score=4.0536 (232s)
[epoch  40/60] train_loss=3.4889 val_loss=4.1400 val_score=4.1100 (238s)
[epoch  41/60] train_loss=3.4768 val_loss=4.1446 val_score=4.1135 (245s)
[epoch  42/60] train_loss=3.4561 val_loss=4.1341 val_score=4.0841 (251s)
[epoch  43/60] train_loss=3.4500 val_loss=4.1308 val_score=4.1468 (257s)
[epoch  44/60] train_loss=3.4313 val_loss=4.1547 val_score=4.1186 (263s)
[epoch  45/60] train_loss=3.4159 val_loss=4.1387 val_score=4.0975 (269s)
[epoch  46/60] train_loss=3.4066 val_loss=4.1363 val_score=4.1161 (275s)
[epoch  47/60] train_loss=3.3918 val_loss=4.1170 val_score=4.1417 (281s)
[epoch  48/60] train_loss=3.3757 val_loss=4.1162 val_score=4.1122 (287s)
[epoch  49/60] train_loss=3.3692 val_loss=4.1585 val_score=4.1215 (293s)
[epoch  50/60] train_loss=3.3538 val_loss=4.1150 val_score=4.1241 (299s)
[epoch  51/60] train_loss=3.3493 val_loss=4.1673 val_score=4.1164 (305s)
[epoch  52/60] train_loss=3.3390 val_loss=4.1768 val_score=4.1455 (311s)
[epoch  53/60] train_loss=3.3306 val_loss=4.1656 val_score=4.1463 (317s)
[epoch  54/60] train_loss=3.3244 val_loss=4.1508 val_score=4.1436 (323s)
[epoch  55/60] train_loss=3.3116 val_loss=4.1652 val_score=4.0996 (328s)
[epoch  56/60] train_loss=3.3043 val_loss=4.1734 val_score=4.1539 (334s)
[epoch  57/60] train_loss=3.2985 val_loss=4.1368 val_score=4.1847 (340s)
[epoch  58/60] train_loss=3.2807 val_loss=4.1437 val_score=4.1211 (345s)
[epoch  59/60] train_loss=3.2758 val_loss=4.1601 val_score=4.1760 (351s)
[epoch  60/60] train_loss=3.2601 val_loss=4.1750 val_score=4.1337 (356s)
最佳 checkpoint 来自 epoch 57，验证集选模分 4.1847
per-label 阈值标定完成
解码调优（目标=f1）:
  cartridge -> {'mode': 'threshold', 'k_scale': 1.0, 'k_min': 1, 'k_max': 42, 'thr_shift': 0.0, 'ensure_nonempty': False, 'count_quantile': None}  目标值=0.4871
  solvent   -> {'mode': 'threshold', 'k_scale': 1.0, 'k_min': 0, 'k_max': 378, 'thr_shift': 0.0, 'ensure_nonempty': False, 'count_quantile': None} gate=True  目标值=0.4835
验证集（调优后）选模分 4.2458，链路正确率 0.4435

=== 测试集（基数感知解码）===
样本数 1145（有流程信息 1043，无流程信息 102）
Hit@1 可校验子集大小 141

Hit@1 旧口径（两处免检都在）      : 0.4114
Hit@1 去掉无流程信息免检          : 0.4238
Hit@1 仅可校验子集（推荐主指标）  : 0.6596
Hit@1 缺 ratio 标注判失败（最严） : 0.0892
前三段链路正确率（不看 ratio）    : 0.4698

StrictAcc 旧口径 / 仅有流程信息   : 0.0009 / 0.0000
SSS 旧口径 / 仅有流程信息         : 0.5073 / 0.4754
HC 旧口径 / 仅有流程信息          : 0.9128 / 0.9043
GUS                               : 60.8396

Hit@1 失败原因（对全部样本计数，互斥）：
  cartridge top-1 错     : 505
  step top-1 错          : 4
  solvent top-1 错       : 117
  ratio 超差             : 48
  ratio 无标注(旧口径免检): 349
  无流程信息(旧口径免检)  : 29

预测集合大小： {'cartridge_pred_mean': 5.862008733624454, 'cartridge_true_mean': 3.274235725402832, 'solvent_pred_mean': 23.573346116970278, 'solvent_true_mean': 15.235857963562012}

全部结果已写入 output/improve21/s7_bagC2t08_init403
