样本数 11441  切分 train/val/test = 9152/1144/1145
输入维度 21（21 维描述符，未启用官能团）
cartridge 类别 42  步骤 5  溶剂组合词表 378
数据划分种子 42，初始化/训练种子 407（划分不受影响）
bootstrap 重采样：抽 9152 条（原 9152 条），覆盖 5844 个不同样本（63.9%）
/Users/zysu/Library/Python/3.9/lib/python/site-packages/torch/utils/data/dataloader.py:666: UserWarning: 'pin_memory' argument is set as true but no accelerator is found, then device pinned memory won't be used.
  warnings.warn(warn_msg)
[epoch   1/60] train_loss=4.9827 val_loss=4.7947 val_score=3.5738 (6s)
[epoch   2/60] train_loss=4.6695 val_loss=4.6632 val_score=3.6110 (11s)
[epoch   3/60] train_loss=4.5577 val_loss=4.5958 val_score=3.7683 (17s)
[epoch   4/60] train_loss=4.4731 val_loss=4.5283 val_score=3.7892 (22s)
[epoch   5/60] train_loss=4.4108 val_loss=4.5022 val_score=3.7880 (28s)
[epoch   6/60] train_loss=4.3554 val_loss=4.4493 val_score=3.8151 (34s)
[epoch   7/60] train_loss=4.3108 val_loss=4.4093 val_score=3.8199 (39s)
[epoch   8/60] train_loss=4.2644 val_loss=4.3912 val_score=3.8377 (45s)
[epoch   9/60] train_loss=4.2226 val_loss=4.3512 val_score=3.7947 (51s)
[epoch  10/60] train_loss=4.1857 val_loss=4.3271 val_score=3.8737 (56s)
[epoch  11/60] train_loss=4.1532 val_loss=4.3030 val_score=3.8671 (62s)
[epoch  12/60] train_loss=4.1146 val_loss=4.2738 val_score=3.9036 (68s)
[epoch  13/60] train_loss=4.0839 val_loss=4.2775 val_score=3.9417 (73s)
[epoch  14/60] train_loss=4.0642 val_loss=4.2312 val_score=3.9688 (79s)
[epoch  15/60] train_loss=4.0216 val_loss=4.2213 val_score=3.9448 (84s)
[epoch  16/60] train_loss=4.0010 val_loss=4.2088 val_score=3.8879 (90s)
[epoch  17/60] train_loss=3.9754 val_loss=4.2028 val_score=3.9044 (96s)
[epoch  18/60] train_loss=3.9469 val_loss=4.1996 val_score=3.9806 (102s)
[epoch  19/60] train_loss=3.9304 val_loss=4.1977 val_score=4.0044 (108s)
[epoch  20/60] train_loss=3.9045 val_loss=4.1728 val_score=3.9501 (114s)
[epoch  21/60] train_loss=3.8758 val_loss=4.1695 val_score=4.0333 (119s)
[epoch  22/60] train_loss=3.8534 val_loss=4.1606 val_score=4.0128 (126s)
[epoch  23/60] train_loss=3.8321 val_loss=4.1629 val_score=4.0274 (132s)
[epoch  24/60] train_loss=3.8200 val_loss=4.1480 val_score=3.9612 (138s)
[epoch  25/60] train_loss=3.7962 val_loss=4.1438 val_score=4.0038 (144s)
[epoch  26/60] train_loss=3.7664 val_loss=4.1540 val_score=3.9668 (150s)
[epoch  27/60] train_loss=3.7554 val_loss=4.1465 val_score=3.9981 (157s)
[epoch  28/60] train_loss=3.7354 val_loss=4.1471 val_score=4.0359 (163s)
[epoch  29/60] train_loss=3.7104 val_loss=4.1500 val_score=4.0801 (169s)
[epoch  30/60] train_loss=3.7119 val_loss=4.1218 val_score=4.0498 (175s)
[epoch  31/60] train_loss=3.6855 val_loss=4.1429 val_score=4.0048 (181s)
[epoch  32/60] train_loss=3.6587 val_loss=4.1244 val_score=4.0762 (187s)
[epoch  33/60] train_loss=3.6456 val_loss=4.1536 val_score=4.0161 (193s)
[epoch  34/60] train_loss=3.6332 val_loss=4.1218 val_score=4.0302 (200s)
[epoch  35/60] train_loss=3.6197 val_loss=4.1230 val_score=4.0931 (206s)
[epoch  36/60] train_loss=3.6006 val_loss=4.1348 val_score=4.0466 (212s)
[epoch  37/60] train_loss=3.5813 val_loss=4.1121 val_score=4.0786 (219s)
[epoch  38/60] train_loss=3.5696 val_loss=4.1138 val_score=4.0521 (225s)
[epoch  39/60] train_loss=3.5581 val_loss=4.1340 val_score=4.1209 (231s)
[epoch  40/60] train_loss=3.5458 val_loss=4.1436 val_score=4.0911 (238s)
[epoch  41/60] train_loss=3.5251 val_loss=4.1362 val_score=4.0900 (244s)
[epoch  42/60] train_loss=3.5081 val_loss=4.1408 val_score=4.0658 (250s)
[epoch  43/60] train_loss=3.5028 val_loss=4.1043 val_score=4.0864 (256s)
[epoch  44/60] train_loss=3.4851 val_loss=4.1435 val_score=4.0529 (262s)
[epoch  45/60] train_loss=3.4719 val_loss=4.1175 val_score=4.0916 (268s)
[epoch  46/60] train_loss=3.4593 val_loss=4.1068 val_score=4.1142 (274s)
[epoch  47/60] train_loss=3.4545 val_loss=4.1097 val_score=4.0836 (280s)
[epoch  48/60] train_loss=3.4352 val_loss=4.1432 val_score=4.0629 (287s)
[epoch  49/60] train_loss=3.4073 val_loss=4.1375 val_score=4.1298 (292s)
[epoch  50/60] train_loss=3.3994 val_loss=4.1379 val_score=4.0918 (298s)
[epoch  51/60] train_loss=3.3947 val_loss=4.1637 val_score=4.1409 (304s)
[epoch  52/60] train_loss=3.3854 val_loss=4.1324 val_score=4.1077 (310s)
[epoch  53/60] train_loss=3.3830 val_loss=4.1312 val_score=4.0556 (316s)
[epoch  54/60] train_loss=3.3720 val_loss=4.1497 val_score=4.0537 (322s)
[epoch  55/60] train_loss=3.3542 val_loss=4.1421 val_score=4.0780 (328s)
[epoch  56/60] train_loss=3.3391 val_loss=4.1445 val_score=4.1197 (333s)
[epoch  57/60] train_loss=3.3288 val_loss=4.2026 val_score=4.0719 (339s)
[epoch  58/60] train_loss=3.3198 val_loss=4.1610 val_score=4.0274 (344s)
[epoch  59/60] train_loss=3.3130 val_loss=4.1744 val_score=4.0848 (350s)
[epoch  60/60] train_loss=3.2987 val_loss=4.1523 val_score=4.0793 (356s)
最佳 checkpoint 来自 epoch 51，验证集选模分 4.1409
per-label 阈值标定完成
解码调优（目标=f1）:
  cartridge -> {'mode': 'threshold', 'k_scale': 1.0, 'k_min': 1, 'k_max': 42, 'thr_shift': 0.0, 'ensure_nonempty': False, 'count_quantile': None}  目标值=0.4635
  solvent   -> {'mode': 'threshold', 'k_scale': 1.0, 'k_min': 0, 'k_max': 378, 'thr_shift': 0.0, 'ensure_nonempty': False, 'count_quantile': None} gate=True  目标值=0.4699
验证集（调优后）选模分 4.2026，链路正确率 0.4397

=== 测试集（基数感知解码）===
样本数 1145（有流程信息 1043，无流程信息 102）
Hit@1 可校验子集大小 122

Hit@1 旧口径（两处免检都在）      : 0.3895
Hit@1 去掉无流程信息免检          : 0.3988
Hit@1 仅可校验子集（推荐主指标）  : 0.6066
Hit@1 缺 ratio 标注判失败（最严） : 0.0709
前三段链路正确率（不看 ratio）    : 0.4449

StrictAcc 旧口径 / 仅有流程信息   : 0.0009 / 0.0000
SSS 旧口径 / 仅有流程信息         : 0.5016 / 0.4692
HC 旧口径 / 仅有流程信息          : 0.9125 / 0.9039
GUS                               : 60.2227

Hit@1 失败原因（对全部样本计数，互斥）：
  cartridge top-1 错     : 525
  step top-1 错          : 6
  solvent top-1 错       : 120
  ratio 超差             : 48
  ratio 无标注(旧口径免检): 342
  无流程信息(旧口径免检)  : 30

预测集合大小： {'cartridge_pred_mean': 6.646288209606987, 'cartridge_true_mean': 3.274235725402832, 'solvent_pred_mean': 24.804410354745926, 'solvent_true_mean': 15.235857963562012}

全部结果已写入 output/improve21/s7_bagC2t08_init407
