样本数 11441  切分 train/val/test = 9152/1144/1145
输入维度 21（21 维描述符，未启用官能团）
cartridge 类别 42  步骤 5  溶剂组合词表 378
数据划分种子 42，初始化/训练种子 401（划分不受影响）
bootstrap 重采样：抽 9152 条（原 9152 条），覆盖 5747 个不同样本（62.8%）
/Users/zysu/Library/Python/3.9/lib/python/site-packages/torch/utils/data/dataloader.py:666: UserWarning: 'pin_memory' argument is set as true but no accelerator is found, then device pinned memory won't be used.
  warnings.warn(warn_msg)
[epoch   1/60] train_loss=4.9670 val_loss=4.7990 val_score=3.5463 (4s)
[epoch   2/60] train_loss=4.6601 val_loss=4.6580 val_score=3.6865 (8s)
[epoch   3/60] train_loss=4.5468 val_loss=4.5849 val_score=3.7533 (12s)
[epoch   4/60] train_loss=4.4720 val_loss=4.5195 val_score=3.7923 (17s)
[epoch   5/60] train_loss=4.4101 val_loss=4.4767 val_score=3.7843 (21s)
[epoch   6/60] train_loss=4.3481 val_loss=4.4473 val_score=3.8509 (26s)
[epoch   7/60] train_loss=4.3009 val_loss=4.3993 val_score=3.8315 (30s)
[epoch   8/60] train_loss=4.2523 val_loss=4.3583 val_score=3.8961 (35s)
[epoch   9/60] train_loss=4.2072 val_loss=4.3457 val_score=3.8913 (39s)
[epoch  10/60] train_loss=4.1626 val_loss=4.3049 val_score=3.9382 (44s)
[epoch  11/60] train_loss=4.1269 val_loss=4.2938 val_score=3.9504 (49s)
[epoch  12/60] train_loss=4.0945 val_loss=4.2867 val_score=3.9207 (53s)
[epoch  13/60] train_loss=4.0667 val_loss=4.2595 val_score=4.0257 (58s)
[epoch  14/60] train_loss=4.0385 val_loss=4.2412 val_score=3.9717 (63s)
[epoch  15/60] train_loss=4.0049 val_loss=4.2431 val_score=3.9196 (68s)
[epoch  16/60] train_loss=3.9795 val_loss=4.2391 val_score=3.9403 (73s)
[epoch  17/60] train_loss=3.9371 val_loss=4.2151 val_score=3.9339 (78s)
[epoch  18/60] train_loss=3.9270 val_loss=4.1984 val_score=4.0017 (83s)
[epoch  19/60] train_loss=3.9032 val_loss=4.2109 val_score=4.0474 (88s)
[epoch  20/60] train_loss=3.8625 val_loss=4.1879 val_score=4.0523 (93s)
[epoch  21/60] train_loss=3.8492 val_loss=4.1913 val_score=4.0357 (98s)
[epoch  22/60] train_loss=3.8160 val_loss=4.2016 val_score=4.0630 (103s)
[epoch  23/60] train_loss=3.7963 val_loss=4.1720 val_score=4.0522 (109s)
[epoch  24/60] train_loss=3.7697 val_loss=4.1758 val_score=4.0272 (114s)
[epoch  25/60] train_loss=3.7629 val_loss=4.1346 val_score=4.0347 (120s)
[epoch  26/60] train_loss=3.7195 val_loss=4.1414 val_score=4.0944 (125s)
[epoch  27/60] train_loss=3.7175 val_loss=4.1549 val_score=4.1002 (131s)
[epoch  28/60] train_loss=3.6848 val_loss=4.1494 val_score=4.0842 (137s)
[epoch  29/60] train_loss=3.6793 val_loss=4.1609 val_score=4.0643 (143s)
[epoch  30/60] train_loss=3.6529 val_loss=4.1483 val_score=4.0459 (148s)
[epoch  31/60] train_loss=3.6428 val_loss=4.1282 val_score=4.0477 (154s)
[epoch  32/60] train_loss=3.6155 val_loss=4.1055 val_score=4.0817 (160s)
[epoch  33/60] train_loss=3.6034 val_loss=4.1248 val_score=4.1520 (166s)
[epoch  34/60] train_loss=3.5833 val_loss=4.1273 val_score=4.1239 (172s)
[epoch  35/60] train_loss=3.5704 val_loss=4.1227 val_score=4.0767 (178s)
[epoch  36/60] train_loss=3.5376 val_loss=4.1410 val_score=4.0849 (184s)
[epoch  37/60] train_loss=3.5285 val_loss=4.1271 val_score=4.1095 (189s)
[epoch  38/60] train_loss=3.5139 val_loss=4.1435 val_score=4.0874 (195s)
[epoch  39/60] train_loss=3.5018 val_loss=4.1176 val_score=4.1381 (201s)
[epoch  40/60] train_loss=3.4939 val_loss=4.1250 val_score=4.0844 (207s)
[epoch  41/60] train_loss=3.4655 val_loss=4.1091 val_score=4.1038 (212s)
[epoch  42/60] train_loss=3.4493 val_loss=4.1258 val_score=4.1278 (218s)
[epoch  43/60] train_loss=3.4418 val_loss=4.1717 val_score=4.0822 (224s)
[epoch  44/60] train_loss=3.4231 val_loss=4.1535 val_score=4.1317 (230s)
[epoch  45/60] train_loss=3.4162 val_loss=4.1351 val_score=4.1235 (235s)
[epoch  46/60] train_loss=3.4019 val_loss=4.1477 val_score=4.1262 (241s)
[epoch  47/60] train_loss=3.3884 val_loss=4.1634 val_score=4.1133 (247s)
[epoch  48/60] train_loss=3.3779 val_loss=4.1346 val_score=4.1281 (252s)
[epoch  49/60] train_loss=3.3805 val_loss=4.1545 val_score=4.1404 (258s)
[epoch  50/60] train_loss=3.3508 val_loss=4.1587 val_score=4.1151 (263s)
[epoch  51/60] train_loss=3.3453 val_loss=4.1417 val_score=4.1548 (269s)
[epoch  52/60] train_loss=3.3250 val_loss=4.1417 val_score=4.1711 (275s)
[epoch  53/60] train_loss=3.3272 val_loss=4.1446 val_score=4.1450 (281s)
[epoch  54/60] train_loss=3.3020 val_loss=4.1654 val_score=4.1666 (286s)
[epoch  55/60] train_loss=3.2917 val_loss=4.1665 val_score=4.1488 (292s)
[epoch  56/60] train_loss=3.2900 val_loss=4.1660 val_score=4.1414 (297s)
[epoch  57/60] train_loss=3.2710 val_loss=4.1533 val_score=4.1707 (303s)
[epoch  58/60] train_loss=3.2654 val_loss=4.1569 val_score=4.1562 (309s)
[epoch  59/60] train_loss=3.2612 val_loss=4.1741 val_score=4.1114 (314s)
[epoch  60/60] train_loss=3.2482 val_loss=4.1547 val_score=4.1999 (320s)
最佳 checkpoint 来自 epoch 60，验证集选模分 4.1999
per-label 阈值标定完成
解码调优（目标=f1）:
  cartridge -> {'mode': 'threshold', 'k_scale': 1.0, 'k_min': 1, 'k_max': 42, 'thr_shift': 0.0, 'ensure_nonempty': False, 'count_quantile': None}  目标值=0.4927
  solvent   -> {'mode': 'threshold', 'k_scale': 1.0, 'k_min': 0, 'k_max': 378, 'thr_shift': 0.0, 'ensure_nonempty': False, 'count_quantile': None} gate=True  目标值=0.4849
验证集（调优后）选模分 4.2660，链路正确率 0.4454

=== 测试集（基数感知解码）===
样本数 1145（有流程信息 1043，无流程信息 102）
Hit@1 可校验子集大小 160

Hit@1 旧口径（两处免检都在）      : 0.3991
Hit@1 去掉无流程信息免检          : 0.4113
Hit@1 仅可校验子集（推荐主指标）  : 0.6875
Hit@1 缺 ratio 标注判失败（最严） : 0.1055
前三段链路正确率（不看 ratio）    : 0.4593

StrictAcc 旧口径 / 仅有流程信息   : 0.0035 / 0.0000
SSS 旧口径 / 仅有流程信息         : 0.5074 / 0.4748
HC 旧口径 / 仅有流程信息          : 0.9102 / 0.9014
GUS                               : 60.8201

Hit@1 失败原因（对全部样本计数，互斥）：
  cartridge top-1 错     : 501
  step top-1 错          : 2
  solvent top-1 错       : 135
  ratio 超差             : 50
  ratio 无标注(旧口径免检): 319
  无流程信息(旧口径免检)  : 28

预测集合大小： {'cartridge_pred_mean': 5.620087336244541, 'cartridge_true_mean': 3.274235725402832, 'solvent_pred_mean': 24.96548418024928, 'solvent_true_mean': 15.235857963562012}

全部结果已写入 output/improve21/s7_bagC2t08_init401
