样本数 11441  切分 train/val/test = 9152/1144/1145
输入维度 21（21 维描述符，未启用官能团）
cartridge 类别 42  步骤 5  溶剂组合词表 378
数据划分种子 42，初始化/训练种子 406（划分不受影响）
bootstrap 重采样：抽 9152 条（原 9152 条），覆盖 5827 个不同样本（63.7%）
/Users/zysu/Library/Python/3.9/lib/python/site-packages/torch/utils/data/dataloader.py:666: UserWarning: 'pin_memory' argument is set as true but no accelerator is found, then device pinned memory won't be used.
  warnings.warn(warn_msg)
[epoch   1/60] train_loss=4.9583 val_loss=4.7744 val_score=3.5846 (6s)
[epoch   2/60] train_loss=4.6363 val_loss=4.6566 val_score=3.6742 (11s)
[epoch   3/60] train_loss=4.5260 val_loss=4.5729 val_score=3.7449 (17s)
[epoch   4/60] train_loss=4.4474 val_loss=4.5147 val_score=3.7341 (23s)
[epoch   5/60] train_loss=4.3805 val_loss=4.4660 val_score=3.7323 (28s)
[epoch   6/60] train_loss=4.3271 val_loss=4.4200 val_score=3.7658 (34s)
[epoch   7/60] train_loss=4.2740 val_loss=4.3776 val_score=3.8110 (40s)
[epoch   8/60] train_loss=4.2264 val_loss=4.3570 val_score=3.8293 (45s)
[epoch   9/60] train_loss=4.1919 val_loss=4.3189 val_score=3.9432 (51s)
[epoch  10/60] train_loss=4.1465 val_loss=4.3186 val_score=3.9059 (56s)
[epoch  11/60] train_loss=4.1166 val_loss=4.2894 val_score=3.9574 (62s)
[epoch  12/60] train_loss=4.0712 val_loss=4.2659 val_score=3.8484 (68s)
[epoch  13/60] train_loss=4.0465 val_loss=4.2520 val_score=3.9027 (74s)
[epoch  14/60] train_loss=4.0148 val_loss=4.2188 val_score=3.8733 (79s)
[epoch  15/60] train_loss=3.9816 val_loss=4.2077 val_score=3.9103 (85s)
[epoch  16/60] train_loss=3.9579 val_loss=4.2081 val_score=3.9445 (90s)
[epoch  17/60] train_loss=3.9405 val_loss=4.1928 val_score=3.9541 (96s)
[epoch  18/60] train_loss=3.9131 val_loss=4.1684 val_score=3.9464 (102s)
[epoch  19/60] train_loss=3.8800 val_loss=4.1728 val_score=3.8487 (107s)
[epoch  20/60] train_loss=3.8604 val_loss=4.1554 val_score=3.9553 (113s)
[epoch  21/60] train_loss=3.8358 val_loss=4.1541 val_score=3.9185 (118s)
[epoch  22/60] train_loss=3.8086 val_loss=4.1384 val_score=3.9644 (124s)
[epoch  23/60] train_loss=3.7768 val_loss=4.1480 val_score=4.0338 (129s)
[epoch  24/60] train_loss=3.7669 val_loss=4.1884 val_score=4.0103 (135s)
[epoch  25/60] train_loss=3.7468 val_loss=4.1229 val_score=3.9922 (141s)
[epoch  26/60] train_loss=3.7319 val_loss=4.1402 val_score=3.9605 (146s)
[epoch  27/60] train_loss=3.7067 val_loss=4.1120 val_score=4.0113 (152s)
[epoch  28/60] train_loss=3.6882 val_loss=4.1232 val_score=4.0357 (157s)
[epoch  29/60] train_loss=3.6729 val_loss=4.1168 val_score=4.0565 (163s)
[epoch  30/60] train_loss=3.6418 val_loss=4.1385 val_score=4.0055 (168s)
[epoch  31/60] train_loss=3.6294 val_loss=4.0985 val_score=4.0181 (174s)
[epoch  32/60] train_loss=3.6097 val_loss=4.1109 val_score=4.0123 (180s)
[epoch  33/60] train_loss=3.5988 val_loss=4.1034 val_score=4.1020 (185s)
[epoch  34/60] train_loss=3.5800 val_loss=4.1098 val_score=4.1082 (191s)
[epoch  35/60] train_loss=3.5677 val_loss=4.1000 val_score=4.0598 (196s)
[epoch  36/60] train_loss=3.5320 val_loss=4.1099 val_score=4.1009 (202s)
[epoch  37/60] train_loss=3.5182 val_loss=4.1032 val_score=4.0849 (207s)
[epoch  38/60] train_loss=3.5263 val_loss=4.0953 val_score=4.0877 (213s)
[epoch  39/60] train_loss=3.4968 val_loss=4.1104 val_score=4.0493 (219s)
[epoch  40/60] train_loss=3.4829 val_loss=4.1260 val_score=4.0535 (224s)
[epoch  41/60] train_loss=3.4654 val_loss=4.1335 val_score=4.0993 (230s)
[epoch  42/60] train_loss=3.4511 val_loss=4.0991 val_score=4.1082 (235s)
[epoch  43/60] train_loss=3.4303 val_loss=4.0819 val_score=4.1287 (241s)
[epoch  44/60] train_loss=3.4306 val_loss=4.0927 val_score=4.0625 (246s)
[epoch  45/60] train_loss=3.4347 val_loss=4.1054 val_score=4.1013 (252s)
[epoch  46/60] train_loss=3.4036 val_loss=4.1107 val_score=4.1652 (257s)
[epoch  47/60] train_loss=3.3742 val_loss=4.1171 val_score=4.0661 (263s)
[epoch  48/60] train_loss=3.3842 val_loss=4.0938 val_score=4.1513 (269s)
[epoch  49/60] train_loss=3.3691 val_loss=4.0733 val_score=4.1088 (274s)
[epoch  50/60] train_loss=3.3554 val_loss=4.0881 val_score=4.1409 (280s)
[epoch  51/60] train_loss=3.3546 val_loss=4.0638 val_score=4.0967 (286s)
[epoch  52/60] train_loss=3.3216 val_loss=4.0947 val_score=4.1119 (291s)
[epoch  53/60] train_loss=3.3220 val_loss=4.1056 val_score=4.1003 (297s)
[epoch  54/60] train_loss=3.3116 val_loss=4.1104 val_score=4.1360 (303s)
[epoch  55/60] train_loss=3.2974 val_loss=4.0924 val_score=4.1225 (308s)
[epoch  56/60] train_loss=3.2880 val_loss=4.1076 val_score=4.1254 (314s)
[epoch  57/60] train_loss=3.2886 val_loss=4.1134 val_score=4.0983 (320s)
[epoch  58/60] train_loss=3.2736 val_loss=4.1169 val_score=4.1375 (325s)
[epoch  59/60] train_loss=3.2638 val_loss=4.1125 val_score=4.1431 (331s)
[epoch  60/60] train_loss=3.2425 val_loss=4.1332 val_score=4.1290 (337s)
最佳 checkpoint 来自 epoch 46，验证集选模分 4.1652
per-label 阈值标定完成
解码调优（目标=f1）:
  cartridge -> {'mode': 'threshold', 'k_scale': 1.0, 'k_min': 1, 'k_max': 42, 'thr_shift': 0.0, 'ensure_nonempty': False, 'count_quantile': None}  目标值=0.4740
  solvent   -> {'mode': 'threshold', 'k_scale': 1.0, 'k_min': 0, 'k_max': 378, 'thr_shift': 0.0, 'ensure_nonempty': False, 'count_quantile': None} gate=True  目标值=0.4778
验证集（调优后）选模分 4.2286，链路正确率 0.4406

=== 测试集（基数感知解码）===
样本数 1145（有流程信息 1043，无流程信息 102）
Hit@1 可校验子集大小 131

Hit@1 旧口径（两处免检都在）      : 0.4000
Hit@1 去掉无流程信息免检          : 0.4094
Hit@1 仅可校验子集（推荐主指标）  : 0.6336
Hit@1 缺 ratio 标注判失败（最严） : 0.0796
前三段链路正确率（不看 ratio）    : 0.4554

StrictAcc 旧口径 / 仅有流程信息   : 0.0026 / 0.0029
SSS 旧口径 / 仅有流程信息         : 0.5031 / 0.4710
HC 旧口径 / 仅有流程信息          : 0.9125 / 0.9039
GUS                               : 60.6255

Hit@1 失败原因（对全部样本计数，互斥）：
  cartridge top-1 错     : 508
  step top-1 错          : 4
  solvent top-1 错       : 127
  ratio 超差             : 48
  ratio 无标注(旧口径免检): 344
  无流程信息(旧口径免检)  : 31

预测集合大小： {'cartridge_pred_mean': 6.5152838427947595, 'cartridge_true_mean': 3.274235725402832, 'solvent_pred_mean': 24.12751677852349, 'solvent_true_mean': 15.235857963562012}

全部结果已写入 output/improve21/s7_bagC2t08_init406
