样本数 11441  切分 train/val/test = 9152/1144/1145
输入维度 21（21 维描述符，未启用官能团）
cartridge 类别 42  步骤 5  溶剂组合词表 378
数据划分种子 42，初始化/训练种子 404（划分不受影响）
bootstrap 重采样：抽 9152 条（原 9152 条），覆盖 5814 个不同样本（63.5%）
/Users/zysu/Library/Python/3.9/lib/python/site-packages/torch/utils/data/dataloader.py:666: UserWarning: 'pin_memory' argument is set as true but no accelerator is found, then device pinned memory won't be used.
  warnings.warn(warn_msg)
[epoch   1/60] train_loss=4.9751 val_loss=4.7741 val_score=3.6727 (6s)
[epoch   2/60] train_loss=4.6494 val_loss=4.6755 val_score=3.6649 (11s)
[epoch   3/60] train_loss=4.5430 val_loss=4.5776 val_score=3.6833 (17s)
[epoch   4/60] train_loss=4.4682 val_loss=4.5121 val_score=3.8177 (23s)
[epoch   5/60] train_loss=4.4049 val_loss=4.4747 val_score=3.8140 (28s)
[epoch   6/60] train_loss=4.3436 val_loss=4.4202 val_score=3.7837 (34s)
[epoch   7/60] train_loss=4.2947 val_loss=4.4104 val_score=3.8230 (39s)
[epoch   8/60] train_loss=4.2466 val_loss=4.3610 val_score=3.7806 (45s)
[epoch   9/60] train_loss=4.2058 val_loss=4.3298 val_score=3.8833 (51s)
[epoch  10/60] train_loss=4.1628 val_loss=4.3079 val_score=3.8828 (57s)
[epoch  11/60] train_loss=4.1298 val_loss=4.2995 val_score=3.8497 (62s)
[epoch  12/60] train_loss=4.0988 val_loss=4.2733 val_score=3.9373 (68s)
[epoch  13/60] train_loss=4.0607 val_loss=4.2652 val_score=3.9585 (73s)
[epoch  14/60] train_loss=4.0315 val_loss=4.2570 val_score=3.9288 (79s)
[epoch  15/60] train_loss=4.0036 val_loss=4.2262 val_score=3.9820 (85s)
[epoch  16/60] train_loss=3.9730 val_loss=4.2243 val_score=3.9567 (90s)
[epoch  17/60] train_loss=3.9419 val_loss=4.2285 val_score=3.9427 (96s)
[epoch  18/60] train_loss=3.9204 val_loss=4.2111 val_score=3.9865 (101s)
[epoch  19/60] train_loss=3.8941 val_loss=4.2029 val_score=3.9757 (107s)
[epoch  20/60] train_loss=3.8708 val_loss=4.1821 val_score=3.9632 (113s)
[epoch  21/60] train_loss=3.8544 val_loss=4.1974 val_score=3.9904 (118s)
[epoch  22/60] train_loss=3.8288 val_loss=4.1681 val_score=3.9239 (124s)
[epoch  23/60] train_loss=3.8066 val_loss=4.1641 val_score=4.0278 (130s)
[epoch  24/60] train_loss=3.7793 val_loss=4.1813 val_score=3.9488 (135s)
[epoch  25/60] train_loss=3.7611 val_loss=4.1749 val_score=3.9895 (141s)
[epoch  26/60] train_loss=3.7415 val_loss=4.1627 val_score=4.0092 (147s)
[epoch  27/60] train_loss=3.7181 val_loss=4.1534 val_score=4.0858 (152s)
[epoch  28/60] train_loss=3.6896 val_loss=4.1469 val_score=3.9877 (158s)
[epoch  29/60] train_loss=3.6748 val_loss=4.1503 val_score=4.0460 (164s)
[epoch  30/60] train_loss=3.6615 val_loss=4.1542 val_score=4.0659 (169s)
[epoch  31/60] train_loss=3.6424 val_loss=4.1502 val_score=4.0425 (175s)
[epoch  32/60] train_loss=3.6292 val_loss=4.1482 val_score=4.0678 (181s)
[epoch  33/60] train_loss=3.6107 val_loss=4.1330 val_score=4.0749 (186s)
[epoch  34/60] train_loss=3.5811 val_loss=4.1393 val_score=4.0517 (192s)
[epoch  35/60] train_loss=3.5786 val_loss=4.1226 val_score=4.0739 (197s)
[epoch  36/60] train_loss=3.5556 val_loss=4.1436 val_score=4.0650 (203s)
[epoch  37/60] train_loss=3.5507 val_loss=4.1316 val_score=4.1285 (209s)
[epoch  38/60] train_loss=3.5250 val_loss=4.1330 val_score=4.1026 (214s)
[epoch  39/60] train_loss=3.5029 val_loss=4.1719 val_score=4.0888 (220s)
[epoch  40/60] train_loss=3.5008 val_loss=4.1418 val_score=4.0888 (226s)
[epoch  41/60] train_loss=3.4773 val_loss=4.1297 val_score=4.1569 (231s)
[epoch  42/60] train_loss=3.4566 val_loss=4.1565 val_score=4.0759 (237s)
[epoch  43/60] train_loss=3.4606 val_loss=4.1324 val_score=4.0508 (243s)
[epoch  44/60] train_loss=3.4450 val_loss=4.1460 val_score=4.1263 (248s)
[epoch  45/60] train_loss=3.4306 val_loss=4.1448 val_score=4.1184 (254s)
[epoch  46/60] train_loss=3.4189 val_loss=4.1341 val_score=4.0743 (260s)
[epoch  47/60] train_loss=3.3949 val_loss=4.1556 val_score=4.1316 (265s)
[epoch  48/60] train_loss=3.3853 val_loss=4.1237 val_score=4.0947 (271s)
[epoch  49/60] train_loss=3.3721 val_loss=4.1657 val_score=4.1139 (277s)
[epoch  50/60] train_loss=3.3635 val_loss=4.1723 val_score=4.1105 (282s)
[epoch  51/60] train_loss=3.3461 val_loss=4.1518 val_score=4.1340 (288s)
[epoch  52/60] train_loss=3.3381 val_loss=4.1547 val_score=4.1237 (294s)
[epoch  53/60] train_loss=3.3243 val_loss=4.1546 val_score=4.1767 (299s)
[epoch  54/60] train_loss=3.3176 val_loss=4.1773 val_score=4.1890 (305s)
[epoch  55/60] train_loss=3.3083 val_loss=4.1541 val_score=4.1673 (311s)
[epoch  56/60] train_loss=3.2904 val_loss=4.1577 val_score=4.1862 (316s)
[epoch  57/60] train_loss=3.2730 val_loss=4.1784 val_score=4.1867 (322s)
[epoch  58/60] train_loss=3.2796 val_loss=4.2018 val_score=4.1761 (328s)
[epoch  59/60] train_loss=3.2598 val_loss=4.1468 val_score=4.2106 (333s)
[epoch  60/60] train_loss=3.2496 val_loss=4.2134 val_score=4.2007 (339s)
最佳 checkpoint 来自 epoch 59，验证集选模分 4.2106
per-label 阈值标定完成
解码调优（目标=f1）:
  cartridge -> {'mode': 'threshold', 'k_scale': 1.0, 'k_min': 1, 'k_max': 42, 'thr_shift': 0.0, 'ensure_nonempty': False, 'count_quantile': None}  目标值=0.4779
  solvent   -> {'mode': 'threshold', 'k_scale': 1.0, 'k_min': 0, 'k_max': 378, 'thr_shift': 0.0, 'ensure_nonempty': False, 'count_quantile': None} gate=True  目标值=0.4791
验证集（调优后）选模分 4.2617，链路正确率 0.4502

=== 测试集（基数感知解码）===
样本数 1145（有流程信息 1043，无流程信息 102）
Hit@1 可校验子集大小 148

Hit@1 旧口径（两处免检都在）      : 0.4035
Hit@1 去掉无流程信息免检          : 0.4094
Hit@1 仅可校验子集（推荐主指标）  : 0.6419
Hit@1 缺 ratio 标注判失败（最严） : 0.0911
前三段链路正确率（不看 ratio）    : 0.4602

StrictAcc 旧口径 / 仅有流程信息   : 0.0000 / 0.0000
SSS 旧口径 / 仅有流程信息         : 0.5064 / 0.4746
HC 旧口径 / 仅有流程信息          : 0.9146 / 0.9062
GUS                               : 60.7733

Hit@1 失败原因（对全部样本计数，互斥）：
  cartridge top-1 错     : 501
  step top-1 错          : 3
  solvent top-1 错       : 126
  ratio 超差             : 53
  ratio 无标注(旧口径免检): 332
  无流程信息(旧口径免检)  : 35

预测集合大小： {'cartridge_pred_mean': 6.393013100436681, 'cartridge_true_mean': 3.274235725402832, 'solvent_pred_mean': 24.705656759348035, 'solvent_true_mean': 15.235857963562012}

全部结果已写入 output/improve21/s7_bagC2t08_init404
