样本数 11441  切分 train/val/test = 9152/1144/1145
输入维度 21（21 维描述符，未启用官能团）
cartridge 类别 42  步骤 5  溶剂组合词表 378
数据划分种子 42，初始化/训练种子 405（划分不受影响）
bootstrap 重采样：抽 9152 条（原 9152 条），覆盖 5783 个不同样本（63.2%）
/Users/zysu/Library/Python/3.9/lib/python/site-packages/torch/utils/data/dataloader.py:666: UserWarning: 'pin_memory' argument is set as true but no accelerator is found, then device pinned memory won't be used.
  warnings.warn(warn_msg)
[epoch   1/60] train_loss=4.9840 val_loss=4.7920 val_score=3.5851 (4s)
[epoch   2/60] train_loss=4.6724 val_loss=4.6577 val_score=3.6753 (8s)
[epoch   3/60] train_loss=4.5546 val_loss=4.5880 val_score=3.6987 (12s)
[epoch   4/60] train_loss=4.4721 val_loss=4.5209 val_score=3.8521 (17s)
[epoch   5/60] train_loss=4.4035 val_loss=4.4885 val_score=3.8278 (21s)
[epoch   6/60] train_loss=4.3406 val_loss=4.4342 val_score=3.9202 (26s)
[epoch   7/60] train_loss=4.2960 val_loss=4.4137 val_score=3.8708 (30s)
[epoch   8/60] train_loss=4.2541 val_loss=4.3813 val_score=3.8944 (35s)
[epoch   9/60] train_loss=4.2119 val_loss=4.3429 val_score=3.9058 (39s)
[epoch  10/60] train_loss=4.1736 val_loss=4.3391 val_score=3.9270 (44s)
[epoch  11/60] train_loss=4.1377 val_loss=4.3293 val_score=3.9048 (48s)
[epoch  12/60] train_loss=4.0924 val_loss=4.3056 val_score=3.8923 (53s)
[epoch  13/60] train_loss=4.0620 val_loss=4.2740 val_score=3.9467 (58s)
[epoch  14/60] train_loss=4.0284 val_loss=4.2669 val_score=3.9436 (63s)
[epoch  15/60] train_loss=4.0000 val_loss=4.2544 val_score=3.9484 (68s)
[epoch  16/60] train_loss=3.9788 val_loss=4.2435 val_score=3.9769 (73s)
[epoch  17/60] train_loss=3.9495 val_loss=4.2148 val_score=3.9597 (78s)
[epoch  18/60] train_loss=3.9180 val_loss=4.2194 val_score=3.9658 (83s)
[epoch  19/60] train_loss=3.8979 val_loss=4.2047 val_score=4.0099 (88s)
[epoch  20/60] train_loss=3.8762 val_loss=4.1871 val_score=4.0106 (93s)
[epoch  21/60] train_loss=3.8465 val_loss=4.1892 val_score=3.9948 (98s)
[epoch  22/60] train_loss=3.8206 val_loss=4.1836 val_score=4.0476 (103s)
[epoch  23/60] train_loss=3.7964 val_loss=4.1785 val_score=4.0366 (108s)
[epoch  24/60] train_loss=3.7730 val_loss=4.1774 val_score=3.9684 (114s)
[epoch  25/60] train_loss=3.7473 val_loss=4.1743 val_score=4.0350 (119s)
[epoch  26/60] train_loss=3.7227 val_loss=4.1726 val_score=4.0432 (125s)
[epoch  27/60] train_loss=3.7102 val_loss=4.1560 val_score=3.9867 (130s)
[epoch  28/60] train_loss=3.6865 val_loss=4.1505 val_score=4.0383 (136s)
[epoch  29/60] train_loss=3.6722 val_loss=4.1591 val_score=4.0404 (142s)
[epoch  30/60] train_loss=3.6491 val_loss=4.1477 val_score=4.0636 (148s)
[epoch  31/60] train_loss=3.6311 val_loss=4.1482 val_score=4.0282 (154s)
[epoch  32/60] train_loss=3.6174 val_loss=4.1283 val_score=4.0650 (160s)
[epoch  33/60] train_loss=3.5980 val_loss=4.1365 val_score=4.0683 (165s)
[epoch  34/60] train_loss=3.5802 val_loss=4.1304 val_score=4.0336 (171s)
[epoch  35/60] train_loss=3.5690 val_loss=4.1146 val_score=4.0457 (177s)
[epoch  36/60] train_loss=3.5429 val_loss=4.1223 val_score=4.0830 (183s)
[epoch  37/60] train_loss=3.5231 val_loss=4.1174 val_score=4.0728 (189s)
[epoch  38/60] train_loss=3.5049 val_loss=4.1243 val_score=4.0462 (194s)
[epoch  39/60] train_loss=3.4988 val_loss=4.1195 val_score=4.0622 (200s)
[epoch  40/60] train_loss=3.4871 val_loss=4.1367 val_score=4.1189 (206s)
[epoch  41/60] train_loss=3.4753 val_loss=4.1077 val_score=4.0748 (211s)
[epoch  42/60] train_loss=3.4624 val_loss=4.1157 val_score=4.1057 (217s)
[epoch  43/60] train_loss=3.4436 val_loss=4.1243 val_score=4.0660 (223s)
[epoch  44/60] train_loss=3.4199 val_loss=4.1196 val_score=4.0570 (229s)
[epoch  45/60] train_loss=3.4152 val_loss=4.1505 val_score=4.1262 (234s)
[epoch  46/60] train_loss=3.4064 val_loss=4.1202 val_score=4.0944 (240s)
[epoch  47/60] train_loss=3.3881 val_loss=4.1148 val_score=4.0661 (245s)
[epoch  48/60] train_loss=3.3695 val_loss=4.1209 val_score=4.1055 (251s)
[epoch  49/60] train_loss=3.3621 val_loss=4.1073 val_score=4.0447 (257s)
[epoch  50/60] train_loss=3.3506 val_loss=4.1016 val_score=4.0747 (262s)
[epoch  51/60] train_loss=3.3426 val_loss=4.1167 val_score=3.9937 (268s)
[epoch  52/60] train_loss=3.3336 val_loss=4.1222 val_score=4.0867 (274s)
[epoch  53/60] train_loss=3.3081 val_loss=4.1129 val_score=4.0864 (279s)
[epoch  54/60] train_loss=3.3130 val_loss=4.1139 val_score=4.0599 (285s)
[epoch  55/60] train_loss=3.2971 val_loss=4.1058 val_score=4.0903 (290s)
[epoch  56/60] train_loss=3.2840 val_loss=4.1007 val_score=4.0945 (296s)
[epoch  57/60] train_loss=3.2767 val_loss=4.1138 val_score=4.0919 (302s)
[epoch  58/60] train_loss=3.2703 val_loss=4.1403 val_score=4.1156 (307s)
[epoch  59/60] train_loss=3.2538 val_loss=4.1189 val_score=4.0982 (313s)
[epoch  60/60] train_loss=3.2476 val_loss=4.1229 val_score=4.1001 (318s)
最佳 checkpoint 来自 epoch 45，验证集选模分 4.1262
per-label 阈值标定完成
解码调优（目标=f1）:
  cartridge -> {'mode': 'threshold', 'k_scale': 1.0, 'k_min': 1, 'k_max': 42, 'thr_shift': 0.0, 'ensure_nonempty': False, 'count_quantile': None}  目标值=0.4798
  solvent   -> {'mode': 'threshold', 'k_scale': 1.0, 'k_min': 0, 'k_max': 378, 'thr_shift': 0.0, 'ensure_nonempty': False, 'count_quantile': None} gate=True  目标值=0.4677
验证集（调优后）选模分 4.1700，链路正确率 0.4291

=== 测试集（基数感知解码）===
样本数 1145（有流程信息 1043，无流程信息 102）
Hit@1 可校验子集大小 131

Hit@1 旧口径（两处免检都在）      : 0.4087
Hit@1 去掉无流程信息免检          : 0.4180
Hit@1 仅可校验子集（推荐主指标）  : 0.6947
Hit@1 缺 ratio 标注判失败（最严） : 0.0872
前三段链路正确率（不看 ratio）    : 0.4564

StrictAcc 旧口径 / 仅有流程信息   : 0.0017 / 0.0000
SSS 旧口径 / 仅有流程信息         : 0.4998 / 0.4673
HC 旧口径 / 仅有流程信息          : 0.9116 / 0.9030
GUS                               : 60.2083

Hit@1 失败原因（对全部样本计数，互斥）：
  cartridge top-1 错     : 508
  step top-1 错          : 4
  solvent top-1 错       : 125
  ratio 超差             : 40
  ratio 无标注(旧口径免检): 345
  无流程信息(旧口径免检)  : 32

预测集合大小： {'cartridge_pred_mean': 6.413100436681223, 'cartridge_true_mean': 3.274235725402832, 'solvent_pred_mean': 24.022051773729626, 'solvent_true_mean': 15.235857963562012}

全部结果已写入 output/improve21/s7_bagC2t08_init405
