样本数 11441  切分 train/val/test = 9152/1144/1145
输入维度 21（21 维描述符，未启用官能团）
cartridge 类别 42  步骤 5  溶剂组合词表 378
数据划分种子 42，初始化/训练种子 402（划分不受影响）
bootstrap 重采样：抽 9152 条（原 9152 条），覆盖 5768 个不同样本（63.0%）
/Users/zysu/Library/Python/3.9/lib/python/site-packages/torch/utils/data/dataloader.py:666: UserWarning: 'pin_memory' argument is set as true but no accelerator is found, then device pinned memory won't be used.
  warnings.warn(warn_msg)
[epoch   1/60] train_loss=4.9592 val_loss=4.7846 val_score=3.5916 (6s)
[epoch   2/60] train_loss=4.6497 val_loss=4.6605 val_score=3.6564 (11s)
[epoch   3/60] train_loss=4.5473 val_loss=4.5803 val_score=3.7314 (17s)
[epoch   4/60] train_loss=4.4697 val_loss=4.5368 val_score=3.7191 (23s)
[epoch   5/60] train_loss=4.4005 val_loss=4.4638 val_score=3.8710 (29s)
[epoch   6/60] train_loss=4.3419 val_loss=4.4415 val_score=3.8513 (34s)
[epoch   7/60] train_loss=4.2934 val_loss=4.4010 val_score=3.8502 (40s)
[epoch   8/60] train_loss=4.2537 val_loss=4.3743 val_score=3.8220 (45s)
[epoch   9/60] train_loss=4.2215 val_loss=4.3559 val_score=3.9344 (51s)
[epoch  10/60] train_loss=4.1806 val_loss=4.3102 val_score=3.9295 (57s)
[epoch  11/60] train_loss=4.1529 val_loss=4.3094 val_score=3.8881 (62s)
[epoch  12/60] train_loss=4.1159 val_loss=4.3070 val_score=3.9118 (68s)
[epoch  13/60] train_loss=4.0872 val_loss=4.2913 val_score=3.9077 (74s)
[epoch  14/60] train_loss=4.0563 val_loss=4.2943 val_score=3.9164 (79s)
[epoch  15/60] train_loss=4.0275 val_loss=4.2514 val_score=3.9287 (85s)
[epoch  16/60] train_loss=3.9921 val_loss=4.2441 val_score=3.9701 (91s)
[epoch  17/60] train_loss=3.9646 val_loss=4.2287 val_score=3.9706 (96s)
[epoch  18/60] train_loss=3.9427 val_loss=4.2235 val_score=3.9664 (102s)
[epoch  19/60] train_loss=3.9164 val_loss=4.2129 val_score=3.9718 (108s)
[epoch  20/60] train_loss=3.8835 val_loss=4.1943 val_score=3.9388 (113s)
[epoch  21/60] train_loss=3.8704 val_loss=4.2061 val_score=4.0054 (119s)
[epoch  22/60] train_loss=3.8476 val_loss=4.1843 val_score=4.0000 (124s)
[epoch  23/60] train_loss=3.8075 val_loss=4.1928 val_score=3.9734 (130s)
[epoch  24/60] train_loss=3.7931 val_loss=4.2078 val_score=3.9737 (136s)
[epoch  25/60] train_loss=3.7711 val_loss=4.1728 val_score=4.0045 (141s)
[epoch  26/60] train_loss=3.7494 val_loss=4.1960 val_score=3.9764 (147s)
[epoch  27/60] train_loss=3.7353 val_loss=4.1679 val_score=3.9988 (153s)
[epoch  28/60] train_loss=3.7104 val_loss=4.1630 val_score=3.9823 (158s)
[epoch  29/60] train_loss=3.6975 val_loss=4.1590 val_score=3.9888 (164s)
[epoch  30/60] train_loss=3.6796 val_loss=4.1384 val_score=4.0548 (169s)
[epoch  31/60] train_loss=3.6559 val_loss=4.1720 val_score=4.0232 (175s)
[epoch  32/60] train_loss=3.6317 val_loss=4.1680 val_score=4.0351 (180s)
[epoch  33/60] train_loss=3.6277 val_loss=4.1561 val_score=4.0401 (186s)
[epoch  34/60] train_loss=3.6061 val_loss=4.1348 val_score=4.0748 (192s)
[epoch  35/60] train_loss=3.5728 val_loss=4.1522 val_score=4.0150 (197s)
[epoch  36/60] train_loss=3.5680 val_loss=4.1426 val_score=4.0304 (203s)
[epoch  37/60] train_loss=3.5469 val_loss=4.1547 val_score=4.0775 (208s)
[epoch  38/60] train_loss=3.5387 val_loss=4.1296 val_score=4.1020 (214s)
[epoch  39/60] train_loss=3.5257 val_loss=4.1251 val_score=4.0548 (220s)
[epoch  40/60] train_loss=3.5012 val_loss=4.1655 val_score=4.0065 (225s)
[epoch  41/60] train_loss=3.4868 val_loss=4.1606 val_score=4.0670 (231s)
[epoch  42/60] train_loss=3.4784 val_loss=4.1596 val_score=4.0946 (236s)
[epoch  43/60] train_loss=3.4679 val_loss=4.1665 val_score=4.0554 (242s)
[epoch  44/60] train_loss=3.4425 val_loss=4.1527 val_score=4.0787 (248s)
[epoch  45/60] train_loss=3.4357 val_loss=4.1626 val_score=4.0472 (253s)
[epoch  46/60] train_loss=3.4300 val_loss=4.1387 val_score=4.0462 (259s)
[epoch  47/60] train_loss=3.4174 val_loss=4.1384 val_score=4.0827 (265s)
[epoch  48/60] train_loss=3.3907 val_loss=4.1563 val_score=4.0808 (270s)
[epoch  49/60] train_loss=3.3884 val_loss=4.1731 val_score=4.0826 (276s)
[epoch  50/60] train_loss=3.3801 val_loss=4.1647 val_score=4.0992 (281s)
[epoch  51/60] train_loss=3.3657 val_loss=4.1673 val_score=4.0654 (287s)
[epoch  52/60] train_loss=3.3485 val_loss=4.1355 val_score=4.0487 (293s)
[epoch  53/60] train_loss=3.3306 val_loss=4.1743 val_score=4.0732 (298s)
[epoch  54/60] train_loss=3.3243 val_loss=4.1821 val_score=4.0514 (304s)
[epoch  55/60] train_loss=3.3207 val_loss=4.1546 val_score=4.1050 (310s)
[epoch  56/60] train_loss=3.3090 val_loss=4.1788 val_score=4.1318 (316s)
[epoch  57/60] train_loss=3.2970 val_loss=4.1578 val_score=4.1299 (321s)
[epoch  58/60] train_loss=3.2828 val_loss=4.2028 val_score=4.1807 (327s)
[epoch  59/60] train_loss=3.2743 val_loss=4.1948 val_score=4.1478 (333s)
[epoch  60/60] train_loss=3.2654 val_loss=4.1804 val_score=4.0890 (338s)
最佳 checkpoint 来自 epoch 58，验证集选模分 4.1807
per-label 阈值标定完成
解码调优（目标=f1）:
  cartridge -> {'mode': 'threshold', 'k_scale': 1.0, 'k_min': 1, 'k_max': 42, 'thr_shift': 0.0, 'ensure_nonempty': False, 'count_quantile': None}  目标值=0.4793
  solvent   -> {'mode': 'threshold', 'k_scale': 1.0, 'k_min': 0, 'k_max': 378, 'thr_shift': 0.0, 'ensure_nonempty': False, 'count_quantile': None} gate=True  目标值=0.4781
验证集（调优后）选模分 4.2504，链路正确率 0.4454

=== 测试集（基数感知解码）===
样本数 1145（有流程信息 1043，无流程信息 102）
Hit@1 可校验子集大小 147

Hit@1 旧口径（两处免检都在）      : 0.4070
Hit@1 去掉无流程信息免检          : 0.4180
Hit@1 仅可校验子集（推荐主指标）  : 0.6667
Hit@1 缺 ratio 标注判失败（最严） : 0.0940
前三段链路正确率（不看 ratio）    : 0.4650

StrictAcc 旧口径 / 仅有流程信息   : 0.0026 / 0.0029
SSS 旧口径 / 仅有流程信息         : 0.5029 / 0.4705
HC 旧口径 / 仅有流程信息          : 0.9114 / 0.9028
GUS                               : 60.8527

Hit@1 失败原因（对全部样本计数，互斥）：
  cartridge top-1 错     : 495
  step top-1 错          : 3
  solvent top-1 错       : 132
  ratio 超差             : 49
  ratio 无标注(旧口径免检): 338
  无流程信息(旧口径免检)  : 30

预测集合大小： {'cartridge_pred_mean': 6.193886462882096, 'cartridge_true_mean': 3.274235725402832, 'solvent_pred_mean': 23.268456375838927, 'solvent_true_mean': 15.235857963562012}

全部结果已写入 output/improve21/s7_bagC2t08_init402
