样本数 11441  切分 train/val/test = 9152/1144/1145
输入维度 21（21 维描述符，未启用官能团）
cartridge 类别 42  步骤 5  溶剂组合词表 378
/Users/zysu/Library/Python/3.9/lib/python/site-packages/torch/utils/data/dataloader.py:666: UserWarning: 'pin_memory' argument is set as true but no accelerator is found, then device pinned memory won't be used.
  warnings.warn(warn_msg)
[epoch   1/60] train_loss=6.2164 val_loss=5.9641 val_score=3.6614 (4s)
[epoch   2/60] train_loss=5.8781 val_loss=5.8259 val_score=3.6436 (8s)
[epoch   3/60] train_loss=5.7758 val_loss=5.7443 val_score=3.7921 (13s)
[epoch   4/60] train_loss=5.6903 val_loss=5.6604 val_score=3.8072 (17s)
[epoch   5/60] train_loss=5.6358 val_loss=5.6230 val_score=3.6831 (21s)
[epoch   6/60] train_loss=5.5745 val_loss=5.5756 val_score=3.8056 (26s)
[epoch   7/60] train_loss=5.5288 val_loss=5.5229 val_score=3.8742 (31s)
[epoch   8/60] train_loss=5.4950 val_loss=5.5073 val_score=3.8696 (35s)
[epoch   9/60] train_loss=5.4634 val_loss=5.4769 val_score=3.9382 (40s)
[epoch  10/60] train_loss=5.4264 val_loss=5.4488 val_score=3.8911 (45s)
[epoch  11/60] train_loss=5.3965 val_loss=5.4125 val_score=3.9064 (50s)
[epoch  12/60] train_loss=5.3796 val_loss=5.4073 val_score=3.9102 (55s)
[epoch  13/60] train_loss=5.3594 val_loss=5.3780 val_score=3.9356 (59s)
[epoch  14/60] train_loss=5.3217 val_loss=5.3681 val_score=3.9199 (64s)
[epoch  15/60] train_loss=5.3117 val_loss=5.3389 val_score=3.9736 (70s)
[epoch  16/60] train_loss=5.2859 val_loss=5.3348 val_score=3.9598 (75s)
[epoch  17/60] train_loss=5.2679 val_loss=5.3226 val_score=3.9385 (80s)
[epoch  18/60] train_loss=5.2526 val_loss=5.3255 val_score=3.9973 (85s)
[epoch  19/60] train_loss=5.2295 val_loss=5.2824 val_score=3.9543 (90s)
[epoch  20/60] train_loss=5.2015 val_loss=5.2671 val_score=4.0293 (95s)
[epoch  21/60] train_loss=5.1808 val_loss=5.2788 val_score=3.9738 (101s)
[epoch  22/60] train_loss=5.1738 val_loss=5.2595 val_score=4.0477 (106s)
[epoch  23/60] train_loss=5.1498 val_loss=5.2441 val_score=4.0597 (112s)
[epoch  24/60] train_loss=5.1312 val_loss=5.2460 val_score=4.0255 (118s)
[epoch  25/60] train_loss=5.1225 val_loss=5.2174 val_score=4.0625 (124s)
[epoch  26/60] train_loss=5.1013 val_loss=5.2156 val_score=4.0416 (129s)
[epoch  27/60] train_loss=5.0822 val_loss=5.2137 val_score=4.0601 (135s)
[epoch  28/60] train_loss=5.0724 val_loss=5.2013 val_score=4.0949 (141s)
[epoch  29/60] train_loss=5.0547 val_loss=5.1985 val_score=4.1092 (147s)
[epoch  30/60] train_loss=5.0372 val_loss=5.1877 val_score=4.0581 (153s)
[epoch  31/60] train_loss=5.0236 val_loss=5.1839 val_score=4.1105 (159s)
[epoch  32/60] train_loss=5.0144 val_loss=5.1920 val_score=4.0298 (165s)
[epoch  33/60] train_loss=4.9962 val_loss=5.1774 val_score=4.0935 (171s)
[epoch  34/60] train_loss=4.9845 val_loss=5.1423 val_score=4.1096 (177s)
[epoch  35/60] train_loss=4.9811 val_loss=5.1516 val_score=4.0185 (183s)
[epoch  36/60] train_loss=4.9662 val_loss=5.1366 val_score=4.0286 (189s)
[epoch  37/60] train_loss=4.9388 val_loss=5.1411 val_score=4.0784 (194s)
[epoch  38/60] train_loss=4.9222 val_loss=5.1232 val_score=4.0454 (200s)
[epoch  39/60] train_loss=4.9205 val_loss=5.1250 val_score=4.0708 (206s)
[epoch  40/60] train_loss=4.9084 val_loss=5.1138 val_score=4.0945 (212s)
[epoch  41/60] train_loss=4.8930 val_loss=5.1331 val_score=4.1157 (218s)
[epoch  42/60] train_loss=4.8795 val_loss=5.1203 val_score=4.1189 (223s)
[epoch  43/60] train_loss=4.8718 val_loss=5.1144 val_score=4.1520 (229s)
[epoch  44/60] train_loss=4.8671 val_loss=5.1067 val_score=4.1028 (235s)
[epoch  45/60] train_loss=4.8538 val_loss=5.0937 val_score=4.0934 (241s)
[epoch  46/60] train_loss=4.8413 val_loss=5.1013 val_score=4.1438 (246s)
[epoch  47/60] train_loss=4.8317 val_loss=5.0928 val_score=4.1020 (252s)
[epoch  48/60] train_loss=4.8141 val_loss=5.0917 val_score=4.1635 (258s)
[epoch  49/60] train_loss=4.8075 val_loss=5.0709 val_score=4.0944 (263s)
[epoch  50/60] train_loss=4.7841 val_loss=5.0763 val_score=4.1274 (269s)
[epoch  51/60] train_loss=4.7931 val_loss=5.0931 val_score=4.1444 (275s)
[epoch  52/60] train_loss=4.7798 val_loss=5.0584 val_score=4.1546 (281s)
[epoch  53/60] train_loss=4.7589 val_loss=5.0411 val_score=4.1729 (287s)
[epoch  54/60] train_loss=4.7566 val_loss=5.0752 val_score=4.1805 (292s)
[epoch  55/60] train_loss=4.7519 val_loss=5.0693 val_score=4.1556 (298s)
[epoch  56/60] train_loss=4.7473 val_loss=5.0745 val_score=4.2040 (304s)
[epoch  57/60] train_loss=4.7249 val_loss=5.0441 val_score=4.2314 (309s)
[epoch  58/60] train_loss=4.7089 val_loss=5.0862 val_score=4.1705 (315s)
[epoch  59/60] train_loss=4.7151 val_loss=5.0523 val_score=4.1636 (321s)
[epoch  60/60] train_loss=4.7093 val_loss=5.0387 val_score=4.1185 (326s)
最佳 checkpoint 来自 epoch 57，验证集选模分 4.2314
per-label 阈值标定完成
解码调优（目标=em_jaccard）:
  cartridge -> {'mode': 'clamp', 'k_scale': 1.0, 'k_min': 1, 'k_max': 42, 'thr_shift': -0.05, 'ensure_nonempty': False, 'count_quantile': 0.3}  目标值=0.2332
  solvent   -> {'mode': 'clamp', 'k_scale': 1.0, 'k_min': 0, 'k_max': 378, 'thr_shift': 0.0, 'ensure_nonempty': False, 'count_quantile': 0.5} gate=True  目标值=0.1763
验证集（调优后）选模分 4.3026，链路正确率 0.4588

=== 测试集（基数感知解码）===
样本数 1145（有流程信息 1043，无流程信息 102）
Hit@1 可校验子集大小 143

Hit@1 旧口径（两处免检都在）      : 0.4157
Hit@1 去掉无流程信息免检          : 0.4286
Hit@1 仅可校验子集（推荐主指标）  : 0.6573
Hit@1 缺 ratio 标注判失败（最严） : 0.0901
前三段链路正确率（不看 ratio）    : 0.4756

StrictAcc 旧口径 / 仅有流程信息   : 0.0236 / 0.0067
SSS 旧口径 / 仅有流程信息         : 0.5251 / 0.4933
HC 旧口径 / 仅有流程信息          : 0.9041 / 0.8947
GUS                               : 58.2562

Hit@1 失败原因（对全部样本计数，互斥）：
  cartridge top-1 错     : 480
  step top-1 错          : 2
  solvent top-1 错       : 138
  ratio 超差             : 49
  ratio 无标注(旧口径免检): 353
  无流程信息(旧口径免检)  : 29

预测集合大小： {'cartridge_pred_mean': 1.3938864628820962, 'cartridge_true_mean': 3.274235725402832, 'solvent_pred_mean': 10.957813998082454, 'solvent_true_mean': 15.235857963562012}

全部结果已写入 output/improve21/s8_EMt08_init42
