样本数 11441  切分 train/val/test = 9152/1144/1145
输入维度 21（21 维描述符，未启用官能团）
cartridge 类别 42  步骤 5  溶剂组合词表 378
数据划分种子 42，初始化/训练种子 102（划分不受影响）
/Users/zysu/Library/Python/3.9/lib/python/site-packages/torch/utils/data/dataloader.py:666: UserWarning: 'pin_memory' argument is set as true but no accelerator is found, then device pinned memory won't be used.
  warnings.warn(warn_msg)
[epoch   1/60] train_loss=6.2177 val_loss=5.9730 val_score=3.5624 (4s)
[epoch   2/60] train_loss=5.8800 val_loss=5.8451 val_score=3.7446 (8s)
[epoch   3/60] train_loss=5.7758 val_loss=5.7634 val_score=3.6660 (13s)
[epoch   4/60] train_loss=5.7047 val_loss=5.7000 val_score=3.7960 (17s)
[epoch   5/60] train_loss=5.6527 val_loss=5.6528 val_score=3.8089 (22s)
[epoch   6/60] train_loss=5.5933 val_loss=5.6072 val_score=3.8005 (26s)
[epoch   7/60] train_loss=5.5583 val_loss=5.5536 val_score=3.8835 (31s)
[epoch   8/60] train_loss=5.5249 val_loss=5.5190 val_score=3.8684 (36s)
[epoch   9/60] train_loss=5.4769 val_loss=5.4842 val_score=3.9064 (40s)
[epoch  10/60] train_loss=5.4393 val_loss=5.4465 val_score=3.8996 (45s)
[epoch  11/60] train_loss=5.4201 val_loss=5.4196 val_score=3.9648 (50s)
[epoch  12/60] train_loss=5.3829 val_loss=5.4127 val_score=3.9484 (55s)
[epoch  13/60] train_loss=5.3653 val_loss=5.3771 val_score=3.9583 (60s)
[epoch  14/60] train_loss=5.3371 val_loss=5.3772 val_score=3.9550 (65s)
[epoch  15/60] train_loss=5.3148 val_loss=5.3640 val_score=3.9474 (70s)
[epoch  16/60] train_loss=5.2921 val_loss=5.3354 val_score=3.9943 (76s)
[epoch  17/60] train_loss=5.2669 val_loss=5.3140 val_score=4.0019 (81s)
[epoch  18/60] train_loss=5.2525 val_loss=5.2882 val_score=4.0043 (86s)
[epoch  19/60] train_loss=5.2254 val_loss=5.2706 val_score=3.9447 (91s)
[epoch  20/60] train_loss=5.2073 val_loss=5.2844 val_score=3.9904 (96s)
[epoch  21/60] train_loss=5.1910 val_loss=5.2577 val_score=3.9767 (102s)
[epoch  22/60] train_loss=5.1789 val_loss=5.2423 val_score=4.0680 (107s)
[epoch  23/60] train_loss=5.1564 val_loss=5.2323 val_score=4.0516 (113s)
[epoch  24/60] train_loss=5.1364 val_loss=5.2211 val_score=4.0608 (119s)
[epoch  25/60] train_loss=5.1211 val_loss=5.2151 val_score=3.9591 (125s)
[epoch  26/60] train_loss=5.0953 val_loss=5.2022 val_score=4.0484 (131s)
[epoch  27/60] train_loss=5.0904 val_loss=5.1918 val_score=4.0147 (136s)
[epoch  28/60] train_loss=5.0652 val_loss=5.1706 val_score=4.0531 (142s)
[epoch  29/60] train_loss=5.0503 val_loss=5.1782 val_score=4.0493 (148s)
[epoch  30/60] train_loss=5.0371 val_loss=5.1686 val_score=4.0756 (154s)
[epoch  31/60] train_loss=5.0092 val_loss=5.1443 val_score=4.1322 (160s)
[epoch  32/60] train_loss=5.0087 val_loss=5.1357 val_score=4.0757 (166s)
[epoch  33/60] train_loss=4.9814 val_loss=5.1422 val_score=4.0919 (172s)
[epoch  34/60] train_loss=4.9718 val_loss=5.1174 val_score=4.0869 (178s)
[epoch  35/60] train_loss=4.9558 val_loss=5.1036 val_score=4.1103 (184s)
[epoch  36/60] train_loss=4.9498 val_loss=5.1084 val_score=4.1399 (190s)
[epoch  37/60] train_loss=4.9286 val_loss=5.1272 val_score=4.0339 (196s)
[epoch  38/60] train_loss=4.9241 val_loss=5.0932 val_score=4.0912 (202s)
[epoch  39/60] train_loss=4.9125 val_loss=5.0968 val_score=4.0967 (207s)
[epoch  40/60] train_loss=4.8962 val_loss=5.1017 val_score=4.1019 (213s)
[epoch  41/60] train_loss=4.8786 val_loss=5.0931 val_score=4.1071 (219s)
[epoch  42/60] train_loss=4.8679 val_loss=5.0742 val_score=4.1443 (225s)
[epoch  43/60] train_loss=4.8589 val_loss=5.0851 val_score=4.1223 (231s)
[epoch  44/60] train_loss=4.8545 val_loss=5.0636 val_score=4.1131 (236s)
[epoch  45/60] train_loss=4.8265 val_loss=5.0787 val_score=4.1693 (242s)
[epoch  46/60] train_loss=4.8111 val_loss=5.0423 val_score=4.1518 (248s)
[epoch  47/60] train_loss=4.8058 val_loss=5.0655 val_score=4.1255 (254s)
[epoch  48/60] train_loss=4.7982 val_loss=5.0695 val_score=4.1446 (259s)
[epoch  49/60] train_loss=4.7790 val_loss=5.0482 val_score=4.1587 (265s)
[epoch  50/60] train_loss=4.7792 val_loss=5.0427 val_score=4.1986 (271s)
[epoch  51/60] train_loss=4.7667 val_loss=5.0525 val_score=4.1752 (277s)
[epoch  52/60] train_loss=4.7560 val_loss=5.0285 val_score=4.1962 (282s)
[epoch  53/60] train_loss=4.7482 val_loss=5.0335 val_score=4.2120 (288s)
[epoch  54/60] train_loss=4.7259 val_loss=5.0458 val_score=4.1804 (294s)
[epoch  55/60] train_loss=4.7130 val_loss=5.0219 val_score=4.2299 (300s)
[epoch  56/60] train_loss=4.7193 val_loss=5.0239 val_score=4.1665 (305s)
[epoch  57/60] train_loss=4.7092 val_loss=5.0337 val_score=4.1423 (311s)
[epoch  58/60] train_loss=4.7004 val_loss=5.0453 val_score=4.2239 (317s)
[epoch  59/60] train_loss=4.6688 val_loss=5.0190 val_score=4.1830 (322s)
[epoch  60/60] train_loss=4.6737 val_loss=5.0057 val_score=4.1950 (328s)
最佳 checkpoint 来自 epoch 55，验证集选模分 4.2299
per-label 阈值标定完成
解码调优（目标=em_jaccard）:
  cartridge -> {'mode': 'clamp', 'k_scale': 1.0, 'k_min': 1, 'k_max': 42, 'thr_shift': 0.0, 'ensure_nonempty': False, 'count_quantile': 0.3}  目标值=0.2320
  solvent   -> {'mode': 'clamp', 'k_scale': 1.0, 'k_min': 0, 'k_max': 378, 'thr_shift': 0.0, 'ensure_nonempty': False, 'count_quantile': 0.6} gate=True  目标值=0.1756
验证集（调优后）选模分 4.3012，链路正确率 0.4579

=== 测试集（基数感知解码）===
样本数 1145（有流程信息 1043，无流程信息 102）
Hit@1 可校验子集大小 145

Hit@1 旧口径（两处免检都在）      : 0.4122
Hit@1 去掉无流程信息免检          : 0.4257
Hit@1 仅可校验子集（推荐主指标）  : 0.6552
Hit@1 缺 ratio 标注判失败（最严） : 0.0911
前三段链路正确率（不看 ratio）    : 0.4736

StrictAcc 旧口径 / 仅有流程信息   : 0.0245 / 0.0067
SSS 旧口径 / 仅有流程信息         : 0.5229 / 0.4907
HC 旧口径 / 仅有流程信息          : 0.9093 / 0.9005
GUS                               : 58.5856

Hit@1 失败原因（对全部样本计数，互斥）：
  cartridge top-1 错     : 487
  step top-1 错          : 3
  solvent top-1 错       : 133
  ratio 超差             : 50
  ratio 无标注(旧口径免检): 349
  无流程信息(旧口径免检)  : 28

预测集合大小： {'cartridge_pred_mean': 1.3432314410480348, 'cartridge_true_mean': 3.274235725402832, 'solvent_pred_mean': 13.525407478427613, 'solvent_true_mean': 15.235857963562012}

全部结果已写入 output/improve21/s8_EMt08_init102
