样本数 11441  切分 train/val/test = 9152/1144/1145
输入维度 21（21 维描述符，未启用官能团）
cartridge 类别 42  步骤 5  溶剂组合词表 378
数据划分种子 42，初始化/训练种子 103（划分不受影响）
/Users/zysu/Library/Python/3.9/lib/python/site-packages/torch/utils/data/dataloader.py:666: UserWarning: 'pin_memory' argument is set as true but no accelerator is found, then device pinned memory won't be used.
  warnings.warn(warn_msg)
[epoch   1/60] train_loss=6.2212 val_loss=5.9773 val_score=3.5732 (6s)
[epoch   2/60] train_loss=5.8817 val_loss=5.8385 val_score=3.6669 (12s)
[epoch   3/60] train_loss=5.7743 val_loss=5.7449 val_score=3.7299 (17s)
[epoch   4/60] train_loss=5.7008 val_loss=5.6817 val_score=3.7905 (23s)
[epoch   5/60] train_loss=5.6421 val_loss=5.6549 val_score=3.7632 (29s)
[epoch   6/60] train_loss=5.5950 val_loss=5.5846 val_score=3.8801 (34s)
[epoch   7/60] train_loss=5.5485 val_loss=5.5486 val_score=3.8700 (40s)
[epoch   8/60] train_loss=5.5011 val_loss=5.5060 val_score=3.8777 (46s)
[epoch   9/60] train_loss=5.4698 val_loss=5.4765 val_score=3.8690 (51s)
[epoch  10/60] train_loss=5.4396 val_loss=5.4529 val_score=3.8805 (57s)
[epoch  11/60] train_loss=5.4182 val_loss=5.4276 val_score=3.8773 (63s)
[epoch  12/60] train_loss=5.3893 val_loss=5.3940 val_score=3.8930 (69s)
[epoch  13/60] train_loss=5.3620 val_loss=5.3678 val_score=3.9540 (75s)
[epoch  14/60] train_loss=5.3372 val_loss=5.3584 val_score=3.9501 (80s)
[epoch  15/60] train_loss=5.3063 val_loss=5.3385 val_score=3.9965 (86s)
[epoch  16/60] train_loss=5.2870 val_loss=5.3240 val_score=3.9983 (92s)
[epoch  17/60] train_loss=5.2584 val_loss=5.3168 val_score=3.9693 (98s)
[epoch  18/60] train_loss=5.2431 val_loss=5.2690 val_score=3.9479 (103s)
[epoch  19/60] train_loss=5.2198 val_loss=5.2655 val_score=3.9639 (109s)
[epoch  20/60] train_loss=5.2076 val_loss=5.2603 val_score=4.0481 (115s)
[epoch  21/60] train_loss=5.1862 val_loss=5.2322 val_score=4.0268 (121s)
[epoch  22/60] train_loss=5.1666 val_loss=5.2430 val_score=4.0322 (126s)
[epoch  23/60] train_loss=5.1630 val_loss=5.2322 val_score=4.0288 (132s)
[epoch  24/60] train_loss=5.1317 val_loss=5.2190 val_score=4.0615 (138s)
[epoch  25/60] train_loss=5.1226 val_loss=5.1950 val_score=4.0427 (144s)
[epoch  26/60] train_loss=5.1054 val_loss=5.2000 val_score=4.0221 (149s)
[epoch  27/60] train_loss=5.0902 val_loss=5.1798 val_score=4.0560 (155s)
[epoch  28/60] train_loss=5.0694 val_loss=5.1721 val_score=4.0307 (161s)
[epoch  29/60] train_loss=5.0516 val_loss=5.1721 val_score=4.0162 (167s)
[epoch  30/60] train_loss=5.0383 val_loss=5.1700 val_score=4.1085 (172s)
[epoch  31/60] train_loss=5.0338 val_loss=5.1553 val_score=4.0405 (178s)
[epoch  32/60] train_loss=5.0129 val_loss=5.1404 val_score=4.1003 (184s)
[epoch  33/60] train_loss=5.0029 val_loss=5.1566 val_score=4.0618 (190s)
[epoch  34/60] train_loss=4.9877 val_loss=5.1188 val_score=4.0416 (196s)
[epoch  35/60] train_loss=4.9770 val_loss=5.1232 val_score=4.1165 (201s)
[epoch  36/60] train_loss=4.9604 val_loss=5.1114 val_score=4.1341 (207s)
[epoch  37/60] train_loss=4.9415 val_loss=5.1262 val_score=4.1001 (213s)
[epoch  38/60] train_loss=4.9323 val_loss=5.1107 val_score=4.1180 (219s)
[epoch  39/60] train_loss=4.9117 val_loss=5.0909 val_score=4.1262 (224s)
[epoch  40/60] train_loss=4.8962 val_loss=5.0990 val_score=4.1785 (230s)
[epoch  41/60] train_loss=4.9019 val_loss=5.1055 val_score=4.1477 (236s)
[epoch  42/60] train_loss=4.8898 val_loss=5.0818 val_score=4.1088 (242s)
[epoch  43/60] train_loss=4.8727 val_loss=5.0838 val_score=4.1669 (247s)
[epoch  44/60] train_loss=4.8475 val_loss=5.0606 val_score=4.1550 (253s)
[epoch  45/60] train_loss=4.8467 val_loss=5.0770 val_score=4.1566 (259s)
[epoch  46/60] train_loss=4.8382 val_loss=5.0596 val_score=4.1222 (265s)
[epoch  47/60] train_loss=4.8233 val_loss=5.0862 val_score=4.1199 (271s)
[epoch  48/60] train_loss=4.8203 val_loss=5.0588 val_score=4.1268 (276s)
[epoch  49/60] train_loss=4.8038 val_loss=5.0718 val_score=4.1097 (282s)
[epoch  50/60] train_loss=4.7833 val_loss=5.0729 val_score=4.1782 (288s)
[epoch  51/60] train_loss=4.7684 val_loss=5.0543 val_score=4.1765 (294s)
[epoch  52/60] train_loss=4.7661 val_loss=5.0350 val_score=4.1680 (299s)
[epoch  53/60] train_loss=4.7649 val_loss=5.0362 val_score=4.1821 (305s)
[epoch  54/60] train_loss=4.7466 val_loss=5.0265 val_score=4.1185 (311s)
[epoch  55/60] train_loss=4.7359 val_loss=5.0311 val_score=4.2463 (316s)
[epoch  56/60] train_loss=4.7257 val_loss=5.0124 val_score=4.1861 (322s)
[epoch  57/60] train_loss=4.7212 val_loss=5.0284 val_score=4.1982 (328s)
[epoch  58/60] train_loss=4.7071 val_loss=5.0306 val_score=4.1425 (333s)
[epoch  59/60] train_loss=4.7088 val_loss=5.0219 val_score=4.1858 (339s)
[epoch  60/60] train_loss=4.6847 val_loss=5.0332 val_score=4.2125 (344s)
最佳 checkpoint 来自 epoch 55，验证集选模分 4.2463
per-label 阈值标定完成
解码调优（目标=em_jaccard）:
  cartridge -> {'mode': 'cardinality', 'k_scale': 1.0, 'k_min': 1, 'k_max': 42, 'thr_shift': 0.0, 'ensure_nonempty': False, 'count_quantile': 0.3}  目标值=0.2380
  solvent   -> {'mode': 'cardinality', 'k_scale': 1.0, 'k_min': 0, 'k_max': 378, 'thr_shift': 0.0, 'ensure_nonempty': False, 'count_quantile': 0.5} gate=True  目标值=0.1758
验证集（调优后）选模分 4.3238，链路正确率 0.4598

=== 测试集（基数感知解码）===
样本数 1145（有流程信息 1043，无流程信息 102）
Hit@1 可校验子集大小 137

Hit@1 旧口径（两处免检都在）      : 0.4122
Hit@1 去掉无流程信息免检          : 0.4257
Hit@1 仅可校验子集（推荐主指标）  : 0.6496
Hit@1 缺 ratio 标注判失败（最严） : 0.0853
前三段链路正确率（不看 ratio）    : 0.4717

StrictAcc 旧口径 / 仅有流程信息   : 0.0253 / 0.0086
SSS 旧口径 / 仅有流程信息         : 0.5230 / 0.4908
HC 旧口径 / 仅有流程信息          : 0.9162 / 0.9080
GUS                               : 58.0896

Hit@1 失败原因（对全部样本计数，互斥）：
  cartridge top-1 错     : 489
  step top-1 错          : 2
  solvent top-1 错       : 134
  ratio 超差             : 48
  ratio 无标注(旧口径免检): 355
  无流程信息(旧口径免检)  : 28

预测集合大小： {'cartridge_pred_mean': 1.3554585152838428, 'cartridge_true_mean': 3.274235725402832, 'solvent_pred_mean': 11.16490891658677, 'solvent_true_mean': 15.235857963562012}

全部结果已写入 output/improve21/s8_EMt08_init103
