样本数 11441  切分 train/val/test = 9152/1144/1145
输入维度 21（21 维描述符，未启用官能团）
cartridge 类别 42  步骤 5  溶剂组合词表 378
数据划分种子 42，初始化/训练种子 101（划分不受影响）
/Users/zysu/Library/Python/3.9/lib/python/site-packages/torch/utils/data/dataloader.py:666: UserWarning: 'pin_memory' argument is set as true but no accelerator is found, then device pinned memory won't be used.
  warnings.warn(warn_msg)
[epoch   1/60] train_loss=6.2278 val_loss=5.9630 val_score=3.5600 (6s)
[epoch   2/60] train_loss=5.8853 val_loss=5.8371 val_score=3.6256 (11s)
[epoch   3/60] train_loss=5.7818 val_loss=5.7622 val_score=3.7379 (17s)
[epoch   4/60] train_loss=5.7148 val_loss=5.7092 val_score=3.7237 (23s)
[epoch   5/60] train_loss=5.6451 val_loss=5.6433 val_score=3.7979 (28s)
[epoch   6/60] train_loss=5.5905 val_loss=5.6007 val_score=3.8040 (34s)
[epoch   7/60] train_loss=5.5521 val_loss=5.5591 val_score=3.8874 (39s)
[epoch   8/60] train_loss=5.5108 val_loss=5.5191 val_score=3.8653 (45s)
[epoch   9/60] train_loss=5.4768 val_loss=5.4973 val_score=3.9547 (51s)
[epoch  10/60] train_loss=5.4421 val_loss=5.4562 val_score=3.9115 (57s)
[epoch  11/60] train_loss=5.4130 val_loss=5.4401 val_score=3.9532 (62s)
[epoch  12/60] train_loss=5.4014 val_loss=5.4089 val_score=3.8710 (68s)
[epoch  13/60] train_loss=5.3586 val_loss=5.3887 val_score=3.9587 (74s)
[epoch  14/60] train_loss=5.3363 val_loss=5.3716 val_score=3.9243 (80s)
[epoch  15/60] train_loss=5.3186 val_loss=5.3697 val_score=3.9412 (85s)
[epoch  16/60] train_loss=5.3030 val_loss=5.3618 val_score=3.9668 (91s)
[epoch  17/60] train_loss=5.2747 val_loss=5.3277 val_score=3.9658 (97s)
[epoch  18/60] train_loss=5.2603 val_loss=5.3146 val_score=3.9870 (102s)
[epoch  19/60] train_loss=5.2392 val_loss=5.2950 val_score=4.0459 (108s)
[epoch  20/60] train_loss=5.2115 val_loss=5.2796 val_score=3.9877 (114s)
[epoch  21/60] train_loss=5.2000 val_loss=5.2634 val_score=4.0496 (120s)
[epoch  22/60] train_loss=5.1718 val_loss=5.2555 val_score=4.0191 (125s)
[epoch  23/60] train_loss=5.1639 val_loss=5.2268 val_score=4.0787 (131s)
[epoch  24/60] train_loss=5.1461 val_loss=5.2496 val_score=4.0467 (137s)
[epoch  25/60] train_loss=5.1241 val_loss=5.2121 val_score=4.0420 (143s)
[epoch  26/60] train_loss=5.1086 val_loss=5.2024 val_score=4.0636 (148s)
[epoch  27/60] train_loss=5.0998 val_loss=5.2087 val_score=4.0825 (154s)
[epoch  28/60] train_loss=5.0728 val_loss=5.1710 val_score=4.0673 (160s)
[epoch  29/60] train_loss=5.0650 val_loss=5.1830 val_score=4.0463 (165s)
[epoch  30/60] train_loss=5.0404 val_loss=5.1562 val_score=4.0482 (171s)
[epoch  31/60] train_loss=5.0286 val_loss=5.1594 val_score=4.1159 (177s)
[epoch  32/60] train_loss=5.0148 val_loss=5.1513 val_score=4.0547 (183s)
[epoch  33/60] train_loss=4.9946 val_loss=5.1561 val_score=4.1330 (188s)
[epoch  34/60] train_loss=4.9743 val_loss=5.1236 val_score=4.1750 (194s)
[epoch  35/60] train_loss=4.9717 val_loss=5.1345 val_score=4.1531 (200s)
[epoch  36/60] train_loss=4.9684 val_loss=5.1172 val_score=4.1384 (206s)
[epoch  37/60] train_loss=4.9358 val_loss=5.1209 val_score=4.1960 (211s)
[epoch  38/60] train_loss=4.9345 val_loss=5.1141 val_score=4.1290 (217s)
[epoch  39/60] train_loss=4.9218 val_loss=5.1265 val_score=4.1432 (223s)
[epoch  40/60] train_loss=4.9012 val_loss=5.0784 val_score=4.1466 (229s)
[epoch  41/60] train_loss=4.8852 val_loss=5.0751 val_score=4.1059 (234s)
[epoch  42/60] train_loss=4.8820 val_loss=5.0828 val_score=4.1465 (240s)
[epoch  43/60] train_loss=4.8625 val_loss=5.0766 val_score=4.1688 (246s)
[epoch  44/60] train_loss=4.8538 val_loss=5.0718 val_score=4.1845 (251s)
[epoch  45/60] train_loss=4.8409 val_loss=5.0688 val_score=4.1955 (257s)
[epoch  46/60] train_loss=4.8230 val_loss=5.0629 val_score=4.1394 (263s)
[epoch  47/60] train_loss=4.8103 val_loss=5.0553 val_score=4.1860 (269s)
[epoch  48/60] train_loss=4.8092 val_loss=5.0593 val_score=4.1598 (275s)
[epoch  49/60] train_loss=4.8027 val_loss=5.0505 val_score=4.2245 (280s)
[epoch  50/60] train_loss=4.7842 val_loss=5.0717 val_score=4.2056 (286s)
[epoch  51/60] train_loss=4.7774 val_loss=5.0463 val_score=4.1822 (292s)
[epoch  52/60] train_loss=4.7596 val_loss=5.0311 val_score=4.2104 (297s)
[epoch  53/60] train_loss=4.7452 val_loss=5.0405 val_score=4.2313 (303s)
[epoch  54/60] train_loss=4.7349 val_loss=5.0461 val_score=4.2358 (309s)
[epoch  55/60] train_loss=4.7261 val_loss=5.0260 val_score=4.2283 (314s)
[epoch  56/60] train_loss=4.7162 val_loss=5.0322 val_score=4.2128 (320s)
[epoch  57/60] train_loss=4.7032 val_loss=5.0321 val_score=4.1940 (326s)
[epoch  58/60] train_loss=4.6919 val_loss=5.0223 val_score=4.2602 (331s)
[epoch  59/60] train_loss=4.6820 val_loss=5.0090 val_score=4.2076 (337s)
[epoch  60/60] train_loss=4.6794 val_loss=5.0399 val_score=4.1677 (343s)
最佳 checkpoint 来自 epoch 58，验证集选模分 4.2602
per-label 阈值标定完成
解码调优（目标=em_jaccard）:
  cartridge -> {'mode': 'cardinality', 'k_scale': 1.0, 'k_min': 1, 'k_max': 42, 'thr_shift': 0.0, 'ensure_nonempty': False, 'count_quantile': 0.4}  目标值=0.2288
  solvent   -> {'mode': 'clamp', 'k_scale': 1.0, 'k_min': 0, 'k_max': 378, 'thr_shift': 0.0, 'ensure_nonempty': False, 'count_quantile': 0.6} gate=True  目标值=0.1754
验证集（调优后）选模分 4.3335，链路正确率 0.4636

=== 测试集（基数感知解码）===
样本数 1145（有流程信息 1043，无流程信息 102）
Hit@1 可校验子集大小 138

Hit@1 旧口径（两处免检都在）      : 0.4035
Hit@1 去掉无流程信息免检          : 0.4171
Hit@1 仅可校验子集（推荐主指标）  : 0.6667
Hit@1 缺 ratio 标注判失败（最严） : 0.0882
前三段链路正确率（不看 ratio）    : 0.4612

StrictAcc 旧口径 / 仅有流程信息   : 0.0192 / 0.0067
SSS 旧口径 / 仅有流程信息         : 0.5228 / 0.4908
HC 旧口径 / 仅有流程信息          : 0.9022 / 0.8926
GUS                               : 59.1572

Hit@1 失败原因（对全部样本计数，互斥）：
  cartridge top-1 错     : 489
  step top-1 错          : 4
  solvent top-1 错       : 144
  ratio 超差             : 46
  ratio 无标注(旧口径免检): 343
  无流程信息(旧口径免检)  : 27

预测集合大小： {'cartridge_pred_mean': 1.651528384279476, 'cartridge_true_mean': 3.274235725402832, 'solvent_pred_mean': 13.021093000958773, 'solvent_true_mean': 15.235857963562012}

全部结果已写入 output/improve21/s8_EMt08_init101
