样本数 11441  切分 train/val/test = 9152/1144/1145
输入维度 21（21 维描述符，未启用官能团）
cartridge 类别 42  步骤 5  溶剂组合词表 378
数据划分种子 42，初始化/训练种子 101（划分不受影响）
/Users/zysu/Library/Python/3.9/lib/python/site-packages/torch/utils/data/dataloader.py:666: UserWarning: 'pin_memory' argument is set as true but no accelerator is found, then device pinned memory won't be used.
  warnings.warn(warn_msg)
[epoch   1/60] train_loss=1.4655 val_loss=1.3743 val_score=3.4223 (4s)
[epoch   2/60] train_loss=1.3402 val_loss=1.3406 val_score=3.4259 (7s)
[epoch   3/60] train_loss=1.3179 val_loss=1.3156 val_score=3.4381 (11s)
[epoch   4/60] train_loss=1.2895 val_loss=1.2859 val_score=3.5023 (14s)
[epoch   5/60] train_loss=1.2626 val_loss=1.2769 val_score=3.5644 (18s)
[epoch   6/60] train_loss=1.2434 val_loss=1.2542 val_score=3.5844 (22s)
[epoch   7/60] train_loss=1.2298 val_loss=1.2455 val_score=3.5998 (25s)
[epoch   8/60] train_loss=1.2169 val_loss=1.2388 val_score=3.6380 (29s)
[epoch   9/60] train_loss=1.2052 val_loss=1.2322 val_score=3.6729 (33s)
[epoch  10/60] train_loss=1.1979 val_loss=1.2211 val_score=3.6625 (36s)
[epoch  11/60] train_loss=1.1890 val_loss=1.2331 val_score=3.6793 (40s)
[epoch  12/60] train_loss=1.1842 val_loss=1.2190 val_score=3.6423 (44s)
[epoch  13/60] train_loss=1.1762 val_loss=1.2094 val_score=3.6440 (47s)
[epoch  14/60] train_loss=1.1728 val_loss=1.2045 val_score=3.6888 (51s)
[epoch  15/60] train_loss=1.1664 val_loss=1.2098 val_score=3.7061 (55s)
[epoch  16/60] train_loss=1.1590 val_loss=1.2048 val_score=3.6611 (59s)
[epoch  17/60] train_loss=1.1549 val_loss=1.1943 val_score=3.7156 (62s)
[epoch  18/60] train_loss=1.1516 val_loss=1.1936 val_score=3.7033 (66s)
[epoch  19/60] train_loss=1.1407 val_loss=1.2008 val_score=3.7358 (70s)
[epoch  20/60] train_loss=1.1407 val_loss=1.1913 val_score=3.7416 (73s)
[epoch  21/60] train_loss=1.1344 val_loss=1.1858 val_score=3.7058 (77s)
[epoch  22/60] train_loss=1.1313 val_loss=1.1889 val_score=3.6870 (81s)
[epoch  23/60] train_loss=1.1280 val_loss=1.1857 val_score=3.6834 (84s)
[epoch  24/60] train_loss=1.1216 val_loss=1.1849 val_score=3.7388 (88s)
[epoch  25/60] train_loss=1.1178 val_loss=1.1852 val_score=3.7590 (91s)
[epoch  26/60] train_loss=1.1141 val_loss=1.1871 val_score=3.7394 (95s)
[epoch  27/60] train_loss=1.1075 val_loss=1.1789 val_score=3.7354 (99s)
[epoch  28/60] train_loss=1.1103 val_loss=1.1805 val_score=3.7911 (102s)
[epoch  29/60] train_loss=1.1007 val_loss=1.1719 val_score=3.7535 (106s)
[epoch  30/60] train_loss=1.0938 val_loss=1.1723 val_score=3.7816 (110s)
[epoch  31/60] train_loss=1.0949 val_loss=1.1918 val_score=3.7648 (113s)
[epoch  32/60] train_loss=1.0913 val_loss=1.1770 val_score=3.7688 (117s)
[epoch  33/60] train_loss=1.0850 val_loss=1.1686 val_score=3.8131 (121s)
[epoch  34/60] train_loss=1.0859 val_loss=1.1764 val_score=3.7365 (125s)
[epoch  35/60] train_loss=1.0802 val_loss=1.1805 val_score=3.7834 (128s)
[epoch  36/60] train_loss=1.0803 val_loss=1.1721 val_score=3.8037 (132s)
[epoch  37/60] train_loss=1.0751 val_loss=1.1721 val_score=3.8456 (136s)
[epoch  38/60] train_loss=1.0707 val_loss=1.1717 val_score=3.8011 (140s)
[epoch  39/60] train_loss=1.0662 val_loss=1.1846 val_score=3.8063 (143s)
[epoch  40/60] train_loss=1.0639 val_loss=1.1889 val_score=3.8039 (147s)
[epoch  41/60] train_loss=1.0610 val_loss=1.1663 val_score=3.7907 (151s)
[epoch  42/60] train_loss=1.0568 val_loss=1.1847 val_score=3.8268 (154s)
[epoch  43/60] train_loss=1.0578 val_loss=1.1639 val_score=3.8118 (158s)
[epoch  44/60] train_loss=1.0542 val_loss=1.1681 val_score=3.8081 (162s)
[epoch  45/60] train_loss=1.0501 val_loss=1.1632 val_score=3.8679 (165s)
[epoch  46/60] train_loss=1.0458 val_loss=1.1708 val_score=3.8632 (169s)
[epoch  47/60] train_loss=1.0483 val_loss=1.1689 val_score=3.8179 (173s)
[epoch  48/60] train_loss=1.0442 val_loss=1.1572 val_score=3.7768 (177s)
[epoch  49/60] train_loss=1.0391 val_loss=1.1882 val_score=3.8203 (181s)
[epoch  50/60] train_loss=1.0374 val_loss=1.1649 val_score=3.7925 (185s)
[epoch  51/60] train_loss=1.0361 val_loss=1.1772 val_score=3.8413 (188s)
[epoch  52/60] train_loss=1.0330 val_loss=1.1868 val_score=3.8323 (192s)
[epoch  53/60] train_loss=1.0325 val_loss=1.1567 val_score=3.8228 (195s)
[epoch  54/60] train_loss=1.0265 val_loss=1.1771 val_score=3.8667 (199s)
[epoch  55/60] train_loss=1.0253 val_loss=1.1792 val_score=3.8330 (203s)
[epoch  56/60] train_loss=1.0232 val_loss=1.1850 val_score=3.8655 (206s)
[epoch  57/60] train_loss=1.0208 val_loss=1.1722 val_score=3.8560 (210s)
[epoch  58/60] train_loss=1.0168 val_loss=1.1930 val_score=3.8221 (214s)
[epoch  59/60] train_loss=1.0164 val_loss=1.1697 val_score=3.8307 (218s)
[epoch  60/60] train_loss=1.0155 val_loss=1.1793 val_score=3.8438 (221s)
最佳 checkpoint 来自 epoch 45，验证集选模分 3.8679
per-label 阈值标定完成
解码调优（目标=f1）:
  cartridge -> {'mode': 'threshold', 'k_scale': 1.0, 'k_min': 1, 'k_max': 42, 'thr_shift': 0.0, 'ensure_nonempty': False}  目标值=0.4655
  solvent   -> {'mode': 'threshold', 'k_scale': 1.0, 'k_min': 0, 'k_max': 378, 'thr_shift': 0.0, 'ensure_nonempty': False} gate=True  目标值=0.3922
验证集（调优后）选模分 4.0213，链路正确率 0.4167

=== 测试集（基数感知解码）===
样本数 1145（有流程信息 1043，无流程信息 102）
Hit@1 可校验子集大小 118

Hit@1 旧口径（两处免检都在）      : 0.3301
Hit@1 去掉无流程信息免检          : 0.3404
Hit@1 仅可校验子集（推荐主指标）  : 0.3814
Hit@1 缺 ratio 标注判失败（最严） : 0.0431
前三段链路正确率（不看 ratio）    : 0.4104

StrictAcc 旧口径 / 仅有流程信息   : 0.0009 / 0.0000
SSS 旧口径 / 仅有流程信息         : 0.4605 / 0.4239
HC 旧口径 / 仅有流程信息          : 0.9128 / 0.9043
GUS                               : 55.7407

Hit@1 失败原因（对全部样本计数，互斥）：
  cartridge top-1 错     : 555
  step top-1 错          : 2
  solvent top-1 错       : 137
  ratio 超差             : 73
  ratio 无标注(旧口径免检): 310
  无流程信息(旧口径免检)  : 23

预测集合大小： {'cartridge_pred_mean': 6.181659388646288, 'cartridge_true_mean': 3.274235725402832, 'solvent_pred_mean': 33.601150527325025, 'solvent_true_mean': 15.235857963562012}

全部结果已写入 output/noise21/R0_control_init101
