样本数 11441  切分 train/val/test = 9152/1144/1145
输入维度 21（21 维描述符，未启用官能团）
cartridge 类别 42  步骤 5  溶剂组合词表 378
数据划分种子 42，初始化/训练种子 103（划分不受影响）
/Users/zysu/Library/Python/3.9/lib/python/site-packages/torch/utils/data/dataloader.py:666: UserWarning: 'pin_memory' argument is set as true but no accelerator is found, then device pinned memory won't be used.
  warnings.warn(warn_msg)
[epoch   1/60] train_loss=1.6016 val_loss=1.4935 val_score=3.3919 (4s)
[epoch   2/60] train_loss=1.4679 val_loss=1.4659 val_score=3.4683 (9s)
[epoch   3/60] train_loss=1.4355 val_loss=1.4335 val_score=3.4489 (12s)
[epoch   4/60] train_loss=1.4035 val_loss=1.3997 val_score=3.5375 (16s)
[epoch   5/60] train_loss=1.3775 val_loss=1.3836 val_score=3.5516 (20s)
[epoch   6/60] train_loss=1.3588 val_loss=1.3625 val_score=3.6041 (24s)
[epoch   7/60] train_loss=1.3423 val_loss=1.3589 val_score=3.6423 (28s)
[epoch   8/60] train_loss=1.3326 val_loss=1.3539 val_score=3.6650 (32s)
[epoch   9/60] train_loss=1.3242 val_loss=1.3480 val_score=3.7104 (35s)
[epoch  10/60] train_loss=1.3128 val_loss=1.3341 val_score=3.7019 (39s)
[epoch  11/60] train_loss=1.3066 val_loss=1.3301 val_score=3.6698 (43s)
[epoch  12/60] train_loss=1.2997 val_loss=1.3352 val_score=3.7191 (47s)
[epoch  13/60] train_loss=1.2919 val_loss=1.3163 val_score=3.6868 (51s)
[epoch  14/60] train_loss=1.2871 val_loss=1.3181 val_score=3.7706 (55s)
[epoch  15/60] train_loss=1.2773 val_loss=1.3064 val_score=3.6853 (59s)
[epoch  16/60] train_loss=1.2699 val_loss=1.3094 val_score=3.7080 (63s)
[epoch  17/60] train_loss=1.2671 val_loss=1.3077 val_score=3.6650 (67s)
[epoch  18/60] train_loss=1.2625 val_loss=1.3049 val_score=3.7027 (71s)
[epoch  19/60] train_loss=1.2530 val_loss=1.2996 val_score=3.7004 (74s)
[epoch  20/60] train_loss=1.2486 val_loss=1.2980 val_score=3.7363 (78s)
[epoch  21/60] train_loss=1.2473 val_loss=1.3032 val_score=3.7383 (82s)
[epoch  22/60] train_loss=1.2394 val_loss=1.2928 val_score=3.7880 (86s)
[epoch  23/60] train_loss=1.2352 val_loss=1.2905 val_score=3.7575 (90s)
[epoch  24/60] train_loss=1.2263 val_loss=1.2851 val_score=3.7059 (93s)
[epoch  25/60] train_loss=1.2259 val_loss=1.2834 val_score=3.7386 (97s)
[epoch  26/60] train_loss=1.2194 val_loss=1.2939 val_score=3.7326 (101s)
[epoch  27/60] train_loss=1.2162 val_loss=1.2814 val_score=3.7837 (105s)
[epoch  28/60] train_loss=1.2120 val_loss=1.2805 val_score=3.7743 (109s)
[epoch  29/60] train_loss=1.2102 val_loss=1.2818 val_score=3.7728 (113s)
[epoch  30/60] train_loss=1.2073 val_loss=1.2794 val_score=3.7758 (117s)
[epoch  31/60] train_loss=1.2009 val_loss=1.2685 val_score=3.7337 (121s)
[epoch  32/60] train_loss=1.1926 val_loss=1.2834 val_score=3.8059 (125s)
[epoch  33/60] train_loss=1.1956 val_loss=1.2754 val_score=3.8405 (129s)
[epoch  34/60] train_loss=1.1937 val_loss=1.2658 val_score=3.8262 (133s)
[epoch  35/60] train_loss=1.1856 val_loss=1.2661 val_score=3.8124 (138s)
[epoch  36/60] train_loss=1.1839 val_loss=1.2747 val_score=3.7768 (141s)
[epoch  37/60] train_loss=1.1789 val_loss=1.2722 val_score=3.8176 (145s)
[epoch  38/60] train_loss=1.1771 val_loss=1.2957 val_score=3.8031 (149s)
[epoch  39/60] train_loss=1.1739 val_loss=1.2852 val_score=3.8422 (153s)
[epoch  40/60] train_loss=1.1721 val_loss=1.2683 val_score=3.8466 (157s)
[epoch  41/60] train_loss=1.1671 val_loss=1.2751 val_score=3.8115 (161s)
[epoch  42/60] train_loss=1.1678 val_loss=1.2656 val_score=3.8777 (165s)
[epoch  43/60] train_loss=1.1629 val_loss=1.2695 val_score=3.8255 (169s)
[epoch  44/60] train_loss=1.1574 val_loss=1.2593 val_score=3.8244 (173s)
[epoch  45/60] train_loss=1.1568 val_loss=1.2616 val_score=3.8651 (177s)
[epoch  46/60] train_loss=1.1576 val_loss=1.2786 val_score=3.8845 (181s)
[epoch  47/60] train_loss=1.1474 val_loss=1.2673 val_score=3.8166 (185s)
[epoch  48/60] train_loss=1.1496 val_loss=1.2820 val_score=3.8402 (189s)
[epoch  49/60] train_loss=1.1476 val_loss=1.2518 val_score=3.8726 (193s)
[epoch  50/60] train_loss=1.1420 val_loss=1.2697 val_score=3.8364 (197s)
[epoch  51/60] train_loss=1.1414 val_loss=1.2576 val_score=3.8195 (201s)
[epoch  52/60] train_loss=1.1342 val_loss=1.2802 val_score=3.8852 (205s)
[epoch  53/60] train_loss=1.1319 val_loss=1.2791 val_score=3.8627 (209s)
[epoch  54/60] train_loss=1.1321 val_loss=1.2717 val_score=3.8502 (213s)
[epoch  55/60] train_loss=1.1331 val_loss=1.2637 val_score=3.9088 (217s)
[epoch  56/60] train_loss=1.1258 val_loss=1.2703 val_score=3.9061 (220s)
[epoch  57/60] train_loss=1.1230 val_loss=1.2594 val_score=3.8688 (224s)
[epoch  58/60] train_loss=1.1215 val_loss=1.2692 val_score=3.8473 (228s)
[epoch  59/60] train_loss=1.1212 val_loss=1.2876 val_score=3.8592 (232s)
[epoch  60/60] train_loss=1.1178 val_loss=1.2795 val_score=3.8230 (236s)
最佳 checkpoint 来自 epoch 55，验证集选模分 3.9088
per-label 阈值标定完成
解码调优（目标=em_jaccard）:
  cartridge -> {'mode': 'clamp', 'k_scale': 1.2, 'k_min': 1, 'k_max': 42, 'thr_shift': 0.1, 'ensure_nonempty': False, 'count_quantile': None}  目标值=0.1743
  solvent   -> {'mode': 'clamp', 'k_scale': 0.8, 'k_min': 0, 'k_max': 378, 'thr_shift': 0.0, 'ensure_nonempty': False, 'count_quantile': None} gate=True  目标值=0.1604
验证集（调优后）选模分 4.0773，链路正确率 0.4186

=== 测试集（基数感知解码）===
样本数 1145（有流程信息 1043，无流程信息 102）
Hit@1 可校验子集大小 107

Hit@1 旧口径（两处免检都在）      : 0.3336
Hit@1 去掉无流程信息免检          : 0.3384
Hit@1 仅可校验子集（推荐主指标）  : 0.4393
Hit@1 缺 ratio 标注判失败（最严） : 0.0451
前三段链路正确率（不看 ratio）    : 0.3960

StrictAcc 旧口径 / 仅有流程信息   : 0.0052 / 0.0000
SSS 旧口径 / 仅有流程信息         : 0.4898 / 0.4552
HC 旧口径 / 仅有流程信息          : 0.9093 / 0.9005
GUS                               : 57.5248

Hit@1 失败原因（对全部样本计数，互斥）：
  cartridge top-1 错     : 574
  step top-1 错          : 2
  solvent top-1 错       : 127
  ratio 超差             : 60
  ratio 无标注(旧口径免检): 306
  无流程信息(旧口径免检)  : 29

预测集合大小： {'cartridge_pred_mean': 2.5851528384279474, 'cartridge_true_mean': 3.274235725402832, 'solvent_pred_mean': 10.769894534995206, 'solvent_true_mean': 15.235857963562012}

全部结果已写入 output/noise21/R1_step2_init103
