样本数 11441  切分 train/val/test = 9152/1144/1145
输入维度 21（21 维描述符，未启用官能团）
cartridge 类别 42  步骤 5  溶剂组合词表 378
数据划分种子 42，初始化/训练种子 102（划分不受影响）
/Users/zysu/Library/Python/3.9/lib/python/site-packages/torch/utils/data/dataloader.py:666: UserWarning: 'pin_memory' argument is set as true but no accelerator is found, then device pinned memory won't be used.
  warnings.warn(warn_msg)
[epoch   1/60] train_loss=1.6026 val_loss=1.4888 val_score=3.3902 (4s)
[epoch   2/60] train_loss=1.4659 val_loss=1.4635 val_score=3.4136 (8s)
[epoch   3/60] train_loss=1.4392 val_loss=1.4403 val_score=3.5055 (12s)
[epoch   4/60] train_loss=1.4124 val_loss=1.4132 val_score=3.4756 (16s)
[epoch   5/60] train_loss=1.3826 val_loss=1.3847 val_score=3.5231 (20s)
[epoch   6/60] train_loss=1.3635 val_loss=1.3681 val_score=3.6092 (24s)
[epoch   7/60] train_loss=1.3494 val_loss=1.3692 val_score=3.6094 (28s)
[epoch   8/60] train_loss=1.3363 val_loss=1.3504 val_score=3.6111 (32s)
[epoch   9/60] train_loss=1.3264 val_loss=1.3390 val_score=3.6420 (36s)
[epoch  10/60] train_loss=1.3201 val_loss=1.3384 val_score=3.6535 (40s)
[epoch  11/60] train_loss=1.3119 val_loss=1.3328 val_score=3.6480 (43s)
[epoch  12/60] train_loss=1.3030 val_loss=1.3367 val_score=3.6275 (47s)
[epoch  13/60] train_loss=1.2954 val_loss=1.3188 val_score=3.6744 (52s)
[epoch  14/60] train_loss=1.2880 val_loss=1.3126 val_score=3.6894 (56s)
[epoch  15/60] train_loss=1.2825 val_loss=1.3077 val_score=3.6662 (60s)
[epoch  16/60] train_loss=1.2751 val_loss=1.3061 val_score=3.6343 (65s)
[epoch  17/60] train_loss=1.2700 val_loss=1.3130 val_score=3.7233 (69s)
[epoch  18/60] train_loss=1.2661 val_loss=1.3177 val_score=3.7305 (73s)
[epoch  19/60] train_loss=1.2604 val_loss=1.3003 val_score=3.6883 (77s)
[epoch  20/60] train_loss=1.2566 val_loss=1.3016 val_score=3.6401 (81s)
[epoch  21/60] train_loss=1.2502 val_loss=1.3012 val_score=3.7611 (85s)
[epoch  22/60] train_loss=1.2462 val_loss=1.2863 val_score=3.7109 (89s)
[epoch  23/60] train_loss=1.2388 val_loss=1.2873 val_score=3.7446 (93s)
[epoch  24/60] train_loss=1.2378 val_loss=1.2982 val_score=3.7562 (97s)
[epoch  25/60] train_loss=1.2302 val_loss=1.2818 val_score=3.7846 (101s)
[epoch  26/60] train_loss=1.2250 val_loss=1.2841 val_score=3.7895 (105s)
[epoch  27/60] train_loss=1.2206 val_loss=1.2827 val_score=3.7782 (109s)
[epoch  28/60] train_loss=1.2211 val_loss=1.2773 val_score=3.7791 (113s)
[epoch  29/60] train_loss=1.2169 val_loss=1.2838 val_score=3.7468 (118s)
[epoch  30/60] train_loss=1.2116 val_loss=1.2783 val_score=3.7385 (122s)
[epoch  31/60] train_loss=1.2063 val_loss=1.2774 val_score=3.7129 (126s)
[epoch  32/60] train_loss=1.2027 val_loss=1.2813 val_score=3.7652 (130s)
[epoch  33/60] train_loss=1.2004 val_loss=1.2777 val_score=3.8478 (134s)
[epoch  34/60] train_loss=1.1985 val_loss=1.2757 val_score=3.7434 (138s)
[epoch  35/60] train_loss=1.1942 val_loss=1.2863 val_score=3.7370 (142s)
[epoch  36/60] train_loss=1.1936 val_loss=1.2789 val_score=3.8037 (146s)
[epoch  37/60] train_loss=1.1850 val_loss=1.2743 val_score=3.7773 (150s)
[epoch  38/60] train_loss=1.1849 val_loss=1.2802 val_score=3.7758 (154s)
[epoch  39/60] train_loss=1.1823 val_loss=1.2776 val_score=3.7798 (159s)
[epoch  40/60] train_loss=1.1763 val_loss=1.2798 val_score=3.7613 (163s)
[epoch  41/60] train_loss=1.1726 val_loss=1.2673 val_score=3.8303 (167s)
[epoch  42/60] train_loss=1.1710 val_loss=1.2754 val_score=3.7350 (171s)
[epoch  43/60] train_loss=1.1668 val_loss=1.2778 val_score=3.7950 (175s)
[epoch  44/60] train_loss=1.1644 val_loss=1.2694 val_score=3.7775 (179s)
[epoch  45/60] train_loss=1.1591 val_loss=1.2848 val_score=3.8508 (183s)
[epoch  46/60] train_loss=1.1599 val_loss=1.2717 val_score=3.7841 (187s)
[epoch  47/60] train_loss=1.1602 val_loss=1.2627 val_score=3.8360 (191s)
[epoch  48/60] train_loss=1.1528 val_loss=1.2793 val_score=3.8458 (195s)
[epoch  49/60] train_loss=1.1561 val_loss=1.2768 val_score=3.8583 (199s)
[epoch  50/60] train_loss=1.1464 val_loss=1.2625 val_score=3.8427 (203s)
[epoch  51/60] train_loss=1.1491 val_loss=1.2662 val_score=3.7594 (207s)
[epoch  52/60] train_loss=1.1420 val_loss=1.2648 val_score=3.7918 (211s)
[epoch  53/60] train_loss=1.1407 val_loss=1.2622 val_score=3.8499 (215s)
[epoch  54/60] train_loss=1.1410 val_loss=1.2656 val_score=3.8246 (219s)
[epoch  55/60] train_loss=1.1377 val_loss=1.2673 val_score=3.8689 (223s)
[epoch  56/60] train_loss=1.1326 val_loss=1.2670 val_score=3.8054 (227s)
[epoch  57/60] train_loss=1.1317 val_loss=1.2736 val_score=3.8556 (231s)
[epoch  58/60] train_loss=1.1330 val_loss=1.2649 val_score=3.9042 (235s)
[epoch  59/60] train_loss=1.1277 val_loss=1.2757 val_score=3.8835 (239s)
[epoch  60/60] train_loss=1.1251 val_loss=1.2737 val_score=3.8955 (243s)
最佳 checkpoint 来自 epoch 58，验证集选模分 3.9042
per-label 阈值标定完成
解码调优（目标=em_jaccard）:
  cartridge -> {'mode': 'clamp', 'k_scale': 1.5, 'k_min': 1, 'k_max': 42, 'thr_shift': 0.05, 'ensure_nonempty': False}  目标值=0.1690
  solvent   -> {'mode': 'clamp', 'k_scale': 0.8, 'k_min': 0, 'k_max': 378, 'thr_shift': 0.0, 'ensure_nonempty': False} gate=True  目标值=0.1622
验证集（调优后）选模分 4.1022，链路正确率 0.4234

=== 测试集（基数感知解码）===
样本数 1145（有流程信息 1043，无流程信息 102）
Hit@1 可校验子集大小 105

Hit@1 旧口径（两处免检都在）      : 0.3459
Hit@1 去掉无流程信息免检          : 0.3567
Hit@1 仅可校验子集（推荐主指标）  : 0.4381
Hit@1 缺 ratio 标注判失败（最严） : 0.0441
前三段链路正确率（不看 ratio）    : 0.4132

StrictAcc 旧口径 / 仅有流程信息   : 0.0017 / 0.0000
SSS 旧口径 / 仅有流程信息         : 0.4923 / 0.4584
HC 旧口径 / 仅有流程信息          : 0.9064 / 0.8972
GUS                               : 58.5081

Hit@1 失败原因（对全部样本计数，互斥）：
  cartridge top-1 错     : 558
  step top-1 错          : 2
  solvent top-1 错       : 130
  ratio 超差             : 59
  ratio 无标注(旧口径免检): 326
  无流程信息(旧口径免检)  : 24

预测集合大小： {'cartridge_pred_mean': 3.2681222707423583, 'cartridge_true_mean': 3.274235725402832, 'solvent_pred_mean': 11.093000958772771, 'solvent_true_mean': 15.235857963562012}

全部结果已写入 output/noise21/R1_step2_init102
