样本数 11441  切分 train/val/test = 9152/1144/1145
输入维度 21（21 维描述符，未启用官能团）
cartridge 类别 42  步骤 5  溶剂组合词表 378
数据划分种子 42，初始化/训练种子 101（划分不受影响）
/Users/zysu/Library/Python/3.9/lib/python/site-packages/torch/utils/data/dataloader.py:666: UserWarning: 'pin_memory' argument is set as true but no accelerator is found, then device pinned memory won't be used.
  warnings.warn(warn_msg)
[epoch   1/60] train_loss=1.5951 val_loss=1.4967 val_score=3.4274 (4s)
[epoch   2/60] train_loss=1.4687 val_loss=1.4723 val_score=3.3961 (8s)
[epoch   3/60] train_loss=1.4402 val_loss=1.4494 val_score=3.4317 (11s)
[epoch   4/60] train_loss=1.4080 val_loss=1.4062 val_score=3.5105 (16s)
[epoch   5/60] train_loss=1.3772 val_loss=1.3816 val_score=3.5240 (20s)
[epoch   6/60] train_loss=1.3577 val_loss=1.3700 val_score=3.6016 (24s)
[epoch   7/60] train_loss=1.3483 val_loss=1.3579 val_score=3.5665 (29s)
[epoch   8/60] train_loss=1.3347 val_loss=1.3431 val_score=3.6658 (33s)
[epoch   9/60] train_loss=1.3247 val_loss=1.3413 val_score=3.6622 (37s)
[epoch  10/60] train_loss=1.3163 val_loss=1.3355 val_score=3.6708 (41s)
[epoch  11/60] train_loss=1.3110 val_loss=1.3473 val_score=3.6375 (45s)
[epoch  12/60] train_loss=1.3032 val_loss=1.3277 val_score=3.6784 (48s)
[epoch  13/60] train_loss=1.2944 val_loss=1.3282 val_score=3.7170 (52s)
[epoch  14/60] train_loss=1.2893 val_loss=1.3196 val_score=3.6643 (56s)
[epoch  15/60] train_loss=1.2816 val_loss=1.3193 val_score=3.6695 (60s)
[epoch  16/60] train_loss=1.2761 val_loss=1.3186 val_score=3.6998 (64s)
[epoch  17/60] train_loss=1.2701 val_loss=1.3107 val_score=3.7242 (68s)
[epoch  18/60] train_loss=1.2643 val_loss=1.2982 val_score=3.7324 (72s)
[epoch  19/60] train_loss=1.2602 val_loss=1.3019 val_score=3.7424 (76s)
[epoch  20/60] train_loss=1.2539 val_loss=1.2967 val_score=3.7086 (80s)
[epoch  21/60] train_loss=1.2529 val_loss=1.2920 val_score=3.7756 (84s)
[epoch  22/60] train_loss=1.2476 val_loss=1.3044 val_score=3.7279 (87s)
[epoch  23/60] train_loss=1.2397 val_loss=1.2963 val_score=3.7224 (91s)
[epoch  24/60] train_loss=1.2326 val_loss=1.2885 val_score=3.7378 (95s)
[epoch  25/60] train_loss=1.2282 val_loss=1.2956 val_score=3.7550 (99s)
[epoch  26/60] train_loss=1.2236 val_loss=1.3012 val_score=3.6952 (103s)
[epoch  27/60] train_loss=1.2221 val_loss=1.2883 val_score=3.7390 (106s)
[epoch  28/60] train_loss=1.2195 val_loss=1.2772 val_score=3.7691 (110s)
[epoch  29/60] train_loss=1.2112 val_loss=1.2817 val_score=3.7192 (114s)
[epoch  30/60] train_loss=1.2073 val_loss=1.2997 val_score=3.7883 (117s)
[epoch  31/60] train_loss=1.2068 val_loss=1.2815 val_score=3.7824 (121s)
[epoch  32/60] train_loss=1.2023 val_loss=1.2834 val_score=3.7412 (125s)
[epoch  33/60] train_loss=1.1964 val_loss=1.2767 val_score=3.7573 (129s)
[epoch  34/60] train_loss=1.1950 val_loss=1.2769 val_score=3.7670 (133s)
[epoch  35/60] train_loss=1.1920 val_loss=1.2755 val_score=3.7836 (137s)
[epoch  36/60] train_loss=1.1902 val_loss=1.2781 val_score=3.7668 (141s)
[epoch  37/60] train_loss=1.1857 val_loss=1.2722 val_score=3.7734 (144s)
[epoch  38/60] train_loss=1.1791 val_loss=1.2765 val_score=3.7798 (148s)
[epoch  39/60] train_loss=1.1804 val_loss=1.2780 val_score=3.7925 (152s)
[epoch  40/60] train_loss=1.1731 val_loss=1.2853 val_score=3.7842 (156s)
[epoch  41/60] train_loss=1.1695 val_loss=1.2796 val_score=3.7981 (160s)
[epoch  42/60] train_loss=1.1637 val_loss=1.2672 val_score=3.7934 (163s)
[epoch  43/60] train_loss=1.1630 val_loss=1.2793 val_score=3.7532 (167s)
[epoch  44/60] train_loss=1.1647 val_loss=1.2777 val_score=3.8365 (171s)
[epoch  45/60] train_loss=1.1561 val_loss=1.2765 val_score=3.8410 (175s)
[epoch  46/60] train_loss=1.1549 val_loss=1.2666 val_score=3.8191 (179s)
[epoch  47/60] train_loss=1.1532 val_loss=1.2745 val_score=3.7960 (183s)
[epoch  48/60] train_loss=1.1514 val_loss=1.2782 val_score=3.8493 (187s)
[epoch  49/60] train_loss=1.1455 val_loss=1.2731 val_score=3.8752 (191s)
[epoch  50/60] train_loss=1.1430 val_loss=1.2669 val_score=3.9135 (195s)
[epoch  51/60] train_loss=1.1415 val_loss=1.2682 val_score=3.8671 (199s)
[epoch  52/60] train_loss=1.1373 val_loss=1.2802 val_score=3.8833 (203s)
[epoch  53/60] train_loss=1.1335 val_loss=1.2920 val_score=3.8688 (207s)
[epoch  54/60] train_loss=1.1317 val_loss=1.2644 val_score=3.8860 (211s)
[epoch  55/60] train_loss=1.1293 val_loss=1.2787 val_score=3.8735 (214s)
[epoch  56/60] train_loss=1.1279 val_loss=1.2769 val_score=3.8383 (218s)
[epoch  57/60] train_loss=1.1283 val_loss=1.2752 val_score=3.8662 (222s)
[epoch  58/60] train_loss=1.1229 val_loss=1.2827 val_score=3.9009 (226s)
[epoch  59/60] train_loss=1.1199 val_loss=1.2675 val_score=3.8997 (230s)
[epoch  60/60] train_loss=1.1199 val_loss=1.2772 val_score=3.9054 (234s)
最佳 checkpoint 来自 epoch 50，验证集选模分 3.9135
per-label 阈值标定完成
解码调优（目标=em_jaccard）:
  cartridge -> {'mode': 'clamp', 'k_scale': 1.2, 'k_min': 1, 'k_max': 42, 'thr_shift': 0.1, 'ensure_nonempty': False}  目标值=0.1666
  solvent   -> {'mode': 'clamp', 'k_scale': 0.8, 'k_min': 0, 'k_max': 378, 'thr_shift': 0.0, 'ensure_nonempty': False} gate=True  目标值=0.1594
验证集（调优后）选模分 4.0766，链路正确率 0.4234

=== 测试集（基数感知解码）===
样本数 1145（有流程信息 1043，无流程信息 102）
Hit@1 可校验子集大小 108

Hit@1 旧口径（两处免检都在）      : 0.3371
Hit@1 去掉无流程信息免检          : 0.3432
Hit@1 仅可校验子集（推荐主指标）  : 0.3148
Hit@1 缺 ratio 标注判失败（最严） : 0.0326
前三段链路正确率（不看 ratio）    : 0.4142

StrictAcc 旧口径 / 仅有流程信息   : 0.0061 / 0.0000
SSS 旧口径 / 仅有流程信息         : 0.4848 / 0.4496
HC 旧口径 / 仅有流程信息          : 0.9078 / 0.8988
GUS                               : 56.8127

Hit@1 失败原因（对全部样本计数，互斥）：
  cartridge top-1 错     : 559
  step top-1 错          : 2
  solvent top-1 错       : 124
  ratio 超差             : 74
  ratio 无标注(旧口径免检): 324
  无流程信息(旧口径免检)  : 28

预测集合大小： {'cartridge_pred_mean': 2.406113537117904, 'cartridge_true_mean': 3.274235725402832, 'solvent_pred_mean': 10.470757430488973, 'solvent_true_mean': 15.235857963562012}

全部结果已写入 output/noise21/R1_step2_init101
