样本数 11441  切分 train/val/test = 9152/1144/1145
输入维度 21（21 维描述符，未启用官能团）
cartridge 类别 42  步骤 5  溶剂组合词表 378
/Users/zysu/Library/Python/3.9/lib/python/site-packages/torch/utils/data/dataloader.py:666: UserWarning: 'pin_memory' argument is set as true but no accelerator is found, then device pinned memory won't be used.
  warnings.warn(warn_msg)
[epoch   1/60] train_loss=9.4784 val_loss=8.9140 val_score=3.4634 (6s)
[epoch   2/60] train_loss=8.7455 val_loss=8.7340 val_score=3.5573 (12s)
[epoch   3/60] train_loss=8.5503 val_loss=8.5319 val_score=3.7905 (17s)
[epoch   4/60] train_loss=8.3972 val_loss=8.3995 val_score=3.7192 (23s)
[epoch   5/60] train_loss=8.2518 val_loss=8.3101 val_score=3.8586 (29s)
[epoch   6/60] train_loss=8.1534 val_loss=8.2423 val_score=3.9562 (35s)
[epoch   7/60] train_loss=8.0592 val_loss=8.1450 val_score=3.9512 (41s)
[epoch   8/60] train_loss=7.9717 val_loss=8.1137 val_score=3.9567 (46s)
[epoch   9/60] train_loss=7.8980 val_loss=8.0498 val_score=3.9212 (53s)
[epoch  10/60] train_loss=7.8232 val_loss=8.0321 val_score=3.9555 (58s)
[epoch  11/60] train_loss=7.7660 val_loss=7.9627 val_score=4.0410 (64s)
[epoch  12/60] train_loss=7.7033 val_loss=7.9371 val_score=4.0027 (70s)
[epoch  13/60] train_loss=7.6391 val_loss=7.9120 val_score=3.9929 (76s)
[epoch  14/60] train_loss=7.5922 val_loss=7.8517 val_score=4.0137 (82s)
[epoch  15/60] train_loss=7.5332 val_loss=7.8387 val_score=4.0608 (88s)
[epoch  16/60] train_loss=7.4770 val_loss=7.7935 val_score=4.0662 (94s)
[epoch  17/60] train_loss=7.4235 val_loss=7.8089 val_score=4.0756 (100s)
[epoch  18/60] train_loss=7.3702 val_loss=7.7663 val_score=4.0858 (106s)
[epoch  19/60] train_loss=7.3330 val_loss=7.7337 val_score=4.1047 (111s)
[epoch  20/60] train_loss=7.2648 val_loss=7.7459 val_score=4.1285 (117s)
[epoch  21/60] train_loss=7.2324 val_loss=7.7118 val_score=4.1013 (123s)
[epoch  22/60] train_loss=7.1864 val_loss=7.6754 val_score=4.0820 (129s)
[epoch  23/60] train_loss=7.1297 val_loss=7.6928 val_score=4.0722 (134s)
[epoch  24/60] train_loss=7.0900 val_loss=7.6965 val_score=4.1143 (140s)
[epoch  25/60] train_loss=7.0665 val_loss=7.6611 val_score=4.1670 (146s)
[epoch  26/60] train_loss=7.0155 val_loss=7.6897 val_score=4.1732 (151s)
[epoch  27/60] train_loss=6.9730 val_loss=7.6624 val_score=4.1351 (157s)
[epoch  28/60] train_loss=6.9291 val_loss=7.6496 val_score=4.0932 (163s)
[epoch  29/60] train_loss=6.9081 val_loss=7.6352 val_score=4.1268 (169s)
[epoch  30/60] train_loss=6.8664 val_loss=7.6313 val_score=4.1389 (174s)
[epoch  31/60] train_loss=6.8367 val_loss=7.6520 val_score=4.1622 (180s)
[epoch  32/60] train_loss=6.7858 val_loss=7.6665 val_score=4.1805 (186s)
[epoch  33/60] train_loss=6.7572 val_loss=7.6230 val_score=4.1443 (191s)
[epoch  34/60] train_loss=6.7121 val_loss=7.6073 val_score=4.1944 (197s)
[epoch  35/60] train_loss=6.6902 val_loss=7.6195 val_score=4.1226 (203s)
[epoch  36/60] train_loss=6.6643 val_loss=7.6159 val_score=4.1573 (208s)
[epoch  37/60] train_loss=6.6241 val_loss=7.5964 val_score=4.2187 (214s)
[epoch  38/60] train_loss=6.5998 val_loss=7.5379 val_score=4.1857 (220s)
[epoch  39/60] train_loss=6.5683 val_loss=7.5639 val_score=4.1714 (226s)
[epoch  40/60] train_loss=6.5231 val_loss=7.5810 val_score=4.1667 (231s)
[epoch  41/60] train_loss=6.4955 val_loss=7.5421 val_score=4.1997 (237s)
[epoch  42/60] train_loss=6.4579 val_loss=7.5905 val_score=4.2254 (243s)
[epoch  43/60] train_loss=6.4338 val_loss=7.5815 val_score=4.2172 (249s)
[epoch  44/60] train_loss=6.4244 val_loss=7.5780 val_score=4.2610 (255s)
[epoch  45/60] train_loss=6.3797 val_loss=7.5941 val_score=4.2012 (261s)
[epoch  46/60] train_loss=6.3543 val_loss=7.5897 val_score=4.2005 (266s)
[epoch  47/60] train_loss=6.3356 val_loss=7.6031 val_score=4.2168 (272s)
[epoch  48/60] train_loss=6.3210 val_loss=7.5999 val_score=4.1872 (278s)
[epoch  49/60] train_loss=6.2938 val_loss=7.5873 val_score=4.1791 (283s)
[epoch  50/60] train_loss=6.2537 val_loss=7.5654 val_score=4.2116 (289s)
[epoch  51/60] train_loss=6.2325 val_loss=7.5426 val_score=4.1542 (295s)
[epoch  52/60] train_loss=6.2221 val_loss=7.5751 val_score=4.1975 (300s)
[epoch  53/60] train_loss=6.1928 val_loss=7.5837 val_score=4.2212 (306s)
[epoch  54/60] train_loss=6.1457 val_loss=7.6062 val_score=4.2154 (311s)
[epoch  55/60] train_loss=6.1224 val_loss=7.6000 val_score=4.2056 (316s)
[epoch  56/60] train_loss=6.1167 val_loss=7.6083 val_score=4.2237 (322s)
[epoch  57/60] train_loss=6.1114 val_loss=7.5710 val_score=4.2472 (327s)
[epoch  58/60] train_loss=6.0962 val_loss=7.5877 val_score=4.2427 (332s)
[epoch  59/60] train_loss=6.0555 val_loss=7.5776 val_score=4.2100 (338s)
[epoch  60/60] train_loss=6.0511 val_loss=7.5815 val_score=4.2096 (343s)
最佳 checkpoint 来自 epoch 44，验证集选模分 4.2610
per-label 阈值标定完成
解码调优（目标=f1）:
  cartridge -> {'mode': 'threshold', 'k_scale': 1.0, 'k_min': 1, 'k_max': 42, 'thr_shift': 0.0, 'ensure_nonempty': False, 'count_quantile': None}  目标值=0.4829
  solvent   -> {'mode': 'threshold', 'k_scale': 1.0, 'k_min': 0, 'k_max': 378, 'thr_shift': 0.0, 'ensure_nonempty': False, 'count_quantile': None} gate=True  目标值=0.4648
验证集（调优后）选模分 4.3062，链路正确率 0.4598

=== 测试集（基数感知解码）===
样本数 1145（有流程信息 1043，无流程信息 102）
Hit@1 可校验子集大小 151

Hit@1 旧口径（两处免检都在）      : 0.4376
Hit@1 去掉无流程信息免检          : 0.4430
Hit@1 仅可校验子集（推荐主指标）  : 0.7219
Hit@1 缺 ratio 标注判失败（最严） : 0.1045
前三段链路正确率（不看 ratio）    : 0.4832

StrictAcc 旧口径 / 仅有流程信息   : 0.0000 / 0.0000
SSS 旧口径 / 仅有流程信息         : 0.5110 / 0.4791
HC 旧口径 / 仅有流程信息          : 0.9151 / 0.9068
GUS                               : 60.8495

Hit@1 失败原因（对全部样本计数，互斥）：
  cartridge top-1 错     : 463
  step top-1 错          : 2
  solvent top-1 错       : 137
  ratio 超差             : 42
  ratio 无标注(旧口径免检): 353
  无流程信息(旧口径免检)  : 39

预测集合大小： {'cartridge_pred_mean': 6.3982532751091705, 'cartridge_true_mean': 3.274235725402832, 'solvent_pred_mean': 26.459252157238733, 'solvent_true_mean': 15.235857963562012}

全部结果已写入 output/improve21/hp/t03_h512_l2_d0.15_lr0.002_wd0_bs256_init42
