样本数 11441  切分 train/val/test = 9152/1144/1145
输入维度 21（21 维描述符，未启用官能团）
cartridge 类别 42  步骤 5  溶剂组合词表 378
/Users/zysu/Library/Python/3.9/lib/python/site-packages/torch/utils/data/dataloader.py:666: UserWarning: 'pin_memory' argument is set as true but no accelerator is found, then device pinned memory won't be used.
  warnings.warn(warn_msg)
[epoch   1/60] train_loss=9.5394 val_loss=8.9739 val_score=3.4118 (5s)
[epoch   2/60] train_loss=8.8651 val_loss=8.8139 val_score=3.4701 (10s)
[epoch   3/60] train_loss=8.6956 val_loss=8.6940 val_score=3.6422 (14s)
[epoch   4/60] train_loss=8.5781 val_loss=8.5807 val_score=3.7100 (19s)
[epoch   5/60] train_loss=8.4856 val_loss=8.5173 val_score=3.6483 (24s)
[epoch   6/60] train_loss=8.3972 val_loss=8.4233 val_score=3.7148 (29s)
[epoch   7/60] train_loss=8.3341 val_loss=8.3463 val_score=3.8043 (34s)
[epoch   8/60] train_loss=8.2495 val_loss=8.2985 val_score=3.7875 (39s)
[epoch   9/60] train_loss=8.1947 val_loss=8.2301 val_score=3.8418 (43s)
[epoch  10/60] train_loss=8.1293 val_loss=8.1426 val_score=3.8085 (48s)
[epoch  11/60] train_loss=8.0594 val_loss=8.0949 val_score=3.8707 (53s)
[epoch  12/60] train_loss=8.0101 val_loss=8.0805 val_score=3.9270 (58s)
[epoch  13/60] train_loss=7.9675 val_loss=8.0219 val_score=3.9635 (63s)
[epoch  14/60] train_loss=7.9164 val_loss=8.0069 val_score=3.9637 (67s)
[epoch  15/60] train_loss=7.8787 val_loss=7.9789 val_score=3.9882 (72s)
[epoch  16/60] train_loss=7.8352 val_loss=7.9519 val_score=4.0001 (77s)
[epoch  17/60] train_loss=7.7956 val_loss=7.9350 val_score=3.9503 (82s)
[epoch  18/60] train_loss=7.7470 val_loss=7.9087 val_score=4.0218 (86s)
[epoch  19/60] train_loss=7.7129 val_loss=7.8747 val_score=3.9922 (91s)
[epoch  20/60] train_loss=7.6969 val_loss=7.8633 val_score=3.9992 (96s)
[epoch  21/60] train_loss=7.6450 val_loss=7.8566 val_score=4.0049 (101s)
[epoch  22/60] train_loss=7.6173 val_loss=7.8150 val_score=3.9447 (106s)
[epoch  23/60] train_loss=7.5890 val_loss=7.8176 val_score=3.9754 (110s)
[epoch  24/60] train_loss=7.5704 val_loss=7.7984 val_score=4.0099 (115s)
[epoch  25/60] train_loss=7.5339 val_loss=7.7669 val_score=4.0768 (120s)
[epoch  26/60] train_loss=7.4877 val_loss=7.7420 val_score=4.0668 (125s)
[epoch  27/60] train_loss=7.4578 val_loss=7.7358 val_score=4.0604 (130s)
[epoch  28/60] train_loss=7.4249 val_loss=7.7051 val_score=4.0979 (134s)
[epoch  29/60] train_loss=7.4058 val_loss=7.6752 val_score=4.0623 (139s)
[epoch  30/60] train_loss=7.3907 val_loss=7.7068 val_score=4.0749 (144s)
[epoch  31/60] train_loss=7.3549 val_loss=7.6980 val_score=4.1038 (149s)
[epoch  32/60] train_loss=7.3304 val_loss=7.6873 val_score=4.0581 (154s)
[epoch  33/60] train_loss=7.3054 val_loss=7.6655 val_score=4.0213 (159s)
[epoch  34/60] train_loss=7.2905 val_loss=7.6414 val_score=4.0704 (163s)
[epoch  35/60] train_loss=7.2544 val_loss=7.6147 val_score=4.1065 (168s)
[epoch  36/60] train_loss=7.2281 val_loss=7.6476 val_score=4.0743 (173s)
[epoch  37/60] train_loss=7.2191 val_loss=7.5970 val_score=4.0752 (178s)
[epoch  38/60] train_loss=7.1723 val_loss=7.6148 val_score=4.0907 (183s)
[epoch  39/60] train_loss=7.1540 val_loss=7.6164 val_score=4.1093 (188s)
[epoch  40/60] train_loss=7.1427 val_loss=7.5925 val_score=4.0827 (193s)
[epoch  41/60] train_loss=7.1173 val_loss=7.5768 val_score=4.1605 (198s)
[epoch  42/60] train_loss=7.0743 val_loss=7.5889 val_score=4.0781 (202s)
[epoch  43/60] train_loss=7.0744 val_loss=7.5857 val_score=4.0854 (207s)
[epoch  44/60] train_loss=7.0650 val_loss=7.5588 val_score=4.1406 (212s)
[epoch  45/60] train_loss=7.0245 val_loss=7.5564 val_score=4.1134 (217s)
[epoch  46/60] train_loss=6.9940 val_loss=7.5250 val_score=4.1416 (222s)
[epoch  47/60] train_loss=7.0004 val_loss=7.5409 val_score=4.0954 (226s)
[epoch  48/60] train_loss=6.9648 val_loss=7.5534 val_score=4.1277 (231s)
[epoch  49/60] train_loss=6.9626 val_loss=7.5241 val_score=4.1678 (236s)
[epoch  50/60] train_loss=6.9240 val_loss=7.5189 val_score=4.1618 (241s)
[epoch  51/60] train_loss=6.9122 val_loss=7.5226 val_score=4.1762 (246s)
[epoch  52/60] train_loss=6.9291 val_loss=7.4980 val_score=4.1559 (251s)
[epoch  53/60] train_loss=6.8809 val_loss=7.5041 val_score=4.1509 (256s)
[epoch  54/60] train_loss=6.8639 val_loss=7.4812 val_score=4.1771 (260s)
[epoch  55/60] train_loss=6.8463 val_loss=7.4999 val_score=4.1878 (265s)
[epoch  56/60] train_loss=6.8245 val_loss=7.4934 val_score=4.2246 (270s)
[epoch  57/60] train_loss=6.8285 val_loss=7.4983 val_score=4.2402 (274s)
[epoch  58/60] train_loss=6.8123 val_loss=7.4962 val_score=4.1666 (279s)
[epoch  59/60] train_loss=6.7896 val_loss=7.5113 val_score=4.1555 (284s)
[epoch  60/60] train_loss=6.7616 val_loss=7.4978 val_score=4.1667 (289s)
最佳 checkpoint 来自 epoch 57，验证集选模分 4.2402
per-label 阈值标定完成
解码调优（目标=f1）:
  cartridge -> {'mode': 'threshold', 'k_scale': 1.0, 'k_min': 1, 'k_max': 42, 'thr_shift': 0.0, 'ensure_nonempty': False, 'count_quantile': None}  目标值=0.4715
  solvent   -> {'mode': 'threshold', 'k_scale': 1.0, 'k_min': 0, 'k_max': 378, 'thr_shift': 0.0, 'ensure_nonempty': False, 'count_quantile': None} gate=True  目标值=0.4655
验证集（调优后）选模分 4.2896，链路正确率 0.4598

=== 测试集（基数感知解码）===
样本数 1145（有流程信息 1043，无流程信息 102）
Hit@1 可校验子集大小 130

Hit@1 旧口径（两处免检都在）      : 0.4201
Hit@1 去掉无流程信息免检          : 0.4267
Hit@1 仅可校验子集（推荐主指标）  : 0.6308
Hit@1 缺 ratio 标注判失败（最严） : 0.0786
前三段链路正确率（不看 ratio）    : 0.4727

StrictAcc 旧口径 / 仅有流程信息   : 0.0017 / 0.0000
SSS 旧口径 / 仅有流程信息         : 0.5016 / 0.4691
HC 旧口径 / 仅有流程信息          : 0.9121 / 0.9035
GUS                               : 60.6632

Hit@1 失败原因（对全部样本计数，互斥）：
  cartridge top-1 错     : 475
  step top-1 错          : 1
  solvent top-1 错       : 140
  ratio 超差             : 48
  ratio 无标注(旧口径免检): 363
  无流程信息(旧口径免检)  : 36

预测集合大小： {'cartridge_pred_mean': 6.177292576419214, 'cartridge_true_mean': 3.274235725402832, 'solvent_pred_mean': 26.677852348993287, 'solvent_true_mean': 15.235857963562012}

全部结果已写入 output/improve21/hp/t06_h384_l3_d0.2_lr0.002_wd0.001_bs256_init42
