样本数 11441  切分 train/val/test = 9152/1144/1145
输入维度 21（21 维描述符，未启用官能团）
cartridge 类别 42  步骤 5  溶剂组合词表 378
数据划分种子 42，初始化/训练种子 103（划分不受影响）
/Users/zysu/Library/Python/3.9/lib/python/site-packages/torch/utils/data/dataloader.py:666: UserWarning: 'pin_memory' argument is set as true but no accelerator is found, then device pinned memory won't be used.
  warnings.warn(warn_msg)
[epoch   1/60] train_loss=9.1339 val_loss=8.7580 val_score=3.5847 (3s)
[epoch   2/60] train_loss=8.6376 val_loss=8.5710 val_score=3.6388 (6s)
[epoch   3/60] train_loss=8.4842 val_loss=8.4459 val_score=3.7143 (9s)
[epoch   4/60] train_loss=8.3783 val_loss=8.4021 val_score=3.8312 (12s)
[epoch   5/60] train_loss=8.2636 val_loss=8.3081 val_score=3.7825 (14s)
[epoch   6/60] train_loss=8.1851 val_loss=8.2014 val_score=3.8924 (17s)
[epoch   7/60] train_loss=8.1259 val_loss=8.1531 val_score=3.8451 (20s)
[epoch   8/60] train_loss=8.0750 val_loss=8.1989 val_score=3.7898 (23s)
[epoch   9/60] train_loss=8.0226 val_loss=8.0966 val_score=3.8898 (26s)
[epoch  10/60] train_loss=7.9861 val_loss=8.0733 val_score=3.8861 (29s)
[epoch  11/60] train_loss=7.9333 val_loss=8.0305 val_score=3.9166 (32s)
[epoch  12/60] train_loss=7.8781 val_loss=8.0246 val_score=3.9448 (35s)
[epoch  13/60] train_loss=7.8414 val_loss=8.0173 val_score=3.9425 (37s)
[epoch  14/60] train_loss=7.7980 val_loss=7.9509 val_score=3.9814 (40s)
[epoch  15/60] train_loss=7.7650 val_loss=7.9468 val_score=3.9462 (43s)
[epoch  16/60] train_loss=7.7314 val_loss=7.9130 val_score=4.0349 (46s)
[epoch  17/60] train_loss=7.6969 val_loss=7.8522 val_score=3.9995 (49s)
[epoch  18/60] train_loss=7.6525 val_loss=7.8251 val_score=4.0344 (52s)
[epoch  19/60] train_loss=7.6141 val_loss=7.8503 val_score=3.9922 (55s)
[epoch  20/60] train_loss=7.5859 val_loss=7.8387 val_score=3.9979 (58s)
[epoch  21/60] train_loss=7.5408 val_loss=7.8367 val_score=4.0390 (61s)
[epoch  22/60] train_loss=7.5305 val_loss=7.7814 val_score=4.0253 (64s)
[epoch  23/60] train_loss=7.5047 val_loss=7.7894 val_score=4.0055 (67s)
[epoch  24/60] train_loss=7.4590 val_loss=7.8159 val_score=4.0639 (70s)
[epoch  25/60] train_loss=7.4423 val_loss=7.7594 val_score=4.1027 (72s)
[epoch  26/60] train_loss=7.3987 val_loss=7.7250 val_score=4.0492 (75s)
[epoch  27/60] train_loss=7.4082 val_loss=7.6888 val_score=4.1426 (78s)
[epoch  28/60] train_loss=7.3663 val_loss=7.7142 val_score=4.0426 (81s)
[epoch  29/60] train_loss=7.3469 val_loss=7.6768 val_score=4.0353 (84s)
[epoch  30/60] train_loss=7.3105 val_loss=7.6712 val_score=4.1100 (87s)
[epoch  31/60] train_loss=7.2856 val_loss=7.6946 val_score=4.0725 (90s)
[epoch  32/60] train_loss=7.2718 val_loss=7.6821 val_score=4.0478 (93s)
[epoch  33/60] train_loss=7.2394 val_loss=7.6516 val_score=4.0911 (96s)
[epoch  34/60] train_loss=7.2344 val_loss=7.6490 val_score=4.0753 (99s)
[epoch  35/60] train_loss=7.2087 val_loss=7.6595 val_score=4.1167 (101s)
[epoch  36/60] train_loss=7.1743 val_loss=7.5892 val_score=4.1752 (104s)
[epoch  37/60] train_loss=7.1622 val_loss=7.6418 val_score=4.1712 (107s)
[epoch  38/60] train_loss=7.1209 val_loss=7.6381 val_score=4.0695 (110s)
[epoch  39/60] train_loss=7.1154 val_loss=7.6072 val_score=4.1298 (113s)
[epoch  40/60] train_loss=7.0798 val_loss=7.6295 val_score=4.0740 (116s)
[epoch  41/60] train_loss=7.0765 val_loss=7.5999 val_score=4.1324 (119s)
[epoch  42/60] train_loss=7.0514 val_loss=7.6074 val_score=4.1177 (122s)
[epoch  43/60] train_loss=7.0544 val_loss=7.5682 val_score=4.1655 (125s)
[epoch  44/60] train_loss=7.0363 val_loss=7.5824 val_score=4.1485 (128s)
[epoch  45/60] train_loss=7.0113 val_loss=7.5689 val_score=4.1581 (130s)
[epoch  46/60] train_loss=6.9989 val_loss=7.5387 val_score=4.1342 (133s)
[epoch  47/60] train_loss=6.9756 val_loss=7.5821 val_score=4.1829 (136s)
[epoch  48/60] train_loss=6.9478 val_loss=7.5796 val_score=4.1802 (139s)
[epoch  49/60] train_loss=6.9550 val_loss=7.5753 val_score=4.1798 (142s)
[epoch  50/60] train_loss=6.9132 val_loss=7.5560 val_score=4.2089 (145s)
[epoch  51/60] train_loss=6.9073 val_loss=7.5571 val_score=4.1773 (148s)
[epoch  52/60] train_loss=6.9020 val_loss=7.6060 val_score=4.1979 (151s)
[epoch  53/60] train_loss=6.9175 val_loss=7.5946 val_score=4.1216 (154s)
[epoch  54/60] train_loss=6.8645 val_loss=7.5223 val_score=4.2041 (157s)
[epoch  55/60] train_loss=6.8568 val_loss=7.5277 val_score=4.1859 (159s)
[epoch  56/60] train_loss=6.8394 val_loss=7.5023 val_score=4.2438 (162s)
[epoch  57/60] train_loss=6.7980 val_loss=7.5233 val_score=4.1479 (165s)
[epoch  58/60] train_loss=6.8077 val_loss=7.5347 val_score=4.1757 (168s)
[epoch  59/60] train_loss=6.8142 val_loss=7.5420 val_score=4.1840 (171s)
[epoch  60/60] train_loss=6.7885 val_loss=7.5314 val_score=4.1910 (174s)
最佳 checkpoint 来自 epoch 56，验证集选模分 4.2438
per-label 阈值标定完成
解码调优（目标=f1）:
  cartridge -> {'mode': 'threshold', 'k_scale': 1.0, 'k_min': 1, 'k_max': 42, 'thr_shift': 0.0, 'ensure_nonempty': False, 'count_quantile': None}  目标值=0.4660
  solvent   -> {'mode': 'threshold', 'k_scale': 1.0, 'k_min': 0, 'k_max': 378, 'thr_shift': 0.0, 'ensure_nonempty': False, 'count_quantile': None} gate=True  目标值=0.4649
验证集（调优后）选模分 4.3090，链路正确率 0.4626

=== 测试集（基数感知解码）===
样本数 1145（有流程信息 1043，无流程信息 102）
Hit@1 可校验子集大小 149

Hit@1 旧口径（两处免检都在）      : 0.4131
Hit@1 去掉无流程信息免检          : 0.4180
Hit@1 仅可校验子集（推荐主指标）  : 0.6443
Hit@1 缺 ratio 标注判失败（最严） : 0.0920
前三段链路正确率（不看 ratio）    : 0.4688

StrictAcc 旧口径 / 仅有流程信息   : 0.0000 / 0.0000
SSS 旧口径 / 仅有流程信息         : 0.5037 / 0.4714
HC 旧口径 / 仅有流程信息          : 0.9177 / 0.9097
GUS                               : 60.6372

Hit@1 失败原因（对全部样本计数，互斥）：
  cartridge top-1 错     : 491
  step top-1 错          : 1
  solvent top-1 错       : 127
  ratio 超差             : 53
  ratio 无标注(旧口径免检): 340
  无流程信息(旧口径免检)  : 37

预测集合大小： {'cartridge_pred_mean': 6.5091703056768555, 'cartridge_true_mean': 3.274235725402832, 'solvent_pred_mean': 26.383509108341322, 'solvent_true_mean': 15.235857963562012}

全部结果已写入 output/improve21/hp/t07_h384_l3_d0.15_lr0.002_wd1e-05_bs64_init103
