样本数 11441  切分 train/val/test = 9152/1144/1145
输入维度 21（21 维描述符，未启用官能团）
cartridge 类别 42  步骤 5  溶剂组合词表 378
/Users/zysu/Library/Python/3.9/lib/python/site-packages/torch/utils/data/dataloader.py:666: UserWarning: 'pin_memory' argument is set as true but no accelerator is found, then device pinned memory won't be used.
  warnings.warn(warn_msg)
[epoch   1/60] train_loss=9.5173 val_loss=8.9659 val_score=3.4485 (5s)
[epoch   2/60] train_loss=8.7950 val_loss=8.7035 val_score=3.6043 (10s)
[epoch   3/60] train_loss=8.5813 val_loss=8.5854 val_score=3.7119 (15s)
[epoch   4/60] train_loss=8.4282 val_loss=8.4261 val_score=3.6663 (20s)
[epoch   5/60] train_loss=8.2959 val_loss=8.3418 val_score=3.8002 (24s)
[epoch   6/60] train_loss=8.1909 val_loss=8.2504 val_score=3.8397 (29s)
[epoch   7/60] train_loss=8.0986 val_loss=8.1941 val_score=3.9163 (34s)
[epoch   8/60] train_loss=8.0246 val_loss=8.1640 val_score=3.8631 (39s)
[epoch   9/60] train_loss=7.9613 val_loss=8.1018 val_score=3.8729 (44s)
[epoch  10/60] train_loss=7.8936 val_loss=8.0661 val_score=3.9335 (48s)
[epoch  11/60] train_loss=7.8325 val_loss=8.0553 val_score=3.9570 (53s)
[epoch  12/60] train_loss=7.7721 val_loss=7.9939 val_score=3.9337 (58s)
[epoch  13/60] train_loss=7.7266 val_loss=7.9747 val_score=3.9736 (63s)
[epoch  14/60] train_loss=7.6606 val_loss=7.9308 val_score=3.9672 (68s)
[epoch  15/60] train_loss=7.6143 val_loss=7.8825 val_score=3.9959 (73s)
[epoch  16/60] train_loss=7.5660 val_loss=7.8898 val_score=4.0139 (78s)
[epoch  17/60] train_loss=7.5125 val_loss=7.8656 val_score=4.0206 (82s)
[epoch  18/60] train_loss=7.4708 val_loss=7.8357 val_score=4.0183 (87s)
[epoch  19/60] train_loss=7.4143 val_loss=7.8342 val_score=3.9772 (92s)
[epoch  20/60] train_loss=7.3793 val_loss=7.8010 val_score=4.0159 (97s)
[epoch  21/60] train_loss=7.3394 val_loss=7.7790 val_score=3.9985 (101s)
[epoch  22/60] train_loss=7.3086 val_loss=7.7689 val_score=4.0058 (106s)
[epoch  23/60] train_loss=7.2542 val_loss=7.7680 val_score=4.0299 (111s)
[epoch  24/60] train_loss=7.2227 val_loss=7.7389 val_score=4.0790 (116s)
[epoch  25/60] train_loss=7.1785 val_loss=7.6970 val_score=4.0730 (120s)
[epoch  26/60] train_loss=7.1396 val_loss=7.7055 val_score=4.0844 (125s)
[epoch  27/60] train_loss=7.1113 val_loss=7.7059 val_score=4.0580 (130s)
[epoch  28/60] train_loss=7.0920 val_loss=7.6941 val_score=4.1613 (135s)
[epoch  29/60] train_loss=7.0404 val_loss=7.6789 val_score=4.1295 (140s)
[epoch  30/60] train_loss=7.0105 val_loss=7.6521 val_score=4.1572 (144s)
[epoch  31/60] train_loss=6.9839 val_loss=7.6525 val_score=4.1193 (149s)
[epoch  32/60] train_loss=6.9375 val_loss=7.6598 val_score=4.1334 (154s)
[epoch  33/60] train_loss=6.9097 val_loss=7.6535 val_score=4.1328 (159s)
[epoch  34/60] train_loss=6.8772 val_loss=7.6446 val_score=4.1318 (163s)
[epoch  35/60] train_loss=6.8528 val_loss=7.6442 val_score=4.1409 (168s)
[epoch  36/60] train_loss=6.8295 val_loss=7.6459 val_score=4.1343 (173s)
[epoch  37/60] train_loss=6.8027 val_loss=7.6197 val_score=4.1900 (178s)
[epoch  38/60] train_loss=6.7602 val_loss=7.6298 val_score=4.1628 (182s)
[epoch  39/60] train_loss=6.7447 val_loss=7.5889 val_score=4.1671 (188s)
[epoch  40/60] train_loss=6.7146 val_loss=7.5811 val_score=4.1294 (192s)
[epoch  41/60] train_loss=6.6869 val_loss=7.5784 val_score=4.2019 (197s)
[epoch  42/60] train_loss=6.6652 val_loss=7.6043 val_score=4.1588 (202s)
[epoch  43/60] train_loss=6.6336 val_loss=7.5827 val_score=4.1782 (207s)
[epoch  44/60] train_loss=6.6074 val_loss=7.5758 val_score=4.1649 (211s)
[epoch  45/60] train_loss=6.5722 val_loss=7.5930 val_score=4.1658 (216s)
[epoch  46/60] train_loss=6.5592 val_loss=7.6286 val_score=4.1913 (221s)
[epoch  47/60] train_loss=6.5274 val_loss=7.6321 val_score=4.1735 (226s)
[epoch  48/60] train_loss=6.5064 val_loss=7.6081 val_score=4.1958 (230s)
[epoch  49/60] train_loss=6.4726 val_loss=7.6141 val_score=4.1662 (235s)
[epoch  50/60] train_loss=6.4477 val_loss=7.6143 val_score=4.1994 (240s)
[epoch  51/60] train_loss=6.4289 val_loss=7.5628 val_score=4.1925 (245s)
[epoch  52/60] train_loss=6.4136 val_loss=7.5735 val_score=4.2324 (250s)
[epoch  53/60] train_loss=6.3809 val_loss=7.5900 val_score=4.2235 (255s)
[epoch  54/60] train_loss=6.3601 val_loss=7.6023 val_score=4.1917 (259s)
[epoch  55/60] train_loss=6.3429 val_loss=7.5868 val_score=4.2166 (264s)
[epoch  56/60] train_loss=6.3237 val_loss=7.6084 val_score=4.2153 (269s)
[epoch  57/60] train_loss=6.3093 val_loss=7.5632 val_score=4.2002 (274s)
[epoch  58/60] train_loss=6.2711 val_loss=7.5899 val_score=4.1955 (279s)
[epoch  59/60] train_loss=6.2587 val_loss=7.6409 val_score=4.1587 (284s)
[epoch  60/60] train_loss=6.2299 val_loss=7.6033 val_score=4.2358 (290s)
最佳 checkpoint 来自 epoch 60，验证集选模分 4.2358
per-label 阈值标定完成
解码调优（目标=f1）:
  cartridge -> {'mode': 'threshold', 'k_scale': 1.0, 'k_min': 1, 'k_max': 42, 'thr_shift': 0.0, 'ensure_nonempty': False, 'count_quantile': None}  目标值=0.4803
  solvent   -> {'mode': 'threshold', 'k_scale': 1.0, 'k_min': 0, 'k_max': 378, 'thr_shift': 0.0, 'ensure_nonempty': False, 'count_quantile': None} gate=True  目标值=0.4690
验证集（调优后）选模分 4.2853，链路正确率 0.4540

=== 测试集（基数感知解码）===
样本数 1145（有流程信息 1043，无流程信息 102）
Hit@1 可校验子集大小 152

Hit@1 旧口径（两处免检都在）      : 0.4472
Hit@1 去掉无流程信息免检          : 0.4545
Hit@1 仅可校验子集（推荐主指标）  : 0.7434
Hit@1 缺 ratio 标注判失败（最严） : 0.1083
前三段链路正确率（不看 ratio）    : 0.4919

StrictAcc 旧口径 / 仅有流程信息   : 0.0009 / 0.0000
SSS 旧口径 / 仅有流程信息         : 0.5092 / 0.4769
HC 旧口径 / 仅有流程信息          : 0.9137 / 0.9053
GUS                               : 60.8751

Hit@1 失败原因（对全部样本计数，互斥）：
  cartridge top-1 错     : 471
  step top-1 错          : 4
  solvent top-1 错       : 119
  ratio 超差             : 39
  ratio 无标注(旧口径免检): 361
  无流程信息(旧口径免检)  : 38

预测集合大小： {'cartridge_pred_mean': 6.127510917030568, 'cartridge_true_mean': 3.274235725402832, 'solvent_pred_mean': 24.998082454458295, 'solvent_true_mean': 15.235857963562012}

全部结果已写入 output/improve21/hp/t09_h256_l2_d0.1_lr0.001_wd0.001_bs128_init42
