样本数 11441  切分 train/val/test = 9152/1144/1145
输入维度 21（21 维描述符，未启用官能团）
cartridge 类别 42  步骤 5  溶剂组合词表 378
/Users/zysu/Library/Python/3.9/lib/python/site-packages/torch/utils/data/dataloader.py:666: UserWarning: 'pin_memory' argument is set as true but no accelerator is found, then device pinned memory won't be used.
  warnings.warn(warn_msg)
[epoch   1/60] train_loss=9.7245 val_loss=9.0677 val_score=3.3821 (8s)
[epoch   2/60] train_loss=8.9789 val_loss=8.8674 val_score=3.4705 (15s)
[epoch   3/60] train_loss=8.7952 val_loss=8.7417 val_score=3.6105 (23s)
[epoch   4/60] train_loss=8.6893 val_loss=8.6783 val_score=3.6014 (30s)
[epoch   5/60] train_loss=8.5976 val_loss=8.6119 val_score=3.6299 (37s)
[epoch   6/60] train_loss=8.5316 val_loss=8.5484 val_score=3.7210 (44s)
[epoch   7/60] train_loss=8.4616 val_loss=8.4665 val_score=3.7556 (51s)
[epoch   8/60] train_loss=8.3831 val_loss=8.4232 val_score=3.7772 (59s)
[epoch   9/60] train_loss=8.3188 val_loss=8.3497 val_score=3.8377 (66s)
[epoch  10/60] train_loss=8.2664 val_loss=8.3250 val_score=3.8274 (73s)
[epoch  11/60] train_loss=8.2180 val_loss=8.2881 val_score=3.8669 (80s)
[epoch  12/60] train_loss=8.1884 val_loss=8.2453 val_score=3.8842 (87s)
[epoch  13/60] train_loss=8.1336 val_loss=8.2409 val_score=3.8621 (95s)
[epoch  14/60] train_loss=8.0993 val_loss=8.2000 val_score=3.8569 (102s)
[epoch  15/60] train_loss=8.0679 val_loss=8.1786 val_score=3.9090 (109s)
[epoch  16/60] train_loss=8.0386 val_loss=8.1420 val_score=3.9333 (116s)
[epoch  17/60] train_loss=8.0111 val_loss=8.1392 val_score=3.9630 (123s)
[epoch  18/60] train_loss=7.9898 val_loss=8.1156 val_score=3.9109 (130s)
[epoch  19/60] train_loss=7.9399 val_loss=8.1025 val_score=3.9387 (137s)
[epoch  20/60] train_loss=7.9268 val_loss=8.0847 val_score=3.9441 (144s)
[epoch  21/60] train_loss=7.8930 val_loss=8.0770 val_score=3.9606 (151s)
[epoch  22/60] train_loss=7.8790 val_loss=8.0349 val_score=3.9610 (158s)
[epoch  23/60] train_loss=7.8486 val_loss=8.0301 val_score=3.9229 (165s)
[epoch  24/60] train_loss=7.8151 val_loss=8.0148 val_score=4.0007 (172s)
[epoch  25/60] train_loss=7.8028 val_loss=8.0000 val_score=3.9578 (179s)
[epoch  26/60] train_loss=7.7628 val_loss=7.9976 val_score=3.9529 (186s)
[epoch  27/60] train_loss=7.7420 val_loss=7.9716 val_score=3.9648 (193s)
[epoch  28/60] train_loss=7.7148 val_loss=7.9834 val_score=3.8772 (200s)
[epoch  29/60] train_loss=7.7155 val_loss=7.9464 val_score=3.9756 (207s)
[epoch  30/60] train_loss=7.6796 val_loss=7.9311 val_score=3.9689 (214s)
[epoch  31/60] train_loss=7.6617 val_loss=7.9119 val_score=4.0165 (222s)
[epoch  32/60] train_loss=7.6323 val_loss=7.9187 val_score=4.0196 (229s)
[epoch  33/60] train_loss=7.6172 val_loss=7.9045 val_score=4.0074 (236s)
[epoch  34/60] train_loss=7.5914 val_loss=7.9035 val_score=4.0332 (243s)
[epoch  35/60] train_loss=7.5676 val_loss=7.9019 val_score=3.9497 (251s)
[epoch  36/60] train_loss=7.5574 val_loss=7.8711 val_score=4.0458 (258s)
[epoch  37/60] train_loss=7.5239 val_loss=7.8753 val_score=4.0211 (265s)
[epoch  38/60] train_loss=7.5106 val_loss=7.8693 val_score=4.0451 (272s)
[epoch  39/60] train_loss=7.4940 val_loss=7.8540 val_score=4.0347 (279s)
[epoch  40/60] train_loss=7.4707 val_loss=7.8443 val_score=4.0530 (286s)
[epoch  41/60] train_loss=7.4605 val_loss=7.8429 val_score=4.0588 (294s)
[epoch  42/60] train_loss=7.4374 val_loss=7.8218 val_score=4.0350 (301s)
[epoch  43/60] train_loss=7.4322 val_loss=7.8172 val_score=4.0409 (309s)
[epoch  44/60] train_loss=7.3932 val_loss=7.8107 val_score=4.1074 (316s)
[epoch  45/60] train_loss=7.3832 val_loss=7.8063 val_score=4.0616 (324s)
[epoch  46/60] train_loss=7.3655 val_loss=7.8050 val_score=4.0621 (332s)
[epoch  47/60] train_loss=7.3512 val_loss=7.7911 val_score=4.0888 (340s)
[epoch  48/60] train_loss=7.3275 val_loss=7.7834 val_score=4.0088 (347s)
[epoch  49/60] train_loss=7.3200 val_loss=7.7699 val_score=4.0565 (355s)
[epoch  50/60] train_loss=7.3072 val_loss=7.7731 val_score=4.0607 (362s)
[epoch  51/60] train_loss=7.2762 val_loss=7.7712 val_score=4.0862 (370s)
[epoch  52/60] train_loss=7.2733 val_loss=7.7565 val_score=4.0596 (377s)
[epoch  53/60] train_loss=7.2513 val_loss=7.7458 val_score=4.0473 (384s)
[epoch  54/60] train_loss=7.2467 val_loss=7.7321 val_score=4.1090 (391s)
[epoch  55/60] train_loss=7.2324 val_loss=7.7405 val_score=4.0856 (399s)
[epoch  56/60] train_loss=7.1996 val_loss=7.7319 val_score=4.0803 (406s)
[epoch  57/60] train_loss=7.1815 val_loss=7.7162 val_score=4.0591 (413s)
[epoch  58/60] train_loss=7.1782 val_loss=7.7333 val_score=4.0828 (420s)
[epoch  59/60] train_loss=7.1368 val_loss=7.7120 val_score=4.0885 (427s)
[epoch  60/60] train_loss=7.1395 val_loss=7.7185 val_score=4.1151 (434s)
最佳 checkpoint 来自 epoch 60，验证集选模分 4.1151
per-label 阈值标定完成
解码调优（目标=f1）:
  cartridge -> {'mode': 'threshold', 'k_scale': 1.0, 'k_min': 1, 'k_max': 42, 'thr_shift': 0.0, 'ensure_nonempty': False, 'count_quantile': None}  目标值=0.4475
  solvent   -> {'mode': 'threshold', 'k_scale': 1.0, 'k_min': 0, 'k_max': 378, 'thr_shift': 0.0, 'ensure_nonempty': False, 'count_quantile': None} gate=True  目标值=0.4473
验证集（调优后）选模分 4.1596，链路正确率 0.4368

=== 测试集（基数感知解码）===
样本数 1145（有流程信息 1043，无流程信息 102）
Hit@1 可校验子集大小 136

Hit@1 旧口径（两处免检都在）      : 0.4061
Hit@1 去掉无流程信息免检          : 0.4151
Hit@1 仅可校验子集（推荐主指标）  : 0.6618
Hit@1 缺 ratio 标注判失败（最严） : 0.0863
前三段链路正确率（不看 ratio）    : 0.4593

StrictAcc 旧口径 / 仅有流程信息   : 0.0009 / 0.0000
SSS 旧口径 / 仅有流程信息         : 0.4880 / 0.4544
HC 旧口径 / 仅有流程信息          : 0.9079 / 0.8989
GUS                               : 58.8546

Hit@1 失败原因（对全部样本计数，互斥）：
  cartridge top-1 错     : 491
  step top-1 错          : 2
  solvent top-1 错       : 141
  ratio 超差             : 46
  ratio 无标注(旧口径免检): 343
  无流程信息(旧口径免检)  : 32

预测集合大小： {'cartridge_pred_mean': 7.185152838427948, 'cartridge_true_mean': 3.274235725402832, 'solvent_pred_mean': 26.33652924256951, 'solvent_true_mean': 15.235857963562012}

全部结果已写入 output/improve21/hp/t11_h256_l3_d0.15_lr0.0003_wd0.001_bs64_init42
