样本数 11441  切分 train/val/test = 9152/1144/1145
输入维度 21（21 维描述符，未启用官能团）
cartridge 类别 42  步骤 5  溶剂组合词表 378
/Users/zysu/Library/Python/3.9/lib/python/site-packages/torch/utils/data/dataloader.py:666: UserWarning: 'pin_memory' argument is set as true but no accelerator is found, then device pinned memory won't be used.
  warnings.warn(warn_msg)
[epoch   1/60] train_loss=10.5471 val_loss=9.3648 val_score=3.3645 (5s)
[epoch   2/60] train_loss=9.2377 val_loss=9.1015 val_score=3.3685 (10s)
[epoch   3/60] train_loss=9.0480 val_loss=8.9825 val_score=3.4791 (15s)
[epoch   4/60] train_loss=8.9219 val_loss=8.8678 val_score=3.4926 (20s)
[epoch   5/60] train_loss=8.8120 val_loss=8.7930 val_score=3.5162 (24s)
[epoch   6/60] train_loss=8.7313 val_loss=8.7516 val_score=3.5192 (27s)
[epoch   7/60] train_loss=8.6629 val_loss=8.6852 val_score=3.5899 (30s)
[epoch   8/60] train_loss=8.6102 val_loss=8.6375 val_score=3.6325 (33s)
[epoch   9/60] train_loss=8.5684 val_loss=8.5998 val_score=3.6761 (37s)
[epoch  10/60] train_loss=8.5043 val_loss=8.5507 val_score=3.6853 (40s)
[epoch  11/60] train_loss=8.4459 val_loss=8.5130 val_score=3.7185 (43s)
[epoch  12/60] train_loss=8.3972 val_loss=8.4478 val_score=3.7732 (46s)
[epoch  13/60] train_loss=8.3609 val_loss=8.4328 val_score=3.7999 (50s)
[epoch  14/60] train_loss=8.3088 val_loss=8.3904 val_score=3.8756 (53s)
[epoch  15/60] train_loss=8.2635 val_loss=8.3579 val_score=3.8805 (56s)
[epoch  16/60] train_loss=8.2260 val_loss=8.3313 val_score=3.8680 (59s)
[epoch  17/60] train_loss=8.1892 val_loss=8.3176 val_score=3.8350 (62s)
[epoch  18/60] train_loss=8.1507 val_loss=8.2818 val_score=3.9195 (65s)
[epoch  19/60] train_loss=8.1193 val_loss=8.2698 val_score=3.9035 (68s)
[epoch  20/60] train_loss=8.0852 val_loss=8.2469 val_score=3.9271 (71s)
[epoch  21/60] train_loss=8.0570 val_loss=8.2330 val_score=3.9211 (74s)
[epoch  22/60] train_loss=8.0296 val_loss=8.2213 val_score=3.9240 (77s)
[epoch  23/60] train_loss=7.9999 val_loss=8.2010 val_score=3.9467 (80s)
[epoch  24/60] train_loss=7.9823 val_loss=8.1647 val_score=3.9156 (84s)
[epoch  25/60] train_loss=7.9459 val_loss=8.1610 val_score=3.9993 (87s)
[epoch  26/60] train_loss=7.9248 val_loss=8.1306 val_score=3.9728 (90s)
[epoch  27/60] train_loss=7.9060 val_loss=8.1227 val_score=3.9597 (93s)
[epoch  28/60] train_loss=7.8742 val_loss=8.1171 val_score=3.9690 (96s)
[epoch  29/60] train_loss=7.8490 val_loss=8.1072 val_score=3.9256 (99s)
[epoch  30/60] train_loss=7.8313 val_loss=8.0908 val_score=3.9913 (102s)
[epoch  31/60] train_loss=7.8028 val_loss=8.0890 val_score=3.9217 (105s)
[epoch  32/60] train_loss=7.7882 val_loss=8.0875 val_score=3.9590 (109s)
[epoch  33/60] train_loss=7.7584 val_loss=8.0555 val_score=3.9481 (112s)
[epoch  34/60] train_loss=7.7436 val_loss=8.0378 val_score=3.9822 (115s)
[epoch  35/60] train_loss=7.7202 val_loss=8.0387 val_score=3.9098 (118s)
[epoch  36/60] train_loss=7.7039 val_loss=8.0520 val_score=4.0003 (121s)
[epoch  37/60] train_loss=7.6770 val_loss=8.0217 val_score=3.9362 (124s)
[epoch  38/60] train_loss=7.6551 val_loss=8.0167 val_score=3.9273 (127s)
[epoch  39/60] train_loss=7.6334 val_loss=8.0070 val_score=3.9578 (130s)
[epoch  40/60] train_loss=7.6167 val_loss=8.0102 val_score=3.9199 (133s)
[epoch  41/60] train_loss=7.5963 val_loss=7.9984 val_score=3.9490 (136s)
[epoch  42/60] train_loss=7.5925 val_loss=7.9749 val_score=3.9656 (139s)
[epoch  43/60] train_loss=7.5620 val_loss=7.9670 val_score=3.9539 (142s)
[epoch  44/60] train_loss=7.5335 val_loss=7.9637 val_score=3.9935 (145s)
[epoch  45/60] train_loss=7.5394 val_loss=7.9454 val_score=4.0139 (148s)
[epoch  46/60] train_loss=7.5117 val_loss=7.9570 val_score=3.9569 (151s)
[epoch  47/60] train_loss=7.5015 val_loss=7.9614 val_score=3.9459 (154s)
[epoch  48/60] train_loss=7.4817 val_loss=7.9489 val_score=4.0078 (157s)
[epoch  49/60] train_loss=7.4642 val_loss=7.9336 val_score=3.9914 (160s)
[epoch  50/60] train_loss=7.4446 val_loss=7.9305 val_score=3.9569 (163s)
[epoch  51/60] train_loss=7.4256 val_loss=7.9147 val_score=4.0088 (167s)
[epoch  52/60] train_loss=7.4024 val_loss=7.9063 val_score=4.0207 (170s)
[epoch  53/60] train_loss=7.3754 val_loss=7.8944 val_score=4.0067 (173s)
[epoch  54/60] train_loss=7.3610 val_loss=7.8945 val_score=3.9688 (176s)
[epoch  55/60] train_loss=7.3507 val_loss=7.8918 val_score=3.9848 (179s)
[epoch  56/60] train_loss=7.3392 val_loss=7.8852 val_score=4.0008 (182s)
[epoch  57/60] train_loss=7.3248 val_loss=7.8647 val_score=3.9718 (185s)
[epoch  58/60] train_loss=7.3034 val_loss=7.8612 val_score=4.0128 (188s)
[epoch  59/60] train_loss=7.2838 val_loss=7.8750 val_score=3.9935 (191s)
[epoch  60/60] train_loss=7.2678 val_loss=7.8687 val_score=4.0141 (194s)
最佳 checkpoint 来自 epoch 52，验证集选模分 4.0207
per-label 阈值标定完成
解码调优（目标=f1）:
  cartridge -> {'mode': 'threshold', 'k_scale': 1.0, 'k_min': 1, 'k_max': 42, 'thr_shift': 0.0, 'ensure_nonempty': False, 'count_quantile': None}  目标值=0.4242
  solvent   -> {'mode': 'threshold', 'k_scale': 1.0, 'k_min': 0, 'k_max': 378, 'thr_shift': 0.1, 'ensure_nonempty': False, 'count_quantile': None} gate=False  目标值=0.4276
验证集（调优后）选模分 4.0471，链路正确率 0.4215

=== 测试集（基数感知解码）===
样本数 1145（有流程信息 1043，无流程信息 102）
Hit@1 可校验子集大小 120

Hit@1 旧口径（两处免检都在）      : 0.3852
Hit@1 去掉无流程信息免检          : 0.3960
Hit@1 仅可校验子集（推荐主指标）  : 0.5917
Hit@1 缺 ratio 标注判失败（最严） : 0.0681
前三段链路正确率（不看 ratio）    : 0.4430

StrictAcc 旧口径 / 仅有流程信息   : 0.0017 / 0.0000
SSS 旧口径 / 仅有流程信息         : 0.4904 / 0.4570
HC 旧口径 / 仅有流程信息          : 0.8865 / 0.8754
GUS                               : 57.8085

Hit@1 失败原因（对全部样本计数，互斥）：
  cartridge top-1 错     : 511
  step top-1 错          : 4
  solvent top-1 错       : 140
  ratio 超差             : 49
  ratio 无标注(旧口径免检): 342
  无流程信息(旧口径免检)  : 28

预测集合大小： {'cartridge_pred_mean': 7.783406113537118, 'cartridge_true_mean': 3.274235725402832, 'solvent_pred_mean': 19.416107382550337, 'solvent_true_mean': 15.235857963562012}

全部结果已写入 output/improve21/hp/t13_h384_l3_d0.15_lr0.0003_wd0.0001_bs256_init42
