样本数 11441  切分 train/val/test = 9152/1144/1145
输入维度 21（21 维描述符，未启用官能团）
cartridge 类别 42  步骤 5  溶剂组合词表 378
/Users/zysu/Library/Python/3.9/lib/python/site-packages/torch/utils/data/dataloader.py:666: UserWarning: 'pin_memory' argument is set as true but no accelerator is found, then device pinned memory won't be used.
  warnings.warn(warn_msg)
[epoch   1/60] train_loss=10.2123 val_loss=9.2003 val_score=3.3645 (3s)
[epoch   2/60] train_loss=9.1322 val_loss=8.9920 val_score=3.3990 (7s)
[epoch   3/60] train_loss=8.9260 val_loss=8.8542 val_score=3.5154 (11s)
[epoch   4/60] train_loss=8.7830 val_loss=8.7320 val_score=3.5976 (14s)
[epoch   5/60] train_loss=8.6750 val_loss=8.6766 val_score=3.6519 (17s)
[epoch   6/60] train_loss=8.5899 val_loss=8.6248 val_score=3.6211 (21s)
[epoch   7/60] train_loss=8.5192 val_loss=8.5862 val_score=3.6974 (24s)
[epoch   8/60] train_loss=8.4380 val_loss=8.4996 val_score=3.7038 (27s)
[epoch   9/60] train_loss=8.3774 val_loss=8.4247 val_score=3.7869 (30s)
[epoch  10/60] train_loss=8.3102 val_loss=8.3872 val_score=3.7731 (33s)
[epoch  11/60] train_loss=8.2520 val_loss=8.3287 val_score=3.8603 (36s)
[epoch  12/60] train_loss=8.2117 val_loss=8.3009 val_score=3.8783 (39s)
[epoch  13/60] train_loss=8.1619 val_loss=8.2865 val_score=3.8721 (42s)
[epoch  14/60] train_loss=8.1088 val_loss=8.2433 val_score=3.9419 (45s)
[epoch  15/60] train_loss=8.0709 val_loss=8.2103 val_score=3.8501 (48s)
[epoch  16/60] train_loss=8.0351 val_loss=8.1808 val_score=3.9108 (52s)
[epoch  17/60] train_loss=8.0001 val_loss=8.1647 val_score=3.9077 (55s)
[epoch  18/60] train_loss=7.9737 val_loss=8.1321 val_score=3.9295 (58s)
[epoch  19/60] train_loss=7.9372 val_loss=8.1160 val_score=3.9179 (61s)
[epoch  20/60] train_loss=7.9020 val_loss=8.0974 val_score=3.9734 (64s)
[epoch  21/60] train_loss=7.8676 val_loss=8.0690 val_score=4.0033 (67s)
[epoch  22/60] train_loss=7.8383 val_loss=8.0677 val_score=3.9753 (70s)
[epoch  23/60] train_loss=7.8229 val_loss=8.0447 val_score=3.9598 (73s)
[epoch  24/60] train_loss=7.7798 val_loss=8.0282 val_score=3.9772 (77s)
[epoch  25/60] train_loss=7.7649 val_loss=8.0161 val_score=3.9145 (80s)
[epoch  26/60] train_loss=7.7332 val_loss=7.9931 val_score=3.9617 (83s)
[epoch  27/60] train_loss=7.7133 val_loss=7.9787 val_score=3.9773 (86s)
[epoch  28/60] train_loss=7.6791 val_loss=7.9751 val_score=4.0085 (89s)
[epoch  29/60] train_loss=7.6515 val_loss=7.9610 val_score=3.9411 (92s)
[epoch  30/60] train_loss=7.6319 val_loss=7.9442 val_score=4.0057 (95s)
[epoch  31/60] train_loss=7.6189 val_loss=7.9273 val_score=3.9628 (98s)
[epoch  32/60] train_loss=7.5703 val_loss=7.9130 val_score=3.9965 (101s)
[epoch  33/60] train_loss=7.5609 val_loss=7.9141 val_score=3.9804 (104s)
[epoch  34/60] train_loss=7.5458 val_loss=7.8956 val_score=4.0138 (107s)
[epoch  35/60] train_loss=7.5235 val_loss=7.8861 val_score=4.0585 (110s)
[epoch  36/60] train_loss=7.5029 val_loss=7.8666 val_score=4.0298 (113s)
[epoch  37/60] train_loss=7.4845 val_loss=7.8584 val_score=3.9967 (116s)
[epoch  38/60] train_loss=7.4615 val_loss=7.8504 val_score=4.0467 (119s)
[epoch  39/60] train_loss=7.4359 val_loss=7.8350 val_score=4.0770 (122s)
[epoch  40/60] train_loss=7.4174 val_loss=7.8252 val_score=4.0466 (125s)
[epoch  41/60] train_loss=7.3987 val_loss=7.8180 val_score=4.0946 (128s)
[epoch  42/60] train_loss=7.3761 val_loss=7.7963 val_score=4.1063 (131s)
[epoch  43/60] train_loss=7.3574 val_loss=7.7886 val_score=4.0801 (134s)
[epoch  44/60] train_loss=7.3448 val_loss=7.7890 val_score=4.0200 (138s)
[epoch  45/60] train_loss=7.3124 val_loss=7.7791 val_score=4.0767 (141s)
[epoch  46/60] train_loss=7.3085 val_loss=7.7597 val_score=4.0985 (144s)
[epoch  47/60] train_loss=7.2875 val_loss=7.7674 val_score=4.0460 (147s)
[epoch  48/60] train_loss=7.2622 val_loss=7.7410 val_score=4.1064 (150s)
[epoch  49/60] train_loss=7.2450 val_loss=7.7500 val_score=4.0638 (153s)
[epoch  50/60] train_loss=7.2254 val_loss=7.7269 val_score=4.1355 (157s)
[epoch  51/60] train_loss=7.2049 val_loss=7.7381 val_score=4.0840 (160s)
[epoch  52/60] train_loss=7.1958 val_loss=7.7037 val_score=4.1078 (163s)
[epoch  53/60] train_loss=7.1717 val_loss=7.7092 val_score=4.1000 (166s)
[epoch  54/60] train_loss=7.1679 val_loss=7.6909 val_score=4.1452 (169s)
[epoch  55/60] train_loss=7.1624 val_loss=7.7040 val_score=4.0966 (172s)
[epoch  56/60] train_loss=7.1239 val_loss=7.6780 val_score=4.1586 (175s)
[epoch  57/60] train_loss=7.1139 val_loss=7.7003 val_score=4.1890 (178s)
[epoch  58/60] train_loss=7.0944 val_loss=7.7005 val_score=4.1862 (181s)
[epoch  59/60] train_loss=7.0703 val_loss=7.6917 val_score=4.1499 (184s)
[epoch  60/60] train_loss=7.0686 val_loss=7.6867 val_score=4.1704 (188s)
最佳 checkpoint 来自 epoch 57，验证集选模分 4.1890
per-label 阈值标定完成
解码调优（目标=f1）:
  cartridge -> {'mode': 'threshold', 'k_scale': 1.0, 'k_min': 1, 'k_max': 42, 'thr_shift': 0.0, 'ensure_nonempty': False, 'count_quantile': None}  目标值=0.4591
  solvent   -> {'mode': 'threshold', 'k_scale': 1.0, 'k_min': 0, 'k_max': 378, 'thr_shift': 0.0, 'ensure_nonempty': False, 'count_quantile': None} gate=False  目标值=0.4259
验证集（调优后）选模分 4.2326，链路正确率 0.4569

=== 测试集（基数感知解码）===
样本数 1145（有流程信息 1043，无流程信息 102）
Hit@1 可校验子集大小 133

Hit@1 旧口径（两处免检都在）      : 0.4175
Hit@1 去掉无流程信息免检          : 0.4267
Hit@1 仅可校验子集（推荐主指标）  : 0.6391
Hit@1 缺 ratio 标注判失败（最严） : 0.0815
前三段链路正确率（不看 ratio）    : 0.4727

StrictAcc 旧口径 / 仅有流程信息   : 0.0009 / 0.0000
SSS 旧口径 / 仅有流程信息         : 0.4895 / 0.4559
HC 旧口径 / 仅有流程信息          : 0.9008 / 0.8911
GUS                               : 58.3386

Hit@1 失败原因（对全部样本计数，互斥）：
  cartridge top-1 错     : 475
  step top-1 错          : 3
  solvent top-1 错       : 141
  ratio 超差             : 48
  ratio 无标注(旧口径免检): 360
  无流程信息(旧口径免检)  : 33

预测集合大小： {'cartridge_pred_mean': 6.765938864628821, 'cartridge_true_mean': 3.274235725402832, 'solvent_pred_mean': 29.622243528283796, 'solvent_true_mean': 15.235857963562012}

全部结果已写入 output/improve21/hp/t14_h384_l2_d0.2_lr0.0005_wd0.001_bs256_init42
