样本数 11441  切分 train/val/test = 9152/1144/1145
输入维度 21（21 维描述符，未启用官能团）
cartridge 类别 42  步骤 5  溶剂组合词表 378
/Users/zysu/Library/Python/3.9/lib/python/site-packages/torch/utils/data/dataloader.py:666: UserWarning: 'pin_memory' argument is set as true but no accelerator is found, then device pinned memory won't be used.
  warnings.warn(warn_msg)
[epoch   1/60] train_loss=9.4399 val_loss=8.9152 val_score=3.4043 (2s)
[epoch   2/60] train_loss=8.8807 val_loss=8.8212 val_score=3.4971 (4s)
[epoch   3/60] train_loss=8.7781 val_loss=8.6850 val_score=3.5939 (7s)
[epoch   4/60] train_loss=8.6555 val_loss=8.5782 val_score=3.6496 (9s)
[epoch   5/60] train_loss=8.5817 val_loss=8.5267 val_score=3.6681 (11s)
[epoch   6/60] train_loss=8.5331 val_loss=8.4829 val_score=3.6979 (14s)
[epoch   7/60] train_loss=8.4806 val_loss=8.4401 val_score=3.7450 (16s)
[epoch   8/60] train_loss=8.4311 val_loss=8.4034 val_score=3.7249 (18s)
[epoch   9/60] train_loss=8.3780 val_loss=8.3536 val_score=3.7640 (20s)
[epoch  10/60] train_loss=8.3414 val_loss=8.3073 val_score=3.7612 (23s)
[epoch  11/60] train_loss=8.3030 val_loss=8.2568 val_score=3.7216 (26s)
[epoch  12/60] train_loss=8.2703 val_loss=8.2194 val_score=3.8065 (28s)
[epoch  13/60] train_loss=8.2429 val_loss=8.2002 val_score=3.8178 (31s)
[epoch  14/60] train_loss=8.2102 val_loss=8.1703 val_score=3.8725 (34s)
[epoch  15/60] train_loss=8.1997 val_loss=8.1623 val_score=3.8582 (36s)
[epoch  16/60] train_loss=8.1844 val_loss=8.1299 val_score=3.8164 (39s)
[epoch  17/60] train_loss=8.1497 val_loss=8.1387 val_score=3.8390 (42s)
[epoch  18/60] train_loss=8.1321 val_loss=8.1048 val_score=3.8772 (44s)
[epoch  19/60] train_loss=8.1116 val_loss=8.0633 val_score=3.8680 (46s)
[epoch  20/60] train_loss=8.0902 val_loss=8.0570 val_score=3.9141 (49s)
[epoch  21/60] train_loss=8.0738 val_loss=8.0548 val_score=3.9202 (51s)
[epoch  22/60] train_loss=8.0734 val_loss=8.0725 val_score=3.9194 (54s)
[epoch  23/60] train_loss=8.0602 val_loss=8.0414 val_score=3.9083 (56s)
[epoch  24/60] train_loss=8.0377 val_loss=8.0211 val_score=3.9365 (58s)
[epoch  25/60] train_loss=8.0180 val_loss=8.0017 val_score=3.9309 (61s)
[epoch  26/60] train_loss=8.0199 val_loss=7.9828 val_score=3.9369 (63s)
[epoch  27/60] train_loss=7.9904 val_loss=7.9721 val_score=3.8965 (65s)
[epoch  28/60] train_loss=7.9978 val_loss=7.9639 val_score=3.8981 (68s)
[epoch  29/60] train_loss=7.9811 val_loss=7.9556 val_score=3.9576 (70s)
[epoch  30/60] train_loss=7.9739 val_loss=7.9517 val_score=3.9096 (73s)
[epoch  31/60] train_loss=7.9544 val_loss=7.9625 val_score=3.9537 (75s)
[epoch  32/60] train_loss=7.9647 val_loss=7.9699 val_score=3.9656 (78s)
[epoch  33/60] train_loss=7.9281 val_loss=7.9478 val_score=3.9669 (80s)
[epoch  34/60] train_loss=7.9340 val_loss=7.9475 val_score=3.9682 (83s)
[epoch  35/60] train_loss=7.9156 val_loss=7.9305 val_score=3.9649 (85s)
[epoch  36/60] train_loss=7.9156 val_loss=7.9316 val_score=3.9718 (88s)
[epoch  37/60] train_loss=7.9032 val_loss=7.9050 val_score=3.9836 (90s)
[epoch  38/60] train_loss=7.9223 val_loss=7.9159 val_score=3.9926 (93s)
[epoch  39/60] train_loss=7.8885 val_loss=7.9169 val_score=3.9576 (95s)
[epoch  40/60] train_loss=7.8984 val_loss=7.9102 val_score=3.9979 (97s)
[epoch  41/60] train_loss=7.8883 val_loss=7.9089 val_score=4.0080 (100s)
[epoch  42/60] train_loss=7.8724 val_loss=7.8922 val_score=4.0167 (102s)
[epoch  43/60] train_loss=7.8713 val_loss=7.8746 val_score=3.9966 (104s)
[epoch  44/60] train_loss=7.8548 val_loss=7.8850 val_score=3.9824 (107s)
[epoch  45/60] train_loss=7.8561 val_loss=7.8811 val_score=4.0300 (109s)
[epoch  46/60] train_loss=7.8346 val_loss=7.8737 val_score=3.9963 (112s)
[epoch  47/60] train_loss=7.8460 val_loss=7.8927 val_score=4.0308 (114s)
[epoch  48/60] train_loss=7.8320 val_loss=7.8589 val_score=4.0178 (116s)
[epoch  49/60] train_loss=7.8258 val_loss=7.8633 val_score=3.9897 (119s)
[epoch  50/60] train_loss=7.8014 val_loss=7.8554 val_score=3.9749 (121s)
[epoch  51/60] train_loss=7.8125 val_loss=7.8613 val_score=4.0327 (123s)
[epoch  52/60] train_loss=7.8108 val_loss=7.8289 val_score=4.0692 (126s)
[epoch  53/60] train_loss=7.7916 val_loss=7.8430 val_score=3.9963 (128s)
[epoch  54/60] train_loss=7.7963 val_loss=7.8239 val_score=4.0304 (130s)
[epoch  55/60] train_loss=7.7981 val_loss=7.8167 val_score=4.0157 (133s)
[epoch  56/60] train_loss=7.7989 val_loss=7.8126 val_score=4.0393 (135s)
[epoch  57/60] train_loss=7.7814 val_loss=7.8254 val_score=4.0459 (138s)
[epoch  58/60] train_loss=7.7872 val_loss=7.8308 val_score=4.0691 (140s)
[epoch  59/60] train_loss=7.7715 val_loss=7.8190 val_score=4.0161 (142s)
[epoch  60/60] train_loss=7.7695 val_loss=7.8126 val_score=4.0339 (145s)
最佳 checkpoint 来自 epoch 52，验证集选模分 4.0692
per-label 阈值标定完成
解码调优（目标=f1）:
  cartridge -> {'mode': 'threshold', 'k_scale': 1.0, 'k_min': 1, 'k_max': 42, 'thr_shift': 0.05, 'ensure_nonempty': False, 'count_quantile': None}  目标值=0.4371
  solvent   -> {'mode': 'threshold', 'k_scale': 1.0, 'k_min': 0, 'k_max': 378, 'thr_shift': 0.0, 'ensure_nonempty': False, 'count_quantile': None} gate=True  目标值=0.4229
验证集（调优后）选模分 4.1034，链路正确率 0.4330

=== 测试集（基数感知解码）===
样本数 1145（有流程信息 1043，无流程信息 102）
Hit@1 可校验子集大小 108

Hit@1 旧口径（两处免检都在）      : 0.3624
Hit@1 去掉无流程信息免检          : 0.3691
Hit@1 仅可校验子集（推荐主指标）  : 0.5463
Hit@1 缺 ratio 标注判失败（最严） : 0.0566
前三段链路正确率（不看 ratio）    : 0.4161

StrictAcc 旧口径 / 仅有流程信息   : 0.0000 / 0.0000
SSS 旧口径 / 仅有流程信息         : 0.4741 / 0.4387
HC 旧口径 / 仅有流程信息          : 0.9142 / 0.9058
GUS                               : 57.9578

Hit@1 失败原因（对全部样本计数，互斥）：
  cartridge top-1 错     : 535
  step top-1 错          : 4
  solvent top-1 错       : 142
  ratio 超差             : 49
  ratio 无标注(旧口径免检): 326
  无流程信息(旧口径免检)  : 30

预测集合大小： {'cartridge_pred_mean': 5.511790393013101, 'cartridge_true_mean': 3.274235725402832, 'solvent_pred_mean': 29.09300095877277, 'solvent_true_mean': 15.235857963562012}

全部结果已写入 output/improve21/hp/t15_h128_l3_d0.3_lr0.002_wd0.0001_bs128_init42
