样本数 11441  切分 train/val/test = 9152/1144/1145
输入维度 21（21 维描述符，未启用官能团）
cartridge 类别 42  步骤 5  溶剂组合词表 378
/Users/zysu/Library/Python/3.9/lib/python/site-packages/torch/utils/data/dataloader.py:666: UserWarning: 'pin_memory' argument is set as true but no accelerator is found, then device pinned memory won't be used.
  warnings.warn(warn_msg)
[epoch   1/60] train_loss=10.6063 val_loss=9.2666 val_score=3.3544 (2s)
[epoch   2/60] train_loss=9.1854 val_loss=9.0237 val_score=3.3815 (5s)
[epoch   3/60] train_loss=9.0172 val_loss=8.9496 val_score=3.4052 (7s)
[epoch   4/60] train_loss=8.9597 val_loss=8.9021 val_score=3.4349 (9s)
[epoch   5/60] train_loss=8.8971 val_loss=8.8713 val_score=3.4538 (12s)
[epoch   6/60] train_loss=8.8549 val_loss=8.8391 val_score=3.4615 (14s)
[epoch   7/60] train_loss=8.7938 val_loss=8.7541 val_score=3.4775 (16s)
[epoch   8/60] train_loss=8.7264 val_loss=8.7024 val_score=3.5464 (18s)
[epoch   9/60] train_loss=8.6886 val_loss=8.6748 val_score=3.5743 (21s)
[epoch  10/60] train_loss=8.6509 val_loss=8.6494 val_score=3.5848 (23s)
[epoch  11/60] train_loss=8.6187 val_loss=8.6085 val_score=3.6582 (25s)
[epoch  12/60] train_loss=8.5976 val_loss=8.5920 val_score=3.6699 (28s)
[epoch  13/60] train_loss=8.5595 val_loss=8.5615 val_score=3.6806 (30s)
[epoch  14/60] train_loss=8.5448 val_loss=8.5499 val_score=3.6839 (32s)
[epoch  15/60] train_loss=8.5116 val_loss=8.5385 val_score=3.6742 (35s)
[epoch  16/60] train_loss=8.4945 val_loss=8.5123 val_score=3.7221 (37s)
[epoch  17/60] train_loss=8.4740 val_loss=8.4932 val_score=3.6950 (39s)
[epoch  18/60] train_loss=8.4695 val_loss=8.4937 val_score=3.7180 (42s)
[epoch  19/60] train_loss=8.4397 val_loss=8.4829 val_score=3.7038 (44s)
[epoch  20/60] train_loss=8.4241 val_loss=8.4412 val_score=3.7244 (47s)
[epoch  21/60] train_loss=8.4038 val_loss=8.4404 val_score=3.7069 (49s)
[epoch  22/60] train_loss=8.3825 val_loss=8.4151 val_score=3.7061 (51s)
[epoch  23/60] train_loss=8.3669 val_loss=8.4095 val_score=3.7232 (53s)
[epoch  24/60] train_loss=8.3475 val_loss=8.3787 val_score=3.7377 (56s)
[epoch  25/60] train_loss=8.3426 val_loss=8.3639 val_score=3.7330 (58s)
[epoch  26/60] train_loss=8.3077 val_loss=8.3375 val_score=3.7556 (61s)
[epoch  27/60] train_loss=8.2911 val_loss=8.3303 val_score=3.7562 (63s)
[epoch  28/60] train_loss=8.2785 val_loss=8.3067 val_score=3.7637 (65s)
[epoch  29/60] train_loss=8.2574 val_loss=8.2923 val_score=3.7752 (68s)
[epoch  30/60] train_loss=8.2367 val_loss=8.2738 val_score=3.7593 (70s)
[epoch  31/60] train_loss=8.2295 val_loss=8.2639 val_score=3.7608 (72s)
[epoch  32/60] train_loss=8.2161 val_loss=8.2500 val_score=3.7599 (75s)
[epoch  33/60] train_loss=8.1988 val_loss=8.2428 val_score=3.8146 (77s)
[epoch  34/60] train_loss=8.1894 val_loss=8.2439 val_score=3.8269 (79s)
[epoch  35/60] train_loss=8.1699 val_loss=8.2300 val_score=3.7935 (82s)
[epoch  36/60] train_loss=8.1607 val_loss=8.2090 val_score=3.8418 (84s)
[epoch  37/60] train_loss=8.1453 val_loss=8.1971 val_score=3.8603 (86s)
[epoch  38/60] train_loss=8.1379 val_loss=8.1858 val_score=3.8669 (89s)
[epoch  39/60] train_loss=8.1315 val_loss=8.1804 val_score=3.8751 (91s)
[epoch  40/60] train_loss=8.1097 val_loss=8.1674 val_score=3.8720 (93s)
[epoch  41/60] train_loss=8.1085 val_loss=8.1505 val_score=3.8864 (96s)
[epoch  42/60] train_loss=8.0933 val_loss=8.1442 val_score=3.9016 (98s)
[epoch  43/60] train_loss=8.0742 val_loss=8.1317 val_score=3.8939 (100s)
[epoch  44/60] train_loss=8.0651 val_loss=8.1277 val_score=3.8954 (103s)
[epoch  45/60] train_loss=8.0617 val_loss=8.1172 val_score=3.9165 (105s)
[epoch  46/60] train_loss=8.0410 val_loss=8.1207 val_score=3.8705 (107s)
[epoch  47/60] train_loss=8.0339 val_loss=8.1119 val_score=3.8825 (110s)
[epoch  48/60] train_loss=8.0212 val_loss=8.0961 val_score=3.9201 (112s)
[epoch  49/60] train_loss=8.0288 val_loss=8.0843 val_score=3.9135 (114s)
[epoch  50/60] train_loss=8.0060 val_loss=8.0848 val_score=3.8977 (117s)
[epoch  51/60] train_loss=8.0005 val_loss=8.0735 val_score=3.9240 (119s)
[epoch  52/60] train_loss=7.9849 val_loss=8.0660 val_score=3.9162 (121s)
[epoch  53/60] train_loss=7.9838 val_loss=8.0650 val_score=3.9282 (124s)
[epoch  54/60] train_loss=7.9704 val_loss=8.0676 val_score=3.9268 (126s)
[epoch  55/60] train_loss=7.9615 val_loss=8.0585 val_score=3.9105 (128s)
[epoch  56/60] train_loss=7.9583 val_loss=8.0454 val_score=3.9257 (131s)
[epoch  57/60] train_loss=7.9457 val_loss=8.0447 val_score=3.9164 (133s)
[epoch  58/60] train_loss=7.9369 val_loss=8.0275 val_score=3.9315 (135s)
[epoch  59/60] train_loss=7.9344 val_loss=8.0388 val_score=3.9349 (138s)
[epoch  60/60] train_loss=7.9269 val_loss=8.0240 val_score=3.9196 (140s)
最佳 checkpoint 来自 epoch 59，验证集选模分 3.9349
per-label 阈值标定完成
解码调优（目标=f1）:
  cartridge -> {'mode': 'threshold', 'k_scale': 1.0, 'k_min': 1, 'k_max': 42, 'thr_shift': 0.05, 'ensure_nonempty': False, 'count_quantile': None}  目标值=0.4260
  solvent   -> {'mode': 'threshold', 'k_scale': 1.0, 'k_min': 0, 'k_max': 378, 'thr_shift': 0.05, 'ensure_nonempty': False, 'count_quantile': None} gate=True  目标值=0.4103
验证集（调优后）选模分 3.9803，链路正确率 0.4071

=== 测试集（基数感知解码）===
样本数 1145（有流程信息 1043，无流程信息 102）
Hit@1 可校验子集大小 110

Hit@1 旧口径（两处免检都在）      : 0.3485
Hit@1 去掉无流程信息免检          : 0.3595
Hit@1 仅可校验子集（推荐主指标）  : 0.5364
Hit@1 缺 ratio 标注判失败（最严） : 0.0566
前三段链路正确率（不看 ratio）    : 0.4084

StrictAcc 旧口径 / 仅有流程信息   : 0.0000 / 0.0000
SSS 旧口径 / 仅有流程信息         : 0.4790 / 0.4449
HC 旧口径 / 仅有流程信息          : 0.9011 / 0.8915
GUS                               : 57.2265

Hit@1 失败原因（对全部样本计数，互斥）：
  cartridge top-1 错     : 561
  step top-1 错          : 4
  solvent top-1 错       : 130
  ratio 超差             : 51
  ratio 无标注(旧口径免检): 316
  无流程信息(旧口径免检)  : 24

预测集合大小： {'cartridge_pred_mean': 6.156331877729258, 'cartridge_true_mean': 3.274235725402832, 'solvent_pred_mean': 19.883029721955896, 'solvent_true_mean': 15.235857963562012}

全部结果已写入 output/improve21/hp/t16_h128_l4_d0.15_lr0.0003_wd0_bs128_init42
