样本数 11441  切分 train/val/test = 9152/1144/1145
输入维度 21（21 维描述符，未启用官能团）
cartridge 类别 42  步骤 5  溶剂组合词表 378
/Users/zysu/Library/Python/3.9/lib/python/site-packages/torch/utils/data/dataloader.py:666: UserWarning: 'pin_memory' argument is set as true but no accelerator is found, then device pinned memory won't be used.
  warnings.warn(warn_msg)
[epoch   1/60] train_loss=9.2906 val_loss=8.9139 val_score=3.3467 (5s)
[epoch   2/60] train_loss=8.7416 val_loss=8.6563 val_score=3.6183 (9s)
[epoch   3/60] train_loss=8.5783 val_loss=8.5734 val_score=3.6382 (13s)
[epoch   4/60] train_loss=8.4660 val_loss=8.4549 val_score=3.7523 (17s)
[epoch   5/60] train_loss=8.3624 val_loss=8.3462 val_score=3.7433 (22s)
[epoch   6/60] train_loss=8.2672 val_loss=8.2778 val_score=3.8956 (26s)
[epoch   7/60] train_loss=8.1741 val_loss=8.2158 val_score=3.8385 (30s)
[epoch   8/60] train_loss=8.1258 val_loss=8.1745 val_score=3.9005 (35s)
[epoch   9/60] train_loss=8.0622 val_loss=8.1302 val_score=3.8533 (39s)
[epoch  10/60] train_loss=8.0218 val_loss=8.0374 val_score=3.9543 (43s)
[epoch  11/60] train_loss=7.9767 val_loss=8.0192 val_score=3.9254 (47s)
[epoch  12/60] train_loss=7.9133 val_loss=7.9989 val_score=4.0059 (51s)
[epoch  13/60] train_loss=7.8796 val_loss=7.9818 val_score=4.0010 (55s)
[epoch  14/60] train_loss=7.8426 val_loss=7.9542 val_score=4.0222 (60s)
[epoch  15/60] train_loss=7.8038 val_loss=7.9059 val_score=3.9905 (64s)
[epoch  16/60] train_loss=7.7710 val_loss=7.8697 val_score=4.0061 (68s)
[epoch  17/60] train_loss=7.7270 val_loss=7.9331 val_score=3.9677 (72s)
[epoch  18/60] train_loss=7.7008 val_loss=7.8418 val_score=3.9430 (76s)
[epoch  19/60] train_loss=7.6578 val_loss=7.8402 val_score=4.0287 (80s)
[epoch  20/60] train_loss=7.6276 val_loss=7.8100 val_score=4.0186 (84s)
[epoch  21/60] train_loss=7.6193 val_loss=7.8153 val_score=4.0607 (87s)
[epoch  22/60] train_loss=7.5834 val_loss=7.7917 val_score=3.9927 (91s)
[epoch  23/60] train_loss=7.5329 val_loss=7.7763 val_score=4.0427 (95s)
[epoch  24/60] train_loss=7.5078 val_loss=7.7502 val_score=4.0024 (99s)
[epoch  25/60] train_loss=7.4975 val_loss=7.7288 val_score=4.1300 (104s)
[epoch  26/60] train_loss=7.4520 val_loss=7.7189 val_score=4.1025 (108s)
[epoch  27/60] train_loss=7.4374 val_loss=7.6706 val_score=4.0877 (112s)
[epoch  28/60] train_loss=7.4288 val_loss=7.6748 val_score=4.0921 (116s)
[epoch  29/60] train_loss=7.3893 val_loss=7.6553 val_score=4.0635 (120s)
[epoch  30/60] train_loss=7.3594 val_loss=7.6708 val_score=4.0860 (124s)
[epoch  31/60] train_loss=7.3451 val_loss=7.6512 val_score=4.0899 (128s)
[epoch  32/60] train_loss=7.3139 val_loss=7.6374 val_score=4.0860 (132s)
[epoch  33/60] train_loss=7.2907 val_loss=7.6553 val_score=4.1044 (136s)
[epoch  34/60] train_loss=7.2636 val_loss=7.6367 val_score=4.0962 (140s)
[epoch  35/60] train_loss=7.2515 val_loss=7.6327 val_score=4.1634 (144s)
[epoch  36/60] train_loss=7.2416 val_loss=7.6192 val_score=4.1695 (148s)
[epoch  37/60] train_loss=7.1999 val_loss=7.5706 val_score=4.1064 (152s)
[epoch  38/60] train_loss=7.1698 val_loss=7.6058 val_score=4.1227 (156s)
[epoch  39/60] train_loss=7.1443 val_loss=7.5716 val_score=4.1561 (160s)
[epoch  40/60] train_loss=7.1402 val_loss=7.6076 val_score=4.1602 (164s)
[epoch  41/60] train_loss=7.1279 val_loss=7.5733 val_score=4.1319 (168s)
[epoch  42/60] train_loss=7.1032 val_loss=7.5622 val_score=4.1759 (172s)
[epoch  43/60] train_loss=7.1020 val_loss=7.5541 val_score=4.2065 (176s)
[epoch  44/60] train_loss=7.0779 val_loss=7.5874 val_score=4.1520 (180s)
[epoch  45/60] train_loss=7.0543 val_loss=7.5834 val_score=4.1646 (184s)
[epoch  46/60] train_loss=7.0351 val_loss=7.5596 val_score=4.1774 (188s)
[epoch  47/60] train_loss=7.0265 val_loss=7.5679 val_score=4.1615 (192s)
[epoch  48/60] train_loss=6.9819 val_loss=7.5865 val_score=4.2333 (196s)
[epoch  49/60] train_loss=6.9816 val_loss=7.5583 val_score=4.1969 (200s)
[epoch  50/60] train_loss=6.9791 val_loss=7.6022 val_score=4.1399 (204s)
[epoch  51/60] train_loss=6.9525 val_loss=7.5257 val_score=4.2104 (207s)
[epoch  52/60] train_loss=6.9381 val_loss=7.4984 val_score=4.1395 (212s)
[epoch  53/60] train_loss=6.9231 val_loss=7.5387 val_score=4.2080 (216s)
[epoch  54/60] train_loss=6.9087 val_loss=7.4971 val_score=4.2557 (220s)
[epoch  55/60] train_loss=6.8958 val_loss=7.5373 val_score=4.2317 (224s)
[epoch  56/60] train_loss=6.8766 val_loss=7.4928 val_score=4.2534 (229s)
[epoch  57/60] train_loss=6.8779 val_loss=7.5664 val_score=4.1761 (234s)
[epoch  58/60] train_loss=6.8704 val_loss=7.5415 val_score=4.1371 (238s)
[epoch  59/60] train_loss=6.8633 val_loss=7.5504 val_score=4.2345 (242s)
[epoch  60/60] train_loss=6.8098 val_loss=7.5482 val_score=4.2323 (246s)
最佳 checkpoint 来自 epoch 54，验证集选模分 4.2557
per-label 阈值标定完成
解码调优（目标=f1）:
  cartridge -> {'mode': 'threshold', 'k_scale': 1.0, 'k_min': 1, 'k_max': 42, 'thr_shift': 0.0, 'ensure_nonempty': False, 'count_quantile': None}  目标值=0.4677
  solvent   -> {'mode': 'threshold', 'k_scale': 1.0, 'k_min': 0, 'k_max': 378, 'thr_shift': 0.0, 'ensure_nonempty': False, 'count_quantile': None} gate=True  目标值=0.4678
验证集（调优后）选模分 4.3150，链路正确率 0.4665

=== 测试集（基数感知解码）===
样本数 1145（有流程信息 1043，无流程信息 102）
Hit@1 可校验子集大小 147

Hit@1 旧口径（两处免检都在）      : 0.4201
Hit@1 去掉无流程信息免检          : 0.4276
Hit@1 仅可校验子集（推荐主指标）  : 0.6599
Hit@1 缺 ratio 标注判失败（最严） : 0.0930
前三段链路正确率（不看 ratio）    : 0.4756

StrictAcc 旧口径 / 仅有流程信息   : 0.0000 / 0.0000
SSS 旧口径 / 仅有流程信息         : 0.4981 / 0.4652
HC 旧口径 / 仅有流程信息          : 0.9142 / 0.9058
GUS                               : 60.6625

Hit@1 失败原因（对全部样本计数，互斥）：
  cartridge top-1 错     : 477
  step top-1 错          : 2
  solvent top-1 错       : 135
  ratio 超差             : 50
  ratio 无标注(旧口径免检): 349
  无流程信息(旧口径免检)  : 35

预测集合大小： {'cartridge_pred_mean': 6.7231441048034934, 'cartridge_true_mean': 3.274235725402832, 'solvent_pred_mean': 26.102588686481305, 'solvent_true_mean': 15.235857963562012}

全部结果已写入 output/improve21/hp/t17_h384_l3_d0.2_lr0.002_wd0.0001_bs128_init42
