样本数 11441  切分 train/val/test = 9152/1144/1145
输入维度 21（21 维描述符，未启用官能团）
cartridge 类别 42  步骤 5  溶剂组合词表 378
/Users/zysu/Library/Python/3.9/lib/python/site-packages/torch/utils/data/dataloader.py:666: UserWarning: 'pin_memory' argument is set as true but no accelerator is found, then device pinned memory won't be used.
  warnings.warn(warn_msg)
[epoch   1/60] train_loss=9.9211 val_loss=9.1318 val_score=3.3951 (4s)
[epoch   2/60] train_loss=9.0415 val_loss=8.9405 val_score=3.3934 (8s)
[epoch   3/60] train_loss=8.8404 val_loss=8.8102 val_score=3.5636 (13s)
[epoch   4/60] train_loss=8.7258 val_loss=8.7144 val_score=3.5768 (17s)
[epoch   5/60] train_loss=8.6342 val_loss=8.6400 val_score=3.6828 (22s)
[epoch   6/60] train_loss=8.5467 val_loss=8.5608 val_score=3.7141 (26s)
[epoch   7/60] train_loss=8.4581 val_loss=8.4869 val_score=3.7758 (31s)
[epoch   8/60] train_loss=8.3730 val_loss=8.4388 val_score=3.8206 (35s)
[epoch   9/60] train_loss=8.3118 val_loss=8.3914 val_score=3.8274 (39s)
[epoch  10/60] train_loss=8.2378 val_loss=8.3322 val_score=3.7975 (43s)
[epoch  11/60] train_loss=8.1827 val_loss=8.3148 val_score=3.8677 (47s)
[epoch  12/60] train_loss=8.1290 val_loss=8.2655 val_score=3.8726 (51s)
[epoch  13/60] train_loss=8.0902 val_loss=8.2537 val_score=3.9270 (56s)
[epoch  14/60] train_loss=8.0394 val_loss=8.2397 val_score=3.9343 (60s)
[epoch  15/60] train_loss=7.9957 val_loss=8.1873 val_score=3.9407 (64s)
[epoch  16/60] train_loss=7.9579 val_loss=8.1768 val_score=3.9700 (68s)
[epoch  17/60] train_loss=7.9076 val_loss=8.1787 val_score=3.8994 (73s)
[epoch  18/60] train_loss=7.8748 val_loss=8.1356 val_score=3.9191 (77s)
[epoch  19/60] train_loss=7.8367 val_loss=8.1233 val_score=3.9249 (83s)
[epoch  20/60] train_loss=7.8084 val_loss=8.0949 val_score=3.9271 (87s)
[epoch  21/60] train_loss=7.7581 val_loss=8.1032 val_score=3.9269 (91s)
[epoch  22/60] train_loss=7.7232 val_loss=8.0712 val_score=3.9300 (96s)
[epoch  23/60] train_loss=7.6892 val_loss=8.0524 val_score=3.9542 (100s)
[epoch  24/60] train_loss=7.6535 val_loss=8.0289 val_score=3.9258 (104s)
[epoch  25/60] train_loss=7.6224 val_loss=8.0061 val_score=3.9614 (108s)
[epoch  26/60] train_loss=7.5951 val_loss=7.9867 val_score=3.9570 (112s)
[epoch  27/60] train_loss=7.5642 val_loss=8.0105 val_score=3.9635 (116s)
[epoch  28/60] train_loss=7.5433 val_loss=7.9925 val_score=3.9864 (119s)
[epoch  29/60] train_loss=7.5034 val_loss=7.9551 val_score=3.9841 (123s)
[epoch  30/60] train_loss=7.4814 val_loss=7.9516 val_score=4.0166 (127s)
[epoch  31/60] train_loss=7.4474 val_loss=7.9409 val_score=3.9644 (130s)
[epoch  32/60] train_loss=7.4388 val_loss=7.9139 val_score=4.0009 (134s)
[epoch  33/60] train_loss=7.3899 val_loss=7.9236 val_score=4.0029 (138s)
[epoch  34/60] train_loss=7.3700 val_loss=7.8971 val_score=4.0048 (142s)
[epoch  35/60] train_loss=7.3250 val_loss=7.8750 val_score=4.0028 (146s)
[epoch  36/60] train_loss=7.3118 val_loss=7.9177 val_score=4.0376 (149s)
[epoch  37/60] train_loss=7.2774 val_loss=7.8925 val_score=3.9740 (153s)
[epoch  38/60] train_loss=7.2490 val_loss=7.8745 val_score=3.9903 (157s)
[epoch  39/60] train_loss=7.2286 val_loss=7.8549 val_score=4.0091 (161s)
[epoch  40/60] train_loss=7.2062 val_loss=7.8499 val_score=4.0278 (164s)
[epoch  41/60] train_loss=7.1719 val_loss=7.8479 val_score=4.0100 (168s)
[epoch  42/60] train_loss=7.1504 val_loss=7.8276 val_score=4.0138 (172s)
[epoch  43/60] train_loss=7.1215 val_loss=7.8211 val_score=4.0033 (176s)
[epoch  44/60] train_loss=7.0979 val_loss=7.8363 val_score=4.0351 (180s)
[epoch  45/60] train_loss=7.0643 val_loss=7.8001 val_score=4.1033 (184s)
[epoch  46/60] train_loss=7.0492 val_loss=7.7814 val_score=4.0569 (187s)
[epoch  47/60] train_loss=7.0403 val_loss=7.8115 val_score=4.0437 (191s)
[epoch  48/60] train_loss=7.0074 val_loss=7.7758 val_score=4.1136 (197s)
[epoch  49/60] train_loss=6.9795 val_loss=7.7930 val_score=4.0709 (203s)
[epoch  50/60] train_loss=6.9526 val_loss=7.8130 val_score=4.0804 (209s)
[epoch  51/60] train_loss=6.9333 val_loss=7.7793 val_score=4.0438 (215s)
[epoch  52/60] train_loss=6.9072 val_loss=7.7722 val_score=4.0947 (221s)
[epoch  53/60] train_loss=6.8852 val_loss=7.7535 val_score=4.1034 (227s)
[epoch  54/60] train_loss=6.8747 val_loss=7.7497 val_score=4.1417 (233s)
[epoch  55/60] train_loss=6.8315 val_loss=7.7464 val_score=4.1326 (238s)
[epoch  56/60] train_loss=6.8098 val_loss=7.7369 val_score=4.1164 (243s)
[epoch  57/60] train_loss=6.7907 val_loss=7.7480 val_score=4.1058 (247s)
[epoch  58/60] train_loss=6.7700 val_loss=7.7492 val_score=4.1036 (252s)
[epoch  59/60] train_loss=6.7436 val_loss=7.7585 val_score=4.1252 (256s)
[epoch  60/60] train_loss=6.7102 val_loss=7.7461 val_score=4.1659 (261s)
最佳 checkpoint 来自 epoch 60，验证集选模分 4.1659
per-label 阈值标定完成
解码调优（目标=f1）:
  cartridge -> {'mode': 'threshold', 'k_scale': 1.0, 'k_min': 1, 'k_max': 42, 'thr_shift': 0.0, 'ensure_nonempty': False, 'count_quantile': None}  目标值=0.4691
  solvent   -> {'mode': 'threshold', 'k_scale': 1.0, 'k_min': 0, 'k_max': 378, 'thr_shift': 0.0, 'ensure_nonempty': False, 'count_quantile': None} gate=False  目标值=0.4378
验证集（调优后）选模分 4.2052，链路正确率 0.4464

=== 测试集（基数感知解码）===
样本数 1145（有流程信息 1043，无流程信息 102）
Hit@1 可校验子集大小 131

Hit@1 旧口径（两处免检都在）      : 0.4271
Hit@1 去掉无流程信息免检          : 0.4324
Hit@1 仅可校验子集（推荐主指标）  : 0.6336
Hit@1 缺 ratio 标注判失败（最严） : 0.0796
前三段链路正确率（不看 ratio）    : 0.4784

StrictAcc 旧口径 / 仅有流程信息   : 0.0009 / 0.0000
SSS 旧口径 / 仅有流程信息         : 0.4973 / 0.4643
HC 旧口径 / 仅有流程信息          : 0.9015 / 0.8919
GUS                               : 58.8980

Hit@1 失败原因（对全部样本计数，互斥）：
  cartridge top-1 错     : 463
  step top-1 错          : 2
  solvent top-1 错       : 143
  ratio 超差             : 48
  ratio 无标注(旧口径免检): 368
  无流程信息(旧口径免检)  : 38

预测集合大小： {'cartridge_pred_mean': 6.552838427947599, 'cartridge_true_mean': 3.274235725402832, 'solvent_pred_mean': 28.446788111217643, 'solvent_true_mean': 15.235857963562012}

全部结果已写入 output/improve21/hp/t18_h384_l3_d0.1_lr0.0003_wd0.0001_bs128_init42
