样本数 11441  切分 train/val/test = 9152/1144/1145
输入维度 21（21 维描述符，未启用官能团）
cartridge 类别 42  步骤 5  溶剂组合词表 378
/Users/zysu/Library/Python/3.9/lib/python/site-packages/torch/utils/data/dataloader.py:666: UserWarning: 'pin_memory' argument is set as true but no accelerator is found, then device pinned memory won't be used.
  warnings.warn(warn_msg)
[epoch   1/60] train_loss=10.4660 val_loss=9.4320 val_score=3.3806 (3s)
[epoch   2/60] train_loss=9.2521 val_loss=9.0744 val_score=3.3616 (6s)
[epoch   3/60] train_loss=9.0013 val_loss=8.9165 val_score=3.5063 (9s)
[epoch   4/60] train_loss=8.8534 val_loss=8.8081 val_score=3.4852 (13s)
[epoch   5/60] train_loss=8.7380 val_loss=8.7499 val_score=3.5726 (16s)
[epoch   6/60] train_loss=8.6512 val_loss=8.6877 val_score=3.5825 (19s)
[epoch   7/60] train_loss=8.5789 val_loss=8.6504 val_score=3.6753 (22s)
[epoch   8/60] train_loss=8.5005 val_loss=8.5791 val_score=3.6310 (25s)
[epoch   9/60] train_loss=8.4432 val_loss=8.5252 val_score=3.6977 (28s)
[epoch  10/60] train_loss=8.3776 val_loss=8.4774 val_score=3.7178 (32s)
[epoch  11/60] train_loss=8.3250 val_loss=8.4261 val_score=3.8414 (35s)
[epoch  12/60] train_loss=8.2828 val_loss=8.3950 val_score=3.8838 (39s)
[epoch  13/60] train_loss=8.2254 val_loss=8.3763 val_score=3.8800 (43s)
[epoch  14/60] train_loss=8.1861 val_loss=8.3452 val_score=3.9130 (46s)
[epoch  15/60] train_loss=8.1409 val_loss=8.3044 val_score=3.8868 (49s)
[epoch  16/60] train_loss=8.1027 val_loss=8.2792 val_score=3.8922 (52s)
[epoch  17/60] train_loss=8.0728 val_loss=8.2556 val_score=3.9071 (55s)
[epoch  18/60] train_loss=8.0417 val_loss=8.2343 val_score=3.9503 (58s)
[epoch  19/60] train_loss=8.0002 val_loss=8.2275 val_score=3.9048 (61s)
[epoch  20/60] train_loss=7.9683 val_loss=8.1996 val_score=3.9119 (64s)
[epoch  21/60] train_loss=7.9339 val_loss=8.1740 val_score=3.9588 (67s)
[epoch  22/60] train_loss=7.8978 val_loss=8.1756 val_score=3.9362 (70s)
[epoch  23/60] train_loss=7.8767 val_loss=8.1583 val_score=3.9345 (72s)
[epoch  24/60] train_loss=7.8504 val_loss=8.1446 val_score=3.9366 (75s)
[epoch  25/60] train_loss=7.8285 val_loss=8.1393 val_score=3.9153 (78s)
[epoch  26/60] train_loss=7.7923 val_loss=8.1062 val_score=3.9618 (81s)
[epoch  27/60] train_loss=7.7689 val_loss=8.1009 val_score=3.9729 (83s)
[epoch  28/60] train_loss=7.7481 val_loss=8.1062 val_score=3.9255 (86s)
[epoch  29/60] train_loss=7.7137 val_loss=8.0923 val_score=3.9574 (89s)
[epoch  30/60] train_loss=7.6969 val_loss=8.0672 val_score=3.9834 (92s)
[epoch  31/60] train_loss=7.6693 val_loss=8.0631 val_score=3.9895 (95s)
[epoch  32/60] train_loss=7.6405 val_loss=8.0576 val_score=3.9682 (97s)
[epoch  33/60] train_loss=7.6322 val_loss=8.0451 val_score=3.9393 (100s)
[epoch  34/60] train_loss=7.6109 val_loss=8.0272 val_score=3.9765 (103s)
[epoch  35/60] train_loss=7.5755 val_loss=8.0148 val_score=3.9976 (106s)
[epoch  36/60] train_loss=7.5636 val_loss=8.0048 val_score=3.9666 (108s)
[epoch  37/60] train_loss=7.5449 val_loss=8.0031 val_score=3.9628 (111s)
[epoch  38/60] train_loss=7.5269 val_loss=7.9937 val_score=3.9562 (114s)
[epoch  39/60] train_loss=7.5038 val_loss=7.9835 val_score=4.0059 (117s)
[epoch  40/60] train_loss=7.4729 val_loss=7.9761 val_score=3.9719 (120s)
[epoch  41/60] train_loss=7.4672 val_loss=7.9703 val_score=4.0265 (122s)
[epoch  42/60] train_loss=7.4366 val_loss=7.9566 val_score=3.9996 (125s)
[epoch  43/60] train_loss=7.4215 val_loss=7.9453 val_score=4.0334 (128s)
[epoch  44/60] train_loss=7.3995 val_loss=7.9446 val_score=4.0197 (131s)
[epoch  45/60] train_loss=7.3811 val_loss=7.9239 val_score=4.0459 (134s)
[epoch  46/60] train_loss=7.3673 val_loss=7.9202 val_score=4.0424 (136s)
[epoch  47/60] train_loss=7.3485 val_loss=7.9226 val_score=4.0633 (139s)
[epoch  48/60] train_loss=7.3240 val_loss=7.9089 val_score=4.0453 (142s)
[epoch  49/60] train_loss=7.3090 val_loss=7.9068 val_score=4.0167 (145s)
[epoch  50/60] train_loss=7.2919 val_loss=7.9052 val_score=4.0408 (148s)
[epoch  51/60] train_loss=7.2724 val_loss=7.9127 val_score=4.0933 (152s)
[epoch  52/60] train_loss=7.2640 val_loss=7.8911 val_score=4.0434 (156s)
[epoch  53/60] train_loss=7.2389 val_loss=7.8747 val_score=4.0335 (160s)
[epoch  54/60] train_loss=7.2288 val_loss=7.8773 val_score=4.0887 (165s)
[epoch  55/60] train_loss=7.2137 val_loss=7.8759 val_score=4.0541 (169s)
[epoch  56/60] train_loss=7.1917 val_loss=7.8748 val_score=4.0930 (174s)
[epoch  57/60] train_loss=7.1794 val_loss=7.8684 val_score=4.0803 (178s)
[epoch  58/60] train_loss=7.1629 val_loss=7.8635 val_score=4.1060 (182s)
[epoch  59/60] train_loss=7.1421 val_loss=7.8522 val_score=4.1099 (187s)
[epoch  60/60] train_loss=7.1370 val_loss=7.8466 val_score=4.1199 (191s)
最佳 checkpoint 来自 epoch 60，验证集选模分 4.1199
per-label 阈值标定完成
解码调优（目标=f1）:
  cartridge -> {'mode': 'threshold', 'k_scale': 1.0, 'k_min': 1, 'k_max': 42, 'thr_shift': 0.0, 'ensure_nonempty': False, 'count_quantile': None}  目标值=0.4467
  solvent   -> {'mode': 'threshold', 'k_scale': 1.0, 'k_min': 0, 'k_max': 378, 'thr_shift': 0.0, 'ensure_nonempty': False, 'count_quantile': None} gate=False  目标值=0.4064
验证集（调优后）选模分 4.1478，链路正确率 0.4425

=== 测试集（基数感知解码）===
样本数 1145（有流程信息 1043，无流程信息 102）
Hit@1 可校验子集大小 119

Hit@1 旧口径（两处免检都在）      : 0.3991
Hit@1 去掉无流程信息免检          : 0.4094
Hit@1 仅可校验子集（推荐主指标）  : 0.6134
Hit@1 缺 ratio 标注判失败（最严） : 0.0700
前三段链路正确率（不看 ratio）    : 0.4535

StrictAcc 旧口径 / 仅有流程信息   : 0.0009 / 0.0000
SSS 旧口径 / 仅有流程信息         : 0.4832 / 0.4493
HC 旧口径 / 仅有流程信息          : 0.8983 / 0.8884
GUS                               : 57.3279

Hit@1 失败原因（对全部样本计数，互斥）：
  cartridge top-1 错     : 490
  step top-1 错          : 5
  solvent top-1 错       : 147
  ratio 超差             : 46
  ratio 无标注(旧口径免检): 354
  无流程信息(旧口径免检)  : 30

预测集合大小： {'cartridge_pred_mean': 7.080349344978166, 'cartridge_true_mean': 3.274235725402832, 'solvent_pred_mean': 31.155321188878236, 'solvent_true_mean': 15.235857963562012}

全部结果已写入 output/improve21/hp/t19_h384_l2_d0.1_lr0.0003_wd1e-05_bs256_init42
